Reading timing models for corner nom_tt_025C_1v80…
Reading timing library for the 'nom_tt_025C_1v80' corner at '/home/hk/.ciel/ciel/sky130/versions/8afc8346a57fe1ab7934ba5a6056ea8b43078e71/sky130A/libs.ref/sky130_fd_sc_hd/lib/sky130_fd_sc_hd__tt_025C_1v80.lib'…
Reading OpenROAD database at '/home/hk/pd_projects/runs/RUN_2026-06-03_20-47-43/53-odb-cellfrequencytables/u_s_r.odb'…
Reading design constraints file at '/home/hk/pd_projects/constraints.sdc'…
[INFO] No information on clock propagation in input SDC file-- propagating all clocks.
[INFO] Using voltage extracted from lib (1.8000000000V) for power nets and 0V for ground nets…
%OL_CREATE_REPORT irdrop.rpt
+ analyze_power_grid -net VPWR -voltage_file /home/hk/pd_projects/runs/RUN_2026-06-03_20-47-43/56-openroad-irdropreport/net-VPWR.csv
[INFO PSM-0040] All shapes on net VPWR are connected.
########## IR report #################
Net              : VPWR
Corner           : nom_tt_025C_1v80
Total power      : 9.41e-05 W
Supply voltage   : 1.80e+00 V
Worstcase voltage: 1.80e+00 V
Average voltage  : 1.80e+00 V
Average IR drop  : 2.48e-05 V
Worstcase IR drop: 1.56e-04 V
Percentage drop  : 0.01 %
######################################
+ analyze_power_grid -net VGND -voltage_file /home/hk/pd_projects/runs/RUN_2026-06-03_20-47-43/56-openroad-irdropreport/net-VGND.csv
[INFO PSM-0040] All shapes on net VGND are connected.
########## IR report #################
Net              : VGND
Corner           : nom_tt_025C_1v80
Total power      : 9.41e-05 W
Supply voltage   : 0.00e+00 V
Worstcase voltage: 1.42e-04 V
Average voltage  : 2.37e-05 V
Average IR drop  : 2.37e-05 V
Worstcase IR drop: 1.42e-04 V
Percentage drop  : 0.01 %
######################################
%OL_END_REPORT
