Reading timing models for corner nom_tt_025C_1v80…
Reading timing library for the 'nom_tt_025C_1v80' corner at '/home/hk/.ciel/ciel/sky130/versions/8afc8346a57fe1ab7934ba5a6056ea8b43078e71/sky130A/libs.ref/sky130_fd_sc_hd/lib/sky130_fd_sc_hd__tt_025C_1v80.lib'…
Reading technology LEF file at '/home/hk/.ciel/ciel/sky130/versions/8afc8346a57fe1ab7934ba5a6056ea8b43078e71/sky130A/libs.ref/sky130_fd_sc_hd/techlef/sky130_fd_sc_hd__nom.tlef'…
[INFO ODB-0227] LEF file: /home/hk/.ciel/ciel/sky130/versions/8afc8346a57fe1ab7934ba5a6056ea8b43078e71/sky130A/libs.ref/sky130_fd_sc_hd/techlef/sky130_fd_sc_hd__nom.tlef, created 14 layers, 25 vias
Reading cell LEF file at '/home/hk/.ciel/ciel/sky130/versions/8afc8346a57fe1ab7934ba5a6056ea8b43078e71/sky130A/libs.ref/sky130_fd_sc_hd/lef/sky130_fd_sc_hd.lef'…
[WARNING ODB-0220] WARNING (LEFPARS-2008): NOWIREEXTENSIONATPIN statement is obsolete in version 5.6 or later.
The NOWIREEXTENSIONATPIN statement will be ignored. See file /home/hk/.ciel/ciel/sky130/versions/8afc8346a57fe1ab7934ba5a6056ea8b43078e71/sky130A/libs.ref/sky130_fd_sc_hd/lef/sky130_fd_sc_hd.lef at line 2.

[INFO ODB-0227] LEF file: /home/hk/.ciel/ciel/sky130/versions/8afc8346a57fe1ab7934ba5a6056ea8b43078e71/sky130A/libs.ref/sky130_fd_sc_hd/lef/sky130_fd_sc_hd.lef, created 437 library cells
Reading cell LEF file at '/home/hk/.ciel/ciel/sky130/versions/8afc8346a57fe1ab7934ba5a6056ea8b43078e71/sky130A/libs.ref/sky130_fd_sc_hd/lef/sky130_ef_sc_hd.lef'…
[WARNING ODB-0220] WARNING (LEFPARS-2008): NOWIREEXTENSIONATPIN statement is obsolete in version 5.6 or later.
The NOWIREEXTENSIONATPIN statement will be ignored. See file /home/hk/.ciel/ciel/sky130/versions/8afc8346a57fe1ab7934ba5a6056ea8b43078e71/sky130A/libs.ref/sky130_fd_sc_hd/lef/sky130_ef_sc_hd.lef at line 2.

[INFO ODB-0227] LEF file: /home/hk/.ciel/ciel/sky130/versions/8afc8346a57fe1ab7934ba5a6056ea8b43078e71/sky130A/libs.ref/sky130_fd_sc_hd/lef/sky130_ef_sc_hd.lef, created 8 library cells
Reading top-level netlist at '/home/hk/pd_projects/runs/RUN_2026-06-03_20-47-43/06-yosys-synthesis/u_s_r.nl.v'…
Linking design 'u_s_r' from netlist…
Reading design constraints file at '/home/hk/pd_projects/constraints.sdc'…
[INFO] No information on clock propagation in input SDC file-- propagating all clocks.
Using site height: 2.72 and site width: 0.46…
[INFO] Using absolute sizing for the floorplan.
[INFO] Using the set CORE_AREA; ignoring core margin parameters
+ initialize_floorplan -site unithd -die_area 0 0 70 70 -core_area 5 5 65 65
[WARNING IFP-0028] Core area lower left (5.000, 5.000) snapped to (5.060, 5.440).
[INFO IFP-0001] Added 21 rows of 130 site unithd.
[INFO IFP-0100] Die BBox:  (  0.000  0.000 ) ( 70.000 70.000 ) um
[INFO IFP-0101] Core BBox: (  5.060  5.440 ) ( 64.860 62.560 ) um
[INFO IFP-0102] Core area:                         3415.776 um^2
[INFO IFP-0103] Total instances area:               261.501 um^2
[INFO IFP-0104] Effective utilization:                0.077
[INFO IFP-0105] Number of instances:                     24
[INFO IFP-0030] Inserted 0 tiecells using sky130_fd_sc_hd__conb_1/LO.
[INFO IFP-0030] Inserted 0 tiecells using sky130_fd_sc_hd__conb_1/HI.
[INFO] Extracting DIE_AREA and CORE_AREA from the floorplan
[INFO] Floorplanned on a die area of 0.0 0.0 70.0 70.0 (µm).
[INFO] Floorplanned on a core area of 5.06 5.44 64.86 62.56 (µm).
Writing metric design__die__bbox: 0.0 0.0 70.0 70.0
Writing metric design__core__bbox: 5.06 5.44 64.86 62.56
Setting global connections for newly added cells…
[INFO] Setting global connections...
[INFO ODB-0403] 0 connections made, 0 conflicts skipped.
Updating metrics…
Cell type report:                       Count       Area
  Inverter                                  2       7.51
  Sequential cell                           4      85.08
  Multi-Input combinational cell           18     168.91
  Total                                    24     261.50
Writing OpenROAD database to '/home/hk/pd_projects/runs/RUN_2026-06-03_20-47-43/13-openroad-floorplan/u_s_r.odb'…
Writing netlist to '/home/hk/pd_projects/runs/RUN_2026-06-03_20-47-43/13-openroad-floorplan/u_s_r.nl.v'…
Writing powered netlist to '/home/hk/pd_projects/runs/RUN_2026-06-03_20-47-43/13-openroad-floorplan/u_s_r.pnl.v'…
Writing layout to '/home/hk/pd_projects/runs/RUN_2026-06-03_20-47-43/13-openroad-floorplan/u_s_r.def'…
Writing timing constraints to '/home/hk/pd_projects/runs/RUN_2026-06-03_20-47-43/13-openroad-floorplan/u_s_r.sdc'…
