Reading timing models for corner nom_tt_025C_1v80…
Reading timing library for the 'nom_tt_025C_1v80' corner at '/home/hk/.ciel/ciel/sky130/versions/8afc8346a57fe1ab7934ba5a6056ea8b43078e71/sky130A/libs.ref/sky130_fd_sc_hd/lib/sky130_fd_sc_hd__tt_025C_1v80.lib'…
Reading OpenROAD database at '/home/hk/pd_projects/runs/RUN_2026-06-03_20-47-43/42-openroad-repairantennas/1-openroad-diodeinsertion/u_s_r.odb'…
Reading design constraints file at '/home/hk/pd_projects/constraints.sdc'…
[INFO] No information on clock propagation in input SDC file-- propagating all clocks.
[INFO ORD-0030] Using 16 thread(s).
+ detailed_route -droute_end_iter 64 -or_seed 42 -verbose 1 -output_drc /home/hk/pd_projects/runs/RUN_2026-06-03_20-47-43/44-openroad-detailedrouting/drt-run-0/u_s_r.drc
[INFO DRT-0149] Reading tech and libs.
[WARNING DRT-0349] LEF58_ENCLOSURE with no CUTCLASS is not supported. Skipping for layer mcon
[WARNING DRT-0349] LEF58_ENCLOSURE with no CUTCLASS is not supported. Skipping for layer mcon
[WARNING DRT-0349] LEF58_ENCLOSURE with no CUTCLASS is not supported. Skipping for layer via
[WARNING DRT-0349] LEF58_ENCLOSURE with no CUTCLASS is not supported. Skipping for layer via
[WARNING DRT-0349] LEF58_ENCLOSURE with no CUTCLASS is not supported. Skipping for layer via2
[WARNING DRT-0349] LEF58_ENCLOSURE with no CUTCLASS is not supported. Skipping for layer via2
[WARNING DRT-0349] LEF58_ENCLOSURE with no CUTCLASS is not supported. Skipping for layer via3
[WARNING DRT-0349] LEF58_ENCLOSURE with no CUTCLASS is not supported. Skipping for layer via3
[WARNING DRT-0349] LEF58_ENCLOSURE with no CUTCLASS is not supported. Skipping for layer via4
[WARNING DRT-0349] LEF58_ENCLOSURE with no CUTCLASS is not supported. Skipping for layer via4

Units:                1000
Number of layers:     13
Number of macros:     445
Number of vias:       29
Number of viarulegen: 25

[INFO DRT-0150] Reading design.

Design:                   u_s_r
Die area:                 ( 0 0 ) ( 70000 70000 )
Number of track patterns: 12
Number of DEF vias:       0
Number of components:     134
Number of terminals:      15
Number of snets:          2
Number of nets:           55

[INFO DRT-0167] List of default vias:
  Layer via
    default via: M1M2_PR
  Layer via2
    default via: M2M3_PR
  Layer via3
    default via: M3M4_PR
  Layer via4
    default via: M4M5_PR
[INFO DRT-0162] Library cell analysis.
[INFO DRT-0163] Instance analysis.
[INFO DRT-0164] Number of unique instances = 34.
[INFO DRT-0168] Init region query.
[INFO DRT-0024]   Complete FR_MASTERSLICE.
[INFO DRT-0024]   Complete licon.
[INFO DRT-0024]   Complete li1.
[INFO DRT-0024]   Complete mcon.
[INFO DRT-0024]   Complete met1.
[INFO DRT-0024]   Complete via.
[INFO DRT-0024]   Complete met2.
[INFO DRT-0024]   Complete via2.
[INFO DRT-0024]   Complete met3.
[INFO DRT-0024]   Complete via3.
[INFO DRT-0024]   Complete met4.
[INFO DRT-0024]   Complete via4.
[INFO DRT-0024]   Complete met5.
[INFO DRT-0033] FR_MASTERSLICE shape region query size = 0.
[INFO DRT-0033] licon shape region query size = 0.
[INFO DRT-0033] li1 shape region query size = 1837.
[INFO DRT-0033] mcon shape region query size = 0.
[INFO DRT-0033] met1 shape region query size = 344.
[INFO DRT-0033] via shape region query size = 110.
[INFO DRT-0033] met2 shape region query size = 71.
[INFO DRT-0033] via2 shape region query size = 88.
[INFO DRT-0033] met3 shape region query size = 74.
[INFO DRT-0033] via3 shape region query size = 88.
[INFO DRT-0033] met4 shape region query size = 28.
[INFO DRT-0033] via4 shape region query size = 2.
[INFO DRT-0033] met5 shape region query size = 6.
[INFO DRT-0165] Start pin access.
[INFO DRT-0078]   Complete 226 pins.
[INFO DRT-0081]   Complete 34 unique inst patterns.
[INFO DRT-0084]   Complete 37 groups.
#scanned instances     = 134
#unique  instances     = 34
#stdCellGenAp          = 827
#stdCellValidPlanarAp  = 0
#stdCellValidViaAp     = 590
#stdCellPinNoAp        = 0
#stdCellPinCnt         = 141
#instTermValidViaApCnt = 0
#macroGenAp            = 0
#macroValidPlanarAp    = 0
#macroValidViaAp       = 0
#macroNoAp             = 0
[INFO DRT-0166] Complete pin access.
[INFO DRT-0267] cpu time = 00:00:23, elapsed time = 00:00:01, memory = 126.94 (MB), peak = 127.07 (MB)

[INFO DRT-0157] Number of guides:     368

[INFO DRT-0169] Post process guides.
[INFO DRT-0176] GCELLGRID X 0 DO 10 STEP 6900 ;
[INFO DRT-0177] GCELLGRID Y 0 DO 10 STEP 6900 ;
[INFO DRT-0028]   Complete FR_MASTERSLICE.
[INFO DRT-0028]   Complete licon.
[INFO DRT-0028]   Complete li1.
[INFO DRT-0028]   Complete mcon.
[INFO DRT-0028]   Complete met1.
[INFO DRT-0028]   Complete via.
[INFO DRT-0028]   Complete met2.
[INFO DRT-0028]   Complete via2.
[INFO DRT-0028]   Complete met3.
[INFO DRT-0028]   Complete via3.
[INFO DRT-0028]   Complete met4.
[INFO DRT-0028]   Complete via4.
[INFO DRT-0028]   Complete met5.
[INFO DRT-0178] Init guide query.
[INFO DRT-0035]   Complete FR_MASTERSLICE (guide).
[INFO DRT-0035]   Complete licon (guide).
[INFO DRT-0035]   Complete li1 (guide).
[INFO DRT-0035]   Complete mcon (guide).
[INFO DRT-0035]   Complete met1 (guide).
[INFO DRT-0035]   Complete via (guide).
[INFO DRT-0035]   Complete met2 (guide).
[INFO DRT-0035]   Complete via2 (guide).
[INFO DRT-0035]   Complete met3 (guide).
[INFO DRT-0035]   Complete via3 (guide).
[INFO DRT-0035]   Complete met4 (guide).
[INFO DRT-0035]   Complete via4 (guide).
[INFO DRT-0035]   Complete met5 (guide).
[INFO DRT-0036] FR_MASTERSLICE guide region query size = 0.
[INFO DRT-0036] licon guide region query size = 0.
[INFO DRT-0036] li1 guide region query size = 123.
[INFO DRT-0036] mcon guide region query size = 0.
[INFO DRT-0036] met1 guide region query size = 104.
[INFO DRT-0036] via guide region query size = 0.
[INFO DRT-0036] met2 guide region query size = 57.
[INFO DRT-0036] via2 guide region query size = 0.
[INFO DRT-0036] met3 guide region query size = 8.
[INFO DRT-0036] via3 guide region query size = 0.
[INFO DRT-0036] met4 guide region query size = 0.
[INFO DRT-0036] via4 guide region query size = 0.
[INFO DRT-0036] met5 guide region query size = 0.
[INFO DRT-0179] Init gr pin query.
[INFO DRT-0267] cpu time = 00:00:00, elapsed time = 00:00:00, memory = 127.32 (MB), peak = 127.32 (MB)
[INFO DRT-0245] skipped writing guide updates to database.
[INFO DRT-0185] Post process initialize RPin region query.
[INFO DRT-0181] Start track assignment.
[INFO DRT-0184] Done with 180 vertical wires in 1 frboxes and 112 horizontal wires in 1 frboxes.
[INFO DRT-0186] Done with 17 vertical wires in 1 frboxes and 21 horizontal wires in 1 frboxes.
[INFO DRT-0182] Complete track assignment.
[INFO DRT-0267] cpu time = 00:00:01, elapsed time = 00:00:00, memory = 127.94 (MB), peak = 127.94 (MB)
[INFO DRT-0187] Start routing data preparation.
[INFO DRT-0267] cpu time = 00:00:00, elapsed time = 00:00:00, memory = 127.94 (MB), peak = 127.94 (MB)
[INFO DRT-0194] Start detail routing.
[INFO DRT-0195] Start 0th optimization iteration.
    Completing 20% with 0 violations.
    elapsed time = 00:00:00, memory = 133.62 (MB).
    Completing 50% with 1 violations.
    elapsed time = 00:00:00, memory = 135.88 (MB).
    Completing 70% with 1 violations.
    elapsed time = 00:00:00, memory = 139.38 (MB).
    Completing 100% with 1 violations.
    elapsed time = 00:00:00, memory = 139.38 (MB).
[INFO DRT-0199]   Number of violations = 1.
Viol/Layer        met1
Metal Spacing        1
[INFO DRT-0267] cpu time = 00:00:15, elapsed time = 00:00:01, memory = 498.62 (MB), peak = 498.62 (MB)
Total wire length = 863 um.
Total wire length on LAYER li1 = 0 um.
Total wire length on LAYER met1 = 413 um.
Total wire length on LAYER met2 = 405 um.
Total wire length on LAYER met3 = 43 um.
Total wire length on LAYER met4 = 0 um.
Total wire length on LAYER met5 = 0 um.
Total number of vias = 284.
Up-via summary (total 284):

----------------------
 FR_MASTERSLICE      0
            li1    142
           met1    134
           met2      8
           met3      0
           met4      0
----------------------
               284


[INFO DRT-0195] Start 1st optimization iteration.
    Completing 20% with 1 violations.
    elapsed time = 00:00:00, memory = 498.75 (MB).
    Completing 50% with 1 violations.
    elapsed time = 00:00:00, memory = 502.00 (MB).
    Completing 70% with 1 violations.
    elapsed time = 00:00:00, memory = 502.00 (MB).
    Completing 100% with 0 violations.
    elapsed time = 00:00:00, memory = 502.00 (MB).
[INFO DRT-0199]   Number of violations = 0.
[INFO DRT-0267] cpu time = 00:00:11, elapsed time = 00:00:00, memory = 502.12 (MB), peak = 502.12 (MB)
Total wire length = 862 um.
Total wire length on LAYER li1 = 0 um.
Total wire length on LAYER met1 = 415 um.
Total wire length on LAYER met2 = 401 um.
Total wire length on LAYER met3 = 45 um.
Total wire length on LAYER met4 = 0 um.
Total wire length on LAYER met5 = 0 um.
Total number of vias = 284.
Up-via summary (total 284):

----------------------
 FR_MASTERSLICE      0
            li1    142
           met1    134
           met2      8
           met3      0
           met4      0
----------------------
               284


[INFO DRT-0198] Complete detail routing.
Total wire length = 862 um.
Total wire length on LAYER li1 = 0 um.
Total wire length on LAYER met1 = 415 um.
Total wire length on LAYER met2 = 401 um.
Total wire length on LAYER met3 = 45 um.
Total wire length on LAYER met4 = 0 um.
Total wire length on LAYER met5 = 0 um.
Total number of vias = 284.
Up-via summary (total 284):

----------------------
 FR_MASTERSLICE      0
            li1    142
           met1    134
           met2      8
           met3      0
           met4      0
----------------------
               284


[INFO DRT-0267] cpu time = 00:00:27, elapsed time = 00:00:02, memory = 502.25 (MB), peak = 502.25 (MB)

[INFO DRT-0180] Post processing.
+ check_antennas 
[INFO ANT-0002] Found 0 net violations.
[INFO ANT-0001] Found 0 pin violations.
Setting global connections for newly added cells…
[INFO] Setting global connections...
[INFO ODB-0403] 0 connections made, 0 conflicts skipped.
Updating metrics…
Cell type report:                       Count       Area
  Fill cell                                42     157.65
  Tap cell                                 46      57.56
  Clock buffer                              3      75.07
  Timing Repair Buffer                     19     190.18
  Inverter                                  2       7.51
  Sequential cell                           4      85.08
  Multi-Input combinational cell           18     168.91
  Total                                   134     741.96
Writing OpenROAD database to '/home/hk/pd_projects/runs/RUN_2026-06-03_20-47-43/44-openroad-detailedrouting/u_s_r.odb'…
Writing netlist to '/home/hk/pd_projects/runs/RUN_2026-06-03_20-47-43/44-openroad-detailedrouting/u_s_r.nl.v'…
Writing powered netlist to '/home/hk/pd_projects/runs/RUN_2026-06-03_20-47-43/44-openroad-detailedrouting/u_s_r.pnl.v'…
Writing layout to '/home/hk/pd_projects/runs/RUN_2026-06-03_20-47-43/44-openroad-detailedrouting/u_s_r.def'…
Writing timing constraints to '/home/hk/pd_projects/runs/RUN_2026-06-03_20-47-43/44-openroad-detailedrouting/u_s_r.sdc'…
