
===========================================================================
report_checks -unconstrained
===========================================================================
======================= nom_tt_025C_1v80 Corner ===================================

Startpoint: mode[1] (input port clocked by clk)
Endpoint: _42_ (rising edge-triggered flip-flop clocked by clk)
Path Group: clk
Path Type: max

Fanout         Cap        Slew       Delay        Time   Description
---------------------------------------------------------------------------------------------
                                  0.000000    0.000000   clock clk (rise edge)
                                  0.000000    0.000000   clock network delay (propagated)
                                  2.000000    2.000000 v input external delay
    11    0.025443    0.057760    0.040753    2.040753 v mode[1] (in)
                                                         mode[1] (net)
                      0.057761    0.000000    2.040753 v _32_/B (sky130_fd_sc_hd__and3_2)
     1    0.002913    0.038189    0.193308    2.234061 v _32_/X (sky130_fd_sc_hd__and3_2)
                                                         _14_ (net)
                      0.038189    0.000008    2.234069 v _34_/C1 (sky130_fd_sc_hd__a2111o_2)
     1    0.003464    0.062700    0.392043    2.626112 v _34_/X (sky130_fd_sc_hd__a2111o_2)
                                                         _16_ (net)
                      0.062700    0.000023    2.626135 v _35_/B1 (sky130_fd_sc_hd__o211a_2)
     1    0.001999    0.038465    0.131971    2.758107 v _35_/X (sky130_fd_sc_hd__o211a_2)
                                                         _02_ (net)
                      0.038465    0.000004    2.758111 v _42_/D (sky130_fd_sc_hd__dfxtp_2)
                                              2.758111   data arrival time

                                 10.000000   10.000000   clock clk (rise edge)
                                  0.000000   10.000000   clock source latency
     4    0.010144    0.052053    0.034439   10.034439 ^ clk (in)
                                                         clk (net)
                      0.052053    0.000000   10.034439 ^ _42_/CLK (sky130_fd_sc_hd__dfxtp_2)
                                 -0.500000    9.534439   clock uncertainty
                                  0.000000    9.534439   clock reconvergence pessimism
                                 -0.108386    9.426054   library setup time
                                              9.426054   data required time
---------------------------------------------------------------------------------------------
                                              9.426054   data required time
                                             -2.758111   data arrival time
---------------------------------------------------------------------------------------------
                                              6.667944   slack (MET)




===========================================================================
report_checks --slack_max -0.01
============================================================================
======================= nom_tt_025C_1v80 Corner ===================================

No paths found.


===========================================================================
 report_check_types -max_slew -max_cap -max_fanout -violators
============================================================================
======================= nom_tt_025C_1v80 Corner ===================================



===========================================================================
report_parasitic_annotation -report_unannotated
============================================================================
Found 0 unannotated drivers.
Found 0 partially unannotated drivers.

===========================================================================
max slew violation count 0
Writing metric design__max_slew_violation__count__corner:nom_tt_025C_1v80: 0
max fanout violation count 0
Writing metric design__max_fanout_violation__count__corner:nom_tt_025C_1v80: 0
max cap violation count 0
Writing metric design__max_cap_violation__count__corner:nom_tt_025C_1v80: 0
============================================================================

===========================================================================
check_setup -verbose -unconstrained_endpoints -multiple_clock -no_clock -no_input_delay -loops -generated_clocks
===========================================================================
