Clock: clk
Sources: clk 
Generated: no
Virtual: yes
Propagated: no
Period: 10.000000

===========================================================================
report_clock_properties
============================================================================
Clock                   Period          Waveform
----------------------------------------------------
clk                  10.000000    0.000000  5.000000

===========================================================================
report_clock_latency
============================================================================
Clock clk
rise -> rise
    min     max
0.000000 0.000000 source latency
0.034439         network latency _42_/CLK
        0.034483 network latency _43_/CLK
---------------
0.034439 0.034483 latency
        0.000045 skew

fall -> fall
    min     max
0.000000 0.000000 source latency
0.015243         network latency _42_/CLK
        0.015284 network latency _43_/CLK
---------------
0.015243 0.015284 latency
        0.000041 skew



===========================================================================
report_clock_min_period
============================================================================
clk period_min = 1.62 fmax = 615.89
