Reading timing models for corner nom_tt_025C_1v80…
Reading timing library for the 'nom_tt_025C_1v80' corner at '/home/hk/.ciel/ciel/sky130/versions/8afc8346a57fe1ab7934ba5a6056ea8b43078e71/sky130A/libs.ref/sky130_fd_sc_hd/lib/sky130_fd_sc_hd__tt_025C_1v80.lib'…
Reading OpenROAD database at '/home/hk/pd_projects/runs/RUN_2026-06-03_20-26-11/28-openroad-globalplacement/u_s_r.odb'…
Reading design constraints file at '/home/hk/pd_projects/constraints.sdc'…
[INFO] No information on clock propagation in input SDC file-- propagating all clocks.
%OL_CREATE_REPORT min.rpt

===========================================================================
report_checks -path_delay min (Hold)
============================================================================
======================= nom_tt_025C_1v80 Corner ===================================

Startpoint: _43_ (rising edge-triggered flip-flop clocked by clk)
Endpoint: _43_ (rising edge-triggered flip-flop clocked by clk)
Path Group: clk
Path Type: min

Fanout         Cap        Slew       Delay        Time   Description
---------------------------------------------------------------------------------------------
                                  0.000000    0.000000   clock clk (rise edge)
                                  0.000000    0.000000   clock source latency
     4    0.010144    0.052053    0.034483    0.034483 ^ clk (in)
                                                         clk (net)
                      0.052053    0.000000    0.034483 ^ _43_/CLK (sky130_fd_sc_hd__dfxtp_2)
     3    0.016729    0.094985    0.358426    0.392910 ^ _43_/Q (sky130_fd_sc_hd__dfxtp_2)
                                                         Q[3] (net)
                      0.094985    0.000017    0.392926 ^ _39_/A1 (sky130_fd_sc_hd__o221a_2)
     1    0.001879    0.036613    0.186403    0.579330 ^ _39_/X (sky130_fd_sc_hd__o221a_2)
                                                         _03_ (net)
                      0.036613    0.000002    0.579332 ^ _43_/D (sky130_fd_sc_hd__dfxtp_2)
                                              0.579332   data arrival time

                                  0.000000    0.000000   clock clk (rise edge)
                                  0.000000    0.000000   clock source latency
     4    0.010144    0.052053    0.034483    0.034483 ^ clk (in)
                                                         clk (net)
                      0.052053    0.000000    0.034483 ^ _43_/CLK (sky130_fd_sc_hd__dfxtp_2)
                                  0.500000    0.534483   clock uncertainty
                                  0.000000    0.534483   clock reconvergence pessimism
                                 -0.028525    0.505958   library hold time
                                              0.505958   data required time
---------------------------------------------------------------------------------------------
                                              0.505958   data required time
                                             -0.579332   data arrival time
---------------------------------------------------------------------------------------------
                                              0.073373   slack (MET)


Startpoint: _40_ (rising edge-triggered flip-flop clocked by clk)
Endpoint: _40_ (rising edge-triggered flip-flop clocked by clk)
Path Group: clk
Path Type: min

Fanout         Cap        Slew       Delay        Time   Description
---------------------------------------------------------------------------------------------
                                  0.000000    0.000000   clock clk (rise edge)
                                  0.000000    0.000000   clock source latency
     4    0.010144    0.052053    0.034483    0.034483 ^ clk (in)
                                                         clk (net)
                      0.052053    0.000000    0.034483 ^ _40_/CLK (sky130_fd_sc_hd__dfxtp_2)
     3    0.017361    0.095605    0.360580    0.395063 ^ _40_/Q (sky130_fd_sc_hd__dfxtp_2)
                                                         Q[0] (net)
                      0.095605    0.000016    0.395078 ^ _27_/A1 (sky130_fd_sc_hd__o221a_2)
     1    0.001790    0.036090    0.186011    0.581089 ^ _27_/X (sky130_fd_sc_hd__o221a_2)
                                                         _00_ (net)
                      0.036090    0.000000    0.581090 ^ _40_/D (sky130_fd_sc_hd__dfxtp_2)
                                              0.581090   data arrival time

                                  0.000000    0.000000   clock clk (rise edge)
                                  0.000000    0.000000   clock source latency
     4    0.010144    0.052053    0.034483    0.034483 ^ clk (in)
                                                         clk (net)
                      0.052053    0.000000    0.034483 ^ _40_/CLK (sky130_fd_sc_hd__dfxtp_2)
                                  0.500000    0.534483   clock uncertainty
                                  0.000000    0.534483   clock reconvergence pessimism
                                 -0.028417    0.506066   library hold time
                                              0.506066   data required time
---------------------------------------------------------------------------------------------
                                              0.506066   data required time
                                             -0.581090   data arrival time
---------------------------------------------------------------------------------------------
                                              0.075025   slack (MET)


Startpoint: _42_ (rising edge-triggered flip-flop clocked by clk)
Endpoint: _42_ (rising edge-triggered flip-flop clocked by clk)
Path Group: clk
Path Type: min

Fanout         Cap        Slew       Delay        Time   Description
---------------------------------------------------------------------------------------------
                                  0.000000    0.000000   clock clk (rise edge)
                                  0.000000    0.000000   clock source latency
     4    0.010144    0.052053    0.034439    0.034439 ^ clk (in)
                                                         clk (net)
                      0.052053    0.000000    0.034439 ^ _42_/CLK (sky130_fd_sc_hd__dfxtp_2)
     4    0.021032    0.113175    0.373293    0.407732 ^ _42_/Q (sky130_fd_sc_hd__dfxtp_2)
                                                         Q[2] (net)
                      0.113175    0.000056    0.407787 ^ _35_/A1 (sky130_fd_sc_hd__o211a_2)
     1    0.001992    0.037351    0.176852    0.584639 ^ _35_/X (sky130_fd_sc_hd__o211a_2)
                                                         _02_ (net)
                      0.037351    0.000004    0.584642 ^ _42_/D (sky130_fd_sc_hd__dfxtp_2)
                                              0.584642   data arrival time

                                  0.000000    0.000000   clock clk (rise edge)
                                  0.000000    0.000000   clock source latency
     4    0.010144    0.052053    0.034439    0.034439 ^ clk (in)
                                                         clk (net)
                      0.052053    0.000000    0.034439 ^ _42_/CLK (sky130_fd_sc_hd__dfxtp_2)
                                  0.500000    0.534439   clock uncertainty
                                  0.000000    0.534439   clock reconvergence pessimism
                                 -0.028678    0.505761   library hold time
                                              0.505761   data required time
---------------------------------------------------------------------------------------------
                                              0.505761   data required time
                                             -0.584642   data arrival time
---------------------------------------------------------------------------------------------
                                              0.078881   slack (MET)


Startpoint: _41_ (rising edge-triggered flip-flop clocked by clk)
Endpoint: _41_ (rising edge-triggered flip-flop clocked by clk)
Path Group: clk
Path Type: min

Fanout         Cap        Slew       Delay        Time   Description
---------------------------------------------------------------------------------------------
                                  0.000000    0.000000   clock clk (rise edge)
                                  0.000000    0.000000   clock source latency
     4    0.010144    0.052053    0.034455    0.034455 ^ clk (in)
                                                         clk (net)
                      0.052053    0.000000    0.034455 ^ _41_/CLK (sky130_fd_sc_hd__dfxtp_2)
     4    0.020162    0.109011    0.370274    0.404728 ^ _41_/Q (sky130_fd_sc_hd__dfxtp_2)
                                                         Q[1] (net)
                      0.109011    0.000033    0.404762 ^ _31_/A1 (sky130_fd_sc_hd__o221a_2)
     1    0.001948    0.036956    0.190311    0.595073 ^ _31_/X (sky130_fd_sc_hd__o221a_2)
                                                         _01_ (net)
                      0.036956    0.000002    0.595075 ^ _41_/D (sky130_fd_sc_hd__dfxtp_2)
                                              0.595075   data arrival time

                                  0.000000    0.000000   clock clk (rise edge)
                                  0.000000    0.000000   clock source latency
     4    0.010144    0.052053    0.034455    0.034455 ^ clk (in)
                                                         clk (net)
                      0.052053    0.000000    0.034455 ^ _41_/CLK (sky130_fd_sc_hd__dfxtp_2)
                                  0.500000    0.534455   clock uncertainty
                                  0.000000    0.534455   clock reconvergence pessimism
                                 -0.028596    0.505858   library hold time
                                              0.505858   data required time
---------------------------------------------------------------------------------------------
                                              0.505858   data required time
                                             -0.595075   data arrival time
---------------------------------------------------------------------------------------------
                                              0.089217   slack (MET)


Startpoint: _43_ (rising edge-triggered flip-flop clocked by clk)
Endpoint: Q[3] (output port clocked by clk)
Path Group: clk
Path Type: min

Fanout         Cap        Slew       Delay        Time   Description
---------------------------------------------------------------------------------------------
                                  0.000000    0.000000   clock clk (rise edge)
                                  0.000000    0.000000   clock source latency
     4    0.010144    0.052053    0.034483    0.034483 ^ clk (in)
                                                         clk (net)
                      0.052053    0.000000    0.034483 ^ _43_/CLK (sky130_fd_sc_hd__dfxtp_2)
     3    0.016287    0.050824    0.337854    0.372338 v _43_/Q (sky130_fd_sc_hd__dfxtp_2)
                                                         Q[3] (net)
                      0.050824    0.000038    0.372376 v Q[3] (out)
                                              0.372376   data arrival time

                                  0.000000    0.000000   clock clk (rise edge)
                                  0.000000    0.000000   clock network delay (propagated)
                                  0.500000    0.500000   clock uncertainty
                                  0.000000    0.500000   clock reconvergence pessimism
                                 -0.500000    0.000000   output external delay
                                              0.000000   data required time
---------------------------------------------------------------------------------------------
                                              0.000000   data required time
                                             -0.372376   data arrival time
---------------------------------------------------------------------------------------------
                                              0.372376   slack (MET)


Startpoint: _40_ (rising edge-triggered flip-flop clocked by clk)
Endpoint: Q[0] (output port clocked by clk)
Path Group: clk
Path Type: min

Fanout         Cap        Slew       Delay        Time   Description
---------------------------------------------------------------------------------------------
                                  0.000000    0.000000   clock clk (rise edge)
                                  0.000000    0.000000   clock source latency
     4    0.010144    0.052053    0.034483    0.034483 ^ clk (in)
                                                         clk (net)
                      0.052053    0.000000    0.034483 ^ _40_/CLK (sky130_fd_sc_hd__dfxtp_2)
     3    0.016858    0.052004    0.338917    0.373400 v _40_/Q (sky130_fd_sc_hd__dfxtp_2)
                                                         Q[0] (net)
                      0.052004    0.000081    0.373481 v Q[0] (out)
                                              0.373481   data arrival time

                                  0.000000    0.000000   clock clk (rise edge)
                                  0.000000    0.000000   clock network delay (propagated)
                                  0.500000    0.500000   clock uncertainty
                                  0.000000    0.500000   clock reconvergence pessimism
                                 -0.500000    0.000000   output external delay
                                              0.000000   data required time
---------------------------------------------------------------------------------------------
                                              0.000000   data required time
                                             -0.373481   data arrival time
---------------------------------------------------------------------------------------------
                                              0.373481   slack (MET)


Startpoint: _41_ (rising edge-triggered flip-flop clocked by clk)
Endpoint: Q[1] (output port clocked by clk)
Path Group: clk
Path Type: min

Fanout         Cap        Slew       Delay        Time   Description
---------------------------------------------------------------------------------------------
                                  0.000000    0.000000   clock clk (rise edge)
                                  0.000000    0.000000   clock source latency
     4    0.010144    0.052053    0.034455    0.034455 ^ clk (in)
                                                         clk (net)
                      0.052053    0.000000    0.034455 ^ _41_/CLK (sky130_fd_sc_hd__dfxtp_2)
     4    0.019556    0.057690    0.344009    0.378463 v _41_/Q (sky130_fd_sc_hd__dfxtp_2)
                                                         Q[1] (net)
                      0.057690    0.000106    0.378569 v Q[1] (out)
                                              0.378569   data arrival time

                                  0.000000    0.000000   clock clk (rise edge)
                                  0.000000    0.000000   clock network delay (propagated)
                                  0.500000    0.500000   clock uncertainty
                                  0.000000    0.500000   clock reconvergence pessimism
                                 -0.500000    0.000000   output external delay
                                              0.000000   data required time
---------------------------------------------------------------------------------------------
                                              0.000000   data required time
                                             -0.378569   data arrival time
---------------------------------------------------------------------------------------------
                                              0.378569   slack (MET)


Startpoint: _42_ (rising edge-triggered flip-flop clocked by clk)
Endpoint: Q[2] (output port clocked by clk)
Path Group: clk
Path Type: min

Fanout         Cap        Slew       Delay        Time   Description
---------------------------------------------------------------------------------------------
                                  0.000000    0.000000   clock clk (rise edge)
                                  0.000000    0.000000   clock source latency
     4    0.010144    0.052053    0.034439    0.034439 ^ clk (in)
                                                         clk (net)
                      0.052053    0.000000    0.034439 ^ _42_/CLK (sky130_fd_sc_hd__dfxtp_2)
     4    0.020207    0.059055    0.345244    0.379683 v _42_/Q (sky130_fd_sc_hd__dfxtp_2)
                                                         Q[2] (net)
                      0.059055    0.000092    0.379776 v Q[2] (out)
                                              0.379776   data arrival time

                                  0.000000    0.000000   clock clk (rise edge)
                                  0.000000    0.000000   clock network delay (propagated)
                                  0.500000    0.500000   clock uncertainty
                                  0.000000    0.500000   clock reconvergence pessimism
                                 -0.500000    0.000000   output external delay
                                              0.000000   data required time
---------------------------------------------------------------------------------------------
                                              0.000000   data required time
                                             -0.379776   data arrival time
---------------------------------------------------------------------------------------------
                                              0.379776   slack (MET)



%OL_END_REPORT
%OL_CREATE_REPORT max.rpt

===========================================================================
report_checks -path_delay max (Setup)
============================================================================
======================= nom_tt_025C_1v80 Corner ===================================

Startpoint: mode[1] (input port clocked by clk)
Endpoint: _42_ (rising edge-triggered flip-flop clocked by clk)
Path Group: clk
Path Type: max

Fanout         Cap        Slew       Delay        Time   Description
---------------------------------------------------------------------------------------------
                                  0.000000    0.000000   clock clk (rise edge)
                                  0.000000    0.000000   clock network delay (propagated)
                                  2.000000    2.000000 v input external delay
    11    0.025443    0.057760    0.040753    2.040753 v mode[1] (in)
                                                         mode[1] (net)
                      0.057761    0.000000    2.040753 v _32_/B (sky130_fd_sc_hd__and3_2)
     1    0.002913    0.038189    0.193308    2.234061 v _32_/X (sky130_fd_sc_hd__and3_2)
                                                         _14_ (net)
                      0.038189    0.000008    2.234069 v _34_/C1 (sky130_fd_sc_hd__a2111o_2)
     1    0.003464    0.062700    0.392043    2.626112 v _34_/X (sky130_fd_sc_hd__a2111o_2)
                                                         _16_ (net)
                      0.062700    0.000023    2.626135 v _35_/B1 (sky130_fd_sc_hd__o211a_2)
     1    0.001999    0.038465    0.131971    2.758107 v _35_/X (sky130_fd_sc_hd__o211a_2)
                                                         _02_ (net)
                      0.038465    0.000004    2.758111 v _42_/D (sky130_fd_sc_hd__dfxtp_2)
                                              2.758111   data arrival time

                                 10.000000   10.000000   clock clk (rise edge)
                                  0.000000   10.000000   clock source latency
     4    0.010144    0.052053    0.034439   10.034439 ^ clk (in)
                                                         clk (net)
                      0.052053    0.000000   10.034439 ^ _42_/CLK (sky130_fd_sc_hd__dfxtp_2)
                                 -0.500000    9.534439   clock uncertainty
                                  0.000000    9.534439   clock reconvergence pessimism
                                 -0.108386    9.426054   library setup time
                                              9.426054   data required time
---------------------------------------------------------------------------------------------
                                              9.426054   data required time
                                             -2.758111   data arrival time
---------------------------------------------------------------------------------------------
                                              6.667944   slack (MET)


Startpoint: mode[1] (input port clocked by clk)
Endpoint: _40_ (rising edge-triggered flip-flop clocked by clk)
Path Group: clk
Path Type: max

Fanout         Cap        Slew       Delay        Time   Description
---------------------------------------------------------------------------------------------
                                  0.000000    0.000000   clock clk (rise edge)
                                  0.000000    0.000000   clock network delay (propagated)
                                  2.000000    2.000000 v input external delay
    11    0.025443    0.057760    0.040760    2.040760 v mode[1] (in)
                                                         mode[1] (net)
                      0.057761    0.000000    2.040760 v _22_/B (sky130_fd_sc_hd__and3_2)
     1    0.002742    0.037658    0.192456    2.233217 v _22_/X (sky130_fd_sc_hd__and3_2)
                                                         _06_ (net)
                      0.037658    0.000007    2.233223 v _26_/B1 (sky130_fd_sc_hd__a211o_2)
     1    0.002467    0.046057    0.291772    2.524995 v _26_/X (sky130_fd_sc_hd__a211o_2)
                                                         _10_ (net)
                      0.046057    0.000003    2.524998 v _27_/B1 (sky130_fd_sc_hd__o221a_2)
     1    0.001797    0.040113    0.232355    2.757353 v _27_/X (sky130_fd_sc_hd__o221a_2)
                                                         _00_ (net)
                      0.040113    0.000000    2.757354 v _40_/D (sky130_fd_sc_hd__dfxtp_2)
                                              2.757354   data arrival time

                                 10.000000   10.000000   clock clk (rise edge)
                                  0.000000   10.000000   clock source latency
     4    0.010144    0.052053    0.034483   10.034483 ^ clk (in)
                                                         clk (net)
                      0.052053    0.000000   10.034483 ^ _40_/CLK (sky130_fd_sc_hd__dfxtp_2)
                                 -0.500000    9.534483   clock uncertainty
                                  0.000000    9.534483   clock reconvergence pessimism
                                 -0.109105    9.425378   library setup time
                                              9.425378   data required time
---------------------------------------------------------------------------------------------
                                              9.425378   data required time
                                             -2.757354   data arrival time
---------------------------------------------------------------------------------------------
                                              6.668025   slack (MET)


Startpoint: mode[1] (input port clocked by clk)
Endpoint: _43_ (rising edge-triggered flip-flop clocked by clk)
Path Group: clk
Path Type: max

Fanout         Cap        Slew       Delay        Time   Description
---------------------------------------------------------------------------------------------
                                  0.000000    0.000000   clock clk (rise edge)
                                  0.000000    0.000000   clock network delay (propagated)
                                  2.000000    2.000000 v input external delay
    11    0.025443    0.057760    0.040765    2.040765 v mode[1] (in)
                                                         mode[1] (net)
                      0.057761    0.000000    2.040765 v _36_/B (sky130_fd_sc_hd__and3_2)
     1    0.002415    0.036646    0.190834    2.231599 v _36_/X (sky130_fd_sc_hd__and3_2)
                                                         _17_ (net)
                      0.036646    0.000003    2.231602 v _38_/C1 (sky130_fd_sc_hd__a211o_2)
     1    0.002696    0.046826    0.255451    2.487053 v _38_/X (sky130_fd_sc_hd__a211o_2)
                                                         _19_ (net)
                      0.046826    0.000007    2.487060 v _39_/B2 (sky130_fd_sc_hd__o221a_2)
     1    0.001886    0.040408    0.215120    2.702180 v _39_/X (sky130_fd_sc_hd__o221a_2)
                                                         _03_ (net)
                      0.040408    0.000002    2.702182 v _43_/D (sky130_fd_sc_hd__dfxtp_2)
                                              2.702182   data arrival time

                                 10.000000   10.000000   clock clk (rise edge)
                                  0.000000   10.000000   clock source latency
     4    0.010144    0.052053    0.034484   10.034484 ^ clk (in)
                                                         clk (net)
                      0.052053    0.000000   10.034484 ^ _43_/CLK (sky130_fd_sc_hd__dfxtp_2)
                                 -0.500000    9.534484   clock uncertainty
                                  0.000000    9.534484   clock reconvergence pessimism
                                 -0.109233    9.425250   library setup time
                                              9.425250   data required time
---------------------------------------------------------------------------------------------
                                              9.425250   data required time
                                             -2.702182   data arrival time
---------------------------------------------------------------------------------------------
                                              6.723069   slack (MET)


Startpoint: mode[0] (input port clocked by clk)
Endpoint: _41_ (rising edge-triggered flip-flop clocked by clk)
Path Group: clk
Path Type: max

Fanout         Cap        Slew       Delay        Time   Description
---------------------------------------------------------------------------------------------
                                  0.000000    0.000000   clock clk (rise edge)
                                  0.000000    0.000000   clock network delay (propagated)
                                  2.000000    2.000000 v input external delay
    10    0.020568    0.047244    0.033096    2.033096 v mode[0] (in)
                                                         mode[0] (net)
                      0.047246    0.000000    2.033096 v _25_/A (sky130_fd_sc_hd__or2_2)
     4    0.010143    0.075196    0.322034    2.355130 v _25_/X (sky130_fd_sc_hd__or2_2)
                                                         _09_ (net)
                      0.075196    0.000008    2.355138 v _31_/A2 (sky130_fd_sc_hd__o221a_2)
     1    0.001955    0.040618    0.265936    2.621074 v _31_/X (sky130_fd_sc_hd__o221a_2)
                                                         _01_ (net)
                      0.040618    0.000002    2.621077 v _41_/D (sky130_fd_sc_hd__dfxtp_2)
                                              2.621077   data arrival time

                                 10.000000   10.000000   clock clk (rise edge)
                                  0.000000   10.000000   clock source latency
     4    0.010144    0.052053    0.034455   10.034455 ^ clk (in)
                                                         clk (net)
                      0.052053    0.000000   10.034455 ^ _41_/CLK (sky130_fd_sc_hd__dfxtp_2)
                                 -0.500000    9.534455   clock uncertainty
                                  0.000000    9.534455   clock reconvergence pessimism
                                 -0.109325    9.425130   library setup time
                                              9.425130   data required time
---------------------------------------------------------------------------------------------
                                              9.425130   data required time
                                             -2.621077   data arrival time
---------------------------------------------------------------------------------------------
                                              6.804053   slack (MET)


Startpoint: _42_ (rising edge-triggered flip-flop clocked by clk)
Endpoint: Q[2] (output port clocked by clk)
Path Group: clk
Path Type: max

Fanout         Cap        Slew       Delay        Time   Description
---------------------------------------------------------------------------------------------
                                  0.000000    0.000000   clock clk (rise edge)
                                  0.000000    0.000000   clock source latency
     4    0.010144    0.052053    0.034439    0.034439 ^ clk (in)
                                                         clk (net)
                      0.052053    0.000000    0.034439 ^ _42_/CLK (sky130_fd_sc_hd__dfxtp_2)
     4    0.021032    0.113175    0.373293    0.407732 ^ _42_/Q (sky130_fd_sc_hd__dfxtp_2)
                                                         Q[2] (net)
                      0.113175    0.000093    0.407825 ^ Q[2] (out)
                                              0.407825   data arrival time

                                 10.000000   10.000000   clock clk (rise edge)
                                  0.000000   10.000000   clock network delay (propagated)
                                 -0.500000    9.500000   clock uncertainty
                                  0.000000    9.500000   clock reconvergence pessimism
                                 -2.000000    7.500000   output external delay
                                              7.500000   data required time
---------------------------------------------------------------------------------------------
                                              7.500000   data required time
                                             -0.407825   data arrival time
---------------------------------------------------------------------------------------------
                                              7.092175   slack (MET)


Startpoint: _41_ (rising edge-triggered flip-flop clocked by clk)
Endpoint: Q[1] (output port clocked by clk)
Path Group: clk
Path Type: max

Fanout         Cap        Slew       Delay        Time   Description
---------------------------------------------------------------------------------------------
                                  0.000000    0.000000   clock clk (rise edge)
                                  0.000000    0.000000   clock source latency
     4    0.010144    0.052053    0.034455    0.034455 ^ clk (in)
                                                         clk (net)
                      0.052053    0.000000    0.034455 ^ _41_/CLK (sky130_fd_sc_hd__dfxtp_2)
     4    0.020162    0.109011    0.370274    0.404728 ^ _41_/Q (sky130_fd_sc_hd__dfxtp_2)
                                                         Q[1] (net)
                      0.109011    0.000106    0.404835 ^ Q[1] (out)
                                              0.404835   data arrival time

                                 10.000000   10.000000   clock clk (rise edge)
                                  0.000000   10.000000   clock network delay (propagated)
                                 -0.500000    9.500000   clock uncertainty
                                  0.000000    9.500000   clock reconvergence pessimism
                                 -2.000000    7.500000   output external delay
                                              7.500000   data required time
---------------------------------------------------------------------------------------------
                                              7.500000   data required time
                                             -0.404835   data arrival time
---------------------------------------------------------------------------------------------
                                              7.095165   slack (MET)


Startpoint: _40_ (rising edge-triggered flip-flop clocked by clk)
Endpoint: Q[0] (output port clocked by clk)
Path Group: clk
Path Type: max

Fanout         Cap        Slew       Delay        Time   Description
---------------------------------------------------------------------------------------------
                                  0.000000    0.000000   clock clk (rise edge)
                                  0.000000    0.000000   clock source latency
     4    0.010144    0.052053    0.034483    0.034483 ^ clk (in)
                                                         clk (net)
                      0.052053    0.000000    0.034483 ^ _40_/CLK (sky130_fd_sc_hd__dfxtp_2)
     3    0.017361    0.095605    0.360580    0.395063 ^ _40_/Q (sky130_fd_sc_hd__dfxtp_2)
                                                         Q[0] (net)
                      0.095605    0.000081    0.395144 ^ Q[0] (out)
                                              0.395144   data arrival time

                                 10.000000   10.000000   clock clk (rise edge)
                                  0.000000   10.000000   clock network delay (propagated)
                                 -0.500000    9.500000   clock uncertainty
                                  0.000000    9.500000   clock reconvergence pessimism
                                 -2.000000    7.500000   output external delay
                                              7.500000   data required time
---------------------------------------------------------------------------------------------
                                              7.500000   data required time
                                             -0.395144   data arrival time
---------------------------------------------------------------------------------------------
                                              7.104856   slack (MET)


Startpoint: _43_ (rising edge-triggered flip-flop clocked by clk)
Endpoint: Q[3] (output port clocked by clk)
Path Group: clk
Path Type: max

Fanout         Cap        Slew       Delay        Time   Description
---------------------------------------------------------------------------------------------
                                  0.000000    0.000000   clock clk (rise edge)
                                  0.000000    0.000000   clock source latency
     4    0.010144    0.052053    0.034483    0.034483 ^ clk (in)
                                                         clk (net)
                      0.052053    0.000000    0.034483 ^ _43_/CLK (sky130_fd_sc_hd__dfxtp_2)
     3    0.016729    0.094985    0.358426    0.392910 ^ _43_/Q (sky130_fd_sc_hd__dfxtp_2)
                                                         Q[3] (net)
                      0.094985    0.000038    0.392948 ^ Q[3] (out)
                                              0.392948   data arrival time

                                 10.000000   10.000000   clock clk (rise edge)
                                  0.000000   10.000000   clock network delay (propagated)
                                 -0.500000    9.500000   clock uncertainty
                                  0.000000    9.500000   clock reconvergence pessimism
                                 -2.000000    7.500000   output external delay
                                              7.500000   data required time
---------------------------------------------------------------------------------------------
                                              7.500000   data required time
                                             -0.392948   data arrival time
---------------------------------------------------------------------------------------------
                                              7.107051   slack (MET)



%OL_END_REPORT
%OL_CREATE_REPORT checks.rpt

===========================================================================
report_checks -unconstrained
===========================================================================
======================= nom_tt_025C_1v80 Corner ===================================

Startpoint: mode[1] (input port clocked by clk)
Endpoint: _42_ (rising edge-triggered flip-flop clocked by clk)
Path Group: clk
Path Type: max

Fanout         Cap        Slew       Delay        Time   Description
---------------------------------------------------------------------------------------------
                                  0.000000    0.000000   clock clk (rise edge)
                                  0.000000    0.000000   clock network delay (propagated)
                                  2.000000    2.000000 v input external delay
    11    0.025443    0.057760    0.040753    2.040753 v mode[1] (in)
                                                         mode[1] (net)
                      0.057761    0.000000    2.040753 v _32_/B (sky130_fd_sc_hd__and3_2)
     1    0.002913    0.038189    0.193308    2.234061 v _32_/X (sky130_fd_sc_hd__and3_2)
                                                         _14_ (net)
                      0.038189    0.000008    2.234069 v _34_/C1 (sky130_fd_sc_hd__a2111o_2)
     1    0.003464    0.062700    0.392043    2.626112 v _34_/X (sky130_fd_sc_hd__a2111o_2)
                                                         _16_ (net)
                      0.062700    0.000023    2.626135 v _35_/B1 (sky130_fd_sc_hd__o211a_2)
     1    0.001999    0.038465    0.131971    2.758107 v _35_/X (sky130_fd_sc_hd__o211a_2)
                                                         _02_ (net)
                      0.038465    0.000004    2.758111 v _42_/D (sky130_fd_sc_hd__dfxtp_2)
                                              2.758111   data arrival time

                                 10.000000   10.000000   clock clk (rise edge)
                                  0.000000   10.000000   clock source latency
     4    0.010144    0.052053    0.034439   10.034439 ^ clk (in)
                                                         clk (net)
                      0.052053    0.000000   10.034439 ^ _42_/CLK (sky130_fd_sc_hd__dfxtp_2)
                                 -0.500000    9.534439   clock uncertainty
                                  0.000000    9.534439   clock reconvergence pessimism
                                 -0.108386    9.426054   library setup time
                                              9.426054   data required time
---------------------------------------------------------------------------------------------
                                              9.426054   data required time
                                             -2.758111   data arrival time
---------------------------------------------------------------------------------------------
                                              6.667944   slack (MET)




===========================================================================
report_checks --slack_max -0.01
============================================================================
======================= nom_tt_025C_1v80 Corner ===================================

No paths found.


===========================================================================
 report_check_types -max_slew -max_cap -max_fanout -violators
============================================================================
======================= nom_tt_025C_1v80 Corner ===================================



===========================================================================
report_parasitic_annotation -report_unannotated
============================================================================
Found 0 unannotated drivers.
Found 0 partially unannotated drivers.

===========================================================================
max slew violation count 0
Writing metric design__max_slew_violation__count__corner:nom_tt_025C_1v80: 0
max fanout violation count 0
Writing metric design__max_fanout_violation__count__corner:nom_tt_025C_1v80: 0
max cap violation count 0
Writing metric design__max_cap_violation__count__corner:nom_tt_025C_1v80: 0
============================================================================

===========================================================================
check_setup -verbose -unconstrained_endpoints -multiple_clock -no_clock -no_input_delay -loops -generated_clocks
===========================================================================
%OL_END_REPORT
%OL_CREATE_REPORT power.rpt

===========================================================================
 report_power
============================================================================
======================= nom_tt_025C_1v80 Corner ===================================

Group                    Internal    Switching      Leakage        Total
                            Power        Power        Power        Power (Watts)
------------------------------------------------------------------------
Sequential           1.757113e-05 1.756204e-06 3.442982e-11 1.932737e-05  78.8%
Combinational        3.733642e-06 1.459279e-06 9.300579e-11 5.193014e-06  21.2%
Clock                0.000000e+00 0.000000e+00 7.776091e-11 7.776091e-11   0.0%
Macro                0.000000e+00 0.000000e+00 0.000000e+00 0.000000e+00   0.0%
Pad                  0.000000e+00 0.000000e+00 0.000000e+00 0.000000e+00   0.0%
------------------------------------------------------------------------
Total                2.130478e-05 3.215484e-06 2.051964e-10 2.452046e-05 100.0%
                            86.9%        13.1%         0.0%
Writing metric power__internal__total: 2.1304775145836174e-5
Writing metric power__switching__total: 3.2154835025721695e-6
Writing metric power__leakage__total: 2.0519641541483225e-10
Writing metric power__total: 2.4520464648958296e-5

%OL_END_REPORT
%OL_CREATE_REPORT skew.min.rpt

===========================================================================
Clock Skew (Hold)
============================================================================
Writing metric clock__skew__worst_hold__corner:nom_tt_025C_1v80: -0.5000445754556994
======================= nom_tt_025C_1v80 Corner ===================================

Clock clk
0.034439 source latency _42_/CLK ^
-0.034483 target latency _43_/CLK ^
-0.500000 clock uncertainty
0.000000 CRPR
--------------
-0.500045 hold skew

%OL_END_REPORT
%OL_CREATE_REPORT skew.max.rpt

===========================================================================
Clock Skew (Setup)
============================================================================
Writing metric clock__skew__worst_setup__corner:nom_tt_025C_1v80: 0.5000445754556994
======================= nom_tt_025C_1v80 Corner ===================================

Clock clk
0.034483 source latency _43_/CLK ^
-0.034439 target latency _42_/CLK ^
0.500000 clock uncertainty
0.000000 CRPR
--------------
0.500045 setup skew

%OL_END_REPORT
%OL_CREATE_REPORT ws.min.rpt

===========================================================================
Worst Slack (Hold)
============================================================================
Writing metric timing__hold__ws__corner:nom_tt_025C_1v80: 0.07337330950498595
nom_tt_025C_1v80: 0.07337330950498595
%OL_END_REPORT
%OL_CREATE_REPORT ws.max.rpt

===========================================================================
Worst Slack (Setup)
============================================================================
Writing metric timing__setup__ws__corner:nom_tt_025C_1v80: 6.667943719240577
nom_tt_025C_1v80: 6.667943719240577
%OL_END_REPORT
%OL_CREATE_REPORT tns.min.rpt

===========================================================================
Total Negative Slack (Hold)
============================================================================
Writing metric timing__hold__tns__corner:nom_tt_025C_1v80: 0.0
nom_tt_025C_1v80: 0.0
%OL_END_REPORT
%OL_CREATE_REPORT tns.max.rpt

===========================================================================
Total Negative Slack (Setup)
============================================================================
Writing metric timing__setup__tns__corner:nom_tt_025C_1v80: 0.0
nom_tt_025C_1v80: 0.0
%OL_END_REPORT
%OL_CREATE_REPORT wns.min.rpt

===========================================================================
Worst Negative Slack (Hold)
============================================================================
Writing metric timing__hold__wns__corner:nom_tt_025C_1v80: 0
nom_tt_025C_1v80: 0
%OL_END_REPORT
%OL_CREATE_REPORT wns.max.rpt

===========================================================================
Worst Negative Slack (Setup)
============================================================================
Writing metric timing__setup__wns__corner:nom_tt_025C_1v80: 0.0
nom_tt_025C_1v80: 0.0
%OL_END_REPORT
%OL_CREATE_REPORT violator_list.rpt

===========================================================================
Violator List
============================================================================
Writing metric timing__hold_vio__count__corner:nom_tt_025C_1v80: 0
Writing metric timing__hold_r2r__ws__corner:nom_tt_025C_1v80: 0.073373
Writing metric timing__hold_r2r_vio__count__corner:nom_tt_025C_1v80: 0
Writing metric timing__setup_vio__count__corner:nom_tt_025C_1v80: 0
Writing metric timing__setup_r2r__ws__corner:nom_tt_025C_1v80: 1e30
Writing metric timing__setup_r2r_vio__count__corner:nom_tt_025C_1v80: 0
%OL_END_REPORT
%OL_CREATE_REPORT unpropagated.rpt
%OL_END_REPORT
%OL_CREATE_REPORT clock.rpt
Clock: clk
Sources: clk 
Generated: no
Virtual: yes
Propagated: no
Period: 10.000000

===========================================================================
report_clock_properties
============================================================================
Clock                   Period          Waveform
----------------------------------------------------
clk                  10.000000    0.000000  5.000000

===========================================================================
report_clock_latency
============================================================================
Clock clk
rise -> rise
    min     max
0.000000 0.000000 source latency
0.034439         network latency _42_/CLK
        0.034483 network latency _43_/CLK
---------------
0.034439 0.034483 latency
        0.000045 skew

fall -> fall
    min     max
0.000000 0.000000 source latency
0.015243         network latency _42_/CLK
        0.015284 network latency _43_/CLK
---------------
0.015243 0.015284 latency
        0.000041 skew



===========================================================================
report_clock_min_period
============================================================================
clk period_min = 1.62 fmax = 615.89
%OL_END_REPORT
