
===========================================================================
report_checks -unconstrained
===========================================================================
======================= min_ss_100C_1v60 Corner ===================================

Startpoint: mode[1] (input port clocked by clk)
Endpoint: _40_ (rising edge-triggered flip-flop clocked by clk)
Path Group: clk
Path Type: max

Fanout         Cap        Slew       Delay        Time   Description
---------------------------------------------------------------------------------------------
                                  0.000000    0.000000   clock clk (rise edge)
                                  0.000000    0.000000   clock network delay (propagated)
                                  2.000000    2.000000 v input external delay
     1    0.004011    0.023179    0.013037    2.013037 v mode[1] (in)
                                                         mode[1] (net)
                      0.023179    0.000000    2.013037 v input7/A (sky130_fd_sc_hd__clkdlybuf4s25_1)
    11    0.030049    0.410696    0.706862    2.719899 v input7/X (sky130_fd_sc_hd__clkdlybuf4s25_1)
                                                         net7 (net)
                      0.410696    0.000145    2.720044 v _22_/B (sky130_fd_sc_hd__and3_2)
     1    0.004328    0.078986    0.582773    3.302816 v _22_/X (sky130_fd_sc_hd__and3_2)
                                                         _06_ (net)
                      0.078986    0.000068    3.302884 v _26_/B1 (sky130_fd_sc_hd__a211o_2)
     1    0.002760    0.080263    0.569506    3.872390 v _26_/X (sky130_fd_sc_hd__a211o_2)
                                                         _10_ (net)
                      0.080263    0.000025    3.872415 v _27_/B1 (sky130_fd_sc_hd__o221a_2)
     1    0.001838    0.072922    0.453916    4.326331 v _27_/X (sky130_fd_sc_hd__o221a_2)
                                                         _00_ (net)
                      0.072922    0.000016    4.326347 v hold16/A (sky130_fd_sc_hd__dlygate4sd3_1)
     1    0.002242    0.103534    1.115211    5.441558 v hold16/X (sky130_fd_sc_hd__dlygate4sd3_1)
                                                         net16 (net)
                      0.103534    0.000022    5.441580 v _40_/D (sky130_fd_sc_hd__dfxtp_2)
                                              5.441580   data arrival time

                                 10.000000   10.000000   clock clk (rise edge)
                                  0.000000   10.000000   clock source latency
     1    0.010381    0.083733    0.054309   10.054310 ^ clk (in)
                                                         clk (net)
                      0.083733    0.000000   10.054310 ^ clkbuf_0_clk/A (sky130_fd_sc_hd__clkbuf_16)
     2    0.018933    0.066095    0.226300   10.280609 ^ clkbuf_0_clk/X (sky130_fd_sc_hd__clkbuf_16)
                                                         clknet_0_clk (net)
                      0.066095    0.000255   10.280865 ^ clkbuf_1_0__f_clk/A (sky130_fd_sc_hd__clkbuf_16)
     2    0.005076    0.047908    0.196503   10.477367 ^ clkbuf_1_0__f_clk/X (sky130_fd_sc_hd__clkbuf_16)
                                                         clknet_1_0__leaf_clk (net)
                      0.047908    0.000036   10.477404 ^ _40_/CLK (sky130_fd_sc_hd__dfxtp_2)
                                 -0.500000    9.977404   clock uncertainty
                                  0.000000    9.977404   clock reconvergence pessimism
                                 -0.294313    9.683091   library setup time
                                              9.683091   data required time
---------------------------------------------------------------------------------------------
                                              9.683091   data required time
                                             -5.441580   data arrival time
---------------------------------------------------------------------------------------------
                                              4.241511   slack (MET)




===========================================================================
report_checks --slack_max -0.01
============================================================================
======================= min_ss_100C_1v60 Corner ===================================

No paths found.


===========================================================================
 report_check_types -max_slew -max_cap -max_fanout -violators
============================================================================
======================= min_ss_100C_1v60 Corner ===================================



===========================================================================
report_parasitic_annotation -report_unannotated
============================================================================
Found 0 unannotated drivers.
Found 0 partially unannotated drivers.

===========================================================================
max slew violation count 0
max fanout violation count 0
max cap violation count 0
============================================================================

===========================================================================
check_setup -verbose -unconstrained_endpoints -multiple_clock -no_clock -no_input_delay -loops -generated_clocks
===========================================================================
