Clock: clk
Sources: clk 
Generated: no
Virtual: yes
Propagated: no
Period: 10.000000

===========================================================================
report_clock_properties
============================================================================
Clock                   Period          Waveform
----------------------------------------------------
clk                  10.000000    0.000000  5.000000

===========================================================================
report_clock_latency
============================================================================
Clock clk
rise -> rise
    min     max
0.000000 0.000000 source latency
0.476567         network latency _42_/CLK
        0.477420 network latency _43_/CLK
---------------
0.476567 0.477420 latency
        0.000853 skew

fall -> fall
    min     max
0.000000 0.000000 source latency
0.501280         network latency _42_/CLK
        0.502026 network latency _43_/CLK
---------------
0.501280 0.502026 latency
        0.000746 skew



===========================================================================
report_clock_min_period
============================================================================
clk period_min = 4.64 fmax = 215.50
