
===========================================================================
 report_power
============================================================================
======================= min_ss_100C_1v60 Corner ===================================

Group                    Internal    Switching      Leakage        Total
                            Power        Power        Power        Power (Watts)
------------------------------------------------------------------------
Sequential           1.386681e-05 6.589055e-07 6.138993e-08 1.458710e-05  19.3%
Combinational        8.111219e-06 4.092391e-06 2.148005e-07 1.241841e-05  16.4%
Clock                4.118647e-05 7.333141e-06 5.746629e-08 4.857708e-05  64.3%
Macro                0.000000e+00 0.000000e+00 0.000000e+00 0.000000e+00   0.0%
Pad                  0.000000e+00 0.000000e+00 0.000000e+00 0.000000e+00   0.0%
------------------------------------------------------------------------
Total                6.316450e-05 1.208444e-05 3.336566e-07 7.558260e-05 100.0%
                            83.6%        16.0%         0.4%

