Reading timing models for corner nom_tt_025C_1v80…
Reading timing library for the 'nom_tt_025C_1v80' corner at '/home/hk/.ciel/ciel/sky130/versions/8afc8346a57fe1ab7934ba5a6056ea8b43078e71/sky130A/libs.ref/sky130_fd_sc_hd/lib/sky130_fd_sc_hd__tt_025C_1v80.lib'…
Reading OpenROAD database at '/home/hk/pd_projects/runs/RUN_2026-06-03_20-26-11/21-openroad-generatepdn/u_s_r.odb'…
Reading design constraints file at '/home/hk/pd_projects/constraints.sdc'…
[INFO] No information on clock propagation in input SDC file-- propagating all clocks.
+ global_placement -density 0.6 -skip_io -pad_right 0 -pad_left 0 -init_wirelength_coef 0.25
[INFO GPL-0001] ---- Initialize GPL Main Data Structures
[INFO GPL-0002] DBU: 1000
[INFO GPL-0003] SiteSize: (  0.460  2.720 ) um
[INFO GPL-0004] CoreBBox: (  5.060  5.440 ) ( 39.560 38.080 ) um
[INFO GPL-0036] Movable instances area:        261.501 um^2
[INFO GPL-0037] Total instances area:          369.104 um^2
[INFO GPL-0035] Pin density area adjust:        40.981 um^2
[INFO GPL-0032] ---- Initialize Region: Top-level
[INFO GPL-0006] Number of instances:                62
[INFO GPL-0007] Movable instances:                  24
[INFO GPL-0008] Fixed instances:                    38
[INFO GPL-0009] Dummy instances:                     0
[INFO GPL-0010] Number of nets:                     33
[INFO GPL-0011] Number of pins:                     97
[INFO GPL-0012] Die BBox:  (  0.000  0.000 ) ( 45.000 45.000 ) um
[INFO GPL-0013] Core BBox: (  5.060  5.440 ) ( 39.560 38.080 ) um
[INFO GPL-0016] Core area:                    1126.080 um^2
[INFO GPL-0014] Region name: top-level.
[INFO GPL-0015] Region area:                  1126.080 um^2
[INFO GPL-0017] Fixed instances area:          107.603 um^2
[INFO GPL-0018] Movable instances area:        302.481 um^2
[INFO GPL-0019] Utilization:                    29.699 %
[INFO GPL-0020] Standard cells area:           302.481 um^2
[INFO GPL-0021] Large instances area:            0.000 um^2
[INFO GPL-0005] ---- Execute Conjugate Gradient Initial Placement.
[INFO GPL-0051] Source of initial instance position counters:
	Odb location = 0	Core center = 24	Region center = 0
[INFO GPL-0033] ---- Initialize Nesterov Region: Top-level
[INFO GPL-0023] Placement target density:       0.6000
[INFO GPL-0024] Movable insts average area:     12.603 um^2
[INFO GPL-0025] Ideal bin area:                 21.006 um^2
[INFO GPL-0026] Ideal bin count:                    53
[INFO GPL-0027] Total bin area:               1126.080 um^2
[INFO GPL-0028] Bin count (X, Y):           4 ,      4
[INFO GPL-0029] Bin size (W * H):       8.625 *  8.160 um
[INFO GPL-0030] Number of bins:                     16
[INFO GPL-0007] ---- Execute Nesterov Global Placement.
[INFO GPL-0031] HPWL: Half-Perimeter Wirelength
Iteration | Overflow |     HPWL (um) |  HPWL(%) |   Penalty | Group
---------------------------------------------------------------
        0 |   0.4506 |  5.892800e+01 |   +0.00% |  1.06e-12 |      
       10 |   0.4506 |  5.122900e+01 |  -13.07% |  1.73e-12 |      
       20 |   0.4506 |  5.123600e+01 |   +0.01% |  2.82e-12 |      
       30 |   0.4506 |  5.124500e+01 |   +0.02% |  4.60e-12 |      
       40 |   0.4506 |  5.126700e+01 |   +0.04% |  7.49e-12 |      
       50 |   0.4506 |  5.131600e+01 |   +0.10% |  1.22e-11 |      
       60 |   0.4506 |  5.137200e+01 |   +0.11% |  1.99e-11 |      
       70 |   0.4506 |  5.151600e+01 |   +0.28% |  3.24e-11 |      
       80 |   0.4506 |  5.175400e+01 |   +0.46% |  5.27e-11 |      
       90 |   0.4506 |  5.227300e+01 |   +1.00% |  8.59e-11 |      
      100 |   0.4506 |  5.320800e+01 |   +1.79% |  1.40e-10 |      
      110 |   0.4506 |  5.302400e+01 |   -0.35% |  2.28e-10 |      
      120 |   0.4506 |  5.360000e+01 |   +1.09% |  3.71e-10 |      
      130 |   0.4615 |  5.603500e+01 |   +4.54% |  6.05e-10 |      
      140 |   0.4737 |  5.417400e+01 |   -3.32% |  9.85e-10 |      
      150 |   0.4666 |  5.205100e+01 |   -3.92% |  1.60e-09 |      
      160 |   0.4597 |  5.469800e+01 |   +5.09% |  2.61e-09 |      
      170 |   0.4678 |  5.331900e+01 |   -2.52% |  4.26e-09 |      
      180 |   0.4683 |  5.221000e+01 |   -2.08% |  6.94e-09 |      
      190 |   0.4656 |  5.244700e+01 |   +0.45% |  1.13e-08 |      
      200 |   0.4665 |  5.267100e+01 |   +0.43% |  1.84e-08 |      
      210 |   0.4596 |  5.421800e+01 |   +2.94% |  3.00e-08 |      
      220 |   0.4431 |  6.012000e+01 |  +10.89% |  4.88e-08 |      
      230 |   0.3948 |  8.757700e+01 |  +45.67% |  7.95e-08 |      
      240 |   0.3400 |  1.279170e+02 |  +46.06% |  1.30e-07 |      
      250 |   0.3046 |  1.533020e+02 |  +19.84% |  1.91e-07 |      
      260 |   0.2636 |  1.774110e+02 |  +15.73% |  2.81e-07 |      
      270 |   0.2201 |  1.990360e+02 |  +12.19% |  4.14e-07 |      
      280 |   0.1764 |  2.171960e+02 |   +9.12% |  6.10e-07 |      
      290 |   0.1279 |  2.271320e+02 |   +4.57% |  8.99e-07 |      
      296 |   0.0979 |  2.296470e+02 |          |  1.18e-06 |      
---------------------------------------------------------------
[INFO GPL-1001] Global placement finished at iteration 296
[INFO GPL-1002] Placed Cell Area              302.4813
[INFO GPL-1003] Available Free Area          1018.4768
[INFO GPL-1004] Minimum Feasible Density        0.3000 (cell_area / free_area)
[INFO GPL-1006]   Suggested Target Densities:
[INFO GPL-1007]     - For 90% usage of free space: 0.3300
[INFO GPL-1008]     - For 80% usage of free space: 0.3712
[INFO GPL-1009]     - For 50% usage of free space: 0.5940
[INFO GPL-1014] Final placement area: 302.48 (+0.00%)
Setting global connections for newly added cells…
[INFO] Setting global connections...
[INFO ODB-0403] 0 connections made, 0 conflicts skipped.
Updating metrics…
Cell type report:                       Count       Area
  Fill cell                                24      90.09
  Tap cell                                 14      17.52
  Inverter                                  2       7.51
  Sequential cell                           4      85.08
  Multi-Input combinational cell           18     168.91
  Total                                    62     369.10
Writing OpenROAD database to '/home/hk/pd_projects/runs/RUN_2026-06-03_20-26-11/24-openroad-globalplacementskipio/u_s_r.odb'…
Writing netlist to '/home/hk/pd_projects/runs/RUN_2026-06-03_20-26-11/24-openroad-globalplacementskipio/u_s_r.nl.v'…
Writing powered netlist to '/home/hk/pd_projects/runs/RUN_2026-06-03_20-26-11/24-openroad-globalplacementskipio/u_s_r.pnl.v'…
Writing layout to '/home/hk/pd_projects/runs/RUN_2026-06-03_20-26-11/24-openroad-globalplacementskipio/u_s_r.def'…
Writing timing constraints to '/home/hk/pd_projects/runs/RUN_2026-06-03_20-26-11/24-openroad-globalplacementskipio/u_s_r.sdc'…
