Clock: clk
Sources: clk 
Generated: no
Virtual: yes
Propagated: no
Period: 10.000000

===========================================================================
report_clock_properties
============================================================================
Clock                   Period          Waveform
----------------------------------------------------
clk                  10.000000    0.000000  5.000000

===========================================================================
report_clock_latency
============================================================================
Clock clk
rise -> rise
    min     max
0.000000 0.000000 source latency
0.187987         network latency _42_/CLK
        0.188426 network latency _43_/CLK
---------------
0.187987 0.188426 latency
        0.000439 skew

fall -> fall
    min     max
0.000000 0.000000 source latency
0.188258         network latency _42_/CLK
        0.188661 network latency _43_/CLK
---------------
0.188258 0.188661 latency
        0.000403 skew



===========================================================================
report_clock_min_period
============================================================================
clk period_min = 1.79 fmax = 559.30
