
===========================================================================
report_checks -path_delay max (Setup)
============================================================================
======================= nom_ff_n40C_1v95 Corner ===================================

Startpoint: mode[1] (input port clocked by clk)
Endpoint: _40_ (rising edge-triggered flip-flop clocked by clk)
Path Group: clk
Path Type: max

Fanout         Cap        Slew       Delay        Time   Description
---------------------------------------------------------------------------------------------
                                  0.000000    0.000000   clock clk (rise edge)
                                  0.000000    0.000000   clock network delay (propagated)
                                  2.000000    2.000000 ^ input external delay
     1    0.004437    0.019762    0.011550    2.011550 ^ mode[1] (in)
                                                         mode[1] (net)
                      0.019763    0.000000    2.011550 ^ input7/A (sky130_fd_sc_hd__clkdlybuf4s25_1)
    11    0.034167    0.258715    0.314683    2.326233 ^ input7/X (sky130_fd_sc_hd__clkdlybuf4s25_1)
                                                         net7 (net)
                      0.258715    0.000612    2.326845 ^ _20_/A (sky130_fd_sc_hd__inv_2)
     4    0.015122    0.068415    0.046679    2.373524 v _20_/Y (sky130_fd_sc_hd__inv_2)
                                                         _04_ (net)
                      0.068419    0.000403    2.373927 v _26_/A2 (sky130_fd_sc_hd__a211o_2)
     1    0.002798    0.032972    0.209524    2.583451 v _26_/X (sky130_fd_sc_hd__a211o_2)
                                                         _10_ (net)
                      0.032972    0.000082    2.583532 v _27_/B1 (sky130_fd_sc_hd__o221a_2)
     1    0.002034    0.029575    0.141823    2.725356 v _27_/X (sky130_fd_sc_hd__o221a_2)
                                                         _00_ (net)
                      0.029575    0.000058    2.725414 v hold16/A (sky130_fd_sc_hd__dlygate4sd3_1)
     1    0.002525    0.037114    0.357703    3.083117 v hold16/X (sky130_fd_sc_hd__dlygate4sd3_1)
                                                         net16 (net)
                      0.037114    0.000075    3.083191 v _40_/D (sky130_fd_sc_hd__dfxtp_2)
                                              3.083191   data arrival time

                                 10.000000   10.000000   clock clk (rise edge)
                                  0.000000   10.000000   clock source latency
     1    0.010644    0.040713    0.026726   10.026727 ^ clk (in)
                                                         clk (net)
                      0.040716    0.000000   10.026727 ^ clkbuf_0_clk/A (sky130_fd_sc_hd__clkbuf_16)
     2    0.019342    0.030741    0.086734   10.113461 ^ clkbuf_0_clk/X (sky130_fd_sc_hd__clkbuf_16)
                                                         clknet_0_clk (net)
                      0.030744    0.000567   10.114027 ^ clkbuf_1_0__f_clk/A (sky130_fd_sc_hd__clkbuf_16)
     2    0.005705    0.021479    0.074258   10.188285 ^ clkbuf_1_0__f_clk/X (sky130_fd_sc_hd__clkbuf_16)
                                                         clknet_1_0__leaf_clk (net)
                      0.021479    0.000103   10.188388 ^ _40_/CLK (sky130_fd_sc_hd__dfxtp_2)
                                 -0.500000    9.688388   clock uncertainty
                                  0.000000    9.688388   clock reconvergence pessimism
                                 -0.074064    9.614325   library setup time
                                              9.614325   data required time
---------------------------------------------------------------------------------------------
                                              9.614325   data required time
                                             -3.083191   data arrival time
---------------------------------------------------------------------------------------------
                                              6.531134   slack (MET)


Startpoint: mode[1] (input port clocked by clk)
Endpoint: _43_ (rising edge-triggered flip-flop clocked by clk)
Path Group: clk
Path Type: max

Fanout         Cap        Slew       Delay        Time   Description
---------------------------------------------------------------------------------------------
                                  0.000000    0.000000   clock clk (rise edge)
                                  0.000000    0.000000   clock network delay (propagated)
                                  2.000000    2.000000 ^ input external delay
     1    0.004437    0.019762    0.011550    2.011550 ^ mode[1] (in)
                                                         mode[1] (net)
                      0.019763    0.000000    2.011550 ^ input7/A (sky130_fd_sc_hd__clkdlybuf4s25_1)
    11    0.034167    0.258715    0.314683    2.326233 ^ input7/X (sky130_fd_sc_hd__clkdlybuf4s25_1)
                                                         net7 (net)
                      0.258715    0.000612    2.326845 ^ _20_/A (sky130_fd_sc_hd__inv_2)
     4    0.015122    0.068415    0.046679    2.373524 v _20_/Y (sky130_fd_sc_hd__inv_2)
                                                         _04_ (net)
                      0.068421    0.000500    2.374025 v _38_/A1 (sky130_fd_sc_hd__a211o_2)
     1    0.005220    0.038961    0.195082    2.569107 v _38_/X (sky130_fd_sc_hd__a211o_2)
                                                         _19_ (net)
                      0.038961    0.000187    2.569294 v _39_/B2 (sky130_fd_sc_hd__o221a_2)
     1    0.002862    0.031412    0.134686    2.703981 v _39_/X (sky130_fd_sc_hd__o221a_2)
                                                         _03_ (net)
                      0.031412    0.000079    2.704060 v hold14/A (sky130_fd_sc_hd__dlygate4sd3_1)
     1    0.002094    0.035662    0.355810    3.059870 v hold14/X (sky130_fd_sc_hd__dlygate4sd3_1)
                                                         net14 (net)
                      0.035662    0.000060    3.059930 v _43_/D (sky130_fd_sc_hd__dfxtp_2)
                                              3.059930   data arrival time

                                 10.000000   10.000000   clock clk (rise edge)
                                  0.000000   10.000000   clock source latency
     1    0.010644    0.040713    0.026726   10.026727 ^ clk (in)
                                                         clk (net)
                      0.040716    0.000000   10.026727 ^ clkbuf_0_clk/A (sky130_fd_sc_hd__clkbuf_16)
     2    0.019342    0.030741    0.086734   10.113461 ^ clkbuf_0_clk/X (sky130_fd_sc_hd__clkbuf_16)
                                                         clknet_0_clk (net)
                      0.030744    0.000567   10.114027 ^ clkbuf_1_0__f_clk/A (sky130_fd_sc_hd__clkbuf_16)
     2    0.005705    0.021479    0.074258   10.188285 ^ clkbuf_1_0__f_clk/X (sky130_fd_sc_hd__clkbuf_16)
                                                         clknet_1_0__leaf_clk (net)
                      0.021479    0.000141   10.188426 ^ _43_/CLK (sky130_fd_sc_hd__dfxtp_2)
                                 -0.500000    9.688426   clock uncertainty
                                  0.000000    9.688426   clock reconvergence pessimism
                                 -0.073545    9.614882   library setup time
                                              9.614882   data required time
---------------------------------------------------------------------------------------------
                                              9.614882   data required time
                                             -3.059930   data arrival time
---------------------------------------------------------------------------------------------
                                              6.554952   slack (MET)


Startpoint: mode[1] (input port clocked by clk)
Endpoint: _41_ (rising edge-triggered flip-flop clocked by clk)
Path Group: clk
Path Type: max

Fanout         Cap        Slew       Delay        Time   Description
---------------------------------------------------------------------------------------------
                                  0.000000    0.000000   clock clk (rise edge)
                                  0.000000    0.000000   clock network delay (propagated)
                                  2.000000    2.000000 ^ input external delay
     1    0.004437    0.019762    0.011550    2.011550 ^ mode[1] (in)
                                                         mode[1] (net)
                      0.019763    0.000000    2.011550 ^ input7/A (sky130_fd_sc_hd__clkdlybuf4s25_1)
    11    0.034167    0.258715    0.314683    2.326233 ^ input7/X (sky130_fd_sc_hd__clkdlybuf4s25_1)
                                                         net7 (net)
                      0.258715    0.000547    2.326781 ^ _29_/A_N (sky130_fd_sc_hd__nand2b_2)
     1    0.002847    0.030293    0.101105    2.427886 ^ _29_/Y (sky130_fd_sc_hd__nand2b_2)
                                                         _12_ (net)
                      0.030293    0.000083    2.427969 ^ _30_/A2_N (sky130_fd_sc_hd__o2bb2a_2)
     1    0.002627    0.030165    0.116909    2.544878 v _30_/X (sky130_fd_sc_hd__o2bb2a_2)
                                                         _13_ (net)
                      0.030165    0.000075    2.544954 v _31_/B2 (sky130_fd_sc_hd__o221a_2)
     1    0.003111    0.031954    0.132527    2.677481 v _31_/X (sky130_fd_sc_hd__o221a_2)
                                                         _01_ (net)
                      0.031954    0.000089    2.677571 v hold18/A (sky130_fd_sc_hd__dlygate4sd3_1)
     1    0.002055    0.035517    0.355781    3.033351 v hold18/X (sky130_fd_sc_hd__dlygate4sd3_1)
                                                         net18 (net)
                      0.035517    0.000058    3.033409 v _41_/D (sky130_fd_sc_hd__dfxtp_2)
                                              3.033409   data arrival time

                                 10.000000   10.000000   clock clk (rise edge)
                                  0.000000   10.000000   clock source latency
     1    0.010644    0.040713    0.026726   10.026727 ^ clk (in)
                                                         clk (net)
                      0.040716    0.000000   10.026727 ^ clkbuf_0_clk/A (sky130_fd_sc_hd__clkbuf_16)
     2    0.019342    0.030741    0.086734   10.113461 ^ clkbuf_0_clk/X (sky130_fd_sc_hd__clkbuf_16)
                                                         clknet_0_clk (net)
                      0.030744    0.000559   10.114019 ^ clkbuf_1_1__f_clk/A (sky130_fd_sc_hd__clkbuf_16)
     2    0.005226    0.021146    0.073848   10.187867 ^ clkbuf_1_1__f_clk/X (sky130_fd_sc_hd__clkbuf_16)
                                                         clknet_1_1__leaf_clk (net)
                      0.021146    0.000132   10.187999 ^ _41_/CLK (sky130_fd_sc_hd__dfxtp_2)
                                 -0.500000    9.687999   clock uncertainty
                                  0.000000    9.687999   clock reconvergence pessimism
                                 -0.073525    9.614474   library setup time
                                              9.614474   data required time
---------------------------------------------------------------------------------------------
                                              9.614474   data required time
                                             -3.033409   data arrival time
---------------------------------------------------------------------------------------------
                                              6.581065   slack (MET)


Startpoint: mode[1] (input port clocked by clk)
Endpoint: _42_ (rising edge-triggered flip-flop clocked by clk)
Path Group: clk
Path Type: max

Fanout         Cap        Slew       Delay        Time   Description
---------------------------------------------------------------------------------------------
                                  0.000000    0.000000   clock clk (rise edge)
                                  0.000000    0.000000   clock network delay (propagated)
                                  2.000000    2.000000 ^ input external delay
     1    0.004437    0.019762    0.011550    2.011550 ^ mode[1] (in)
                                                         mode[1] (net)
                      0.019763    0.000000    2.011550 ^ input7/A (sky130_fd_sc_hd__clkdlybuf4s25_1)
    11    0.034167    0.258715    0.314683    2.326233 ^ input7/X (sky130_fd_sc_hd__clkdlybuf4s25_1)
                                                         net7 (net)
                      0.258715    0.000612    2.326845 ^ _20_/A (sky130_fd_sc_hd__inv_2)
     4    0.015122    0.068415    0.046679    2.373524 v _20_/Y (sky130_fd_sc_hd__inv_2)
                                                         _04_ (net)
                      0.068416    0.000215    2.373740 v _34_/A2 (sky130_fd_sc_hd__a2111o_2)
     1    0.006978    0.051962    0.302056    2.675796 v _34_/X (sky130_fd_sc_hd__a2111o_2)
                                                         _16_ (net)
                      0.051962    0.000220    2.676016 v _35_/B1 (sky130_fd_sc_hd__o211a_2)
     1    0.003308    0.030951    0.090439    2.766455 v _35_/X (sky130_fd_sc_hd__o211a_2)
                                                         _02_ (net)
                      0.030951    0.000105    2.766560 v _42_/D (sky130_fd_sc_hd__dfxtp_2)
                                              2.766560   data arrival time

                                 10.000000   10.000000   clock clk (rise edge)
                                  0.000000   10.000000   clock source latency
     1    0.010644    0.040713    0.026726   10.026727 ^ clk (in)
                                                         clk (net)
                      0.040716    0.000000   10.026727 ^ clkbuf_0_clk/A (sky130_fd_sc_hd__clkbuf_16)
     2    0.019342    0.030741    0.086734   10.113461 ^ clkbuf_0_clk/X (sky130_fd_sc_hd__clkbuf_16)
                                                         clknet_0_clk (net)
                      0.030744    0.000559   10.114019 ^ clkbuf_1_1__f_clk/A (sky130_fd_sc_hd__clkbuf_16)
     2    0.005226    0.021146    0.073848   10.187867 ^ clkbuf_1_1__f_clk/X (sky130_fd_sc_hd__clkbuf_16)
                                                         clknet_1_1__leaf_clk (net)
                      0.021146    0.000120   10.187986 ^ _42_/CLK (sky130_fd_sc_hd__dfxtp_2)
                                 -0.500000    9.687986   clock uncertainty
                                  0.000000    9.687986   clock reconvergence pessimism
                                 -0.071894    9.616093   library setup time
                                              9.616093   data required time
---------------------------------------------------------------------------------------------
                                              9.616093   data required time
                                             -2.766560   data arrival time
---------------------------------------------------------------------------------------------
                                              6.849533   slack (MET)


Startpoint: _41_ (rising edge-triggered flip-flop clocked by clk)
Endpoint: Q[1] (output port clocked by clk)
Path Group: clk
Path Type: max

Fanout         Cap        Slew       Delay        Time   Description
---------------------------------------------------------------------------------------------
                                  0.000000    0.000000   clock clk (rise edge)
                                  0.000000    0.000000   clock source latency
     1    0.010644    0.040713    0.026726    0.026726 ^ clk (in)
                                                         clk (net)
                      0.040716    0.000000    0.026726 ^ clkbuf_0_clk/A (sky130_fd_sc_hd__clkbuf_16)
     2    0.019342    0.030741    0.086734    0.113460 ^ clkbuf_0_clk/X (sky130_fd_sc_hd__clkbuf_16)
                                                         clknet_0_clk (net)
                      0.030744    0.000558    0.114019 ^ clkbuf_1_1__f_clk/A (sky130_fd_sc_hd__clkbuf_16)
     2    0.005226    0.021146    0.073848    0.187867 ^ clkbuf_1_1__f_clk/X (sky130_fd_sc_hd__clkbuf_16)
                                                         clknet_1_1__leaf_clk (net)
                      0.021146    0.000133    0.187999 ^ _41_/CLK (sky130_fd_sc_hd__dfxtp_2)
     3    0.011839    0.051754    0.208800    0.396799 ^ _41_/Q (sky130_fd_sc_hd__dfxtp_2)
                                                         net10 (net)
                      0.051755    0.000361    0.397160 ^ output10/A (sky130_fd_sc_hd__clkdlybuf4s25_1)
     1    0.012633    0.101474    0.214256    0.611416 ^ output10/X (sky130_fd_sc_hd__clkdlybuf4s25_1)
                                                         Q[1] (net)
                      0.101474    0.000275    0.611690 ^ Q[1] (out)
                                              0.611690   data arrival time

                                 10.000000   10.000000   clock clk (rise edge)
                                  0.000000   10.000000   clock network delay (propagated)
                                 -0.500000    9.500000   clock uncertainty
                                  0.000000    9.500000   clock reconvergence pessimism
                                 -2.000000    7.500000   output external delay
                                              7.500000   data required time
---------------------------------------------------------------------------------------------
                                              7.500000   data required time
                                             -0.611690   data arrival time
---------------------------------------------------------------------------------------------
                                              6.888309   slack (MET)


Startpoint: _42_ (rising edge-triggered flip-flop clocked by clk)
Endpoint: Q[2] (output port clocked by clk)
Path Group: clk
Path Type: max

Fanout         Cap        Slew       Delay        Time   Description
---------------------------------------------------------------------------------------------
                                  0.000000    0.000000   clock clk (rise edge)
                                  0.000000    0.000000   clock source latency
     1    0.010644    0.040713    0.026726    0.026726 ^ clk (in)
                                                         clk (net)
                      0.040716    0.000000    0.026726 ^ clkbuf_0_clk/A (sky130_fd_sc_hd__clkbuf_16)
     2    0.019342    0.030741    0.086734    0.113460 ^ clkbuf_0_clk/X (sky130_fd_sc_hd__clkbuf_16)
                                                         clknet_0_clk (net)
                      0.030744    0.000558    0.114019 ^ clkbuf_1_1__f_clk/A (sky130_fd_sc_hd__clkbuf_16)
     2    0.005226    0.021146    0.073848    0.187867 ^ clkbuf_1_1__f_clk/X (sky130_fd_sc_hd__clkbuf_16)
                                                         clknet_1_1__leaf_clk (net)
                      0.021146    0.000120    0.187987 ^ _42_/CLK (sky130_fd_sc_hd__dfxtp_2)
     4    0.013193    0.056442    0.212473    0.400460 ^ _42_/Q (sky130_fd_sc_hd__dfxtp_2)
                                                         net11 (net)
                      0.056443    0.000305    0.400765 ^ output11/A (sky130_fd_sc_hd__clkdlybuf4s25_1)
     1    0.011568    0.093748    0.209885    0.610650 ^ output11/X (sky130_fd_sc_hd__clkdlybuf4s25_1)
                                                         Q[2] (net)
                      0.093748    0.000273    0.610924 ^ Q[2] (out)
                                              0.610924   data arrival time

                                 10.000000   10.000000   clock clk (rise edge)
                                  0.000000   10.000000   clock network delay (propagated)
                                 -0.500000    9.500000   clock uncertainty
                                  0.000000    9.500000   clock reconvergence pessimism
                                 -2.000000    7.500000   output external delay
                                              7.500000   data required time
---------------------------------------------------------------------------------------------
                                              7.500000   data required time
                                             -0.610924   data arrival time
---------------------------------------------------------------------------------------------
                                              6.889076   slack (MET)


Startpoint: _40_ (rising edge-triggered flip-flop clocked by clk)
Endpoint: Q[0] (output port clocked by clk)
Path Group: clk
Path Type: max

Fanout         Cap        Slew       Delay        Time   Description
---------------------------------------------------------------------------------------------
                                  0.000000    0.000000   clock clk (rise edge)
                                  0.000000    0.000000   clock source latency
     1    0.010644    0.040713    0.026726    0.026726 ^ clk (in)
                                                         clk (net)
                      0.040716    0.000000    0.026726 ^ clkbuf_0_clk/A (sky130_fd_sc_hd__clkbuf_16)
     2    0.019342    0.030741    0.086734    0.113460 ^ clkbuf_0_clk/X (sky130_fd_sc_hd__clkbuf_16)
                                                         clknet_0_clk (net)
                      0.030744    0.000567    0.114027 ^ clkbuf_1_0__f_clk/A (sky130_fd_sc_hd__clkbuf_16)
     2    0.005705    0.021479    0.074258    0.188285 ^ clkbuf_1_0__f_clk/X (sky130_fd_sc_hd__clkbuf_16)
                                                         clknet_1_0__leaf_clk (net)
                      0.021479    0.000103    0.188388 ^ _40_/CLK (sky130_fd_sc_hd__dfxtp_2)
     2    0.007958    0.038361    0.198676    0.387065 ^ _40_/Q (sky130_fd_sc_hd__dfxtp_2)
                                                         net9 (net)
                      0.038361    0.000197    0.387261 ^ output9/A (sky130_fd_sc_hd__clkdlybuf4s25_1)
     1    0.011178    0.091013    0.203040    0.590302 ^ output9/X (sky130_fd_sc_hd__clkdlybuf4s25_1)
                                                         Q[0] (net)
                      0.091013    0.000237    0.590538 ^ Q[0] (out)
                                              0.590538   data arrival time

                                 10.000000   10.000000   clock clk (rise edge)
                                  0.000000   10.000000   clock network delay (propagated)
                                 -0.500000    9.500000   clock uncertainty
                                  0.000000    9.500000   clock reconvergence pessimism
                                 -2.000000    7.500000   output external delay
                                              7.500000   data required time
---------------------------------------------------------------------------------------------
                                              7.500000   data required time
                                             -0.590538   data arrival time
---------------------------------------------------------------------------------------------
                                              6.909461   slack (MET)


Startpoint: _43_ (rising edge-triggered flip-flop clocked by clk)
Endpoint: Q[3] (output port clocked by clk)
Path Group: clk
Path Type: max

Fanout         Cap        Slew       Delay        Time   Description
---------------------------------------------------------------------------------------------
                                  0.000000    0.000000   clock clk (rise edge)
                                  0.000000    0.000000   clock source latency
     1    0.010644    0.040713    0.026726    0.026726 ^ clk (in)
                                                         clk (net)
                      0.040716    0.000000    0.026726 ^ clkbuf_0_clk/A (sky130_fd_sc_hd__clkbuf_16)
     2    0.019342    0.030741    0.086734    0.113460 ^ clkbuf_0_clk/X (sky130_fd_sc_hd__clkbuf_16)
                                                         clknet_0_clk (net)
                      0.030744    0.000567    0.114027 ^ clkbuf_1_0__f_clk/A (sky130_fd_sc_hd__clkbuf_16)
     2    0.005705    0.021479    0.074258    0.188285 ^ clkbuf_1_0__f_clk/X (sky130_fd_sc_hd__clkbuf_16)
                                                         clknet_1_0__leaf_clk (net)
                      0.021479    0.000141    0.188426 ^ _43_/CLK (sky130_fd_sc_hd__dfxtp_2)
     2    0.005769    0.030977    0.192827    0.381253 ^ _43_/Q (sky130_fd_sc_hd__dfxtp_2)
                                                         net12 (net)
                      0.030977    0.000163    0.381416 ^ output12/A (sky130_fd_sc_hd__clkdlybuf4s25_1)
     1    0.011990    0.096953    0.205020    0.586435 ^ output12/X (sky130_fd_sc_hd__clkdlybuf4s25_1)
                                                         Q[3] (net)
                      0.096953    0.000312    0.586747 ^ Q[3] (out)
                                              0.586747   data arrival time

                                 10.000000   10.000000   clock clk (rise edge)
                                  0.000000   10.000000   clock network delay (propagated)
                                 -0.500000    9.500000   clock uncertainty
                                  0.000000    9.500000   clock reconvergence pessimism
                                 -2.000000    7.500000   output external delay
                                              7.500000   data required time
---------------------------------------------------------------------------------------------
                                              7.500000   data required time
                                             -0.586747   data arrival time
---------------------------------------------------------------------------------------------
                                              6.913253   slack (MET)



