+ define_corners nom_ff_n40C_1v95
Reading timing models for corner nom_ff_n40C_1v95…
Reading cell library for the 'nom_ff_n40C_1v95' corner at '/home/hk/.ciel/ciel/sky130/versions/8afc8346a57fe1ab7934ba5a6056ea8b43078e71/sky130A/libs.ref/sky130_fd_sc_hd/lib/sky130_fd_sc_hd__ff_n40C_1v95.lib'…
Reading top-level netlist at '/home/hk/pd_projects/runs/RUN_2026-06-03_20-26-11/52-openroad-fillinsertion/u_s_r.nl.v'…
Linking design 'u_s_r' from netlist…
Warning: /home/hk/pd_projects/runs/RUN_2026-06-03_20-26-11/52-openroad-fillinsertion/u_s_r.nl.v line 60, module sky130_fd_sc_hd__fill_2 not found. Creating black box for FILLER_0_62.
Warning: /home/hk/pd_projects/runs/RUN_2026-06-03_20-26-11/52-openroad-fillinsertion/u_s_r.nl.v line 67, module sky130_fd_sc_hd__fill_1 not found. Creating black box for FILLER_10_27.
Warning: /home/hk/pd_projects/runs/RUN_2026-06-03_20-26-11/52-openroad-fillinsertion/u_s_r.nl.v line 229, module sky130_fd_sc_hd__tapvpwrvgnd_1 not found. Creating black box for TAP_TAPCELL_ROW_0_24.
Reading design constraints file at '/home/hk/pd_projects/constraints.sdc'…
[INFO] No information on clock propagation in input SDC file-- propagating all clocks.
Reading top-level design parasitics for the 'nom_ff_n40C_1v95' corner at '/home/hk/pd_projects/runs/RUN_2026-06-03_20-26-11/54-openroad-rcx/nom/u_s_r.nom.spef'…
%OL_CREATE_REPORT min.rpt

===========================================================================
report_checks -path_delay min (Hold)
============================================================================
======================= nom_ff_n40C_1v95 Corner ===================================

Startpoint: rst (input port clocked by clk)
Endpoint: _42_ (rising edge-triggered flip-flop clocked by clk)
Path Group: clk
Path Type: min

Fanout         Cap        Slew       Delay        Time   Description
---------------------------------------------------------------------------------------------
                                  0.000000    0.000000   clock clk (rise edge)
                                  0.000000    0.000000   clock network delay (propagated)
                                  0.500000    0.500000 ^ input external delay
     1    0.003263    0.015578    0.008457    0.508457 ^ rst (in)
                                                         rst (net)
                      0.015579    0.000000    0.508457 ^ input8/A (sky130_fd_sc_hd__clkdlybuf4s25_1)
     1    0.005404    0.049812    0.167029    0.675486 ^ input8/X (sky130_fd_sc_hd__clkdlybuf4s25_1)
                                                         net8 (net)
                      0.049812    0.000168    0.675654 ^ _21_/A (sky130_fd_sc_hd__inv_2)
     4    0.015238    0.029540    0.035958    0.711611 v _21_/Y (sky130_fd_sc_hd__inv_2)
                                                         _05_ (net)
                      0.029544    0.000259    0.711870 v _35_/C1 (sky130_fd_sc_hd__o211a_2)
     1    0.003308    0.017092    0.070754    0.782624 v _35_/X (sky130_fd_sc_hd__o211a_2)
                                                         _02_ (net)
                      0.017092    0.000105    0.782729 v _42_/D (sky130_fd_sc_hd__dfxtp_2)
                                              0.782729   data arrival time

                                  0.000000    0.000000   clock clk (rise edge)
                                  0.000000    0.000000   clock source latency
     1    0.010644    0.040713    0.026726    0.026726 ^ clk (in)
                                                         clk (net)
                      0.040716    0.000000    0.026726 ^ clkbuf_0_clk/A (sky130_fd_sc_hd__clkbuf_16)
     2    0.019342    0.030741    0.086734    0.113460 ^ clkbuf_0_clk/X (sky130_fd_sc_hd__clkbuf_16)
                                                         clknet_0_clk (net)
                      0.030744    0.000558    0.114019 ^ clkbuf_1_1__f_clk/A (sky130_fd_sc_hd__clkbuf_16)
     2    0.005226    0.021146    0.073848    0.187867 ^ clkbuf_1_1__f_clk/X (sky130_fd_sc_hd__clkbuf_16)
                                                         clknet_1_1__leaf_clk (net)
                      0.021146    0.000120    0.187987 ^ _42_/CLK (sky130_fd_sc_hd__dfxtp_2)
                                  0.500000    0.687987   clock uncertainty
                                  0.000000    0.687987   clock reconvergence pessimism
                                 -0.031001    0.656986   library hold time
                                              0.656986   data required time
---------------------------------------------------------------------------------------------
                                              0.656986   data required time
                                             -0.782729   data arrival time
---------------------------------------------------------------------------------------------
                                              0.125743   slack (MET)


Startpoint: _41_ (rising edge-triggered flip-flop clocked by clk)
Endpoint: _40_ (rising edge-triggered flip-flop clocked by clk)
Path Group: clk
Path Type: min

Fanout         Cap        Slew       Delay        Time   Description
---------------------------------------------------------------------------------------------
                                  0.000000    0.000000   clock clk (rise edge)
                                  0.000000    0.000000   clock source latency
     1    0.010644    0.040713    0.026726    0.026726 ^ clk (in)
                                                         clk (net)
                      0.040716    0.000000    0.026726 ^ clkbuf_0_clk/A (sky130_fd_sc_hd__clkbuf_16)
     2    0.019342    0.030741    0.086734    0.113460 ^ clkbuf_0_clk/X (sky130_fd_sc_hd__clkbuf_16)
                                                         clknet_0_clk (net)
                      0.030744    0.000558    0.114019 ^ clkbuf_1_1__f_clk/A (sky130_fd_sc_hd__clkbuf_16)
     2    0.005226    0.021146    0.073848    0.187867 ^ clkbuf_1_1__f_clk/X (sky130_fd_sc_hd__clkbuf_16)
                                                         clknet_1_1__leaf_clk (net)
                      0.021146    0.000133    0.187999 ^ _41_/CLK (sky130_fd_sc_hd__dfxtp_2)
     3    0.011839    0.051754    0.208800    0.396799 ^ _41_/Q (sky130_fd_sc_hd__dfxtp_2)
                                                         net10 (net)
                      0.051758    0.000492    0.397291 ^ _26_/A1 (sky130_fd_sc_hd__a211o_2)
     1    0.002993    0.018087    0.072573    0.469864 ^ _26_/X (sky130_fd_sc_hd__a211o_2)
                                                         _10_ (net)
                      0.018087    0.000088    0.469951 ^ _27_/B1 (sky130_fd_sc_hd__o221a_2)
     1    0.002204    0.021960    0.080517    0.550468 ^ _27_/X (sky130_fd_sc_hd__o221a_2)
                                                         _00_ (net)
                      0.021960    0.000063    0.550531 ^ hold16/A (sky130_fd_sc_hd__dlygate4sd3_1)
     1    0.002490    0.035452    0.366809    0.917340 ^ hold16/X (sky130_fd_sc_hd__dlygate4sd3_1)
                                                         net16 (net)
                      0.035452    0.000073    0.917414 ^ _40_/D (sky130_fd_sc_hd__dfxtp_2)
                                              0.917414   data arrival time

                                  0.000000    0.000000   clock clk (rise edge)
                                  0.000000    0.000000   clock source latency
     1    0.010644    0.040713    0.026726    0.026726 ^ clk (in)
                                                         clk (net)
                      0.040716    0.000000    0.026726 ^ clkbuf_0_clk/A (sky130_fd_sc_hd__clkbuf_16)
     2    0.019342    0.030741    0.086734    0.113460 ^ clkbuf_0_clk/X (sky130_fd_sc_hd__clkbuf_16)
                                                         clknet_0_clk (net)
                      0.030744    0.000567    0.114027 ^ clkbuf_1_0__f_clk/A (sky130_fd_sc_hd__clkbuf_16)
     2    0.005705    0.021479    0.074258    0.188285 ^ clkbuf_1_0__f_clk/X (sky130_fd_sc_hd__clkbuf_16)
                                                         clknet_1_0__leaf_clk (net)
                      0.021479    0.000103    0.188388 ^ _40_/CLK (sky130_fd_sc_hd__dfxtp_2)
                                  0.500000    0.688388   clock uncertainty
                                  0.000000    0.688388   clock reconvergence pessimism
                                 -0.017843    0.670546   library hold time
                                              0.670546   data required time
---------------------------------------------------------------------------------------------
                                              0.670546   data required time
                                             -0.917414   data arrival time
---------------------------------------------------------------------------------------------
                                              0.246868   slack (MET)


Startpoint: _42_ (rising edge-triggered flip-flop clocked by clk)
Endpoint: _43_ (rising edge-triggered flip-flop clocked by clk)
Path Group: clk
Path Type: min

Fanout         Cap        Slew       Delay        Time   Description
---------------------------------------------------------------------------------------------
                                  0.000000    0.000000   clock clk (rise edge)
                                  0.000000    0.000000   clock source latency
     1    0.010644    0.040713    0.026726    0.026726 ^ clk (in)
                                                         clk (net)
                      0.040716    0.000000    0.026726 ^ clkbuf_0_clk/A (sky130_fd_sc_hd__clkbuf_16)
     2    0.019342    0.030741    0.086734    0.113460 ^ clkbuf_0_clk/X (sky130_fd_sc_hd__clkbuf_16)
                                                         clknet_0_clk (net)
                      0.030744    0.000558    0.114019 ^ clkbuf_1_1__f_clk/A (sky130_fd_sc_hd__clkbuf_16)
     2    0.005226    0.021146    0.073848    0.187867 ^ clkbuf_1_1__f_clk/X (sky130_fd_sc_hd__clkbuf_16)
                                                         clknet_1_1__leaf_clk (net)
                      0.021146    0.000120    0.187987 ^ _42_/CLK (sky130_fd_sc_hd__dfxtp_2)
     4    0.013193    0.056442    0.212473    0.400460 ^ _42_/Q (sky130_fd_sc_hd__dfxtp_2)
                                                         net11 (net)
                      0.056442    0.000240    0.400700 ^ _37_/C (sky130_fd_sc_hd__and3b_2)
     1    0.003930    0.031314    0.108137    0.508837 ^ _37_/X (sky130_fd_sc_hd__and3b_2)
                                                         _18_ (net)
                      0.031314    0.000129    0.508966 ^ _39_/B1 (sky130_fd_sc_hd__o221a_2)
     1    0.003032    0.024849    0.087000    0.595966 ^ _39_/X (sky130_fd_sc_hd__o221a_2)
                                                         _03_ (net)
                      0.024850    0.000085    0.596051 ^ hold14/A (sky130_fd_sc_hd__dlygate4sd3_1)
     1    0.002059    0.033064    0.364700    0.960751 ^ hold14/X (sky130_fd_sc_hd__dlygate4sd3_1)
                                                         net14 (net)
                      0.033064    0.000059    0.960809 ^ _43_/D (sky130_fd_sc_hd__dfxtp_2)
                                              0.960809   data arrival time

                                  0.000000    0.000000   clock clk (rise edge)
                                  0.000000    0.000000   clock source latency
     1    0.010644    0.040713    0.026726    0.026726 ^ clk (in)
                                                         clk (net)
                      0.040716    0.000000    0.026726 ^ clkbuf_0_clk/A (sky130_fd_sc_hd__clkbuf_16)
     2    0.019342    0.030741    0.086734    0.113460 ^ clkbuf_0_clk/X (sky130_fd_sc_hd__clkbuf_16)
                                                         clknet_0_clk (net)
                      0.030744    0.000567    0.114027 ^ clkbuf_1_0__f_clk/A (sky130_fd_sc_hd__clkbuf_16)
     2    0.005705    0.021479    0.074258    0.188285 ^ clkbuf_1_0__f_clk/X (sky130_fd_sc_hd__clkbuf_16)
                                                         clknet_1_0__leaf_clk (net)
                      0.021479    0.000141    0.188426 ^ _43_/CLK (sky130_fd_sc_hd__dfxtp_2)
                                  0.500000    0.688426   clock uncertainty
                                  0.000000    0.688426   clock reconvergence pessimism
                                 -0.017673    0.670753   library hold time
                                              0.670753   data required time
---------------------------------------------------------------------------------------------
                                              0.670753   data required time
                                             -0.960809   data arrival time
---------------------------------------------------------------------------------------------
                                              0.290057   slack (MET)


Startpoint: _42_ (rising edge-triggered flip-flop clocked by clk)
Endpoint: _41_ (rising edge-triggered flip-flop clocked by clk)
Path Group: clk
Path Type: min

Fanout         Cap        Slew       Delay        Time   Description
---------------------------------------------------------------------------------------------
                                  0.000000    0.000000   clock clk (rise edge)
                                  0.000000    0.000000   clock source latency
     1    0.010644    0.040713    0.026726    0.026726 ^ clk (in)
                                                         clk (net)
                      0.040716    0.000000    0.026726 ^ clkbuf_0_clk/A (sky130_fd_sc_hd__clkbuf_16)
     2    0.019342    0.030741    0.086734    0.113460 ^ clkbuf_0_clk/X (sky130_fd_sc_hd__clkbuf_16)
                                                         clknet_0_clk (net)
                      0.030744    0.000558    0.114019 ^ clkbuf_1_1__f_clk/A (sky130_fd_sc_hd__clkbuf_16)
     2    0.005226    0.021146    0.073848    0.187867 ^ clkbuf_1_1__f_clk/X (sky130_fd_sc_hd__clkbuf_16)
                                                         clknet_1_1__leaf_clk (net)
                      0.021146    0.000120    0.187987 ^ _42_/CLK (sky130_fd_sc_hd__dfxtp_2)
     4    0.013193    0.056442    0.212473    0.400460 ^ _42_/Q (sky130_fd_sc_hd__dfxtp_2)
                                                         net11 (net)
                      0.056442    0.000273    0.400733 ^ _29_/B (sky130_fd_sc_hd__nand2b_2)
     1    0.002728    0.019550    0.029852    0.430584 v _29_/Y (sky130_fd_sc_hd__nand2b_2)
                                                         _12_ (net)
                      0.019550    0.000079    0.430664 v _30_/A2_N (sky130_fd_sc_hd__o2bb2a_2)
     1    0.002910    0.023887    0.119319    0.549983 ^ _30_/X (sky130_fd_sc_hd__o2bb2a_2)
                                                         _13_ (net)
                      0.023887    0.000084    0.550067 ^ _31_/B2 (sky130_fd_sc_hd__o221a_2)
     1    0.003281    0.025718    0.084828    0.634895 ^ _31_/X (sky130_fd_sc_hd__o221a_2)
                                                         _01_ (net)
                      0.025718    0.000095    0.634990 ^ hold18/A (sky130_fd_sc_hd__dlygate4sd3_1)
     1    0.002020    0.032855    0.364635    0.999626 ^ hold18/X (sky130_fd_sc_hd__dlygate4sd3_1)
                                                         net18 (net)
                      0.032855    0.000057    0.999682 ^ _41_/D (sky130_fd_sc_hd__dfxtp_2)
                                              0.999682   data arrival time

                                  0.000000    0.000000   clock clk (rise edge)
                                  0.000000    0.000000   clock source latency
     1    0.010644    0.040713    0.026726    0.026726 ^ clk (in)
                                                         clk (net)
                      0.040716    0.000000    0.026726 ^ clkbuf_0_clk/A (sky130_fd_sc_hd__clkbuf_16)
     2    0.019342    0.030741    0.086734    0.113460 ^ clkbuf_0_clk/X (sky130_fd_sc_hd__clkbuf_16)
                                                         clknet_0_clk (net)
                      0.030744    0.000558    0.114019 ^ clkbuf_1_1__f_clk/A (sky130_fd_sc_hd__clkbuf_16)
     2    0.005226    0.021146    0.073848    0.187867 ^ clkbuf_1_1__f_clk/X (sky130_fd_sc_hd__clkbuf_16)
                                                         clknet_1_1__leaf_clk (net)
                      0.021146    0.000133    0.187999 ^ _41_/CLK (sky130_fd_sc_hd__dfxtp_2)
                                  0.500000    0.687999   clock uncertainty
                                  0.000000    0.687999   clock reconvergence pessimism
                                 -0.017667    0.670333   library hold time
                                              0.670333   data required time
---------------------------------------------------------------------------------------------
                                              0.670333   data required time
                                             -0.999682   data arrival time
---------------------------------------------------------------------------------------------
                                              0.329350   slack (MET)


Startpoint: _43_ (rising edge-triggered flip-flop clocked by clk)
Endpoint: Q[3] (output port clocked by clk)
Path Group: clk
Path Type: min

Fanout         Cap        Slew       Delay        Time   Description
---------------------------------------------------------------------------------------------
                                  0.000000    0.000000   clock clk (rise edge)
                                  0.000000    0.000000   clock source latency
     1    0.010644    0.040713    0.026726    0.026726 ^ clk (in)
                                                         clk (net)
                      0.040716    0.000000    0.026726 ^ clkbuf_0_clk/A (sky130_fd_sc_hd__clkbuf_16)
     2    0.019342    0.030741    0.086734    0.113460 ^ clkbuf_0_clk/X (sky130_fd_sc_hd__clkbuf_16)
                                                         clknet_0_clk (net)
                      0.030744    0.000567    0.114027 ^ clkbuf_1_0__f_clk/A (sky130_fd_sc_hd__clkbuf_16)
     2    0.005705    0.021479    0.074258    0.188285 ^ clkbuf_1_0__f_clk/X (sky130_fd_sc_hd__clkbuf_16)
                                                         clknet_1_0__leaf_clk (net)
                      0.021479    0.000141    0.188426 ^ _43_/CLK (sky130_fd_sc_hd__dfxtp_2)
     2    0.005373    0.020951    0.193525    0.381951 v _43_/Q (sky130_fd_sc_hd__dfxtp_2)
                                                         net12 (net)
                      0.020951    0.000150    0.382101 v output12/A (sky130_fd_sc_hd__clkdlybuf4s25_1)
     1    0.011990    0.068659    0.190536    0.572637 v output12/X (sky130_fd_sc_hd__clkdlybuf4s25_1)
                                                         Q[3] (net)
                      0.068660    0.000311    0.572948 v Q[3] (out)
                                              0.572948   data arrival time

                                  0.000000    0.000000   clock clk (rise edge)
                                  0.000000    0.000000   clock network delay (propagated)
                                  0.500000    0.500000   clock uncertainty
                                  0.000000    0.500000   clock reconvergence pessimism
                                 -0.500000    0.000000   output external delay
                                              0.000000   data required time
---------------------------------------------------------------------------------------------
                                              0.000000   data required time
                                             -0.572948   data arrival time
---------------------------------------------------------------------------------------------
                                              0.572948   slack (MET)


Startpoint: _40_ (rising edge-triggered flip-flop clocked by clk)
Endpoint: Q[0] (output port clocked by clk)
Path Group: clk
Path Type: min

Fanout         Cap        Slew       Delay        Time   Description
---------------------------------------------------------------------------------------------
                                  0.000000    0.000000   clock clk (rise edge)
                                  0.000000    0.000000   clock source latency
     1    0.010644    0.040713    0.026726    0.026726 ^ clk (in)
                                                         clk (net)
                      0.040716    0.000000    0.026726 ^ clkbuf_0_clk/A (sky130_fd_sc_hd__clkbuf_16)
     2    0.019342    0.030741    0.086734    0.113460 ^ clkbuf_0_clk/X (sky130_fd_sc_hd__clkbuf_16)
                                                         clknet_0_clk (net)
                      0.030744    0.000567    0.114027 ^ clkbuf_1_0__f_clk/A (sky130_fd_sc_hd__clkbuf_16)
     2    0.005705    0.021479    0.074258    0.188285 ^ clkbuf_1_0__f_clk/X (sky130_fd_sc_hd__clkbuf_16)
                                                         clknet_1_0__leaf_clk (net)
                      0.021479    0.000103    0.188388 ^ _40_/CLK (sky130_fd_sc_hd__dfxtp_2)
     2    0.007562    0.024263    0.197382    0.385770 v _40_/Q (sky130_fd_sc_hd__dfxtp_2)
                                                         net9 (net)
                      0.024263    0.000186    0.385957 v output9/A (sky130_fd_sc_hd__clkdlybuf4s25_1)
     1    0.011178    0.064779    0.188852    0.574809 v output9/X (sky130_fd_sc_hd__clkdlybuf4s25_1)
                                                         Q[0] (net)
                      0.064779    0.000237    0.575046 v Q[0] (out)
                                              0.575046   data arrival time

                                  0.000000    0.000000   clock clk (rise edge)
                                  0.000000    0.000000   clock network delay (propagated)
                                  0.500000    0.500000   clock uncertainty
                                  0.000000    0.500000   clock reconvergence pessimism
                                 -0.500000    0.000000   output external delay
                                              0.000000   data required time
---------------------------------------------------------------------------------------------
                                              0.000000   data required time
                                             -0.575046   data arrival time
---------------------------------------------------------------------------------------------
                                              0.575046   slack (MET)


Startpoint: _42_ (rising edge-triggered flip-flop clocked by clk)
Endpoint: Q[2] (output port clocked by clk)
Path Group: clk
Path Type: min

Fanout         Cap        Slew       Delay        Time   Description
---------------------------------------------------------------------------------------------
                                  0.000000    0.000000   clock clk (rise edge)
                                  0.000000    0.000000   clock source latency
     1    0.010644    0.040713    0.026726    0.026726 ^ clk (in)
                                                         clk (net)
                      0.040716    0.000000    0.026726 ^ clkbuf_0_clk/A (sky130_fd_sc_hd__clkbuf_16)
     2    0.019342    0.030741    0.086734    0.113460 ^ clkbuf_0_clk/X (sky130_fd_sc_hd__clkbuf_16)
                                                         clknet_0_clk (net)
                      0.030744    0.000558    0.114019 ^ clkbuf_1_1__f_clk/A (sky130_fd_sc_hd__clkbuf_16)
     2    0.005226    0.021146    0.073848    0.187867 ^ clkbuf_1_1__f_clk/X (sky130_fd_sc_hd__clkbuf_16)
                                                         clknet_1_1__leaf_clk (net)
                      0.021146    0.000120    0.187987 ^ _42_/CLK (sky130_fd_sc_hd__dfxtp_2)
     4    0.012229    0.031870    0.205414    0.393401 v _42_/Q (sky130_fd_sc_hd__dfxtp_2)
                                                         net11 (net)
                      0.031873    0.000282    0.393683 v output11/A (sky130_fd_sc_hd__clkdlybuf4s25_1)
     1    0.011568    0.066559    0.193406    0.587090 v output11/X (sky130_fd_sc_hd__clkdlybuf4s25_1)
                                                         Q[2] (net)
                      0.066560    0.000273    0.587363 v Q[2] (out)
                                              0.587363   data arrival time

                                  0.000000    0.000000   clock clk (rise edge)
                                  0.000000    0.000000   clock network delay (propagated)
                                  0.500000    0.500000   clock uncertainty
                                  0.000000    0.500000   clock reconvergence pessimism
                                 -0.500000    0.000000   output external delay
                                              0.000000   data required time
---------------------------------------------------------------------------------------------
                                              0.000000   data required time
                                             -0.587363   data arrival time
---------------------------------------------------------------------------------------------
                                              0.587363   slack (MET)


Startpoint: _41_ (rising edge-triggered flip-flop clocked by clk)
Endpoint: Q[1] (output port clocked by clk)
Path Group: clk
Path Type: min

Fanout         Cap        Slew       Delay        Time   Description
---------------------------------------------------------------------------------------------
                                  0.000000    0.000000   clock clk (rise edge)
                                  0.000000    0.000000   clock source latency
     1    0.010644    0.040713    0.026726    0.026726 ^ clk (in)
                                                         clk (net)
                      0.040716    0.000000    0.026726 ^ clkbuf_0_clk/A (sky130_fd_sc_hd__clkbuf_16)
     2    0.019342    0.030741    0.086734    0.113460 ^ clkbuf_0_clk/X (sky130_fd_sc_hd__clkbuf_16)
                                                         clknet_0_clk (net)
                      0.030744    0.000558    0.114019 ^ clkbuf_1_1__f_clk/A (sky130_fd_sc_hd__clkbuf_16)
     2    0.005226    0.021146    0.073848    0.187867 ^ clkbuf_1_1__f_clk/X (sky130_fd_sc_hd__clkbuf_16)
                                                         clknet_1_1__leaf_clk (net)
                      0.021146    0.000133    0.187999 ^ _41_/CLK (sky130_fd_sc_hd__dfxtp_2)
     3    0.011214    0.030167    0.203564    0.391563 v _41_/Q (sky130_fd_sc_hd__dfxtp_2)
                                                         net10 (net)
                      0.030210    0.000341    0.391904 v output10/A (sky130_fd_sc_hd__clkdlybuf4s25_1)
     1    0.012633    0.071621    0.196667    0.588571 v output10/X (sky130_fd_sc_hd__clkdlybuf4s25_1)
                                                         Q[1] (net)
                      0.071621    0.000275    0.588846 v Q[1] (out)
                                              0.588846   data arrival time

                                  0.000000    0.000000   clock clk (rise edge)
                                  0.000000    0.000000   clock network delay (propagated)
                                  0.500000    0.500000   clock uncertainty
                                  0.000000    0.500000   clock reconvergence pessimism
                                 -0.500000    0.000000   output external delay
                                              0.000000   data required time
---------------------------------------------------------------------------------------------
                                              0.000000   data required time
                                             -0.588846   data arrival time
---------------------------------------------------------------------------------------------
                                              0.588846   slack (MET)



%OL_END_REPORT
%OL_CREATE_REPORT max.rpt

===========================================================================
report_checks -path_delay max (Setup)
============================================================================
======================= nom_ff_n40C_1v95 Corner ===================================

Startpoint: mode[1] (input port clocked by clk)
Endpoint: _40_ (rising edge-triggered flip-flop clocked by clk)
Path Group: clk
Path Type: max

Fanout         Cap        Slew       Delay        Time   Description
---------------------------------------------------------------------------------------------
                                  0.000000    0.000000   clock clk (rise edge)
                                  0.000000    0.000000   clock network delay (propagated)
                                  2.000000    2.000000 ^ input external delay
     1    0.004437    0.019762    0.011550    2.011550 ^ mode[1] (in)
                                                         mode[1] (net)
                      0.019763    0.000000    2.011550 ^ input7/A (sky130_fd_sc_hd__clkdlybuf4s25_1)
    11    0.034167    0.258715    0.314683    2.326233 ^ input7/X (sky130_fd_sc_hd__clkdlybuf4s25_1)
                                                         net7 (net)
                      0.258715    0.000612    2.326845 ^ _20_/A (sky130_fd_sc_hd__inv_2)
     4    0.015122    0.068415    0.046679    2.373524 v _20_/Y (sky130_fd_sc_hd__inv_2)
                                                         _04_ (net)
                      0.068419    0.000403    2.373927 v _26_/A2 (sky130_fd_sc_hd__a211o_2)
     1    0.002798    0.032972    0.209524    2.583451 v _26_/X (sky130_fd_sc_hd__a211o_2)
                                                         _10_ (net)
                      0.032972    0.000082    2.583532 v _27_/B1 (sky130_fd_sc_hd__o221a_2)
     1    0.002034    0.029575    0.141823    2.725356 v _27_/X (sky130_fd_sc_hd__o221a_2)
                                                         _00_ (net)
                      0.029575    0.000058    2.725414 v hold16/A (sky130_fd_sc_hd__dlygate4sd3_1)
     1    0.002525    0.037114    0.357703    3.083117 v hold16/X (sky130_fd_sc_hd__dlygate4sd3_1)
                                                         net16 (net)
                      0.037114    0.000075    3.083191 v _40_/D (sky130_fd_sc_hd__dfxtp_2)
                                              3.083191   data arrival time

                                 10.000000   10.000000   clock clk (rise edge)
                                  0.000000   10.000000   clock source latency
     1    0.010644    0.040713    0.026726   10.026727 ^ clk (in)
                                                         clk (net)
                      0.040716    0.000000   10.026727 ^ clkbuf_0_clk/A (sky130_fd_sc_hd__clkbuf_16)
     2    0.019342    0.030741    0.086734   10.113461 ^ clkbuf_0_clk/X (sky130_fd_sc_hd__clkbuf_16)
                                                         clknet_0_clk (net)
                      0.030744    0.000567   10.114027 ^ clkbuf_1_0__f_clk/A (sky130_fd_sc_hd__clkbuf_16)
     2    0.005705    0.021479    0.074258   10.188285 ^ clkbuf_1_0__f_clk/X (sky130_fd_sc_hd__clkbuf_16)
                                                         clknet_1_0__leaf_clk (net)
                      0.021479    0.000103   10.188388 ^ _40_/CLK (sky130_fd_sc_hd__dfxtp_2)
                                 -0.500000    9.688388   clock uncertainty
                                  0.000000    9.688388   clock reconvergence pessimism
                                 -0.074064    9.614325   library setup time
                                              9.614325   data required time
---------------------------------------------------------------------------------------------
                                              9.614325   data required time
                                             -3.083191   data arrival time
---------------------------------------------------------------------------------------------
                                              6.531134   slack (MET)


Startpoint: mode[1] (input port clocked by clk)
Endpoint: _43_ (rising edge-triggered flip-flop clocked by clk)
Path Group: clk
Path Type: max

Fanout         Cap        Slew       Delay        Time   Description
---------------------------------------------------------------------------------------------
                                  0.000000    0.000000   clock clk (rise edge)
                                  0.000000    0.000000   clock network delay (propagated)
                                  2.000000    2.000000 ^ input external delay
     1    0.004437    0.019762    0.011550    2.011550 ^ mode[1] (in)
                                                         mode[1] (net)
                      0.019763    0.000000    2.011550 ^ input7/A (sky130_fd_sc_hd__clkdlybuf4s25_1)
    11    0.034167    0.258715    0.314683    2.326233 ^ input7/X (sky130_fd_sc_hd__clkdlybuf4s25_1)
                                                         net7 (net)
                      0.258715    0.000612    2.326845 ^ _20_/A (sky130_fd_sc_hd__inv_2)
     4    0.015122    0.068415    0.046679    2.373524 v _20_/Y (sky130_fd_sc_hd__inv_2)
                                                         _04_ (net)
                      0.068421    0.000500    2.374025 v _38_/A1 (sky130_fd_sc_hd__a211o_2)
     1    0.005220    0.038961    0.195082    2.569107 v _38_/X (sky130_fd_sc_hd__a211o_2)
                                                         _19_ (net)
                      0.038961    0.000187    2.569294 v _39_/B2 (sky130_fd_sc_hd__o221a_2)
     1    0.002862    0.031412    0.134686    2.703981 v _39_/X (sky130_fd_sc_hd__o221a_2)
                                                         _03_ (net)
                      0.031412    0.000079    2.704060 v hold14/A (sky130_fd_sc_hd__dlygate4sd3_1)
     1    0.002094    0.035662    0.355810    3.059870 v hold14/X (sky130_fd_sc_hd__dlygate4sd3_1)
                                                         net14 (net)
                      0.035662    0.000060    3.059930 v _43_/D (sky130_fd_sc_hd__dfxtp_2)
                                              3.059930   data arrival time

                                 10.000000   10.000000   clock clk (rise edge)
                                  0.000000   10.000000   clock source latency
     1    0.010644    0.040713    0.026726   10.026727 ^ clk (in)
                                                         clk (net)
                      0.040716    0.000000   10.026727 ^ clkbuf_0_clk/A (sky130_fd_sc_hd__clkbuf_16)
     2    0.019342    0.030741    0.086734   10.113461 ^ clkbuf_0_clk/X (sky130_fd_sc_hd__clkbuf_16)
                                                         clknet_0_clk (net)
                      0.030744    0.000567   10.114027 ^ clkbuf_1_0__f_clk/A (sky130_fd_sc_hd__clkbuf_16)
     2    0.005705    0.021479    0.074258   10.188285 ^ clkbuf_1_0__f_clk/X (sky130_fd_sc_hd__clkbuf_16)
                                                         clknet_1_0__leaf_clk (net)
                      0.021479    0.000141   10.188426 ^ _43_/CLK (sky130_fd_sc_hd__dfxtp_2)
                                 -0.500000    9.688426   clock uncertainty
                                  0.000000    9.688426   clock reconvergence pessimism
                                 -0.073545    9.614882   library setup time
                                              9.614882   data required time
---------------------------------------------------------------------------------------------
                                              9.614882   data required time
                                             -3.059930   data arrival time
---------------------------------------------------------------------------------------------
                                              6.554952   slack (MET)


Startpoint: mode[1] (input port clocked by clk)
Endpoint: _41_ (rising edge-triggered flip-flop clocked by clk)
Path Group: clk
Path Type: max

Fanout         Cap        Slew       Delay        Time   Description
---------------------------------------------------------------------------------------------
                                  0.000000    0.000000   clock clk (rise edge)
                                  0.000000    0.000000   clock network delay (propagated)
                                  2.000000    2.000000 ^ input external delay
     1    0.004437    0.019762    0.011550    2.011550 ^ mode[1] (in)
                                                         mode[1] (net)
                      0.019763    0.000000    2.011550 ^ input7/A (sky130_fd_sc_hd__clkdlybuf4s25_1)
    11    0.034167    0.258715    0.314683    2.326233 ^ input7/X (sky130_fd_sc_hd__clkdlybuf4s25_1)
                                                         net7 (net)
                      0.258715    0.000547    2.326781 ^ _29_/A_N (sky130_fd_sc_hd__nand2b_2)
     1    0.002847    0.030293    0.101105    2.427886 ^ _29_/Y (sky130_fd_sc_hd__nand2b_2)
                                                         _12_ (net)
                      0.030293    0.000083    2.427969 ^ _30_/A2_N (sky130_fd_sc_hd__o2bb2a_2)
     1    0.002627    0.030165    0.116909    2.544878 v _30_/X (sky130_fd_sc_hd__o2bb2a_2)
                                                         _13_ (net)
                      0.030165    0.000075    2.544954 v _31_/B2 (sky130_fd_sc_hd__o221a_2)
     1    0.003111    0.031954    0.132527    2.677481 v _31_/X (sky130_fd_sc_hd__o221a_2)
                                                         _01_ (net)
                      0.031954    0.000089    2.677571 v hold18/A (sky130_fd_sc_hd__dlygate4sd3_1)
     1    0.002055    0.035517    0.355781    3.033351 v hold18/X (sky130_fd_sc_hd__dlygate4sd3_1)
                                                         net18 (net)
                      0.035517    0.000058    3.033409 v _41_/D (sky130_fd_sc_hd__dfxtp_2)
                                              3.033409   data arrival time

                                 10.000000   10.000000   clock clk (rise edge)
                                  0.000000   10.000000   clock source latency
     1    0.010644    0.040713    0.026726   10.026727 ^ clk (in)
                                                         clk (net)
                      0.040716    0.000000   10.026727 ^ clkbuf_0_clk/A (sky130_fd_sc_hd__clkbuf_16)
     2    0.019342    0.030741    0.086734   10.113461 ^ clkbuf_0_clk/X (sky130_fd_sc_hd__clkbuf_16)
                                                         clknet_0_clk (net)
                      0.030744    0.000559   10.114019 ^ clkbuf_1_1__f_clk/A (sky130_fd_sc_hd__clkbuf_16)
     2    0.005226    0.021146    0.073848   10.187867 ^ clkbuf_1_1__f_clk/X (sky130_fd_sc_hd__clkbuf_16)
                                                         clknet_1_1__leaf_clk (net)
                      0.021146    0.000132   10.187999 ^ _41_/CLK (sky130_fd_sc_hd__dfxtp_2)
                                 -0.500000    9.687999   clock uncertainty
                                  0.000000    9.687999   clock reconvergence pessimism
                                 -0.073525    9.614474   library setup time
                                              9.614474   data required time
---------------------------------------------------------------------------------------------
                                              9.614474   data required time
                                             -3.033409   data arrival time
---------------------------------------------------------------------------------------------
                                              6.581065   slack (MET)


Startpoint: mode[1] (input port clocked by clk)
Endpoint: _42_ (rising edge-triggered flip-flop clocked by clk)
Path Group: clk
Path Type: max

Fanout         Cap        Slew       Delay        Time   Description
---------------------------------------------------------------------------------------------
                                  0.000000    0.000000   clock clk (rise edge)
                                  0.000000    0.000000   clock network delay (propagated)
                                  2.000000    2.000000 ^ input external delay
     1    0.004437    0.019762    0.011550    2.011550 ^ mode[1] (in)
                                                         mode[1] (net)
                      0.019763    0.000000    2.011550 ^ input7/A (sky130_fd_sc_hd__clkdlybuf4s25_1)
    11    0.034167    0.258715    0.314683    2.326233 ^ input7/X (sky130_fd_sc_hd__clkdlybuf4s25_1)
                                                         net7 (net)
                      0.258715    0.000612    2.326845 ^ _20_/A (sky130_fd_sc_hd__inv_2)
     4    0.015122    0.068415    0.046679    2.373524 v _20_/Y (sky130_fd_sc_hd__inv_2)
                                                         _04_ (net)
                      0.068416    0.000215    2.373740 v _34_/A2 (sky130_fd_sc_hd__a2111o_2)
     1    0.006978    0.051962    0.302056    2.675796 v _34_/X (sky130_fd_sc_hd__a2111o_2)
                                                         _16_ (net)
                      0.051962    0.000220    2.676016 v _35_/B1 (sky130_fd_sc_hd__o211a_2)
     1    0.003308    0.030951    0.090439    2.766455 v _35_/X (sky130_fd_sc_hd__o211a_2)
                                                         _02_ (net)
                      0.030951    0.000105    2.766560 v _42_/D (sky130_fd_sc_hd__dfxtp_2)
                                              2.766560   data arrival time

                                 10.000000   10.000000   clock clk (rise edge)
                                  0.000000   10.000000   clock source latency
     1    0.010644    0.040713    0.026726   10.026727 ^ clk (in)
                                                         clk (net)
                      0.040716    0.000000   10.026727 ^ clkbuf_0_clk/A (sky130_fd_sc_hd__clkbuf_16)
     2    0.019342    0.030741    0.086734   10.113461 ^ clkbuf_0_clk/X (sky130_fd_sc_hd__clkbuf_16)
                                                         clknet_0_clk (net)
                      0.030744    0.000559   10.114019 ^ clkbuf_1_1__f_clk/A (sky130_fd_sc_hd__clkbuf_16)
     2    0.005226    0.021146    0.073848   10.187867 ^ clkbuf_1_1__f_clk/X (sky130_fd_sc_hd__clkbuf_16)
                                                         clknet_1_1__leaf_clk (net)
                      0.021146    0.000120   10.187986 ^ _42_/CLK (sky130_fd_sc_hd__dfxtp_2)
                                 -0.500000    9.687986   clock uncertainty
                                  0.000000    9.687986   clock reconvergence pessimism
                                 -0.071894    9.616093   library setup time
                                              9.616093   data required time
---------------------------------------------------------------------------------------------
                                              9.616093   data required time
                                             -2.766560   data arrival time
---------------------------------------------------------------------------------------------
                                              6.849533   slack (MET)


Startpoint: _41_ (rising edge-triggered flip-flop clocked by clk)
Endpoint: Q[1] (output port clocked by clk)
Path Group: clk
Path Type: max

Fanout         Cap        Slew       Delay        Time   Description
---------------------------------------------------------------------------------------------
                                  0.000000    0.000000   clock clk (rise edge)
                                  0.000000    0.000000   clock source latency
     1    0.010644    0.040713    0.026726    0.026726 ^ clk (in)
                                                         clk (net)
                      0.040716    0.000000    0.026726 ^ clkbuf_0_clk/A (sky130_fd_sc_hd__clkbuf_16)
     2    0.019342    0.030741    0.086734    0.113460 ^ clkbuf_0_clk/X (sky130_fd_sc_hd__clkbuf_16)
                                                         clknet_0_clk (net)
                      0.030744    0.000558    0.114019 ^ clkbuf_1_1__f_clk/A (sky130_fd_sc_hd__clkbuf_16)
     2    0.005226    0.021146    0.073848    0.187867 ^ clkbuf_1_1__f_clk/X (sky130_fd_sc_hd__clkbuf_16)
                                                         clknet_1_1__leaf_clk (net)
                      0.021146    0.000133    0.187999 ^ _41_/CLK (sky130_fd_sc_hd__dfxtp_2)
     3    0.011839    0.051754    0.208800    0.396799 ^ _41_/Q (sky130_fd_sc_hd__dfxtp_2)
                                                         net10 (net)
                      0.051755    0.000361    0.397160 ^ output10/A (sky130_fd_sc_hd__clkdlybuf4s25_1)
     1    0.012633    0.101474    0.214256    0.611416 ^ output10/X (sky130_fd_sc_hd__clkdlybuf4s25_1)
                                                         Q[1] (net)
                      0.101474    0.000275    0.611690 ^ Q[1] (out)
                                              0.611690   data arrival time

                                 10.000000   10.000000   clock clk (rise edge)
                                  0.000000   10.000000   clock network delay (propagated)
                                 -0.500000    9.500000   clock uncertainty
                                  0.000000    9.500000   clock reconvergence pessimism
                                 -2.000000    7.500000   output external delay
                                              7.500000   data required time
---------------------------------------------------------------------------------------------
                                              7.500000   data required time
                                             -0.611690   data arrival time
---------------------------------------------------------------------------------------------
                                              6.888309   slack (MET)


Startpoint: _42_ (rising edge-triggered flip-flop clocked by clk)
Endpoint: Q[2] (output port clocked by clk)
Path Group: clk
Path Type: max

Fanout         Cap        Slew       Delay        Time   Description
---------------------------------------------------------------------------------------------
                                  0.000000    0.000000   clock clk (rise edge)
                                  0.000000    0.000000   clock source latency
     1    0.010644    0.040713    0.026726    0.026726 ^ clk (in)
                                                         clk (net)
                      0.040716    0.000000    0.026726 ^ clkbuf_0_clk/A (sky130_fd_sc_hd__clkbuf_16)
     2    0.019342    0.030741    0.086734    0.113460 ^ clkbuf_0_clk/X (sky130_fd_sc_hd__clkbuf_16)
                                                         clknet_0_clk (net)
                      0.030744    0.000558    0.114019 ^ clkbuf_1_1__f_clk/A (sky130_fd_sc_hd__clkbuf_16)
     2    0.005226    0.021146    0.073848    0.187867 ^ clkbuf_1_1__f_clk/X (sky130_fd_sc_hd__clkbuf_16)
                                                         clknet_1_1__leaf_clk (net)
                      0.021146    0.000120    0.187987 ^ _42_/CLK (sky130_fd_sc_hd__dfxtp_2)
     4    0.013193    0.056442    0.212473    0.400460 ^ _42_/Q (sky130_fd_sc_hd__dfxtp_2)
                                                         net11 (net)
                      0.056443    0.000305    0.400765 ^ output11/A (sky130_fd_sc_hd__clkdlybuf4s25_1)
     1    0.011568    0.093748    0.209885    0.610650 ^ output11/X (sky130_fd_sc_hd__clkdlybuf4s25_1)
                                                         Q[2] (net)
                      0.093748    0.000273    0.610924 ^ Q[2] (out)
                                              0.610924   data arrival time

                                 10.000000   10.000000   clock clk (rise edge)
                                  0.000000   10.000000   clock network delay (propagated)
                                 -0.500000    9.500000   clock uncertainty
                                  0.000000    9.500000   clock reconvergence pessimism
                                 -2.000000    7.500000   output external delay
                                              7.500000   data required time
---------------------------------------------------------------------------------------------
                                              7.500000   data required time
                                             -0.610924   data arrival time
---------------------------------------------------------------------------------------------
                                              6.889076   slack (MET)


Startpoint: _40_ (rising edge-triggered flip-flop clocked by clk)
Endpoint: Q[0] (output port clocked by clk)
Path Group: clk
Path Type: max

Fanout         Cap        Slew       Delay        Time   Description
---------------------------------------------------------------------------------------------
                                  0.000000    0.000000   clock clk (rise edge)
                                  0.000000    0.000000   clock source latency
     1    0.010644    0.040713    0.026726    0.026726 ^ clk (in)
                                                         clk (net)
                      0.040716    0.000000    0.026726 ^ clkbuf_0_clk/A (sky130_fd_sc_hd__clkbuf_16)
     2    0.019342    0.030741    0.086734    0.113460 ^ clkbuf_0_clk/X (sky130_fd_sc_hd__clkbuf_16)
                                                         clknet_0_clk (net)
                      0.030744    0.000567    0.114027 ^ clkbuf_1_0__f_clk/A (sky130_fd_sc_hd__clkbuf_16)
     2    0.005705    0.021479    0.074258    0.188285 ^ clkbuf_1_0__f_clk/X (sky130_fd_sc_hd__clkbuf_16)
                                                         clknet_1_0__leaf_clk (net)
                      0.021479    0.000103    0.188388 ^ _40_/CLK (sky130_fd_sc_hd__dfxtp_2)
     2    0.007958    0.038361    0.198676    0.387065 ^ _40_/Q (sky130_fd_sc_hd__dfxtp_2)
                                                         net9 (net)
                      0.038361    0.000197    0.387261 ^ output9/A (sky130_fd_sc_hd__clkdlybuf4s25_1)
     1    0.011178    0.091013    0.203040    0.590302 ^ output9/X (sky130_fd_sc_hd__clkdlybuf4s25_1)
                                                         Q[0] (net)
                      0.091013    0.000237    0.590538 ^ Q[0] (out)
                                              0.590538   data arrival time

                                 10.000000   10.000000   clock clk (rise edge)
                                  0.000000   10.000000   clock network delay (propagated)
                                 -0.500000    9.500000   clock uncertainty
                                  0.000000    9.500000   clock reconvergence pessimism
                                 -2.000000    7.500000   output external delay
                                              7.500000   data required time
---------------------------------------------------------------------------------------------
                                              7.500000   data required time
                                             -0.590538   data arrival time
---------------------------------------------------------------------------------------------
                                              6.909461   slack (MET)


Startpoint: _43_ (rising edge-triggered flip-flop clocked by clk)
Endpoint: Q[3] (output port clocked by clk)
Path Group: clk
Path Type: max

Fanout         Cap        Slew       Delay        Time   Description
---------------------------------------------------------------------------------------------
                                  0.000000    0.000000   clock clk (rise edge)
                                  0.000000    0.000000   clock source latency
     1    0.010644    0.040713    0.026726    0.026726 ^ clk (in)
                                                         clk (net)
                      0.040716    0.000000    0.026726 ^ clkbuf_0_clk/A (sky130_fd_sc_hd__clkbuf_16)
     2    0.019342    0.030741    0.086734    0.113460 ^ clkbuf_0_clk/X (sky130_fd_sc_hd__clkbuf_16)
                                                         clknet_0_clk (net)
                      0.030744    0.000567    0.114027 ^ clkbuf_1_0__f_clk/A (sky130_fd_sc_hd__clkbuf_16)
     2    0.005705    0.021479    0.074258    0.188285 ^ clkbuf_1_0__f_clk/X (sky130_fd_sc_hd__clkbuf_16)
                                                         clknet_1_0__leaf_clk (net)
                      0.021479    0.000141    0.188426 ^ _43_/CLK (sky130_fd_sc_hd__dfxtp_2)
     2    0.005769    0.030977    0.192827    0.381253 ^ _43_/Q (sky130_fd_sc_hd__dfxtp_2)
                                                         net12 (net)
                      0.030977    0.000163    0.381416 ^ output12/A (sky130_fd_sc_hd__clkdlybuf4s25_1)
     1    0.011990    0.096953    0.205020    0.586435 ^ output12/X (sky130_fd_sc_hd__clkdlybuf4s25_1)
                                                         Q[3] (net)
                      0.096953    0.000312    0.586747 ^ Q[3] (out)
                                              0.586747   data arrival time

                                 10.000000   10.000000   clock clk (rise edge)
                                  0.000000   10.000000   clock network delay (propagated)
                                 -0.500000    9.500000   clock uncertainty
                                  0.000000    9.500000   clock reconvergence pessimism
                                 -2.000000    7.500000   output external delay
                                              7.500000   data required time
---------------------------------------------------------------------------------------------
                                              7.500000   data required time
                                             -0.586747   data arrival time
---------------------------------------------------------------------------------------------
                                              6.913253   slack (MET)



%OL_END_REPORT
%OL_CREATE_REPORT checks.rpt

===========================================================================
report_checks -unconstrained
===========================================================================
======================= nom_ff_n40C_1v95 Corner ===================================

Startpoint: mode[1] (input port clocked by clk)
Endpoint: _40_ (rising edge-triggered flip-flop clocked by clk)
Path Group: clk
Path Type: max

Fanout         Cap        Slew       Delay        Time   Description
---------------------------------------------------------------------------------------------
                                  0.000000    0.000000   clock clk (rise edge)
                                  0.000000    0.000000   clock network delay (propagated)
                                  2.000000    2.000000 ^ input external delay
     1    0.004437    0.019762    0.011550    2.011550 ^ mode[1] (in)
                                                         mode[1] (net)
                      0.019763    0.000000    2.011550 ^ input7/A (sky130_fd_sc_hd__clkdlybuf4s25_1)
    11    0.034167    0.258715    0.314683    2.326233 ^ input7/X (sky130_fd_sc_hd__clkdlybuf4s25_1)
                                                         net7 (net)
                      0.258715    0.000612    2.326845 ^ _20_/A (sky130_fd_sc_hd__inv_2)
     4    0.015122    0.068415    0.046679    2.373524 v _20_/Y (sky130_fd_sc_hd__inv_2)
                                                         _04_ (net)
                      0.068419    0.000403    2.373927 v _26_/A2 (sky130_fd_sc_hd__a211o_2)
     1    0.002798    0.032972    0.209524    2.583451 v _26_/X (sky130_fd_sc_hd__a211o_2)
                                                         _10_ (net)
                      0.032972    0.000082    2.583532 v _27_/B1 (sky130_fd_sc_hd__o221a_2)
     1    0.002034    0.029575    0.141823    2.725356 v _27_/X (sky130_fd_sc_hd__o221a_2)
                                                         _00_ (net)
                      0.029575    0.000058    2.725414 v hold16/A (sky130_fd_sc_hd__dlygate4sd3_1)
     1    0.002525    0.037114    0.357703    3.083117 v hold16/X (sky130_fd_sc_hd__dlygate4sd3_1)
                                                         net16 (net)
                      0.037114    0.000075    3.083191 v _40_/D (sky130_fd_sc_hd__dfxtp_2)
                                              3.083191   data arrival time

                                 10.000000   10.000000   clock clk (rise edge)
                                  0.000000   10.000000   clock source latency
     1    0.010644    0.040713    0.026726   10.026727 ^ clk (in)
                                                         clk (net)
                      0.040716    0.000000   10.026727 ^ clkbuf_0_clk/A (sky130_fd_sc_hd__clkbuf_16)
     2    0.019342    0.030741    0.086734   10.113461 ^ clkbuf_0_clk/X (sky130_fd_sc_hd__clkbuf_16)
                                                         clknet_0_clk (net)
                      0.030744    0.000567   10.114027 ^ clkbuf_1_0__f_clk/A (sky130_fd_sc_hd__clkbuf_16)
     2    0.005705    0.021479    0.074258   10.188285 ^ clkbuf_1_0__f_clk/X (sky130_fd_sc_hd__clkbuf_16)
                                                         clknet_1_0__leaf_clk (net)
                      0.021479    0.000103   10.188388 ^ _40_/CLK (sky130_fd_sc_hd__dfxtp_2)
                                 -0.500000    9.688388   clock uncertainty
                                  0.000000    9.688388   clock reconvergence pessimism
                                 -0.074064    9.614325   library setup time
                                              9.614325   data required time
---------------------------------------------------------------------------------------------
                                              9.614325   data required time
                                             -3.083191   data arrival time
---------------------------------------------------------------------------------------------
                                              6.531134   slack (MET)




===========================================================================
report_checks --slack_max -0.01
============================================================================
======================= nom_ff_n40C_1v95 Corner ===================================

No paths found.


===========================================================================
 report_check_types -max_slew -max_cap -max_fanout -violators
============================================================================
======================= nom_ff_n40C_1v95 Corner ===================================



===========================================================================
report_parasitic_annotation -report_unannotated
============================================================================
Found 0 unannotated drivers.
Found 0 partially unannotated drivers.

===========================================================================
max slew violation count 0
%OL_METRIC_I design__max_slew_violation__count__corner:nom_ff_n40C_1v95 0
max fanout violation count 0
%OL_METRIC_I design__max_fanout_violation__count__corner:nom_ff_n40C_1v95 0
max cap violation count 0
%OL_METRIC_I design__max_cap_violation__count__corner:nom_ff_n40C_1v95 0
============================================================================

===========================================================================
check_setup -verbose -unconstrained_endpoints -multiple_clock -no_clock -no_input_delay -loops -generated_clocks
===========================================================================
%OL_END_REPORT
%OL_CREATE_REPORT power.rpt

===========================================================================
 report_power
============================================================================
======================= nom_ff_n40C_1v95 Corner ===================================

Group                    Internal    Switching      Leakage        Total
                            Power        Power        Power        Power (Watts)
------------------------------------------------------------------------
Sequential           2.041075e-05 1.054328e-06 7.817535e-11 2.146515e-05  19.6%
Combinational        1.148793e-05 6.444455e-06 4.900245e-10 1.793287e-05  16.4%
Clock                5.844092e-05 1.151119e-05 7.199791e-10 6.995283e-05  64.0%
Macro                0.000000e+00 0.000000e+00 0.000000e+00 0.000000e+00   0.0%
Pad                  0.000000e+00 0.000000e+00 0.000000e+00 0.000000e+00   0.0%
------------------------------------------------------------------------
Total                9.033960e-05 1.900997e-05 1.288179e-09 1.093509e-04 100.0%
                            82.6%        17.4%         0.0%
%OL_METRIC_F power__internal__total 9.033959941007197e-5
%OL_METRIC_F power__switching__total 1.9009970856131986e-5
%OL_METRIC_F power__leakage__total 1.2881793409746933e-9
%OL_METRIC_F power__total 0.00010935085447272286

%OL_END_REPORT
%OL_CREATE_REPORT skew.min.rpt

===========================================================================
Clock Skew (Hold)
============================================================================
%OL_METRIC_F clock__skew__worst_hold__corner:nom_ff_n40C_1v95 -0.5004394262855745
======================= nom_ff_n40C_1v95 Corner ===================================

Clock clk
0.187987 source latency _42_/CLK ^
-0.188426 target latency _43_/CLK ^
-0.500000 clock uncertainty
0.000000 CRPR
--------------
-0.500439 hold skew

%OL_END_REPORT
%OL_CREATE_REPORT skew.max.rpt

===========================================================================
Clock Skew (Setup)
============================================================================
%OL_METRIC_F clock__skew__worst_setup__corner:nom_ff_n40C_1v95 0.5004394262855745
======================= nom_ff_n40C_1v95 Corner ===================================

Clock clk
0.188426 source latency _43_/CLK ^
-0.187987 target latency _42_/CLK ^
0.500000 clock uncertainty
0.000000 CRPR
--------------
0.500439 setup skew

%OL_END_REPORT
%OL_CREATE_REPORT ws.min.rpt

===========================================================================
Worst Slack (Hold)
============================================================================
%OL_METRIC_F timing__hold__ws__corner:nom_ff_n40C_1v95 0.12574341923610213
nom_ff_n40C_1v95: 0.12574341923610213
%OL_END_REPORT
%OL_CREATE_REPORT ws.max.rpt

===========================================================================
Worst Slack (Setup)
============================================================================
%OL_METRIC_F timing__setup__ws__corner:nom_ff_n40C_1v95 6.5311335965820225
nom_ff_n40C_1v95: 6.5311335965820225
%OL_END_REPORT
%OL_CREATE_REPORT tns.min.rpt

===========================================================================
Total Negative Slack (Hold)
============================================================================
%OL_METRIC_F timing__hold__tns__corner:nom_ff_n40C_1v95 0.0
nom_ff_n40C_1v95: 0.0
%OL_END_REPORT
%OL_CREATE_REPORT tns.max.rpt

===========================================================================
Total Negative Slack (Setup)
============================================================================
%OL_METRIC_F timing__setup__tns__corner:nom_ff_n40C_1v95 0.0
nom_ff_n40C_1v95: 0.0
%OL_END_REPORT
%OL_CREATE_REPORT wns.min.rpt

===========================================================================
Worst Negative Slack (Hold)
============================================================================
%OL_METRIC_F timing__hold__wns__corner:nom_ff_n40C_1v95 0
nom_ff_n40C_1v95: 0
%OL_END_REPORT
%OL_CREATE_REPORT wns.max.rpt

===========================================================================
Worst Negative Slack (Setup)
============================================================================
%OL_METRIC_F timing__setup__wns__corner:nom_ff_n40C_1v95 0.0
nom_ff_n40C_1v95: 0.0
%OL_END_REPORT
%OL_CREATE_REPORT violator_list.rpt

===========================================================================
Violator List
============================================================================
%OL_METRIC_I timing__hold_vio__count__corner:nom_ff_n40C_1v95 0
%OL_METRIC_F timing__hold_r2r__ws__corner:nom_ff_n40C_1v95 0.246868
%OL_METRIC_I timing__hold_r2r_vio__count__corner:nom_ff_n40C_1v95 0
%OL_METRIC_I timing__setup_vio__count__corner:nom_ff_n40C_1v95 0
%OL_METRIC_F timing__setup_r2r__ws__corner:nom_ff_n40C_1v95 inf
%OL_METRIC_I timing__setup_r2r_vio__count__corner:nom_ff_n40C_1v95 0
%OL_END_REPORT
%OL_CREATE_REPORT unpropagated.rpt
%OL_END_REPORT
%OL_CREATE_REPORT clock.rpt
Clock: clk
Sources: clk 
Generated: no
Virtual: yes
Propagated: no
Period: 10.000000

===========================================================================
report_clock_properties
============================================================================
Clock                   Period          Waveform
----------------------------------------------------
clk                  10.000000    0.000000  5.000000

===========================================================================
report_clock_latency
============================================================================
Clock clk
rise -> rise
    min     max
0.000000 0.000000 source latency
0.187987         network latency _42_/CLK
        0.188426 network latency _43_/CLK
---------------
0.187987 0.188426 latency
        0.000439 skew

fall -> fall
    min     max
0.000000 0.000000 source latency
0.188258         network latency _42_/CLK
        0.188661 network latency _43_/CLK
---------------
0.188258 0.188661 latency
        0.000403 skew



===========================================================================
report_clock_min_period
============================================================================
clk period_min = 1.79 fmax = 559.30
%OL_END_REPORT
Writing SDF files for all corners…
Removing Clock latencies before writing libs…
Writing timing models for all corners…
Writing timing models for the nom_ff_n40C_1v95 corner to /home/hk/pd_projects/runs/RUN_2026-06-03_20-26-11/55-openroad-stapostpnr/nom_ff_n40C_1v95/u_s_r__nom_ff_n40C_1v95.lib…
