Clock: clk
Sources: clk 
Generated: no
Virtual: yes
Propagated: no
Period: 10.000000

===========================================================================
report_clock_properties
============================================================================
Clock                   Period          Waveform
----------------------------------------------------
clk                  10.000000    0.000000  5.000000

===========================================================================
report_clock_latency
============================================================================
Clock clk
rise -> rise
    min     max
0.000000 0.000000 source latency
0.275648         network latency _42_/CLK
        0.276435 network latency _43_/CLK
---------------
0.275648 0.276435 latency
        0.000787 skew

fall -> fall
    min     max
0.000000 0.000000 source latency
0.281542         network latency _42_/CLK
        0.282262 network latency _43_/CLK
---------------
0.281542 0.282262 latency
        0.000719 skew



===========================================================================
report_clock_min_period
============================================================================
clk period_min = 2.52 fmax = 397.02
