
===========================================================================
report_checks -path_delay max (Setup)
============================================================================
======================= max_tt_025C_1v80 Corner ===================================

Startpoint: mode[1] (input port clocked by clk)
Endpoint: _40_ (rising edge-triggered flip-flop clocked by clk)
Path Group: clk
Path Type: max

Fanout         Cap        Slew       Delay        Time   Description
---------------------------------------------------------------------------------------------
                                  0.000000    0.000000   clock clk (rise edge)
                                  0.000000    0.000000   clock network delay (propagated)
                                  2.000000    2.000000 v input external delay
     1    0.004407    0.012333    0.007205    2.007205 v mode[1] (in)
                                                         mode[1] (net)
                      0.012336    0.000000    2.007205 v input7/A (sky130_fd_sc_hd__clkdlybuf4s25_1)
    11    0.032591    0.243658    0.391417    2.398623 v input7/X (sky130_fd_sc_hd__clkdlybuf4s25_1)
                                                         net7 (net)
                      0.243660    0.001135    2.399757 v _22_/B (sky130_fd_sc_hd__and3_2)
     1    0.004832    0.043144    0.288232    2.687989 v _22_/X (sky130_fd_sc_hd__and3_2)
                                                         _06_ (net)
                      0.043144    0.000317    2.688306 v _26_/B1 (sky130_fd_sc_hd__a211o_2)
     1    0.002856    0.046410    0.295930    2.984236 v _26_/X (sky130_fd_sc_hd__a211o_2)
                                                         _10_ (net)
                      0.046410    0.000199    2.984435 v _27_/B1 (sky130_fd_sc_hd__o221a_2)
     1    0.001968    0.040159    0.233432    3.217868 v _27_/X (sky130_fd_sc_hd__o221a_2)
                                                         _00_ (net)
                      0.040159    0.000139    3.218007 v hold16/A (sky130_fd_sc_hd__dlygate4sd3_1)
     1    0.002556    0.051577    0.544046    3.762053 v hold16/X (sky130_fd_sc_hd__dlygate4sd3_1)
                                                         net16 (net)
                      0.051577    0.000165    3.762218 v _40_/D (sky130_fd_sc_hd__dfxtp_2)
                                              3.762218   data arrival time

                                 10.000000   10.000000   clock clk (rise edge)
                                  0.000000   10.000000   clock source latency
     1    0.010721    0.054677    0.036541   10.036541 ^ clk (in)
                                                         clk (net)
                      0.054685    0.000000   10.036541 ^ clkbuf_0_clk/A (sky130_fd_sc_hd__clkbuf_16)
     2    0.019590    0.041476    0.128150   10.164691 ^ clkbuf_0_clk/X (sky130_fd_sc_hd__clkbuf_16)
                                                         clknet_0_clk (net)
                      0.041510    0.001261   10.165952 ^ clkbuf_1_0__f_clk/A (sky130_fd_sc_hd__clkbuf_16)
     2    0.005797    0.029494    0.110186   10.276137 ^ clkbuf_1_0__f_clk/X (sky130_fd_sc_hd__clkbuf_16)
                                                         clknet_1_0__leaf_clk (net)
                      0.029495    0.000211   10.276349 ^ _40_/CLK (sky130_fd_sc_hd__dfxtp_2)
                                 -0.500000    9.776349   clock uncertainty
                                  0.000000    9.776349   clock reconvergence pessimism
                                 -0.119380    9.656969   library setup time
                                              9.656969   data required time
---------------------------------------------------------------------------------------------
                                              9.656969   data required time
                                             -3.762218   data arrival time
---------------------------------------------------------------------------------------------
                                              5.894751   slack (MET)


Startpoint: mode[1] (input port clocked by clk)
Endpoint: _43_ (rising edge-triggered flip-flop clocked by clk)
Path Group: clk
Path Type: max

Fanout         Cap        Slew       Delay        Time   Description
---------------------------------------------------------------------------------------------
                                  0.000000    0.000000   clock clk (rise edge)
                                  0.000000    0.000000   clock network delay (propagated)
                                  2.000000    2.000000 v input external delay
     1    0.004407    0.012333    0.007205    2.007205 v mode[1] (in)
                                                         mode[1] (net)
                      0.012336    0.000000    2.007205 v input7/A (sky130_fd_sc_hd__clkdlybuf4s25_1)
    11    0.032591    0.243658    0.391417    2.398623 v input7/X (sky130_fd_sc_hd__clkdlybuf4s25_1)
                                                         net7 (net)
                      0.243660    0.001133    2.399755 v _36_/B (sky130_fd_sc_hd__and3_2)
     1    0.003766    0.040282    0.283841    2.683597 v _36_/X (sky130_fd_sc_hd__and3_2)
                                                         _17_ (net)
                      0.040282    0.000256    2.683852 v _38_/C1 (sky130_fd_sc_hd__a211o_2)
     1    0.005496    0.055185    0.271209    2.955061 v _38_/X (sky130_fd_sc_hd__a211o_2)
                                                         _19_ (net)
                      0.055185    0.000368    2.955429 v _39_/B2 (sky130_fd_sc_hd__o221a_2)
     1    0.002885    0.042607    0.223756    3.179185 v _39_/X (sky130_fd_sc_hd__o221a_2)
                                                         _03_ (net)
                      0.042607    0.000164    3.179349 v hold14/A (sky130_fd_sc_hd__dlygate4sd3_1)
     1    0.002042    0.049256    0.540331    3.719681 v hold14/X (sky130_fd_sc_hd__dlygate4sd3_1)
                                                         net14 (net)
                      0.049256    0.000144    3.719825 v _43_/D (sky130_fd_sc_hd__dfxtp_2)
                                              3.719825   data arrival time

                                 10.000000   10.000000   clock clk (rise edge)
                                  0.000000   10.000000   clock source latency
     1    0.010721    0.054677    0.036541   10.036541 ^ clk (in)
                                                         clk (net)
                      0.054685    0.000000   10.036541 ^ clkbuf_0_clk/A (sky130_fd_sc_hd__clkbuf_16)
     2    0.019590    0.041476    0.128150   10.164691 ^ clkbuf_0_clk/X (sky130_fd_sc_hd__clkbuf_16)
                                                         clknet_0_clk (net)
                      0.041510    0.001261   10.165952 ^ clkbuf_1_0__f_clk/A (sky130_fd_sc_hd__clkbuf_16)
     2    0.005797    0.029494    0.110186   10.276137 ^ clkbuf_1_0__f_clk/X (sky130_fd_sc_hd__clkbuf_16)
                                                         clknet_1_0__leaf_clk (net)
                      0.029495    0.000298   10.276435 ^ _43_/CLK (sky130_fd_sc_hd__dfxtp_2)
                                 -0.500000    9.776435   clock uncertainty
                                  0.000000    9.776435   clock reconvergence pessimism
                                 -0.118366    9.658070   library setup time
                                              9.658070   data required time
---------------------------------------------------------------------------------------------
                                              9.658070   data required time
                                             -3.719825   data arrival time
---------------------------------------------------------------------------------------------
                                              5.938245   slack (MET)


Startpoint: mode[1] (input port clocked by clk)
Endpoint: _41_ (rising edge-triggered flip-flop clocked by clk)
Path Group: clk
Path Type: max

Fanout         Cap        Slew       Delay        Time   Description
---------------------------------------------------------------------------------------------
                                  0.000000    0.000000   clock clk (rise edge)
                                  0.000000    0.000000   clock network delay (propagated)
                                  2.000000    2.000000 ^ input external delay
     1    0.004632    0.027691    0.016731    2.016731 ^ mode[1] (in)
                                                         mode[1] (net)
                      0.027693    0.000000    2.016731 ^ input7/A (sky130_fd_sc_hd__clkdlybuf4s25_1)
    11    0.034283    0.346701    0.452912    2.469643 ^ input7/X (sky130_fd_sc_hd__clkdlybuf4s25_1)
                                                         net7 (net)
                      0.346702    0.001215    2.470858 ^ _29_/A_N (sky130_fd_sc_hd__nand2b_2)
     1    0.002912    0.040748    0.183209    2.654067 ^ _29_/Y (sky130_fd_sc_hd__nand2b_2)
                                                         _12_ (net)
                      0.040748    0.000185    2.654251 ^ _30_/A2_N (sky130_fd_sc_hd__o2bb2a_2)
     1    0.002653    0.042805    0.195537    2.849788 v _30_/X (sky130_fd_sc_hd__o2bb2a_2)
                                                         _13_ (net)
                      0.042805    0.000187    2.849975 v _31_/B2 (sky130_fd_sc_hd__o221a_2)
     1    0.003092    0.042935    0.220446    3.070421 v _31_/X (sky130_fd_sc_hd__o221a_2)
                                                         _01_ (net)
                      0.042935    0.000175    3.070596 v hold18/A (sky130_fd_sc_hd__dlygate4sd3_1)
     1    0.001996    0.049026    0.540043    3.610639 v hold18/X (sky130_fd_sc_hd__dlygate4sd3_1)
                                                         net18 (net)
                      0.049026    0.000142    3.610781 v _41_/D (sky130_fd_sc_hd__dfxtp_2)
                                              3.610781   data arrival time

                                 10.000000   10.000000   clock clk (rise edge)
                                  0.000000   10.000000   clock source latency
     1    0.010721    0.054677    0.036541   10.036541 ^ clk (in)
                                                         clk (net)
                      0.054685    0.000000   10.036541 ^ clkbuf_0_clk/A (sky130_fd_sc_hd__clkbuf_16)
     2    0.019590    0.041476    0.128150   10.164691 ^ clkbuf_0_clk/X (sky130_fd_sc_hd__clkbuf_16)
                                                         clknet_0_clk (net)
                      0.041510    0.001254   10.165945 ^ clkbuf_1_1__f_clk/A (sky130_fd_sc_hd__clkbuf_16)
     2    0.005161    0.028917    0.109422   10.275367 ^ clkbuf_1_1__f_clk/X (sky130_fd_sc_hd__clkbuf_16)
                                                         clknet_1_1__leaf_clk (net)
                      0.028918    0.000305   10.275671 ^ _41_/CLK (sky130_fd_sc_hd__dfxtp_2)
                                 -0.500000    9.775671   clock uncertainty
                                  0.000000    9.775671   clock reconvergence pessimism
                                 -0.118400    9.657270   library setup time
                                              9.657270   data required time
---------------------------------------------------------------------------------------------
                                              9.657270   data required time
                                             -3.610781   data arrival time
---------------------------------------------------------------------------------------------
                                              6.046490   slack (MET)


Startpoint: mode[1] (input port clocked by clk)
Endpoint: _42_ (rising edge-triggered flip-flop clocked by clk)
Path Group: clk
Path Type: max

Fanout         Cap        Slew       Delay        Time   Description
---------------------------------------------------------------------------------------------
                                  0.000000    0.000000   clock clk (rise edge)
                                  0.000000    0.000000   clock network delay (propagated)
                                  2.000000    2.000000 v input external delay
     1    0.004407    0.012333    0.007205    2.007205 v mode[1] (in)
                                                         mode[1] (net)
                      0.012336    0.000000    2.007205 v input7/A (sky130_fd_sc_hd__clkdlybuf4s25_1)
    11    0.032591    0.243658    0.391417    2.398623 v input7/X (sky130_fd_sc_hd__clkdlybuf4s25_1)
                                                         net7 (net)
                      0.243658    0.000811    2.399433 v _32_/B (sky130_fd_sc_hd__and3_2)
     1    0.004424    0.042293    0.286892    2.686325 v _32_/X (sky130_fd_sc_hd__and3_2)
                                                         _14_ (net)
                      0.042293    0.000193    2.686518 v _34_/C1 (sky130_fd_sc_hd__a2111o_2)
     1    0.007188    0.074768    0.413222    3.099740 v _34_/X (sky130_fd_sc_hd__a2111o_2)
                                                         _16_ (net)
                      0.074768    0.000590    3.100331 v _35_/B1 (sky130_fd_sc_hd__o211a_2)
     1    0.003396    0.042095    0.143076    3.243407 v _35_/X (sky130_fd_sc_hd__o211a_2)
                                                         _02_ (net)
                      0.042161    0.000216    3.243623 v _42_/D (sky130_fd_sc_hd__dfxtp_2)
                                              3.243623   data arrival time

                                 10.000000   10.000000   clock clk (rise edge)
                                  0.000000   10.000000   clock source latency
     1    0.010721    0.054677    0.036541   10.036541 ^ clk (in)
                                                         clk (net)
                      0.054685    0.000000   10.036541 ^ clkbuf_0_clk/A (sky130_fd_sc_hd__clkbuf_16)
     2    0.019590    0.041476    0.128150   10.164691 ^ clkbuf_0_clk/X (sky130_fd_sc_hd__clkbuf_16)
                                                         clknet_0_clk (net)
                      0.041510    0.001254   10.165945 ^ clkbuf_1_1__f_clk/A (sky130_fd_sc_hd__clkbuf_16)
     2    0.005161    0.028917    0.109422   10.275367 ^ clkbuf_1_1__f_clk/X (sky130_fd_sc_hd__clkbuf_16)
                                                         clknet_1_1__leaf_clk (net)
                      0.028918    0.000282   10.275648 ^ _42_/CLK (sky130_fd_sc_hd__dfxtp_2)
                                 -0.500000    9.775648   clock uncertainty
                                  0.000000    9.775648   clock reconvergence pessimism
                                 -0.115402    9.660246   library setup time
                                              9.660246   data required time
---------------------------------------------------------------------------------------------
                                              9.660246   data required time
                                             -3.243623   data arrival time
---------------------------------------------------------------------------------------------
                                              6.416623   slack (MET)


Startpoint: _41_ (rising edge-triggered flip-flop clocked by clk)
Endpoint: Q[1] (output port clocked by clk)
Path Group: clk
Path Type: max

Fanout         Cap        Slew       Delay        Time   Description
---------------------------------------------------------------------------------------------
                                  0.000000    0.000000   clock clk (rise edge)
                                  0.000000    0.000000   clock source latency
     1    0.010721    0.054677    0.036540    0.036540 ^ clk (in)
                                                         clk (net)
                      0.054685    0.000000    0.036540 ^ clkbuf_0_clk/A (sky130_fd_sc_hd__clkbuf_16)
     2    0.019590    0.041476    0.128150    0.164691 ^ clkbuf_0_clk/X (sky130_fd_sc_hd__clkbuf_16)
                                                         clknet_0_clk (net)
                      0.041510    0.001254    0.165945 ^ clkbuf_1_1__f_clk/A (sky130_fd_sc_hd__clkbuf_16)
     2    0.005161    0.028917    0.109421    0.275366 ^ clkbuf_1_1__f_clk/X (sky130_fd_sc_hd__clkbuf_16)
                                                         clknet_1_1__leaf_clk (net)
                      0.028918    0.000305    0.275671 ^ _41_/CLK (sky130_fd_sc_hd__dfxtp_2)
     3    0.012255    0.071234    0.333928    0.609599 ^ _41_/Q (sky130_fd_sc_hd__dfxtp_2)
                                                         net10 (net)
                      0.071243    0.000819    0.610418 ^ output10/A (sky130_fd_sc_hd__clkdlybuf4s25_1)
     1    0.012818    0.138288    0.321493    0.931911 ^ output10/X (sky130_fd_sc_hd__clkdlybuf4s25_1)
                                                         Q[1] (net)
                      0.138289    0.000659    0.932570 ^ Q[1] (out)
                                              0.932570   data arrival time

                                 10.000000   10.000000   clock clk (rise edge)
                                  0.000000   10.000000   clock network delay (propagated)
                                 -0.500000    9.500000   clock uncertainty
                                  0.000000    9.500000   clock reconvergence pessimism
                                 -2.000000    7.500000   output external delay
                                              7.500000   data required time
---------------------------------------------------------------------------------------------
                                              7.500000   data required time
                                             -0.932570   data arrival time
---------------------------------------------------------------------------------------------
                                              6.567430   slack (MET)


Startpoint: _42_ (rising edge-triggered flip-flop clocked by clk)
Endpoint: Q[2] (output port clocked by clk)
Path Group: clk
Path Type: max

Fanout         Cap        Slew       Delay        Time   Description
---------------------------------------------------------------------------------------------
                                  0.000000    0.000000   clock clk (rise edge)
                                  0.000000    0.000000   clock source latency
     1    0.010721    0.054677    0.036540    0.036540 ^ clk (in)
                                                         clk (net)
                      0.054685    0.000000    0.036540 ^ clkbuf_0_clk/A (sky130_fd_sc_hd__clkbuf_16)
     2    0.019590    0.041476    0.128150    0.164691 ^ clkbuf_0_clk/X (sky130_fd_sc_hd__clkbuf_16)
                                                         clknet_0_clk (net)
                      0.041510    0.001254    0.165945 ^ clkbuf_1_1__f_clk/A (sky130_fd_sc_hd__clkbuf_16)
     2    0.005161    0.028917    0.109421    0.275366 ^ clkbuf_1_1__f_clk/X (sky130_fd_sc_hd__clkbuf_16)
                                                         clknet_1_1__leaf_clk (net)
                      0.028918    0.000282    0.275648 ^ _42_/CLK (sky130_fd_sc_hd__dfxtp_2)
     4    0.013232    0.075967    0.337424    0.613073 ^ _42_/Q (sky130_fd_sc_hd__dfxtp_2)
                                                         net11 (net)
                      0.075974    0.000775    0.613848 ^ output11/A (sky130_fd_sc_hd__clkdlybuf4s25_1)
     1    0.011640    0.126941    0.315118    0.928966 ^ output11/X (sky130_fd_sc_hd__clkdlybuf4s25_1)
                                                         Q[2] (net)
                      0.126942    0.000567    0.929533 ^ Q[2] (out)
                                              0.929533   data arrival time

                                 10.000000   10.000000   clock clk (rise edge)
                                  0.000000   10.000000   clock network delay (propagated)
                                 -0.500000    9.500000   clock uncertainty
                                  0.000000    9.500000   clock reconvergence pessimism
                                 -2.000000    7.500000   output external delay
                                              7.500000   data required time
---------------------------------------------------------------------------------------------
                                              7.500000   data required time
                                             -0.929533   data arrival time
---------------------------------------------------------------------------------------------
                                              6.570467   slack (MET)


Startpoint: _40_ (rising edge-triggered flip-flop clocked by clk)
Endpoint: Q[0] (output port clocked by clk)
Path Group: clk
Path Type: max

Fanout         Cap        Slew       Delay        Time   Description
---------------------------------------------------------------------------------------------
                                  0.000000    0.000000   clock clk (rise edge)
                                  0.000000    0.000000   clock source latency
     1    0.010721    0.054677    0.036540    0.036540 ^ clk (in)
                                                         clk (net)
                      0.054685    0.000000    0.036540 ^ clkbuf_0_clk/A (sky130_fd_sc_hd__clkbuf_16)
     2    0.019590    0.041476    0.128150    0.164691 ^ clkbuf_0_clk/X (sky130_fd_sc_hd__clkbuf_16)
                                                         clknet_0_clk (net)
                      0.041510    0.001261    0.165951 ^ clkbuf_1_0__f_clk/A (sky130_fd_sc_hd__clkbuf_16)
     2    0.005797    0.029494    0.110186    0.276137 ^ clkbuf_1_0__f_clk/X (sky130_fd_sc_hd__clkbuf_16)
                                                         clknet_1_0__leaf_clk (net)
                      0.029495    0.000211    0.276348 ^ _40_/CLK (sky130_fd_sc_hd__dfxtp_2)
     2    0.008208    0.053355    0.319353    0.595701 ^ _40_/Q (sky130_fd_sc_hd__dfxtp_2)
                                                         net9 (net)
                      0.053355    0.000341    0.596042 ^ output9/A (sky130_fd_sc_hd__clkdlybuf4s25_1)
     1    0.011263    0.123310    0.304673    0.900715 ^ output9/X (sky130_fd_sc_hd__clkdlybuf4s25_1)
                                                         Q[0] (net)
                      0.123310    0.000567    0.901282 ^ Q[0] (out)
                                              0.901282   data arrival time

                                 10.000000   10.000000   clock clk (rise edge)
                                  0.000000   10.000000   clock network delay (propagated)
                                 -0.500000    9.500000   clock uncertainty
                                  0.000000    9.500000   clock reconvergence pessimism
                                 -2.000000    7.500000   output external delay
                                              7.500000   data required time
---------------------------------------------------------------------------------------------
                                              7.500000   data required time
                                             -0.901282   data arrival time
---------------------------------------------------------------------------------------------
                                              6.598717   slack (MET)


Startpoint: _43_ (rising edge-triggered flip-flop clocked by clk)
Endpoint: Q[3] (output port clocked by clk)
Path Group: clk
Path Type: max

Fanout         Cap        Slew       Delay        Time   Description
---------------------------------------------------------------------------------------------
                                  0.000000    0.000000   clock clk (rise edge)
                                  0.000000    0.000000   clock source latency
     1    0.010721    0.054677    0.036540    0.036540 ^ clk (in)
                                                         clk (net)
                      0.054685    0.000000    0.036540 ^ clkbuf_0_clk/A (sky130_fd_sc_hd__clkbuf_16)
     2    0.019590    0.041476    0.128150    0.164691 ^ clkbuf_0_clk/X (sky130_fd_sc_hd__clkbuf_16)
                                                         clknet_0_clk (net)
                      0.041510    0.001261    0.165951 ^ clkbuf_1_0__f_clk/A (sky130_fd_sc_hd__clkbuf_16)
     2    0.005797    0.029494    0.110186    0.276137 ^ clkbuf_1_0__f_clk/X (sky130_fd_sc_hd__clkbuf_16)
                                                         clknet_1_0__leaf_clk (net)
                      0.029495    0.000298    0.276435 ^ _43_/CLK (sky130_fd_sc_hd__dfxtp_2)
     2    0.005784    0.042621    0.310228    0.586663 ^ _43_/Q (sky130_fd_sc_hd__dfxtp_2)
                                                         net12 (net)
                      0.042621    0.000368    0.587031 ^ output12/A (sky130_fd_sc_hd__clkdlybuf4s25_1)
     1    0.012129    0.131676    0.306831    0.893862 ^ output12/X (sky130_fd_sc_hd__clkdlybuf4s25_1)
                                                         Q[3] (net)
                      0.131677    0.000666    0.894528 ^ Q[3] (out)
                                              0.894528   data arrival time

                                 10.000000   10.000000   clock clk (rise edge)
                                  0.000000   10.000000   clock network delay (propagated)
                                 -0.500000    9.500000   clock uncertainty
                                  0.000000    9.500000   clock reconvergence pessimism
                                 -2.000000    7.500000   output external delay
                                              7.500000   data required time
---------------------------------------------------------------------------------------------
                                              7.500000   data required time
                                             -0.894528   data arrival time
---------------------------------------------------------------------------------------------
                                              6.605473   slack (MET)



