
===========================================================================
 report_power
============================================================================
======================= max_tt_025C_1v80 Corner ===================================

Group                    Internal    Switching      Leakage        Total
                            Power        Power        Power        Power (Watts)
------------------------------------------------------------------------
Sequential           1.761609e-05 9.146443e-07 3.442982e-11 1.853077e-05  19.5%
Combinational        1.008110e-05 5.580668e-06 1.771707e-10 1.566195e-05  16.5%
Clock                5.077742e-05 9.897718e-06 4.873350e-10 6.067562e-05  64.0%
Macro                0.000000e+00 0.000000e+00 0.000000e+00 0.000000e+00   0.0%
Pad                  0.000000e+00 0.000000e+00 0.000000e+00 0.000000e+00   0.0%
------------------------------------------------------------------------
Total                7.847461e-05 1.639303e-05 6.989357e-10 9.486834e-05 100.0%
                            82.7%        17.3%         0.0%

