+ define_corners max_tt_025C_1v80
Reading timing models for corner max_tt_025C_1v80…
Reading cell library for the 'max_tt_025C_1v80' corner at '/home/hk/.ciel/ciel/sky130/versions/8afc8346a57fe1ab7934ba5a6056ea8b43078e71/sky130A/libs.ref/sky130_fd_sc_hd/lib/sky130_fd_sc_hd__tt_025C_1v80.lib'…
Reading top-level netlist at '/home/hk/pd_projects/runs/RUN_2026-06-03_20-26-11/52-openroad-fillinsertion/u_s_r.nl.v'…
Linking design 'u_s_r' from netlist…
Warning: /home/hk/pd_projects/runs/RUN_2026-06-03_20-26-11/52-openroad-fillinsertion/u_s_r.nl.v line 60, module sky130_fd_sc_hd__fill_2 not found. Creating black box for FILLER_0_62.
Warning: /home/hk/pd_projects/runs/RUN_2026-06-03_20-26-11/52-openroad-fillinsertion/u_s_r.nl.v line 67, module sky130_fd_sc_hd__fill_1 not found. Creating black box for FILLER_10_27.
Warning: /home/hk/pd_projects/runs/RUN_2026-06-03_20-26-11/52-openroad-fillinsertion/u_s_r.nl.v line 229, module sky130_fd_sc_hd__tapvpwrvgnd_1 not found. Creating black box for TAP_TAPCELL_ROW_0_24.
Reading design constraints file at '/home/hk/pd_projects/constraints.sdc'…
[INFO] No information on clock propagation in input SDC file-- propagating all clocks.
Reading top-level design parasitics for the 'max_tt_025C_1v80' corner at '/home/hk/pd_projects/runs/RUN_2026-06-03_20-26-11/54-openroad-rcx/max/u_s_r.max.spef'…
%OL_CREATE_REPORT min.rpt

===========================================================================
report_checks -path_delay min (Hold)
============================================================================
======================= max_tt_025C_1v80 Corner ===================================

Startpoint: rst (input port clocked by clk)
Endpoint: _42_ (rising edge-triggered flip-flop clocked by clk)
Path Group: clk
Path Type: min

Fanout         Cap        Slew       Delay        Time   Description
---------------------------------------------------------------------------------------------
                                  0.000000    0.000000   clock clk (rise edge)
                                  0.000000    0.000000   clock network delay (propagated)
                                  0.500000    0.500000 ^ input external delay
     1    0.003285    0.021833    0.012063    0.512063 ^ rst (in)
                                                         rst (net)
                      0.021842    0.000000    0.512063 ^ input8/A (sky130_fd_sc_hd__clkdlybuf4s25_1)
     1    0.005468    0.068467    0.253565    0.765628 ^ input8/X (sky130_fd_sc_hd__clkdlybuf4s25_1)
                                                         net8 (net)
                      0.068468    0.000402    0.766030 ^ _21_/A (sky130_fd_sc_hd__inv_2)
     4    0.015810    0.041833    0.057621    0.823651 v _21_/Y (sky130_fd_sc_hd__inv_2)
                                                         _05_ (net)
                      0.041845    0.000587    0.824238 v _35_/C1 (sky130_fd_sc_hd__o211a_2)
     1    0.003396    0.025531    0.111767    0.936005 v _35_/X (sky130_fd_sc_hd__o211a_2)
                                                         _02_ (net)
                      0.025531    0.000216    0.936222 v _42_/D (sky130_fd_sc_hd__dfxtp_2)
                                              0.936222   data arrival time

                                  0.000000    0.000000   clock clk (rise edge)
                                  0.000000    0.000000   clock source latency
     1    0.010721    0.054677    0.036540    0.036540 ^ clk (in)
                                                         clk (net)
                      0.054685    0.000000    0.036540 ^ clkbuf_0_clk/A (sky130_fd_sc_hd__clkbuf_16)
     2    0.019590    0.041476    0.128150    0.164691 ^ clkbuf_0_clk/X (sky130_fd_sc_hd__clkbuf_16)
                                                         clknet_0_clk (net)
                      0.041510    0.001254    0.165945 ^ clkbuf_1_1__f_clk/A (sky130_fd_sc_hd__clkbuf_16)
     2    0.005161    0.028917    0.109421    0.275366 ^ clkbuf_1_1__f_clk/X (sky130_fd_sc_hd__clkbuf_16)
                                                         clknet_1_1__leaf_clk (net)
                      0.028918    0.000282    0.275648 ^ _42_/CLK (sky130_fd_sc_hd__dfxtp_2)
                                  0.500000    0.775648   clock uncertainty
                                  0.000000    0.775648   clock reconvergence pessimism
                                 -0.041652    0.733996   library hold time
                                              0.733996   data required time
---------------------------------------------------------------------------------------------
                                              0.733996   data required time
                                             -0.936222   data arrival time
---------------------------------------------------------------------------------------------
                                              0.202226   slack (MET)


Startpoint: _41_ (rising edge-triggered flip-flop clocked by clk)
Endpoint: _40_ (rising edge-triggered flip-flop clocked by clk)
Path Group: clk
Path Type: min

Fanout         Cap        Slew       Delay        Time   Description
---------------------------------------------------------------------------------------------
                                  0.000000    0.000000   clock clk (rise edge)
                                  0.000000    0.000000   clock source latency
     1    0.010721    0.054677    0.036540    0.036540 ^ clk (in)
                                                         clk (net)
                      0.054685    0.000000    0.036540 ^ clkbuf_0_clk/A (sky130_fd_sc_hd__clkbuf_16)
     2    0.019590    0.041476    0.128150    0.164691 ^ clkbuf_0_clk/X (sky130_fd_sc_hd__clkbuf_16)
                                                         clknet_0_clk (net)
                      0.041510    0.001254    0.165945 ^ clkbuf_1_1__f_clk/A (sky130_fd_sc_hd__clkbuf_16)
     2    0.005161    0.028917    0.109421    0.275366 ^ clkbuf_1_1__f_clk/X (sky130_fd_sc_hd__clkbuf_16)
                                                         clknet_1_1__leaf_clk (net)
                      0.028918    0.000305    0.275671 ^ _41_/CLK (sky130_fd_sc_hd__dfxtp_2)
     3    0.012255    0.071234    0.333928    0.609599 ^ _41_/Q (sky130_fd_sc_hd__dfxtp_2)
                                                         net10 (net)
                      0.071251    0.001049    0.610648 ^ _26_/A1 (sky130_fd_sc_hd__a211o_2)
     1    0.003026    0.026433    0.119994    0.730642 ^ _26_/X (sky130_fd_sc_hd__a211o_2)
                                                         _10_ (net)
                      0.026438    0.000212    0.730855 ^ _27_/B1 (sky130_fd_sc_hd__o221a_2)
     1    0.002133    0.037223    0.161702    0.892557 ^ _27_/X (sky130_fd_sc_hd__o221a_2)
                                                         _00_ (net)
                      0.037223    0.000152    0.892708 ^ hold16/A (sky130_fd_sc_hd__dlygate4sd3_1)
     1    0.002549    0.050747    0.529918    1.422626 ^ hold16/X (sky130_fd_sc_hd__dlygate4sd3_1)
                                                         net16 (net)
                      0.050747    0.000165    1.422791 ^ _40_/D (sky130_fd_sc_hd__dfxtp_2)
                                              1.422791   data arrival time

                                  0.000000    0.000000   clock clk (rise edge)
                                  0.000000    0.000000   clock source latency
     1    0.010721    0.054677    0.036540    0.036540 ^ clk (in)
                                                         clk (net)
                      0.054685    0.000000    0.036540 ^ clkbuf_0_clk/A (sky130_fd_sc_hd__clkbuf_16)
     2    0.019590    0.041476    0.128150    0.164691 ^ clkbuf_0_clk/X (sky130_fd_sc_hd__clkbuf_16)
                                                         clknet_0_clk (net)
                      0.041510    0.001261    0.165951 ^ clkbuf_1_0__f_clk/A (sky130_fd_sc_hd__clkbuf_16)
     2    0.005797    0.029494    0.110186    0.276137 ^ clkbuf_1_0__f_clk/X (sky130_fd_sc_hd__clkbuf_16)
                                                         clknet_1_0__leaf_clk (net)
                      0.029495    0.000211    0.276348 ^ _40_/CLK (sky130_fd_sc_hd__dfxtp_2)
                                  0.500000    0.776348   clock uncertainty
                                  0.000000    0.776348   clock reconvergence pessimism
                                 -0.034423    0.741925   library hold time
                                              0.741925   data required time
---------------------------------------------------------------------------------------------
                                              0.741925   data required time
                                             -1.422791   data arrival time
---------------------------------------------------------------------------------------------
                                              0.680866   slack (MET)


Startpoint: rst (input port clocked by clk)
Endpoint: _43_ (rising edge-triggered flip-flop clocked by clk)
Path Group: clk
Path Type: min

Fanout         Cap        Slew       Delay        Time   Description
---------------------------------------------------------------------------------------------
                                  0.000000    0.000000   clock clk (rise edge)
                                  0.000000    0.000000   clock network delay (propagated)
                                  0.500000    0.500000 ^ input external delay
     1    0.003285    0.021833    0.012063    0.512063 ^ rst (in)
                                                         rst (net)
                      0.021842    0.000000    0.512063 ^ input8/A (sky130_fd_sc_hd__clkdlybuf4s25_1)
     1    0.005468    0.068467    0.253565    0.765628 ^ input8/X (sky130_fd_sc_hd__clkdlybuf4s25_1)
                                                         net8 (net)
                      0.068468    0.000402    0.766030 ^ _21_/A (sky130_fd_sc_hd__inv_2)
     4    0.015810    0.041833    0.057621    0.823651 v _21_/Y (sky130_fd_sc_hd__inv_2)
                                                         _05_ (net)
                      0.041859    0.000851    0.824502 v _39_/C1 (sky130_fd_sc_hd__o221a_2)
     1    0.002885    0.026021    0.114928    0.939430 v _39_/X (sky130_fd_sc_hd__o221a_2)
                                                         _03_ (net)
                      0.026021    0.000164    0.939594 v hold14/A (sky130_fd_sc_hd__dlygate4sd3_1)
     1    0.002042    0.049383    0.533879    1.473473 v hold14/X (sky130_fd_sc_hd__dlygate4sd3_1)
                                                         net14 (net)
                      0.049383    0.000144    1.473617 v _43_/D (sky130_fd_sc_hd__dfxtp_2)
                                              1.473617   data arrival time

                                  0.000000    0.000000   clock clk (rise edge)
                                  0.000000    0.000000   clock source latency
     1    0.010721    0.054677    0.036540    0.036540 ^ clk (in)
                                                         clk (net)
                      0.054685    0.000000    0.036540 ^ clkbuf_0_clk/A (sky130_fd_sc_hd__clkbuf_16)
     2    0.019590    0.041476    0.128150    0.164691 ^ clkbuf_0_clk/X (sky130_fd_sc_hd__clkbuf_16)
                                                         clknet_0_clk (net)
                      0.041510    0.001261    0.165951 ^ clkbuf_1_0__f_clk/A (sky130_fd_sc_hd__clkbuf_16)
     2    0.005797    0.029494    0.110186    0.276137 ^ clkbuf_1_0__f_clk/X (sky130_fd_sc_hd__clkbuf_16)
                                                         clknet_1_0__leaf_clk (net)
                      0.029495    0.000298    0.276435 ^ _43_/CLK (sky130_fd_sc_hd__dfxtp_2)
                                  0.500000    0.776435   clock uncertainty
                                  0.000000    0.776435   clock reconvergence pessimism
                                 -0.051300    0.725135   library hold time
                                              0.725135   data required time
---------------------------------------------------------------------------------------------
                                              0.725135   data required time
                                             -1.473617   data arrival time
---------------------------------------------------------------------------------------------
                                              0.748482   slack (MET)


Startpoint: rst (input port clocked by clk)
Endpoint: _41_ (rising edge-triggered flip-flop clocked by clk)
Path Group: clk
Path Type: min

Fanout         Cap        Slew       Delay        Time   Description
---------------------------------------------------------------------------------------------
                                  0.000000    0.000000   clock clk (rise edge)
                                  0.000000    0.000000   clock network delay (propagated)
                                  0.500000    0.500000 ^ input external delay
     1    0.003285    0.021833    0.012063    0.512063 ^ rst (in)
                                                         rst (net)
                      0.021842    0.000000    0.512063 ^ input8/A (sky130_fd_sc_hd__clkdlybuf4s25_1)
     1    0.005468    0.068467    0.253565    0.765628 ^ input8/X (sky130_fd_sc_hd__clkdlybuf4s25_1)
                                                         net8 (net)
                      0.068468    0.000402    0.766030 ^ _21_/A (sky130_fd_sc_hd__inv_2)
     4    0.015810    0.041833    0.057621    0.823651 v _21_/Y (sky130_fd_sc_hd__inv_2)
                                                         _05_ (net)
                      0.041849    0.000675    0.824326 v _31_/C1 (sky130_fd_sc_hd__o221a_2)
     1    0.003092    0.026619    0.115768    0.940094 v _31_/X (sky130_fd_sc_hd__o221a_2)
                                                         _01_ (net)
                      0.026635    0.000175    0.940269 v hold18/A (sky130_fd_sc_hd__dlygate4sd3_1)
     1    0.001996    0.049149    0.533702    1.473971 v hold18/X (sky130_fd_sc_hd__dlygate4sd3_1)
                                                         net18 (net)
                      0.049149    0.000142    1.474113 v _41_/D (sky130_fd_sc_hd__dfxtp_2)
                                              1.474113   data arrival time

                                  0.000000    0.000000   clock clk (rise edge)
                                  0.000000    0.000000   clock source latency
     1    0.010721    0.054677    0.036540    0.036540 ^ clk (in)
                                                         clk (net)
                      0.054685    0.000000    0.036540 ^ clkbuf_0_clk/A (sky130_fd_sc_hd__clkbuf_16)
     2    0.019590    0.041476    0.128150    0.164691 ^ clkbuf_0_clk/X (sky130_fd_sc_hd__clkbuf_16)
                                                         clknet_0_clk (net)
                      0.041510    0.001254    0.165945 ^ clkbuf_1_1__f_clk/A (sky130_fd_sc_hd__clkbuf_16)
     2    0.005161    0.028917    0.109421    0.275366 ^ clkbuf_1_1__f_clk/X (sky130_fd_sc_hd__clkbuf_16)
                                                         clknet_1_1__leaf_clk (net)
                      0.028918    0.000305    0.275671 ^ _41_/CLK (sky130_fd_sc_hd__dfxtp_2)
                                  0.500000    0.775671   clock uncertainty
                                  0.000000    0.775671   clock reconvergence pessimism
                                 -0.051333    0.724338   library hold time
                                              0.724338   data required time
---------------------------------------------------------------------------------------------
                                              0.724338   data required time
                                             -1.474113   data arrival time
---------------------------------------------------------------------------------------------
                                              0.749775   slack (MET)


Startpoint: _43_ (rising edge-triggered flip-flop clocked by clk)
Endpoint: Q[3] (output port clocked by clk)
Path Group: clk
Path Type: min

Fanout         Cap        Slew       Delay        Time   Description
---------------------------------------------------------------------------------------------
                                  0.000000    0.000000   clock clk (rise edge)
                                  0.000000    0.000000   clock source latency
     1    0.010721    0.054677    0.036540    0.036540 ^ clk (in)
                                                         clk (net)
                      0.054685    0.000000    0.036540 ^ clkbuf_0_clk/A (sky130_fd_sc_hd__clkbuf_16)
     2    0.019590    0.041476    0.128150    0.164691 ^ clkbuf_0_clk/X (sky130_fd_sc_hd__clkbuf_16)
                                                         clknet_0_clk (net)
                      0.041510    0.001261    0.165951 ^ clkbuf_1_0__f_clk/A (sky130_fd_sc_hd__clkbuf_16)
     2    0.005797    0.029494    0.110186    0.276137 ^ clkbuf_1_0__f_clk/X (sky130_fd_sc_hd__clkbuf_16)
                                                         clknet_1_0__leaf_clk (net)
                      0.029495    0.000298    0.276435 ^ _43_/CLK (sky130_fd_sc_hd__dfxtp_2)
     2    0.005394    0.028169    0.304151    0.580586 v _43_/Q (sky130_fd_sc_hd__dfxtp_2)
                                                         net12 (net)
                      0.028583    0.000340    0.580926 v output12/A (sky130_fd_sc_hd__clkdlybuf4s25_1)
     1    0.012129    0.101017    0.289208    0.870134 v output12/X (sky130_fd_sc_hd__clkdlybuf4s25_1)
                                                         Q[3] (net)
                      0.101020    0.000666    0.870799 v Q[3] (out)
                                              0.870799   data arrival time

                                  0.000000    0.000000   clock clk (rise edge)
                                  0.000000    0.000000   clock network delay (propagated)
                                  0.500000    0.500000   clock uncertainty
                                  0.000000    0.500000   clock reconvergence pessimism
                                 -0.500000    0.000000   output external delay
                                              0.000000   data required time
---------------------------------------------------------------------------------------------
                                              0.000000   data required time
                                             -0.870799   data arrival time
---------------------------------------------------------------------------------------------
                                              0.870799   slack (MET)


Startpoint: _40_ (rising edge-triggered flip-flop clocked by clk)
Endpoint: Q[0] (output port clocked by clk)
Path Group: clk
Path Type: min

Fanout         Cap        Slew       Delay        Time   Description
---------------------------------------------------------------------------------------------
                                  0.000000    0.000000   clock clk (rise edge)
                                  0.000000    0.000000   clock source latency
     1    0.010721    0.054677    0.036540    0.036540 ^ clk (in)
                                                         clk (net)
                      0.054685    0.000000    0.036540 ^ clkbuf_0_clk/A (sky130_fd_sc_hd__clkbuf_16)
     2    0.019590    0.041476    0.128150    0.164691 ^ clkbuf_0_clk/X (sky130_fd_sc_hd__clkbuf_16)
                                                         clknet_0_clk (net)
                      0.041510    0.001261    0.165951 ^ clkbuf_1_0__f_clk/A (sky130_fd_sc_hd__clkbuf_16)
     2    0.005797    0.029494    0.110186    0.276137 ^ clkbuf_1_0__f_clk/X (sky130_fd_sc_hd__clkbuf_16)
                                                         clknet_1_0__leaf_clk (net)
                      0.029495    0.000211    0.276348 ^ _40_/CLK (sky130_fd_sc_hd__dfxtp_2)
     2    0.007818    0.033734    0.310374    0.586722 v _40_/Q (sky130_fd_sc_hd__dfxtp_2)
                                                         net9 (net)
                      0.033734    0.000319    0.587042 v output9/A (sky130_fd_sc_hd__clkdlybuf4s25_1)
     1    0.011263    0.095117    0.286789    0.873831 v output9/X (sky130_fd_sc_hd__clkdlybuf4s25_1)
                                                         Q[0] (net)
                      0.095119    0.000567    0.874398 v Q[0] (out)
                                              0.874398   data arrival time

                                  0.000000    0.000000   clock clk (rise edge)
                                  0.000000    0.000000   clock network delay (propagated)
                                  0.500000    0.500000   clock uncertainty
                                  0.000000    0.500000   clock reconvergence pessimism
                                 -0.500000    0.000000   output external delay
                                              0.000000   data required time
---------------------------------------------------------------------------------------------
                                              0.000000   data required time
                                             -0.874398   data arrival time
---------------------------------------------------------------------------------------------
                                              0.874398   slack (MET)


Startpoint: _42_ (rising edge-triggered flip-flop clocked by clk)
Endpoint: Q[2] (output port clocked by clk)
Path Group: clk
Path Type: min

Fanout         Cap        Slew       Delay        Time   Description
---------------------------------------------------------------------------------------------
                                  0.000000    0.000000   clock clk (rise edge)
                                  0.000000    0.000000   clock source latency
     1    0.010721    0.054677    0.036540    0.036540 ^ clk (in)
                                                         clk (net)
                      0.054685    0.000000    0.036540 ^ clkbuf_0_clk/A (sky130_fd_sc_hd__clkbuf_16)
     2    0.019590    0.041476    0.128150    0.164691 ^ clkbuf_0_clk/X (sky130_fd_sc_hd__clkbuf_16)
                                                         clknet_0_clk (net)
                      0.041510    0.001254    0.165945 ^ clkbuf_1_1__f_clk/A (sky130_fd_sc_hd__clkbuf_16)
     2    0.005161    0.028917    0.109421    0.275366 ^ clkbuf_1_1__f_clk/X (sky130_fd_sc_hd__clkbuf_16)
                                                         clknet_1_1__leaf_clk (net)
                      0.028918    0.000282    0.275648 ^ _42_/CLK (sky130_fd_sc_hd__dfxtp_2)
     4    0.012276    0.042772    0.321245    0.596893 v _42_/Q (sky130_fd_sc_hd__dfxtp_2)
                                                         net11 (net)
                      0.042773    0.000717    0.597610 v output11/A (sky130_fd_sc_hd__clkdlybuf4s25_1)
     1    0.011640    0.097723    0.292703    0.890314 v output11/X (sky130_fd_sc_hd__clkdlybuf4s25_1)
                                                         Q[2] (net)
                      0.097725    0.000567    0.890881 v Q[2] (out)
                                              0.890881   data arrival time

                                  0.000000    0.000000   clock clk (rise edge)
                                  0.000000    0.000000   clock network delay (propagated)
                                  0.500000    0.500000   clock uncertainty
                                  0.000000    0.500000   clock reconvergence pessimism
                                 -0.500000    0.000000   output external delay
                                              0.000000   data required time
---------------------------------------------------------------------------------------------
                                              0.000000   data required time
                                             -0.890881   data arrival time
---------------------------------------------------------------------------------------------
                                              0.890881   slack (MET)


Startpoint: _41_ (rising edge-triggered flip-flop clocked by clk)
Endpoint: Q[1] (output port clocked by clk)
Path Group: clk
Path Type: min

Fanout         Cap        Slew       Delay        Time   Description
---------------------------------------------------------------------------------------------
                                  0.000000    0.000000   clock clk (rise edge)
                                  0.000000    0.000000   clock source latency
     1    0.010721    0.054677    0.036540    0.036540 ^ clk (in)
                                                         clk (net)
                      0.054685    0.000000    0.036540 ^ clkbuf_0_clk/A (sky130_fd_sc_hd__clkbuf_16)
     2    0.019590    0.041476    0.128150    0.164691 ^ clkbuf_0_clk/X (sky130_fd_sc_hd__clkbuf_16)
                                                         clknet_0_clk (net)
                      0.041510    0.001254    0.165945 ^ clkbuf_1_1__f_clk/A (sky130_fd_sc_hd__clkbuf_16)
     2    0.005161    0.028917    0.109421    0.275366 ^ clkbuf_1_1__f_clk/X (sky130_fd_sc_hd__clkbuf_16)
                                                         clknet_1_1__leaf_clk (net)
                      0.028918    0.000305    0.275671 ^ _41_/CLK (sky130_fd_sc_hd__dfxtp_2)
     3    0.011651    0.042223    0.319542    0.595213 v _41_/Q (sky130_fd_sc_hd__dfxtp_2)
                                                         net10 (net)
                      0.042223    0.000776    0.595989 v output10/A (sky130_fd_sc_hd__clkdlybuf4s25_1)
     1    0.012818    0.105795    0.298762    0.894751 v output10/X (sky130_fd_sc_hd__clkdlybuf4s25_1)
                                                         Q[1] (net)
                      0.105797    0.000659    0.895410 v Q[1] (out)
                                              0.895410   data arrival time

                                  0.000000    0.000000   clock clk (rise edge)
                                  0.000000    0.000000   clock network delay (propagated)
                                  0.500000    0.500000   clock uncertainty
                                  0.000000    0.500000   clock reconvergence pessimism
                                 -0.500000    0.000000   output external delay
                                              0.000000   data required time
---------------------------------------------------------------------------------------------
                                              0.000000   data required time
                                             -0.895410   data arrival time
---------------------------------------------------------------------------------------------
                                              0.895410   slack (MET)



%OL_END_REPORT
%OL_CREATE_REPORT max.rpt

===========================================================================
report_checks -path_delay max (Setup)
============================================================================
======================= max_tt_025C_1v80 Corner ===================================

Startpoint: mode[1] (input port clocked by clk)
Endpoint: _40_ (rising edge-triggered flip-flop clocked by clk)
Path Group: clk
Path Type: max

Fanout         Cap        Slew       Delay        Time   Description
---------------------------------------------------------------------------------------------
                                  0.000000    0.000000   clock clk (rise edge)
                                  0.000000    0.000000   clock network delay (propagated)
                                  2.000000    2.000000 v input external delay
     1    0.004407    0.012333    0.007205    2.007205 v mode[1] (in)
                                                         mode[1] (net)
                      0.012336    0.000000    2.007205 v input7/A (sky130_fd_sc_hd__clkdlybuf4s25_1)
    11    0.032591    0.243658    0.391417    2.398623 v input7/X (sky130_fd_sc_hd__clkdlybuf4s25_1)
                                                         net7 (net)
                      0.243660    0.001135    2.399757 v _22_/B (sky130_fd_sc_hd__and3_2)
     1    0.004832    0.043144    0.288232    2.687989 v _22_/X (sky130_fd_sc_hd__and3_2)
                                                         _06_ (net)
                      0.043144    0.000317    2.688306 v _26_/B1 (sky130_fd_sc_hd__a211o_2)
     1    0.002856    0.046410    0.295930    2.984236 v _26_/X (sky130_fd_sc_hd__a211o_2)
                                                         _10_ (net)
                      0.046410    0.000199    2.984435 v _27_/B1 (sky130_fd_sc_hd__o221a_2)
     1    0.001968    0.040159    0.233432    3.217868 v _27_/X (sky130_fd_sc_hd__o221a_2)
                                                         _00_ (net)
                      0.040159    0.000139    3.218007 v hold16/A (sky130_fd_sc_hd__dlygate4sd3_1)
     1    0.002556    0.051577    0.544046    3.762053 v hold16/X (sky130_fd_sc_hd__dlygate4sd3_1)
                                                         net16 (net)
                      0.051577    0.000165    3.762218 v _40_/D (sky130_fd_sc_hd__dfxtp_2)
                                              3.762218   data arrival time

                                 10.000000   10.000000   clock clk (rise edge)
                                  0.000000   10.000000   clock source latency
     1    0.010721    0.054677    0.036541   10.036541 ^ clk (in)
                                                         clk (net)
                      0.054685    0.000000   10.036541 ^ clkbuf_0_clk/A (sky130_fd_sc_hd__clkbuf_16)
     2    0.019590    0.041476    0.128150   10.164691 ^ clkbuf_0_clk/X (sky130_fd_sc_hd__clkbuf_16)
                                                         clknet_0_clk (net)
                      0.041510    0.001261   10.165952 ^ clkbuf_1_0__f_clk/A (sky130_fd_sc_hd__clkbuf_16)
     2    0.005797    0.029494    0.110186   10.276137 ^ clkbuf_1_0__f_clk/X (sky130_fd_sc_hd__clkbuf_16)
                                                         clknet_1_0__leaf_clk (net)
                      0.029495    0.000211   10.276349 ^ _40_/CLK (sky130_fd_sc_hd__dfxtp_2)
                                 -0.500000    9.776349   clock uncertainty
                                  0.000000    9.776349   clock reconvergence pessimism
                                 -0.119380    9.656969   library setup time
                                              9.656969   data required time
---------------------------------------------------------------------------------------------
                                              9.656969   data required time
                                             -3.762218   data arrival time
---------------------------------------------------------------------------------------------
                                              5.894751   slack (MET)


Startpoint: mode[1] (input port clocked by clk)
Endpoint: _43_ (rising edge-triggered flip-flop clocked by clk)
Path Group: clk
Path Type: max

Fanout         Cap        Slew       Delay        Time   Description
---------------------------------------------------------------------------------------------
                                  0.000000    0.000000   clock clk (rise edge)
                                  0.000000    0.000000   clock network delay (propagated)
                                  2.000000    2.000000 v input external delay
     1    0.004407    0.012333    0.007205    2.007205 v mode[1] (in)
                                                         mode[1] (net)
                      0.012336    0.000000    2.007205 v input7/A (sky130_fd_sc_hd__clkdlybuf4s25_1)
    11    0.032591    0.243658    0.391417    2.398623 v input7/X (sky130_fd_sc_hd__clkdlybuf4s25_1)
                                                         net7 (net)
                      0.243660    0.001133    2.399755 v _36_/B (sky130_fd_sc_hd__and3_2)
     1    0.003766    0.040282    0.283841    2.683597 v _36_/X (sky130_fd_sc_hd__and3_2)
                                                         _17_ (net)
                      0.040282    0.000256    2.683852 v _38_/C1 (sky130_fd_sc_hd__a211o_2)
     1    0.005496    0.055185    0.271209    2.955061 v _38_/X (sky130_fd_sc_hd__a211o_2)
                                                         _19_ (net)
                      0.055185    0.000368    2.955429 v _39_/B2 (sky130_fd_sc_hd__o221a_2)
     1    0.002885    0.042607    0.223756    3.179185 v _39_/X (sky130_fd_sc_hd__o221a_2)
                                                         _03_ (net)
                      0.042607    0.000164    3.179349 v hold14/A (sky130_fd_sc_hd__dlygate4sd3_1)
     1    0.002042    0.049256    0.540331    3.719681 v hold14/X (sky130_fd_sc_hd__dlygate4sd3_1)
                                                         net14 (net)
                      0.049256    0.000144    3.719825 v _43_/D (sky130_fd_sc_hd__dfxtp_2)
                                              3.719825   data arrival time

                                 10.000000   10.000000   clock clk (rise edge)
                                  0.000000   10.000000   clock source latency
     1    0.010721    0.054677    0.036541   10.036541 ^ clk (in)
                                                         clk (net)
                      0.054685    0.000000   10.036541 ^ clkbuf_0_clk/A (sky130_fd_sc_hd__clkbuf_16)
     2    0.019590    0.041476    0.128150   10.164691 ^ clkbuf_0_clk/X (sky130_fd_sc_hd__clkbuf_16)
                                                         clknet_0_clk (net)
                      0.041510    0.001261   10.165952 ^ clkbuf_1_0__f_clk/A (sky130_fd_sc_hd__clkbuf_16)
     2    0.005797    0.029494    0.110186   10.276137 ^ clkbuf_1_0__f_clk/X (sky130_fd_sc_hd__clkbuf_16)
                                                         clknet_1_0__leaf_clk (net)
                      0.029495    0.000298   10.276435 ^ _43_/CLK (sky130_fd_sc_hd__dfxtp_2)
                                 -0.500000    9.776435   clock uncertainty
                                  0.000000    9.776435   clock reconvergence pessimism
                                 -0.118366    9.658070   library setup time
                                              9.658070   data required time
---------------------------------------------------------------------------------------------
                                              9.658070   data required time
                                             -3.719825   data arrival time
---------------------------------------------------------------------------------------------
                                              5.938245   slack (MET)


Startpoint: mode[1] (input port clocked by clk)
Endpoint: _41_ (rising edge-triggered flip-flop clocked by clk)
Path Group: clk
Path Type: max

Fanout         Cap        Slew       Delay        Time   Description
---------------------------------------------------------------------------------------------
                                  0.000000    0.000000   clock clk (rise edge)
                                  0.000000    0.000000   clock network delay (propagated)
                                  2.000000    2.000000 ^ input external delay
     1    0.004632    0.027691    0.016731    2.016731 ^ mode[1] (in)
                                                         mode[1] (net)
                      0.027693    0.000000    2.016731 ^ input7/A (sky130_fd_sc_hd__clkdlybuf4s25_1)
    11    0.034283    0.346701    0.452912    2.469643 ^ input7/X (sky130_fd_sc_hd__clkdlybuf4s25_1)
                                                         net7 (net)
                      0.346702    0.001215    2.470858 ^ _29_/A_N (sky130_fd_sc_hd__nand2b_2)
     1    0.002912    0.040748    0.183209    2.654067 ^ _29_/Y (sky130_fd_sc_hd__nand2b_2)
                                                         _12_ (net)
                      0.040748    0.000185    2.654251 ^ _30_/A2_N (sky130_fd_sc_hd__o2bb2a_2)
     1    0.002653    0.042805    0.195537    2.849788 v _30_/X (sky130_fd_sc_hd__o2bb2a_2)
                                                         _13_ (net)
                      0.042805    0.000187    2.849975 v _31_/B2 (sky130_fd_sc_hd__o221a_2)
     1    0.003092    0.042935    0.220446    3.070421 v _31_/X (sky130_fd_sc_hd__o221a_2)
                                                         _01_ (net)
                      0.042935    0.000175    3.070596 v hold18/A (sky130_fd_sc_hd__dlygate4sd3_1)
     1    0.001996    0.049026    0.540043    3.610639 v hold18/X (sky130_fd_sc_hd__dlygate4sd3_1)
                                                         net18 (net)
                      0.049026    0.000142    3.610781 v _41_/D (sky130_fd_sc_hd__dfxtp_2)
                                              3.610781   data arrival time

                                 10.000000   10.000000   clock clk (rise edge)
                                  0.000000   10.000000   clock source latency
     1    0.010721    0.054677    0.036541   10.036541 ^ clk (in)
                                                         clk (net)
                      0.054685    0.000000   10.036541 ^ clkbuf_0_clk/A (sky130_fd_sc_hd__clkbuf_16)
     2    0.019590    0.041476    0.128150   10.164691 ^ clkbuf_0_clk/X (sky130_fd_sc_hd__clkbuf_16)
                                                         clknet_0_clk (net)
                      0.041510    0.001254   10.165945 ^ clkbuf_1_1__f_clk/A (sky130_fd_sc_hd__clkbuf_16)
     2    0.005161    0.028917    0.109422   10.275367 ^ clkbuf_1_1__f_clk/X (sky130_fd_sc_hd__clkbuf_16)
                                                         clknet_1_1__leaf_clk (net)
                      0.028918    0.000305   10.275671 ^ _41_/CLK (sky130_fd_sc_hd__dfxtp_2)
                                 -0.500000    9.775671   clock uncertainty
                                  0.000000    9.775671   clock reconvergence pessimism
                                 -0.118400    9.657270   library setup time
                                              9.657270   data required time
---------------------------------------------------------------------------------------------
                                              9.657270   data required time
                                             -3.610781   data arrival time
---------------------------------------------------------------------------------------------
                                              6.046490   slack (MET)


Startpoint: mode[1] (input port clocked by clk)
Endpoint: _42_ (rising edge-triggered flip-flop clocked by clk)
Path Group: clk
Path Type: max

Fanout         Cap        Slew       Delay        Time   Description
---------------------------------------------------------------------------------------------
                                  0.000000    0.000000   clock clk (rise edge)
                                  0.000000    0.000000   clock network delay (propagated)
                                  2.000000    2.000000 v input external delay
     1    0.004407    0.012333    0.007205    2.007205 v mode[1] (in)
                                                         mode[1] (net)
                      0.012336    0.000000    2.007205 v input7/A (sky130_fd_sc_hd__clkdlybuf4s25_1)
    11    0.032591    0.243658    0.391417    2.398623 v input7/X (sky130_fd_sc_hd__clkdlybuf4s25_1)
                                                         net7 (net)
                      0.243658    0.000811    2.399433 v _32_/B (sky130_fd_sc_hd__and3_2)
     1    0.004424    0.042293    0.286892    2.686325 v _32_/X (sky130_fd_sc_hd__and3_2)
                                                         _14_ (net)
                      0.042293    0.000193    2.686518 v _34_/C1 (sky130_fd_sc_hd__a2111o_2)
     1    0.007188    0.074768    0.413222    3.099740 v _34_/X (sky130_fd_sc_hd__a2111o_2)
                                                         _16_ (net)
                      0.074768    0.000590    3.100331 v _35_/B1 (sky130_fd_sc_hd__o211a_2)
     1    0.003396    0.042095    0.143076    3.243407 v _35_/X (sky130_fd_sc_hd__o211a_2)
                                                         _02_ (net)
                      0.042161    0.000216    3.243623 v _42_/D (sky130_fd_sc_hd__dfxtp_2)
                                              3.243623   data arrival time

                                 10.000000   10.000000   clock clk (rise edge)
                                  0.000000   10.000000   clock source latency
     1    0.010721    0.054677    0.036541   10.036541 ^ clk (in)
                                                         clk (net)
                      0.054685    0.000000   10.036541 ^ clkbuf_0_clk/A (sky130_fd_sc_hd__clkbuf_16)
     2    0.019590    0.041476    0.128150   10.164691 ^ clkbuf_0_clk/X (sky130_fd_sc_hd__clkbuf_16)
                                                         clknet_0_clk (net)
                      0.041510    0.001254   10.165945 ^ clkbuf_1_1__f_clk/A (sky130_fd_sc_hd__clkbuf_16)
     2    0.005161    0.028917    0.109422   10.275367 ^ clkbuf_1_1__f_clk/X (sky130_fd_sc_hd__clkbuf_16)
                                                         clknet_1_1__leaf_clk (net)
                      0.028918    0.000282   10.275648 ^ _42_/CLK (sky130_fd_sc_hd__dfxtp_2)
                                 -0.500000    9.775648   clock uncertainty
                                  0.000000    9.775648   clock reconvergence pessimism
                                 -0.115402    9.660246   library setup time
                                              9.660246   data required time
---------------------------------------------------------------------------------------------
                                              9.660246   data required time
                                             -3.243623   data arrival time
---------------------------------------------------------------------------------------------
                                              6.416623   slack (MET)


Startpoint: _41_ (rising edge-triggered flip-flop clocked by clk)
Endpoint: Q[1] (output port clocked by clk)
Path Group: clk
Path Type: max

Fanout         Cap        Slew       Delay        Time   Description
---------------------------------------------------------------------------------------------
                                  0.000000    0.000000   clock clk (rise edge)
                                  0.000000    0.000000   clock source latency
     1    0.010721    0.054677    0.036540    0.036540 ^ clk (in)
                                                         clk (net)
                      0.054685    0.000000    0.036540 ^ clkbuf_0_clk/A (sky130_fd_sc_hd__clkbuf_16)
     2    0.019590    0.041476    0.128150    0.164691 ^ clkbuf_0_clk/X (sky130_fd_sc_hd__clkbuf_16)
                                                         clknet_0_clk (net)
                      0.041510    0.001254    0.165945 ^ clkbuf_1_1__f_clk/A (sky130_fd_sc_hd__clkbuf_16)
     2    0.005161    0.028917    0.109421    0.275366 ^ clkbuf_1_1__f_clk/X (sky130_fd_sc_hd__clkbuf_16)
                                                         clknet_1_1__leaf_clk (net)
                      0.028918    0.000305    0.275671 ^ _41_/CLK (sky130_fd_sc_hd__dfxtp_2)
     3    0.012255    0.071234    0.333928    0.609599 ^ _41_/Q (sky130_fd_sc_hd__dfxtp_2)
                                                         net10 (net)
                      0.071243    0.000819    0.610418 ^ output10/A (sky130_fd_sc_hd__clkdlybuf4s25_1)
     1    0.012818    0.138288    0.321493    0.931911 ^ output10/X (sky130_fd_sc_hd__clkdlybuf4s25_1)
                                                         Q[1] (net)
                      0.138289    0.000659    0.932570 ^ Q[1] (out)
                                              0.932570   data arrival time

                                 10.000000   10.000000   clock clk (rise edge)
                                  0.000000   10.000000   clock network delay (propagated)
                                 -0.500000    9.500000   clock uncertainty
                                  0.000000    9.500000   clock reconvergence pessimism
                                 -2.000000    7.500000   output external delay
                                              7.500000   data required time
---------------------------------------------------------------------------------------------
                                              7.500000   data required time
                                             -0.932570   data arrival time
---------------------------------------------------------------------------------------------
                                              6.567430   slack (MET)


Startpoint: _42_ (rising edge-triggered flip-flop clocked by clk)
Endpoint: Q[2] (output port clocked by clk)
Path Group: clk
Path Type: max

Fanout         Cap        Slew       Delay        Time   Description
---------------------------------------------------------------------------------------------
                                  0.000000    0.000000   clock clk (rise edge)
                                  0.000000    0.000000   clock source latency
     1    0.010721    0.054677    0.036540    0.036540 ^ clk (in)
                                                         clk (net)
                      0.054685    0.000000    0.036540 ^ clkbuf_0_clk/A (sky130_fd_sc_hd__clkbuf_16)
     2    0.019590    0.041476    0.128150    0.164691 ^ clkbuf_0_clk/X (sky130_fd_sc_hd__clkbuf_16)
                                                         clknet_0_clk (net)
                      0.041510    0.001254    0.165945 ^ clkbuf_1_1__f_clk/A (sky130_fd_sc_hd__clkbuf_16)
     2    0.005161    0.028917    0.109421    0.275366 ^ clkbuf_1_1__f_clk/X (sky130_fd_sc_hd__clkbuf_16)
                                                         clknet_1_1__leaf_clk (net)
                      0.028918    0.000282    0.275648 ^ _42_/CLK (sky130_fd_sc_hd__dfxtp_2)
     4    0.013232    0.075967    0.337424    0.613073 ^ _42_/Q (sky130_fd_sc_hd__dfxtp_2)
                                                         net11 (net)
                      0.075974    0.000775    0.613848 ^ output11/A (sky130_fd_sc_hd__clkdlybuf4s25_1)
     1    0.011640    0.126941    0.315118    0.928966 ^ output11/X (sky130_fd_sc_hd__clkdlybuf4s25_1)
                                                         Q[2] (net)
                      0.126942    0.000567    0.929533 ^ Q[2] (out)
                                              0.929533   data arrival time

                                 10.000000   10.000000   clock clk (rise edge)
                                  0.000000   10.000000   clock network delay (propagated)
                                 -0.500000    9.500000   clock uncertainty
                                  0.000000    9.500000   clock reconvergence pessimism
                                 -2.000000    7.500000   output external delay
                                              7.500000   data required time
---------------------------------------------------------------------------------------------
                                              7.500000   data required time
                                             -0.929533   data arrival time
---------------------------------------------------------------------------------------------
                                              6.570467   slack (MET)


Startpoint: _40_ (rising edge-triggered flip-flop clocked by clk)
Endpoint: Q[0] (output port clocked by clk)
Path Group: clk
Path Type: max

Fanout         Cap        Slew       Delay        Time   Description
---------------------------------------------------------------------------------------------
                                  0.000000    0.000000   clock clk (rise edge)
                                  0.000000    0.000000   clock source latency
     1    0.010721    0.054677    0.036540    0.036540 ^ clk (in)
                                                         clk (net)
                      0.054685    0.000000    0.036540 ^ clkbuf_0_clk/A (sky130_fd_sc_hd__clkbuf_16)
     2    0.019590    0.041476    0.128150    0.164691 ^ clkbuf_0_clk/X (sky130_fd_sc_hd__clkbuf_16)
                                                         clknet_0_clk (net)
                      0.041510    0.001261    0.165951 ^ clkbuf_1_0__f_clk/A (sky130_fd_sc_hd__clkbuf_16)
     2    0.005797    0.029494    0.110186    0.276137 ^ clkbuf_1_0__f_clk/X (sky130_fd_sc_hd__clkbuf_16)
                                                         clknet_1_0__leaf_clk (net)
                      0.029495    0.000211    0.276348 ^ _40_/CLK (sky130_fd_sc_hd__dfxtp_2)
     2    0.008208    0.053355    0.319353    0.595701 ^ _40_/Q (sky130_fd_sc_hd__dfxtp_2)
                                                         net9 (net)
                      0.053355    0.000341    0.596042 ^ output9/A (sky130_fd_sc_hd__clkdlybuf4s25_1)
     1    0.011263    0.123310    0.304673    0.900715 ^ output9/X (sky130_fd_sc_hd__clkdlybuf4s25_1)
                                                         Q[0] (net)
                      0.123310    0.000567    0.901282 ^ Q[0] (out)
                                              0.901282   data arrival time

                                 10.000000   10.000000   clock clk (rise edge)
                                  0.000000   10.000000   clock network delay (propagated)
                                 -0.500000    9.500000   clock uncertainty
                                  0.000000    9.500000   clock reconvergence pessimism
                                 -2.000000    7.500000   output external delay
                                              7.500000   data required time
---------------------------------------------------------------------------------------------
                                              7.500000   data required time
                                             -0.901282   data arrival time
---------------------------------------------------------------------------------------------
                                              6.598717   slack (MET)


Startpoint: _43_ (rising edge-triggered flip-flop clocked by clk)
Endpoint: Q[3] (output port clocked by clk)
Path Group: clk
Path Type: max

Fanout         Cap        Slew       Delay        Time   Description
---------------------------------------------------------------------------------------------
                                  0.000000    0.000000   clock clk (rise edge)
                                  0.000000    0.000000   clock source latency
     1    0.010721    0.054677    0.036540    0.036540 ^ clk (in)
                                                         clk (net)
                      0.054685    0.000000    0.036540 ^ clkbuf_0_clk/A (sky130_fd_sc_hd__clkbuf_16)
     2    0.019590    0.041476    0.128150    0.164691 ^ clkbuf_0_clk/X (sky130_fd_sc_hd__clkbuf_16)
                                                         clknet_0_clk (net)
                      0.041510    0.001261    0.165951 ^ clkbuf_1_0__f_clk/A (sky130_fd_sc_hd__clkbuf_16)
     2    0.005797    0.029494    0.110186    0.276137 ^ clkbuf_1_0__f_clk/X (sky130_fd_sc_hd__clkbuf_16)
                                                         clknet_1_0__leaf_clk (net)
                      0.029495    0.000298    0.276435 ^ _43_/CLK (sky130_fd_sc_hd__dfxtp_2)
     2    0.005784    0.042621    0.310228    0.586663 ^ _43_/Q (sky130_fd_sc_hd__dfxtp_2)
                                                         net12 (net)
                      0.042621    0.000368    0.587031 ^ output12/A (sky130_fd_sc_hd__clkdlybuf4s25_1)
     1    0.012129    0.131676    0.306831    0.893862 ^ output12/X (sky130_fd_sc_hd__clkdlybuf4s25_1)
                                                         Q[3] (net)
                      0.131677    0.000666    0.894528 ^ Q[3] (out)
                                              0.894528   data arrival time

                                 10.000000   10.000000   clock clk (rise edge)
                                  0.000000   10.000000   clock network delay (propagated)
                                 -0.500000    9.500000   clock uncertainty
                                  0.000000    9.500000   clock reconvergence pessimism
                                 -2.000000    7.500000   output external delay
                                              7.500000   data required time
---------------------------------------------------------------------------------------------
                                              7.500000   data required time
                                             -0.894528   data arrival time
---------------------------------------------------------------------------------------------
                                              6.605473   slack (MET)



%OL_END_REPORT
%OL_CREATE_REPORT checks.rpt

===========================================================================
report_checks -unconstrained
===========================================================================
======================= max_tt_025C_1v80 Corner ===================================

Startpoint: mode[1] (input port clocked by clk)
Endpoint: _40_ (rising edge-triggered flip-flop clocked by clk)
Path Group: clk
Path Type: max

Fanout         Cap        Slew       Delay        Time   Description
---------------------------------------------------------------------------------------------
                                  0.000000    0.000000   clock clk (rise edge)
                                  0.000000    0.000000   clock network delay (propagated)
                                  2.000000    2.000000 v input external delay
     1    0.004407    0.012333    0.007205    2.007205 v mode[1] (in)
                                                         mode[1] (net)
                      0.012336    0.000000    2.007205 v input7/A (sky130_fd_sc_hd__clkdlybuf4s25_1)
    11    0.032591    0.243658    0.391417    2.398623 v input7/X (sky130_fd_sc_hd__clkdlybuf4s25_1)
                                                         net7 (net)
                      0.243660    0.001135    2.399757 v _22_/B (sky130_fd_sc_hd__and3_2)
     1    0.004832    0.043144    0.288232    2.687989 v _22_/X (sky130_fd_sc_hd__and3_2)
                                                         _06_ (net)
                      0.043144    0.000317    2.688306 v _26_/B1 (sky130_fd_sc_hd__a211o_2)
     1    0.002856    0.046410    0.295930    2.984236 v _26_/X (sky130_fd_sc_hd__a211o_2)
                                                         _10_ (net)
                      0.046410    0.000199    2.984435 v _27_/B1 (sky130_fd_sc_hd__o221a_2)
     1    0.001968    0.040159    0.233432    3.217868 v _27_/X (sky130_fd_sc_hd__o221a_2)
                                                         _00_ (net)
                      0.040159    0.000139    3.218007 v hold16/A (sky130_fd_sc_hd__dlygate4sd3_1)
     1    0.002556    0.051577    0.544046    3.762053 v hold16/X (sky130_fd_sc_hd__dlygate4sd3_1)
                                                         net16 (net)
                      0.051577    0.000165    3.762218 v _40_/D (sky130_fd_sc_hd__dfxtp_2)
                                              3.762218   data arrival time

                                 10.000000   10.000000   clock clk (rise edge)
                                  0.000000   10.000000   clock source latency
     1    0.010721    0.054677    0.036541   10.036541 ^ clk (in)
                                                         clk (net)
                      0.054685    0.000000   10.036541 ^ clkbuf_0_clk/A (sky130_fd_sc_hd__clkbuf_16)
     2    0.019590    0.041476    0.128150   10.164691 ^ clkbuf_0_clk/X (sky130_fd_sc_hd__clkbuf_16)
                                                         clknet_0_clk (net)
                      0.041510    0.001261   10.165952 ^ clkbuf_1_0__f_clk/A (sky130_fd_sc_hd__clkbuf_16)
     2    0.005797    0.029494    0.110186   10.276137 ^ clkbuf_1_0__f_clk/X (sky130_fd_sc_hd__clkbuf_16)
                                                         clknet_1_0__leaf_clk (net)
                      0.029495    0.000211   10.276349 ^ _40_/CLK (sky130_fd_sc_hd__dfxtp_2)
                                 -0.500000    9.776349   clock uncertainty
                                  0.000000    9.776349   clock reconvergence pessimism
                                 -0.119380    9.656969   library setup time
                                              9.656969   data required time
---------------------------------------------------------------------------------------------
                                              9.656969   data required time
                                             -3.762218   data arrival time
---------------------------------------------------------------------------------------------
                                              5.894751   slack (MET)




===========================================================================
report_checks --slack_max -0.01
============================================================================
======================= max_tt_025C_1v80 Corner ===================================

No paths found.


===========================================================================
 report_check_types -max_slew -max_cap -max_fanout -violators
============================================================================
======================= max_tt_025C_1v80 Corner ===================================



===========================================================================
report_parasitic_annotation -report_unannotated
============================================================================
Found 0 unannotated drivers.
Found 0 partially unannotated drivers.

===========================================================================
max slew violation count 0
%OL_METRIC_I design__max_slew_violation__count__corner:max_tt_025C_1v80 0
max fanout violation count 0
%OL_METRIC_I design__max_fanout_violation__count__corner:max_tt_025C_1v80 0
max cap violation count 0
%OL_METRIC_I design__max_cap_violation__count__corner:max_tt_025C_1v80 0
============================================================================

===========================================================================
check_setup -verbose -unconstrained_endpoints -multiple_clock -no_clock -no_input_delay -loops -generated_clocks
===========================================================================
%OL_END_REPORT
%OL_CREATE_REPORT power.rpt

===========================================================================
 report_power
============================================================================
======================= max_tt_025C_1v80 Corner ===================================

Group                    Internal    Switching      Leakage        Total
                            Power        Power        Power        Power (Watts)
------------------------------------------------------------------------
Sequential           1.761609e-05 9.146443e-07 3.442982e-11 1.853077e-05  19.5%
Combinational        1.008110e-05 5.580668e-06 1.771707e-10 1.566195e-05  16.5%
Clock                5.077742e-05 9.897718e-06 4.873350e-10 6.067562e-05  64.0%
Macro                0.000000e+00 0.000000e+00 0.000000e+00 0.000000e+00   0.0%
Pad                  0.000000e+00 0.000000e+00 0.000000e+00 0.000000e+00   0.0%
------------------------------------------------------------------------
Total                7.847461e-05 1.639303e-05 6.989357e-10 9.486834e-05 100.0%
                            82.7%        17.3%         0.0%
%OL_METRIC_F power__internal__total 7.847460801713169e-5
%OL_METRIC_F power__switching__total 1.6393029000028037e-5
%OL_METRIC_F power__leakage__total 6.989357426157028e-10
%OL_METRIC_F power__total 9.486833732808009e-5

%OL_END_REPORT
%OL_CREATE_REPORT skew.min.rpt

===========================================================================
Clock Skew (Hold)
============================================================================
%OL_METRIC_F clock__skew__worst_hold__corner:max_tt_025C_1v80 -0.5007866485463461
======================= max_tt_025C_1v80 Corner ===================================

Clock clk
0.275648 source latency _42_/CLK ^
-0.276435 target latency _43_/CLK ^
-0.500000 clock uncertainty
0.000000 CRPR
--------------
-0.500787 hold skew

%OL_END_REPORT
%OL_CREATE_REPORT skew.max.rpt

===========================================================================
Clock Skew (Setup)
============================================================================
%OL_METRIC_F clock__skew__worst_setup__corner:max_tt_025C_1v80 0.5007866485463461
======================= max_tt_025C_1v80 Corner ===================================

Clock clk
0.276435 source latency _43_/CLK ^
-0.275648 target latency _42_/CLK ^
0.500000 clock uncertainty
0.000000 CRPR
--------------
0.500787 setup skew

%OL_END_REPORT
%OL_CREATE_REPORT ws.min.rpt

===========================================================================
Worst Slack (Hold)
============================================================================
%OL_METRIC_F timing__hold__ws__corner:max_tt_025C_1v80 0.20222563085372045
max_tt_025C_1v80: 0.20222563085372045
%OL_END_REPORT
%OL_CREATE_REPORT ws.max.rpt

===========================================================================
Worst Slack (Setup)
============================================================================
%OL_METRIC_F timing__setup__ws__corner:max_tt_025C_1v80 5.894751076333497
max_tt_025C_1v80: 5.894751076333497
%OL_END_REPORT
%OL_CREATE_REPORT tns.min.rpt

===========================================================================
Total Negative Slack (Hold)
============================================================================
%OL_METRIC_F timing__hold__tns__corner:max_tt_025C_1v80 0.0
max_tt_025C_1v80: 0.0
%OL_END_REPORT
%OL_CREATE_REPORT tns.max.rpt

===========================================================================
Total Negative Slack (Setup)
============================================================================
%OL_METRIC_F timing__setup__tns__corner:max_tt_025C_1v80 0.0
max_tt_025C_1v80: 0.0
%OL_END_REPORT
%OL_CREATE_REPORT wns.min.rpt

===========================================================================
Worst Negative Slack (Hold)
============================================================================
%OL_METRIC_F timing__hold__wns__corner:max_tt_025C_1v80 0
max_tt_025C_1v80: 0
%OL_END_REPORT
%OL_CREATE_REPORT wns.max.rpt

===========================================================================
Worst Negative Slack (Setup)
============================================================================
%OL_METRIC_F timing__setup__wns__corner:max_tt_025C_1v80 0.0
max_tt_025C_1v80: 0.0
%OL_END_REPORT
%OL_CREATE_REPORT violator_list.rpt

===========================================================================
Violator List
============================================================================
%OL_METRIC_I timing__hold_vio__count__corner:max_tt_025C_1v80 0
%OL_METRIC_F timing__hold_r2r__ws__corner:max_tt_025C_1v80 0.680866
%OL_METRIC_I timing__hold_r2r_vio__count__corner:max_tt_025C_1v80 0
%OL_METRIC_I timing__setup_vio__count__corner:max_tt_025C_1v80 0
%OL_METRIC_F timing__setup_r2r__ws__corner:max_tt_025C_1v80 inf
%OL_METRIC_I timing__setup_r2r_vio__count__corner:max_tt_025C_1v80 0
%OL_END_REPORT
%OL_CREATE_REPORT unpropagated.rpt
%OL_END_REPORT
%OL_CREATE_REPORT clock.rpt
Clock: clk
Sources: clk 
Generated: no
Virtual: yes
Propagated: no
Period: 10.000000

===========================================================================
report_clock_properties
============================================================================
Clock                   Period          Waveform
----------------------------------------------------
clk                  10.000000    0.000000  5.000000

===========================================================================
report_clock_latency
============================================================================
Clock clk
rise -> rise
    min     max
0.000000 0.000000 source latency
0.275648         network latency _42_/CLK
        0.276435 network latency _43_/CLK
---------------
0.275648 0.276435 latency
        0.000787 skew

fall -> fall
    min     max
0.000000 0.000000 source latency
0.281542         network latency _42_/CLK
        0.282262 network latency _43_/CLK
---------------
0.281542 0.282262 latency
        0.000719 skew



===========================================================================
report_clock_min_period
============================================================================
clk period_min = 2.52 fmax = 397.02
%OL_END_REPORT
Writing SDF files for all corners…
Removing Clock latencies before writing libs…
Writing timing models for all corners…
Writing timing models for the max_tt_025C_1v80 corner to /home/hk/pd_projects/runs/RUN_2026-06-03_20-26-11/55-openroad-stapostpnr/max_tt_025C_1v80/u_s_r__max_tt_025C_1v80.lib…
