Clock: clk
Sources: clk 
Generated: no
Virtual: yes
Propagated: no
Period: 10.000000

===========================================================================
report_clock_properties
============================================================================
Clock                   Period          Waveform
----------------------------------------------------
clk                  10.000000    0.000000  5.000000

===========================================================================
report_clock_latency
============================================================================
Clock clk
rise -> rise
    min     max
0.000000 0.000000 source latency
0.266204         network latency _42_/CLK
        0.266450 network latency _43_/CLK
---------------
0.266204 0.266450 latency
        0.000246 skew

fall -> fall
    min     max
0.000000 0.000000 source latency
0.275117         network latency _42_/CLK
        0.275341 network latency _43_/CLK
---------------
0.275117 0.275341 latency
        0.000224 skew



===========================================================================
report_clock_min_period
============================================================================
clk period_min = 2.48 fmax = 402.46
