
===========================================================================
report_checks -path_delay min (Hold)
============================================================================
======================= nom_tt_025C_1v80 Corner ===================================

Startpoint: rst (input port clocked by clk)
Endpoint: _42_ (rising edge-triggered flip-flop clocked by clk)
Path Group: clk
Path Type: min

Fanout         Cap        Slew       Delay        Time   Description
---------------------------------------------------------------------------------------------
                                  0.000000    0.000000   clock clk (rise edge)
                                  0.000000    0.000000   clock network delay (propagated)
                                  0.500000    0.500000 ^ input external delay
     1    0.002979    0.020501    0.010920    0.510920 ^ rst (in)
                                                         rst (net)
                      0.020501    0.000000    0.510920 ^ input8/A (sky130_fd_sc_hd__clkdlybuf4s25_1)
     1    0.005174    0.068056    0.251259    0.762179 ^ input8/X (sky130_fd_sc_hd__clkdlybuf4s25_1)
                                                         net8 (net)
                      0.068056    0.000016    0.762195 ^ _21_/A (sky130_fd_sc_hd__inv_2)
     4    0.011725    0.035105    0.050576    0.812771 v _21_/Y (sky130_fd_sc_hd__inv_2)
                                                         _05_ (net)
                      0.035105    0.000022    0.812793 v _35_/C1 (sky130_fd_sc_hd__o211a_2)
     1    0.002462    0.023048    0.105356    0.918149 v _35_/X (sky130_fd_sc_hd__o211a_2)
                                                         _02_ (net)
                      0.023048    0.000009    0.918158 v _42_/D (sky130_fd_sc_hd__dfxtp_2)
                                              0.918158   data arrival time

                                  0.000000    0.000000   clock clk (rise edge)
                                  0.000000    0.000000   clock source latency
     1    0.009628    0.049756    0.032804    0.032804 ^ clk (in)
                                                         clk (net)
                      0.049756    0.000000    0.032804 ^ clkbuf_0_clk/A (sky130_fd_sc_hd__clkbuf_16)
     2    0.017919    0.040074    0.125201    0.158006 ^ clkbuf_0_clk/X (sky130_fd_sc_hd__clkbuf_16)
                                                         clknet_0_clk (net)
                      0.040074    0.000077    0.158083 ^ clkbuf_1_1__f_clk/A (sky130_fd_sc_hd__clkbuf_16)
     2    0.004471    0.028278    0.108110    0.266193 ^ clkbuf_1_1__f_clk/X (sky130_fd_sc_hd__clkbuf_16)
                                                         clknet_1_1__leaf_clk (net)
                      0.028278    0.000010    0.266204 ^ _42_/CLK (sky130_fd_sc_hd__dfxtp_2)
                                  0.500000    0.766204   clock uncertainty
                                  0.000000    0.766204   clock reconvergence pessimism
                                 -0.040777    0.725427   library hold time
                                              0.725427   data required time
---------------------------------------------------------------------------------------------
                                              0.725427   data required time
                                             -0.918158   data arrival time
---------------------------------------------------------------------------------------------
                                              0.192731   slack (MET)


Startpoint: _41_ (rising edge-triggered flip-flop clocked by clk)
Endpoint: _40_ (rising edge-triggered flip-flop clocked by clk)
Path Group: clk
Path Type: min

Fanout         Cap        Slew       Delay        Time   Description
---------------------------------------------------------------------------------------------
                                  0.000000    0.000000   clock clk (rise edge)
                                  0.000000    0.000000   clock source latency
     1    0.009628    0.049756    0.032804    0.032804 ^ clk (in)
                                                         clk (net)
                      0.049756    0.000000    0.032804 ^ clkbuf_0_clk/A (sky130_fd_sc_hd__clkbuf_16)
     2    0.017919    0.040074    0.125201    0.158006 ^ clkbuf_0_clk/X (sky130_fd_sc_hd__clkbuf_16)
                                                         clknet_0_clk (net)
                      0.040074    0.000077    0.158083 ^ clkbuf_1_1__f_clk/A (sky130_fd_sc_hd__clkbuf_16)
     2    0.004471    0.028278    0.108110    0.266193 ^ clkbuf_1_1__f_clk/X (sky130_fd_sc_hd__clkbuf_16)
                                                         clknet_1_1__leaf_clk (net)
                      0.028278    0.000014    0.266207 ^ _41_/CLK (sky130_fd_sc_hd__dfxtp_2)
     3    0.009438    0.058941    0.323598    0.589805 ^ _41_/Q (sky130_fd_sc_hd__dfxtp_2)
                                                         net10 (net)
                      0.058941    0.000077    0.589882 ^ _26_/A1 (sky130_fd_sc_hd__a211o_2)
     1    0.002701    0.026001    0.114199    0.704081 ^ _26_/X (sky130_fd_sc_hd__a211o_2)
                                                         _10_ (net)
                      0.026001    0.000005    0.704086 ^ _27_/B1 (sky130_fd_sc_hd__o221a_2)
     1    0.002019    0.037347    0.160903    0.864989 ^ _27_/X (sky130_fd_sc_hd__o221a_2)
                                                         _00_ (net)
                      0.037347    0.000003    0.864993 ^ hold16/A (sky130_fd_sc_hd__dlygate4sd3_1)
     1    0.002096    0.048892    0.525740    1.390733 ^ hold16/X (sky130_fd_sc_hd__dlygate4sd3_1)
                                                         net16 (net)
                      0.048892    0.000005    1.390738 ^ _40_/D (sky130_fd_sc_hd__dfxtp_2)
                                              1.390738   data arrival time

                                  0.000000    0.000000   clock clk (rise edge)
                                  0.000000    0.000000   clock source latency
     1    0.009628    0.049756    0.032804    0.032804 ^ clk (in)
                                                         clk (net)
                      0.049756    0.000000    0.032804 ^ clkbuf_0_clk/A (sky130_fd_sc_hd__clkbuf_16)
     2    0.017919    0.040074    0.125201    0.158006 ^ clkbuf_0_clk/X (sky130_fd_sc_hd__clkbuf_16)
                                                         clknet_0_clk (net)
                      0.040074    0.000076    0.158082 ^ clkbuf_1_0__f_clk/A (sky130_fd_sc_hd__clkbuf_16)
     2    0.004674    0.028466    0.108355    0.266437 ^ clkbuf_1_0__f_clk/X (sky130_fd_sc_hd__clkbuf_16)
                                                         clknet_1_0__leaf_clk (net)
                      0.028466    0.000008    0.266445 ^ _40_/CLK (sky130_fd_sc_hd__dfxtp_2)
                                  0.500000    0.766445   clock uncertainty
                                  0.000000    0.766445   clock reconvergence pessimism
                                 -0.034174    0.732271   library hold time
                                              0.732271   data required time
---------------------------------------------------------------------------------------------
                                              0.732271   data required time
                                             -1.390738   data arrival time
---------------------------------------------------------------------------------------------
                                              0.658467   slack (MET)


Startpoint: _42_ (rising edge-triggered flip-flop clocked by clk)
Endpoint: _43_ (rising edge-triggered flip-flop clocked by clk)
Path Group: clk
Path Type: min

Fanout         Cap        Slew       Delay        Time   Description
---------------------------------------------------------------------------------------------
                                  0.000000    0.000000   clock clk (rise edge)
                                  0.000000    0.000000   clock source latency
     1    0.009628    0.049756    0.032804    0.032804 ^ clk (in)
                                                         clk (net)
                      0.049756    0.000000    0.032804 ^ clkbuf_0_clk/A (sky130_fd_sc_hd__clkbuf_16)
     2    0.017919    0.040074    0.125201    0.158006 ^ clkbuf_0_clk/X (sky130_fd_sc_hd__clkbuf_16)
                                                         clknet_0_clk (net)
                      0.040074    0.000077    0.158083 ^ clkbuf_1_1__f_clk/A (sky130_fd_sc_hd__clkbuf_16)
     2    0.004471    0.028278    0.108110    0.266193 ^ clkbuf_1_1__f_clk/X (sky130_fd_sc_hd__clkbuf_16)
                                                         clknet_1_1__leaf_clk (net)
                      0.028278    0.000010    0.266204 ^ _42_/CLK (sky130_fd_sc_hd__dfxtp_2)
     4    0.011950    0.072097    0.333047    0.599251 ^ _42_/Q (sky130_fd_sc_hd__dfxtp_2)
                                                         net11 (net)
                      0.072097    0.000014    0.599264 ^ _37_/C (sky130_fd_sc_hd__and3b_2)
     1    0.003170    0.043843    0.178146    0.777410 ^ _37_/X (sky130_fd_sc_hd__and3b_2)
                                                         _18_ (net)
                      0.043843    0.000014    0.777424 ^ _39_/B1 (sky130_fd_sc_hd__o221a_2)
     1    0.002375    0.039322    0.168690    0.946114 ^ _39_/X (sky130_fd_sc_hd__o221a_2)
                                                         _03_ (net)
                      0.039322    0.000007    0.946121 ^ hold14/A (sky130_fd_sc_hd__dlygate4sd3_1)
     1    0.001871    0.046885    0.524266    1.470387 ^ hold14/X (sky130_fd_sc_hd__dlygate4sd3_1)
                                                         net14 (net)
                      0.046885    0.000002    1.470389 ^ _43_/D (sky130_fd_sc_hd__dfxtp_2)
                                              1.470389   data arrival time

                                  0.000000    0.000000   clock clk (rise edge)
                                  0.000000    0.000000   clock source latency
     1    0.009628    0.049756    0.032804    0.032804 ^ clk (in)
                                                         clk (net)
                      0.049756    0.000000    0.032804 ^ clkbuf_0_clk/A (sky130_fd_sc_hd__clkbuf_16)
     2    0.017919    0.040074    0.125201    0.158006 ^ clkbuf_0_clk/X (sky130_fd_sc_hd__clkbuf_16)
                                                         clknet_0_clk (net)
                      0.040074    0.000076    0.158082 ^ clkbuf_1_0__f_clk/A (sky130_fd_sc_hd__clkbuf_16)
     2    0.004674    0.028466    0.108355    0.266437 ^ clkbuf_1_0__f_clk/X (sky130_fd_sc_hd__clkbuf_16)
                                                         clknet_1_0__leaf_clk (net)
                      0.028466    0.000013    0.266450 ^ _43_/CLK (sky130_fd_sc_hd__dfxtp_2)
                                  0.500000    0.766450   clock uncertainty
                                  0.000000    0.766450   clock reconvergence pessimism
                                 -0.033758    0.732692   library hold time
                                              0.732692   data required time
---------------------------------------------------------------------------------------------
                                              0.732692   data required time
                                             -1.470389   data arrival time
---------------------------------------------------------------------------------------------
                                              0.737697   slack (MET)


Startpoint: rst (input port clocked by clk)
Endpoint: _41_ (rising edge-triggered flip-flop clocked by clk)
Path Group: clk
Path Type: min

Fanout         Cap        Slew       Delay        Time   Description
---------------------------------------------------------------------------------------------
                                  0.000000    0.000000   clock clk (rise edge)
                                  0.000000    0.000000   clock network delay (propagated)
                                  0.500000    0.500000 ^ input external delay
     1    0.002979    0.020501    0.010920    0.510920 ^ rst (in)
                                                         rst (net)
                      0.020501    0.000000    0.510920 ^ input8/A (sky130_fd_sc_hd__clkdlybuf4s25_1)
     1    0.005174    0.068056    0.251259    0.762179 ^ input8/X (sky130_fd_sc_hd__clkdlybuf4s25_1)
                                                         net8 (net)
                      0.068056    0.000016    0.762195 ^ _21_/A (sky130_fd_sc_hd__inv_2)
     4    0.011725    0.035105    0.050576    0.812771 v _21_/Y (sky130_fd_sc_hd__inv_2)
                                                         _05_ (net)
                      0.035105    0.000025    0.812796 v _31_/C1 (sky130_fd_sc_hd__o221a_2)
     1    0.002289    0.024295    0.109511    0.922307 v _31_/X (sky130_fd_sc_hd__o221a_2)
                                                         _01_ (net)
                      0.024295    0.000007    0.922314 v hold18/A (sky130_fd_sc_hd__dlygate4sd3_1)
     1    0.001878    0.049548    0.531761    1.454074 v hold18/X (sky130_fd_sc_hd__dlygate4sd3_1)
                                                         net18 (net)
                      0.049548    0.000002    1.454077 v _41_/D (sky130_fd_sc_hd__dfxtp_2)
                                              1.454077   data arrival time

                                  0.000000    0.000000   clock clk (rise edge)
                                  0.000000    0.000000   clock source latency
     1    0.009628    0.049756    0.032804    0.032804 ^ clk (in)
                                                         clk (net)
                      0.049756    0.000000    0.032804 ^ clkbuf_0_clk/A (sky130_fd_sc_hd__clkbuf_16)
     2    0.017919    0.040074    0.125201    0.158006 ^ clkbuf_0_clk/X (sky130_fd_sc_hd__clkbuf_16)
                                                         clknet_0_clk (net)
                      0.040074    0.000077    0.158083 ^ clkbuf_1_1__f_clk/A (sky130_fd_sc_hd__clkbuf_16)
     2    0.004471    0.028278    0.108110    0.266193 ^ clkbuf_1_1__f_clk/X (sky130_fd_sc_hd__clkbuf_16)
                                                         clknet_1_1__leaf_clk (net)
                      0.028278    0.000014    0.266207 ^ _41_/CLK (sky130_fd_sc_hd__dfxtp_2)
                                  0.500000    0.766207   clock uncertainty
                                  0.000000    0.766207   clock reconvergence pessimism
                                 -0.051639    0.714568   library hold time
                                              0.714568   data required time
---------------------------------------------------------------------------------------------
                                              0.714568   data required time
                                             -1.454077   data arrival time
---------------------------------------------------------------------------------------------
                                              0.739509   slack (MET)


Startpoint: _43_ (rising edge-triggered flip-flop clocked by clk)
Endpoint: Q[3] (output port clocked by clk)
Path Group: clk
Path Type: min

Fanout         Cap        Slew       Delay        Time   Description
---------------------------------------------------------------------------------------------
                                  0.000000    0.000000   clock clk (rise edge)
                                  0.000000    0.000000   clock source latency
     1    0.009628    0.049756    0.032804    0.032804 ^ clk (in)
                                                         clk (net)
                      0.049756    0.000000    0.032804 ^ clkbuf_0_clk/A (sky130_fd_sc_hd__clkbuf_16)
     2    0.017919    0.040074    0.125201    0.158006 ^ clkbuf_0_clk/X (sky130_fd_sc_hd__clkbuf_16)
                                                         clknet_0_clk (net)
                      0.040074    0.000076    0.158082 ^ clkbuf_1_0__f_clk/A (sky130_fd_sc_hd__clkbuf_16)
     2    0.004674    0.028466    0.108355    0.266437 ^ clkbuf_1_0__f_clk/X (sky130_fd_sc_hd__clkbuf_16)
                                                         clknet_1_0__leaf_clk (net)
                      0.028466    0.000013    0.266450 ^ _43_/CLK (sky130_fd_sc_hd__dfxtp_2)
     2    0.004681    0.026978    0.302064    0.568514 v _43_/Q (sky130_fd_sc_hd__dfxtp_2)
                                                         net12 (net)
                      0.026978    0.000024    0.568538 v output12/A (sky130_fd_sc_hd__clkdlybuf4s25_1)
     1    0.011361    0.095645    0.284748    0.853286 v output12/X (sky130_fd_sc_hd__clkdlybuf4s25_1)
                                                         Q[3] (net)
                      0.095645    0.000082    0.853368 v Q[3] (out)
                                              0.853368   data arrival time

                                  0.000000    0.000000   clock clk (rise edge)
                                  0.000000    0.000000   clock network delay (propagated)
                                  0.500000    0.500000   clock uncertainty
                                  0.000000    0.500000   clock reconvergence pessimism
                                 -0.500000    0.000000   output external delay
                                              0.000000   data required time
---------------------------------------------------------------------------------------------
                                              0.000000   data required time
                                             -0.853368   data arrival time
---------------------------------------------------------------------------------------------
                                              0.853368   slack (MET)


Startpoint: _40_ (rising edge-triggered flip-flop clocked by clk)
Endpoint: Q[0] (output port clocked by clk)
Path Group: clk
Path Type: min

Fanout         Cap        Slew       Delay        Time   Description
---------------------------------------------------------------------------------------------
                                  0.000000    0.000000   clock clk (rise edge)
                                  0.000000    0.000000   clock source latency
     1    0.009628    0.049756    0.032804    0.032804 ^ clk (in)
                                                         clk (net)
                      0.049756    0.000000    0.032804 ^ clkbuf_0_clk/A (sky130_fd_sc_hd__clkbuf_16)
     2    0.017919    0.040074    0.125201    0.158006 ^ clkbuf_0_clk/X (sky130_fd_sc_hd__clkbuf_16)
                                                         clknet_0_clk (net)
                      0.040074    0.000076    0.158082 ^ clkbuf_1_0__f_clk/A (sky130_fd_sc_hd__clkbuf_16)
     2    0.004674    0.028466    0.108355    0.266437 ^ clkbuf_1_0__f_clk/X (sky130_fd_sc_hd__clkbuf_16)
                                                         clknet_1_0__leaf_clk (net)
                      0.028466    0.000008    0.266445 ^ _40_/CLK (sky130_fd_sc_hd__dfxtp_2)
     2    0.005613    0.028620    0.304449    0.570894 v _40_/Q (sky130_fd_sc_hd__dfxtp_2)
                                                         net9 (net)
                      0.028620    0.000027    0.570922 v output9/A (sky130_fd_sc_hd__clkdlybuf4s25_1)
     1    0.010917    0.092626    0.283066    0.853987 v output9/X (sky130_fd_sc_hd__clkdlybuf4s25_1)
                                                         Q[0] (net)
                      0.092626    0.000049    0.854036 v Q[0] (out)
                                              0.854036   data arrival time

                                  0.000000    0.000000   clock clk (rise edge)
                                  0.000000    0.000000   clock network delay (propagated)
                                  0.500000    0.500000   clock uncertainty
                                  0.000000    0.500000   clock reconvergence pessimism
                                 -0.500000    0.000000   output external delay
                                              0.000000   data required time
---------------------------------------------------------------------------------------------
                                              0.000000   data required time
                                             -0.854036   data arrival time
---------------------------------------------------------------------------------------------
                                              0.854036   slack (MET)


Startpoint: _41_ (rising edge-triggered flip-flop clocked by clk)
Endpoint: Q[1] (output port clocked by clk)
Path Group: clk
Path Type: min

Fanout         Cap        Slew       Delay        Time   Description
---------------------------------------------------------------------------------------------
                                  0.000000    0.000000   clock clk (rise edge)
                                  0.000000    0.000000   clock source latency
     1    0.009628    0.049756    0.032804    0.032804 ^ clk (in)
                                                         clk (net)
                      0.049756    0.000000    0.032804 ^ clkbuf_0_clk/A (sky130_fd_sc_hd__clkbuf_16)
     2    0.017919    0.040074    0.125201    0.158006 ^ clkbuf_0_clk/X (sky130_fd_sc_hd__clkbuf_16)
                                                         clknet_0_clk (net)
                      0.040074    0.000077    0.158083 ^ clkbuf_1_1__f_clk/A (sky130_fd_sc_hd__clkbuf_16)
     2    0.004471    0.028278    0.108110    0.266193 ^ clkbuf_1_1__f_clk/X (sky130_fd_sc_hd__clkbuf_16)
                                                         clknet_1_1__leaf_clk (net)
                      0.028278    0.000014    0.266207 ^ _41_/CLK (sky130_fd_sc_hd__dfxtp_2)
     3    0.008834    0.035998    0.312602    0.578809 v _41_/Q (sky130_fd_sc_hd__dfxtp_2)
                                                         net10 (net)
                      0.035998    0.000049    0.578857 v output10/A (sky130_fd_sc_hd__clkdlybuf4s25_1)
     1    0.011629    0.097499    0.290054    0.868911 v output10/X (sky130_fd_sc_hd__clkdlybuf4s25_1)
                                                         Q[1] (net)
                      0.097499    0.000085    0.868996 v Q[1] (out)
                                              0.868996   data arrival time

                                  0.000000    0.000000   clock clk (rise edge)
                                  0.000000    0.000000   clock network delay (propagated)
                                  0.500000    0.500000   clock uncertainty
                                  0.000000    0.500000   clock reconvergence pessimism
                                 -0.500000    0.000000   output external delay
                                              0.000000   data required time
---------------------------------------------------------------------------------------------
                                              0.000000   data required time
                                             -0.868996   data arrival time
---------------------------------------------------------------------------------------------
                                              0.868996   slack (MET)


Startpoint: _42_ (rising edge-triggered flip-flop clocked by clk)
Endpoint: Q[2] (output port clocked by clk)
Path Group: clk
Path Type: min

Fanout         Cap        Slew       Delay        Time   Description
---------------------------------------------------------------------------------------------
                                  0.000000    0.000000   clock clk (rise edge)
                                  0.000000    0.000000   clock source latency
     1    0.009628    0.049756    0.032804    0.032804 ^ clk (in)
                                                         clk (net)
                      0.049756    0.000000    0.032804 ^ clkbuf_0_clk/A (sky130_fd_sc_hd__clkbuf_16)
     2    0.017919    0.040074    0.125201    0.158006 ^ clkbuf_0_clk/X (sky130_fd_sc_hd__clkbuf_16)
                                                         clknet_0_clk (net)
                      0.040074    0.000077    0.158083 ^ clkbuf_1_1__f_clk/A (sky130_fd_sc_hd__clkbuf_16)
     2    0.004471    0.028278    0.108110    0.266193 ^ clkbuf_1_1__f_clk/X (sky130_fd_sc_hd__clkbuf_16)
                                                         clknet_1_1__leaf_clk (net)
                      0.028278    0.000010    0.266204 ^ _42_/CLK (sky130_fd_sc_hd__dfxtp_2)
     4    0.010994    0.041580    0.318157    0.584361 v _42_/Q (sky130_fd_sc_hd__dfxtp_2)
                                                         net11 (net)
                      0.041580    0.000020    0.584381 v output11/A (sky130_fd_sc_hd__clkdlybuf4s25_1)
     1    0.011039    0.093501    0.289265    0.873645 v output11/X (sky130_fd_sc_hd__clkdlybuf4s25_1)
                                                         Q[2] (net)
                      0.093501    0.000063    0.873708 v Q[2] (out)
                                              0.873708   data arrival time

                                  0.000000    0.000000   clock clk (rise edge)
                                  0.000000    0.000000   clock network delay (propagated)
                                  0.500000    0.500000   clock uncertainty
                                  0.000000    0.500000   clock reconvergence pessimism
                                 -0.500000    0.000000   output external delay
                                              0.000000   data required time
---------------------------------------------------------------------------------------------
                                              0.000000   data required time
                                             -0.873708   data arrival time
---------------------------------------------------------------------------------------------
                                              0.873708   slack (MET)



