
===========================================================================
 report_power
============================================================================
======================= nom_tt_025C_1v80 Corner ===================================

Group                    Internal    Switching      Leakage        Total
                            Power        Power        Power        Power (Watts)
------------------------------------------------------------------------
Sequential           1.761019e-05 7.531638e-07 3.442982e-11 1.836338e-05  19.9%
Combinational        1.003406e-05 4.487127e-06 1.771708e-10 1.452136e-05  15.7%
Clock                5.068145e-05 8.768931e-06 1.147302e-10 5.945050e-05  64.4%
Macro                0.000000e+00 0.000000e+00 0.000000e+00 0.000000e+00   0.0%
Pad                  0.000000e+00 0.000000e+00 0.000000e+00 0.000000e+00   0.0%
------------------------------------------------------------------------
Total                7.832569e-05 1.400922e-05 3.263306e-10 9.233524e-05 100.0%
                            84.8%        15.2%         0.0%
Writing metric power__internal__total: 7.83256909926422e-5
Writing metric power__switching__total: 1.400922246830305e-5
Writing metric power__leakage__total: 3.263306014300582e-10
Writing metric power__total: 9.233524178853258e-5

