
===========================================================================
report_checks -unconstrained
===========================================================================
======================= nom_ff_n40C_1v95 Corner ===================================

Startpoint: mode[1] (input port clocked by clk)
Endpoint: _42_ (rising edge-triggered flip-flop clocked by clk)
Path Group: clk
Path Type: max

Fanout         Cap        Slew       Delay        Time   Description
---------------------------------------------------------------------------------------------
                      0.000000    0.000000    0.000000   clock clk (rise edge)
                                  0.000000    0.000000   clock network delay (ideal)
                                  2.000000    2.000000 ^ input external delay
    11    0.023881    0.086023    0.057739    2.057739 ^ mode[1] (in)
                                                         mode[1] (net)
                      0.086023    0.000000    2.057739 ^ _20_/A (sky130_fd_sc_hd__inv_2)
     4    0.008486    0.029460    0.027656    2.085395 v _20_/Y (sky130_fd_sc_hd__inv_2)
                                                         _04_ (net)
                      0.029460    0.000000    2.085395 v _34_/A2 (sky130_fd_sc_hd__a2111o_2)
     1    0.002282    0.041588    0.271302    2.356697 v _34_/X (sky130_fd_sc_hd__a2111o_2)
                                                         _16_ (net)
                      0.041588    0.000000    2.356697 v _35_/B1 (sky130_fd_sc_hd__o211a_2)
     1    0.001783    0.027931    0.082053    2.438750 v _35_/X (sky130_fd_sc_hd__o211a_2)
                                                         _02_ (net)
                      0.027931    0.000000    2.438750 v _42_/D (sky130_fd_sc_hd__dfxtp_2)
                                              2.438750   data arrival time

                      0.000000   10.000000   10.000000   clock clk (rise edge)
                                  0.000000   10.000000   clock network delay (ideal)
                                 -0.500000    9.500000   clock uncertainty
                                  0.000000    9.500000   clock reconvergence pessimism
                                              9.500000 ^ _42_/CLK (sky130_fd_sc_hd__dfxtp_2)
                                 -0.072848    9.427152   library setup time
                                              9.427152   data required time
---------------------------------------------------------------------------------------------
                                              9.427152   data required time
                                             -2.438750   data arrival time
---------------------------------------------------------------------------------------------
                                              6.988401   slack (MET)




===========================================================================
report_checks --slack_max -0.01
============================================================================
======================= nom_ff_n40C_1v95 Corner ===================================

No paths found.


===========================================================================
 report_check_types -max_slew -max_cap -max_fanout -violators
============================================================================
======================= nom_ff_n40C_1v95 Corner ===================================



===========================================================================
report_parasitic_annotation -report_unannotated
============================================================================
Found 33 unannotated drivers.
 D[0]
 D[1]
 D[2]
 D[3]
 S_in
 clk
 mode[0]
 mode[1]
 rst
 _20_/Y
 _21_/Y
 _22_/X
 _23_/X
 _24_/Y
 _25_/X
 _26_/X
 _27_/X
 _28_/X
 _29_/Y
 _30_/X
 _31_/X
 _32_/X
 _33_/X
 _34_/X
 _35_/X
 _36_/X
 _37_/X
 _38_/X
 _39_/X
 _40_/Q
 _41_/Q
 _42_/Q
 _43_/Q
Found 0 partially unannotated drivers.

===========================================================================
max slew violation count 0
max fanout violation count 0
max cap violation count 0
============================================================================

===========================================================================
check_setup -verbose -unconstrained_endpoints -multiple_clock -no_clock -no_input_delay -loops -generated_clocks
===========================================================================
