
===========================================================================
report_checks -path_delay max (Setup)
============================================================================
======================= nom_ff_n40C_1v95 Corner ===================================

Startpoint: mode[1] (input port clocked by clk)
Endpoint: _42_ (rising edge-triggered flip-flop clocked by clk)
Path Group: clk
Path Type: max

Fanout         Cap        Slew       Delay        Time   Description
---------------------------------------------------------------------------------------------
                      0.000000    0.000000    0.000000   clock clk (rise edge)
                                  0.000000    0.000000   clock network delay (ideal)
                                  2.000000    2.000000 ^ input external delay
    11    0.023881    0.086023    0.057739    2.057739 ^ mode[1] (in)
                                                         mode[1] (net)
                      0.086023    0.000000    2.057739 ^ _20_/A (sky130_fd_sc_hd__inv_2)
     4    0.008486    0.029460    0.027656    2.085395 v _20_/Y (sky130_fd_sc_hd__inv_2)
                                                         _04_ (net)
                      0.029460    0.000000    2.085395 v _34_/A2 (sky130_fd_sc_hd__a2111o_2)
     1    0.002282    0.041588    0.271302    2.356697 v _34_/X (sky130_fd_sc_hd__a2111o_2)
                                                         _16_ (net)
                      0.041588    0.000000    2.356697 v _35_/B1 (sky130_fd_sc_hd__o211a_2)
     1    0.001783    0.027931    0.082053    2.438750 v _35_/X (sky130_fd_sc_hd__o211a_2)
                                                         _02_ (net)
                      0.027931    0.000000    2.438750 v _42_/D (sky130_fd_sc_hd__dfxtp_2)
                                              2.438750   data arrival time

                      0.000000   10.000000   10.000000   clock clk (rise edge)
                                  0.000000   10.000000   clock network delay (ideal)
                                 -0.500000    9.500000   clock uncertainty
                                  0.000000    9.500000   clock reconvergence pessimism
                                              9.500000 ^ _42_/CLK (sky130_fd_sc_hd__dfxtp_2)
                                 -0.072848    9.427152   library setup time
                                              9.427152   data required time
---------------------------------------------------------------------------------------------
                                              9.427152   data required time
                                             -2.438750   data arrival time
---------------------------------------------------------------------------------------------
                                              6.988401   slack (MET)


Startpoint: mode[1] (input port clocked by clk)
Endpoint: _40_ (rising edge-triggered flip-flop clocked by clk)
Path Group: clk
Path Type: max

Fanout         Cap        Slew       Delay        Time   Description
---------------------------------------------------------------------------------------------
                      0.000000    0.000000    0.000000   clock clk (rise edge)
                                  0.000000    0.000000   clock network delay (ideal)
                                  2.000000    2.000000 ^ input external delay
    11    0.023881    0.086023    0.057739    2.057739 ^ mode[1] (in)
                                                         mode[1] (net)
                      0.086023    0.000000    2.057739 ^ _20_/A (sky130_fd_sc_hd__inv_2)
     4    0.008486    0.029460    0.027656    2.085395 v _20_/Y (sky130_fd_sc_hd__inv_2)
                                                         _04_ (net)
                      0.029460    0.000000    2.085395 v _26_/A2 (sky130_fd_sc_hd__a211o_2)
     1    0.002265    0.032108    0.194372    2.279767 v _26_/X (sky130_fd_sc_hd__a211o_2)
                                                         _10_ (net)
                      0.032108    0.000000    2.279767 v _27_/B1 (sky130_fd_sc_hd__o221a_2)
     1    0.001783    0.029175    0.140630    2.420396 v _27_/X (sky130_fd_sc_hd__o221a_2)
                                                         _00_ (net)
                      0.029175    0.000000    2.420396 v _40_/D (sky130_fd_sc_hd__dfxtp_2)
                                              2.420396   data arrival time

                      0.000000   10.000000   10.000000   clock clk (rise edge)
                                  0.000000   10.000000   clock network delay (ideal)
                                 -0.500000    9.500000   clock uncertainty
                                  0.000000    9.500000   clock reconvergence pessimism
                                              9.500000 ^ _40_/CLK (sky130_fd_sc_hd__dfxtp_2)
                                 -0.073293    9.426707   library setup time
                                              9.426707   data required time
---------------------------------------------------------------------------------------------
                                              9.426707   data required time
                                             -2.420396   data arrival time
---------------------------------------------------------------------------------------------
                                              7.006310   slack (MET)


Startpoint: mode[1] (input port clocked by clk)
Endpoint: _43_ (rising edge-triggered flip-flop clocked by clk)
Path Group: clk
Path Type: max

Fanout         Cap        Slew       Delay        Time   Description
---------------------------------------------------------------------------------------------
                      0.000000    0.000000    0.000000   clock clk (rise edge)
                                  0.000000    0.000000   clock network delay (ideal)
                                  2.000000    2.000000 ^ input external delay
    11    0.023881    0.086023    0.057739    2.057739 ^ mode[1] (in)
                                                         mode[1] (net)
                      0.086023    0.000000    2.057739 ^ _20_/A (sky130_fd_sc_hd__inv_2)
     4    0.008486    0.029460    0.027656    2.085395 v _20_/Y (sky130_fd_sc_hd__inv_2)
                                                         _04_ (net)
                      0.029460    0.000000    2.085395 v _38_/A1 (sky130_fd_sc_hd__a211o_2)
     1    0.002236    0.032279    0.171222    2.256617 v _38_/X (sky130_fd_sc_hd__a211o_2)
                                                         _19_ (net)
                      0.032279    0.000000    2.256617 v _39_/B2 (sky130_fd_sc_hd__o221a_2)
     1    0.001783    0.029177    0.128551    2.385168 v _39_/X (sky130_fd_sc_hd__o221a_2)
                                                         _03_ (net)
                      0.029177    0.000000    2.385168 v _43_/D (sky130_fd_sc_hd__dfxtp_2)
                                              2.385168   data arrival time

                      0.000000   10.000000   10.000000   clock clk (rise edge)
                                  0.000000   10.000000   clock network delay (ideal)
                                 -0.500000    9.500000   clock uncertainty
                                  0.000000    9.500000   clock reconvergence pessimism
                                              9.500000 ^ _43_/CLK (sky130_fd_sc_hd__dfxtp_2)
                                 -0.073294    9.426707   library setup time
                                              9.426707   data required time
---------------------------------------------------------------------------------------------
                                              9.426707   data required time
                                             -2.385168   data arrival time
---------------------------------------------------------------------------------------------
                                              7.041539   slack (MET)


Startpoint: mode[1] (input port clocked by clk)
Endpoint: _41_ (rising edge-triggered flip-flop clocked by clk)
Path Group: clk
Path Type: max

Fanout         Cap        Slew       Delay        Time   Description
---------------------------------------------------------------------------------------------
                      0.000000    0.000000    0.000000   clock clk (rise edge)
                                  0.000000    0.000000   clock network delay (ideal)
                                  2.000000    2.000000 ^ input external delay
    11    0.023881    0.086023    0.057739    2.057739 ^ mode[1] (in)
                                                         mode[1] (net)
                      0.086023    0.000000    2.057739 ^ _29_/A_N (sky130_fd_sc_hd__nand2b_2)
     1    0.001879    0.027910    0.075135    2.132874 ^ _29_/Y (sky130_fd_sc_hd__nand2b_2)
                                                         _12_ (net)
                      0.027910    0.000000    2.132874 ^ _30_/A2_N (sky130_fd_sc_hd__o2bb2a_2)
     1    0.002236    0.029789    0.115206    2.248080 v _30_/X (sky130_fd_sc_hd__o2bb2a_2)
                                                         _13_ (net)
                      0.029789    0.000000    2.248080 v _31_/B2 (sky130_fd_sc_hd__o221a_2)
     1    0.001783    0.029182    0.127691    2.375772 v _31_/X (sky130_fd_sc_hd__o221a_2)
                                                         _01_ (net)
                      0.029182    0.000000    2.375772 v _41_/D (sky130_fd_sc_hd__dfxtp_2)
                                              2.375772   data arrival time

                      0.000000   10.000000   10.000000   clock clk (rise edge)
                                  0.000000   10.000000   clock network delay (ideal)
                                 -0.500000    9.500000   clock uncertainty
                                  0.000000    9.500000   clock reconvergence pessimism
                                              9.500000 ^ _41_/CLK (sky130_fd_sc_hd__dfxtp_2)
                                 -0.073295    9.426705   library setup time
                                              9.426705   data required time
---------------------------------------------------------------------------------------------
                                              9.426705   data required time
                                             -2.375772   data arrival time
---------------------------------------------------------------------------------------------
                                              7.050933   slack (MET)


Startpoint: _42_ (rising edge-triggered flip-flop clocked by clk)
Endpoint: Q[2] (output port clocked by clk)
Path Group: clk
Path Type: max

Fanout         Cap        Slew       Delay        Time   Description
---------------------------------------------------------------------------------------------
                      0.000000    0.000000    0.000000   clock clk (rise edge)
                                  0.000000    0.000000   clock network delay (ideal)
                      0.000000    0.000000    0.000000 ^ _42_/CLK (sky130_fd_sc_hd__dfxtp_2)
     4    0.019034    0.079089    0.221710    0.221710 ^ _42_/Q (sky130_fd_sc_hd__dfxtp_2)
                                                         Q[2] (net)
                      0.079089    0.000000    0.221710 ^ Q[2] (out)
                                              0.221710   data arrival time

                      0.000000   10.000000   10.000000   clock clk (rise edge)
                                  0.000000   10.000000   clock network delay (ideal)
                                 -0.500000    9.500000   clock uncertainty
                                  0.000000    9.500000   clock reconvergence pessimism
                                 -2.000000    7.500000   output external delay
                                              7.500000   data required time
---------------------------------------------------------------------------------------------
                                              7.500000   data required time
                                             -0.221710   data arrival time
---------------------------------------------------------------------------------------------
                                              7.278290   slack (MET)


Startpoint: _41_ (rising edge-triggered flip-flop clocked by clk)
Endpoint: Q[1] (output port clocked by clk)
Path Group: clk
Path Type: max

Fanout         Cap        Slew       Delay        Time   Description
---------------------------------------------------------------------------------------------
                      0.000000    0.000000    0.000000   clock clk (rise edge)
                                  0.000000    0.000000   clock network delay (ideal)
                      0.000000    0.000000    0.000000 ^ _41_/CLK (sky130_fd_sc_hd__dfxtp_2)
     4    0.016695    0.070514    0.215703    0.215703 ^ _41_/Q (sky130_fd_sc_hd__dfxtp_2)
                                                         Q[1] (net)
                      0.070514    0.000000    0.215703 ^ Q[1] (out)
                                              0.215703   data arrival time

                      0.000000   10.000000   10.000000   clock clk (rise edge)
                                  0.000000   10.000000   clock network delay (ideal)
                                 -0.500000    9.500000   clock uncertainty
                                  0.000000    9.500000   clock reconvergence pessimism
                                 -2.000000    7.500000   output external delay
                                              7.500000   data required time
---------------------------------------------------------------------------------------------
                                              7.500000   data required time
                                             -0.215703   data arrival time
---------------------------------------------------------------------------------------------
                                              7.284297   slack (MET)


Startpoint: _43_ (rising edge-triggered flip-flop clocked by clk)
Endpoint: Q[3] (output port clocked by clk)
Path Group: clk
Path Type: max

Fanout         Cap        Slew       Delay        Time   Description
---------------------------------------------------------------------------------------------
                      0.000000    0.000000    0.000000   clock clk (rise edge)
                                  0.000000    0.000000   clock network delay (ideal)
                      0.000000    0.000000    0.000000 ^ _43_/CLK (sky130_fd_sc_hd__dfxtp_2)
     3    0.015106    0.064688    0.211622    0.211622 ^ _43_/Q (sky130_fd_sc_hd__dfxtp_2)
                                                         Q[3] (net)
                      0.064688    0.000000    0.211622 ^ Q[3] (out)
                                              0.211622   data arrival time

                      0.000000   10.000000   10.000000   clock clk (rise edge)
                                  0.000000   10.000000   clock network delay (ideal)
                                 -0.500000    9.500000   clock uncertainty
                                  0.000000    9.500000   clock reconvergence pessimism
                                 -2.000000    7.500000   output external delay
                                              7.500000   data required time
---------------------------------------------------------------------------------------------
                                              7.500000   data required time
                                             -0.211622   data arrival time
---------------------------------------------------------------------------------------------
                                              7.288378   slack (MET)


Startpoint: _40_ (rising edge-triggered flip-flop clocked by clk)
Endpoint: Q[0] (output port clocked by clk)
Path Group: clk
Path Type: max

Fanout         Cap        Slew       Delay        Time   Description
---------------------------------------------------------------------------------------------
                      0.000000    0.000000    0.000000   clock clk (rise edge)
                                  0.000000    0.000000   clock network delay (ideal)
                      0.000000    0.000000    0.000000 ^ _40_/CLK (sky130_fd_sc_hd__dfxtp_2)
     3    0.014592    0.062804    0.210302    0.210302 ^ _40_/Q (sky130_fd_sc_hd__dfxtp_2)
                                                         Q[0] (net)
                      0.062804    0.000000    0.210302 ^ Q[0] (out)
                                              0.210302   data arrival time

                      0.000000   10.000000   10.000000   clock clk (rise edge)
                                  0.000000   10.000000   clock network delay (ideal)
                                 -0.500000    9.500000   clock uncertainty
                                  0.000000    9.500000   clock reconvergence pessimism
                                 -2.000000    7.500000   output external delay
                                              7.500000   data required time
---------------------------------------------------------------------------------------------
                                              7.500000   data required time
                                             -0.210302   data arrival time
---------------------------------------------------------------------------------------------
                                              7.289698   slack (MET)



