
===========================================================================
 report_power
============================================================================
======================= nom_ff_n40C_1v95 Corner ===================================

Group                    Internal    Switching      Leakage        Total
                            Power        Power        Power        Power (Watts)
------------------------------------------------------------------------
Sequential           2.062785e-05 1.793326e-06 7.817535e-11 2.242125e-05  79.8%
Combinational        4.152962e-06 1.514381e-06 2.306522e-10 5.667574e-06  20.2%
Clock                0.000000e+00 0.000000e+00 0.000000e+00 0.000000e+00   0.0%
Macro                0.000000e+00 0.000000e+00 0.000000e+00 0.000000e+00   0.0%
Pad                  0.000000e+00 0.000000e+00 0.000000e+00 0.000000e+00   0.0%
------------------------------------------------------------------------
Total                2.478081e-05 3.307707e-06 3.088275e-10 2.808883e-05 100.0%
                            88.2%        11.8%         0.0%

