                                                                        Cells by Master                                                                         
┏━━━━━━━━━━━━━━━━━━━━━━━━━━━━━━━━━━━━━━━━━━━━━━━━━━━━━━━━━━━━━━━━━━━━━━━━━━━━━━━━━━━━━━━━━━━━━━━━━━━━━━━━━━━━━━━━━━━━━━━━━━━━━━━━━━━┳━━━━━━━━━━━━━━━━━━━━━━━━━━┓
┃ Cell                                                                                                                              ┃ Count                    ┃
┡━━━━━━━━━━━━━━━━━━━━━━━━━━━━━━━━━━━━━━━━━━━━━━━━━━━━━━━━━━━━━━━━━━━━━━━━━━━━━━━━━━━━━━━━━━━━━━━━━━━━━━━━━━━━━━━━━━━━━━━━━━━━━━━━━━━╇━━━━━━━━━━━━━━━━━━━━━━━━━━┩
│ sky130_fd_sc_hd__a2111o_2                                                                                                         │ 1                        │
│ sky130_fd_sc_hd__a211o_2                                                                                                          │ 2                        │
│ sky130_fd_sc_hd__and3_2                                                                                                           │ 4                        │
│ sky130_fd_sc_hd__and3b_2                                                                                                          │ 3                        │
│ sky130_fd_sc_hd__clkbuf_16                                                                                                        │ 3                        │
│ sky130_fd_sc_hd__clkdlybuf4s25_1                                                                                                  │ 12                       │
│ sky130_fd_sc_hd__decap_3                                                                                                          │ 721                      │
│ sky130_fd_sc_hd__dfxtp_2                                                                                                          │ 4                        │
│ sky130_fd_sc_hd__dlygate4sd3_1                                                                                                    │ 7                        │
│ sky130_fd_sc_hd__fill_1                                                                                                           │ 36                       │
│ sky130_fd_sc_hd__fill_2                                                                                                           │ 32                       │
│ sky130_fd_sc_hd__inv_2                                                                                                            │ 2                        │
│ sky130_fd_sc_hd__nand2b_2                                                                                                         │ 1                        │
│ sky130_fd_sc_hd__nor2_2                                                                                                           │ 1                        │
│ sky130_fd_sc_hd__o211a_2                                                                                                          │ 1                        │
│ sky130_fd_sc_hd__o221a_2                                                                                                          │ 3                        │
│ sky130_fd_sc_hd__o2bb2a_2                                                                                                         │ 1                        │
│ sky130_fd_sc_hd__or2_2                                                                                                            │ 1                        │
│ sky130_fd_sc_hd__tapvpwrvgnd_1                                                                                                    │ 46                       │
└───────────────────────────────────────────────────────────────────────────────────────────────────────────────────────────────────┴──────────────────────────┘
