Reading timing models for corner nom_tt_025C_1v80…
Reading timing library for the 'nom_tt_025C_1v80' corner at '/home/hk/.ciel/ciel/sky130/versions/8afc8346a57fe1ab7934ba5a6056ea8b43078e71/sky130A/libs.ref/sky130_fd_sc_hd/lib/sky130_fd_sc_hd__tt_025C_1v80.lib'…
Reading OpenROAD database at '/home/hk/pd_projects/runs/RUN_2026-06-03_20-47-43/37-openroad-resizertimingpostcts/u_s_r.odb'…
Reading design constraints file at '/home/hk/pd_projects/constraints.sdc'…
[INFO] No information on clock propagation in input SDC file-- propagating all clocks.
[INFO] Setting signal min routing layer to: met1 and clock min routing layer to met1. 
[INFO] Setting signal max routing layer to: met5 and clock max routing layer to met5. 
+ global_route -congestion_iterations 50 -verbose
[INFO GRT-0020] Min routing layer: met1
[INFO GRT-0021] Max routing layer: met5
[INFO GRT-0022] Global adjustment: 30%
[INFO GRT-0023] Grid origin: (0, 0)
[INFO GRT-0088] Layer li1     Track-Pitch = 0.4600  line-2-Via Pitch: 0.3400
[INFO GRT-0088] Layer met1    Track-Pitch = 0.3400  line-2-Via Pitch: 0.3400
[INFO GRT-0088] Layer met2    Track-Pitch = 0.4600  line-2-Via Pitch: 0.3500
[INFO GRT-0088] Layer met3    Track-Pitch = 0.6800  line-2-Via Pitch: 0.6150
[INFO GRT-0088] Layer met4    Track-Pitch = 0.9200  line-2-Via Pitch: 1.0400
[INFO GRT-0088] Layer met5    Track-Pitch = 3.4000  line-2-Via Pitch: 3.1100
[INFO GRT-0003] Macros: 0
[INFO GRT-0004] Blockages: 56
[INFO GRT-0019] Found 4 clock nets.
[INFO GRT-0001] Minimum degree: 2
[INFO GRT-0002] Maximum degree: 12

[INFO GRT-0053] Routing resources analysis:
          Routing      Original      Derated      Resource
Layer     Direction    Resources     Resources    Reduction (%)
---------------------------------------------------------------
li1        Vertical            0             0          0.00%
met1       Horizontal       1425           947          33.54%
met2       Vertical         1292           850          34.21%
met3       Horizontal        905           619          31.60%
met4       Vertical          639           387          39.44%
met5       Horizontal        162            81          50.00%
---------------------------------------------------------------

[INFO GRT-0197] Via related to pin nodes: 259
[INFO GRT-0198] Via related Steiner nodes: 2
[INFO GRT-0199] Via filling finished.
[INFO GRT-0111] Final number of vias: 323
[INFO GRT-0112] Final usage 3D: 1088

[INFO GRT-0096] Final congestion report:
Layer         Resource        Demand        Usage (%)    Max H / Max V / Total Overflow
---------------------------------------------------------------------------------------
li1                  0             0            0.00%             0 /  0 /  0
met1               947            54            5.70%             0 /  0 /  0
met2               850            63            7.41%             0 /  0 /  0
met3               619             0            0.00%             0 /  0 /  0
met4               387             2            0.52%             0 /  0 /  0
met5                81             0            0.00%             0 /  0 /  0
---------------------------------------------------------------------------------------
Total             2884           119            4.13%             0 /  0 /  0

[INFO GRT-0018] Total wirelength: 1462 um
[INFO GRT-0014] Routed nets: 55
[INFO GRT-0303] Global routing runtime = 00:00:00
Setting global connections for newly added cells…
[INFO] Setting global connections...
[INFO ODB-0403] 0 connections made, 0 conflicts skipped.
Updating metrics…
Cell type report:                       Count       Area
  Fill cell                                42     157.65
  Tap cell                                 46      57.56
  Clock buffer                              3      75.07
  Timing Repair Buffer                     19     190.18
  Inverter                                  2       7.51
  Sequential cell                           4      85.08
  Multi-Input combinational cell           18     168.91
  Total                                   134     741.96
Writing OpenROAD database to '/home/hk/pd_projects/runs/RUN_2026-06-03_20-47-43/39-openroad-globalrouting/u_s_r.odb'…
Writing layout to '/home/hk/pd_projects/runs/RUN_2026-06-03_20-47-43/39-openroad-globalrouting/u_s_r.def'…
