
===========================================================================
report_checks -unconstrained
===========================================================================
======================= nom_tt_025C_1v80 Corner ===================================

Startpoint: mode[1] (input port clocked by clk)
Endpoint: _40_ (rising edge-triggered flip-flop clocked by clk)
Path Group: clk
Path Type: max

Fanout         Cap        Slew       Delay        Time   Description
---------------------------------------------------------------------------------------------
                                  0.000000    0.000000   clock clk (rise edge)
                                  0.000000    0.000000   clock network delay (propagated)
                                  2.000000    2.000000 v input external delay
     1    0.003054    0.009220    0.004841    2.004841 v mode[1] (in)
                                                         mode[1] (net)
                      0.009220    0.000000    2.004841 v input7/A (sky130_fd_sc_hd__clkdlybuf4s25_1)
    11    0.027255    0.205552    0.362680    2.367521 v input7/X (sky130_fd_sc_hd__clkdlybuf4s25_1)
                                                         net7 (net)
                      0.205552    0.000119    2.367640 v _22_/B (sky130_fd_sc_hd__and3_2)
     1    0.003413    0.038820    0.264060    2.631700 v _22_/X (sky130_fd_sc_hd__and3_2)
                                                         _06_ (net)
                      0.038820    0.000016    2.631716 v _26_/B1 (sky130_fd_sc_hd__a211o_2)
     1    0.003036    0.048293    0.295682    2.927398 v _26_/X (sky130_fd_sc_hd__a211o_2)
                                                         _10_ (net)
                      0.048293    0.000010    2.927408 v _27_/B1 (sky130_fd_sc_hd__o221a_2)
     1    0.002284    0.041677    0.236026    3.163434 v _27_/X (sky130_fd_sc_hd__o221a_2)
                                                         _00_ (net)
                      0.041677    0.000007    3.163440 v hold14/A (sky130_fd_sc_hd__dlygate4sd3_1)
     1    0.002059    0.050497    0.540164    3.703605 v hold14/X (sky130_fd_sc_hd__dlygate4sd3_1)
                                                         net14 (net)
                      0.050497    0.000004    3.703609 v _40_/D (sky130_fd_sc_hd__dfxtp_2)
                                              3.703609   data arrival time

                                 10.000000   10.000000   clock clk (rise edge)
                                  0.000000   10.000000   clock source latency
     1    0.009356    0.048539    0.031907   10.031907 ^ clk (in)
                                                         clk (net)
                      0.048539    0.000000   10.031907 ^ clkbuf_0_clk/A (sky130_fd_sc_hd__clkbuf_16)
     2    0.018256    0.040361    0.125081   10.156988 ^ clkbuf_0_clk/X (sky130_fd_sc_hd__clkbuf_16)
                                                         clknet_0_clk (net)
                      0.040361    0.000068   10.157057 ^ clkbuf_1_1__f_clk/A (sky130_fd_sc_hd__clkbuf_16)
     2    0.004382    0.028195    0.108108   10.265165 ^ clkbuf_1_1__f_clk/X (sky130_fd_sc_hd__clkbuf_16)
                                                         clknet_1_1__leaf_clk (net)
                      0.028195    0.000010   10.265175 ^ _40_/CLK (sky130_fd_sc_hd__dfxtp_2)
                                 -0.500000    9.765175   clock uncertainty
                                  0.000000    9.765175   clock reconvergence pessimism
                                 -0.119212    9.645963   library setup time
                                              9.645963   data required time
---------------------------------------------------------------------------------------------
                                              9.645963   data required time
                                             -3.703609   data arrival time
---------------------------------------------------------------------------------------------
                                              5.942354   slack (MET)




===========================================================================
report_checks --slack_max -0.01
============================================================================
======================= nom_tt_025C_1v80 Corner ===================================

No paths found.


===========================================================================
 report_check_types -max_slew -max_cap -max_fanout -violators
============================================================================
======================= nom_tt_025C_1v80 Corner ===================================



===========================================================================
report_parasitic_annotation -report_unannotated
============================================================================
Found 0 unannotated drivers.
Found 0 partially unannotated drivers.

===========================================================================
max slew violation count 0
Writing metric design__max_slew_violation__count__corner:nom_tt_025C_1v80: 0
max fanout violation count 0
Writing metric design__max_fanout_violation__count__corner:nom_tt_025C_1v80: 0
max cap violation count 0
Writing metric design__max_cap_violation__count__corner:nom_tt_025C_1v80: 0
============================================================================

===========================================================================
check_setup -verbose -unconstrained_endpoints -multiple_clock -no_clock -no_input_delay -loops -generated_clocks
===========================================================================
