Clock: clk
Sources: clk 
Generated: no
Virtual: yes
Propagated: no
Period: 10.000000

===========================================================================
report_clock_properties
============================================================================
Clock                   Period          Waveform
----------------------------------------------------
clk                  10.000000    0.000000  5.000000

===========================================================================
report_clock_latency
============================================================================
Clock clk
rise -> rise
    min     max
0.000000 0.000000 source latency
0.265175         network latency _40_/CLK
        0.265801 network latency _42_/CLK
---------------
0.265175 0.265801 latency
        0.000626 skew

fall -> fall
    min     max
0.000000 0.000000 source latency
0.274658         network latency _40_/CLK
        0.275228 network latency _42_/CLK
---------------
0.274658 0.275228 latency
        0.000570 skew



===========================================================================
report_clock_min_period
============================================================================
clk period_min = 2.49 fmax = 402.36
