Reading timing models for corner nom_tt_025C_1v80…
Reading timing library for the 'nom_tt_025C_1v80' corner at '/home/hk/.ciel/ciel/sky130/versions/8afc8346a57fe1ab7934ba5a6056ea8b43078e71/sky130A/libs.ref/sky130_fd_sc_hd/lib/sky130_fd_sc_hd__tt_025C_1v80.lib'…
Reading OpenROAD database at '/home/hk/pd_projects/runs/RUN_2026-06-03_20-47-43/37-openroad-resizertimingpostcts/u_s_r.odb'…
Reading design constraints file at '/home/hk/pd_projects/constraints.sdc'…
[INFO] No information on clock propagation in input SDC file-- propagating all clocks.
%OL_CREATE_REPORT min.rpt

===========================================================================
report_checks -path_delay min (Hold)
============================================================================
======================= nom_tt_025C_1v80 Corner ===================================

Startpoint: rst (input port clocked by clk)
Endpoint: _42_ (rising edge-triggered flip-flop clocked by clk)
Path Group: clk
Path Type: min

Fanout         Cap        Slew       Delay        Time   Description
---------------------------------------------------------------------------------------------
                                  0.000000    0.000000   clock clk (rise edge)
                                  0.000000    0.000000   clock network delay (propagated)
                                  0.500000    0.500000 ^ input external delay
     1    0.002865    0.020011    0.010521    0.510521 ^ rst (in)
                                                         rst (net)
                      0.020011    0.000000    0.510521 ^ input8/A (sky130_fd_sc_hd__clkdlybuf4s25_1)
     1    0.005188    0.068184    0.251196    0.761716 ^ input8/X (sky130_fd_sc_hd__clkdlybuf4s25_1)
                                                         net8 (net)
                      0.068184    0.000014    0.761730 ^ _21_/A (sky130_fd_sc_hd__inv_2)
     4    0.011789    0.035303    0.050699    0.812430 v _21_/Y (sky130_fd_sc_hd__inv_2)
                                                         _05_ (net)
                      0.035303    0.000079    0.812509 v _35_/C1 (sky130_fd_sc_hd__o211a_2)
     1    0.002268    0.023102    0.104708    0.917217 v _35_/X (sky130_fd_sc_hd__o211a_2)
                                                         _02_ (net)
                      0.023102    0.000005    0.917222 v _42_/D (sky130_fd_sc_hd__dfxtp_2)
                                              0.917222   data arrival time

                                  0.000000    0.000000   clock clk (rise edge)
                                  0.000000    0.000000   clock source latency
     1    0.009356    0.048539    0.031907    0.031907 ^ clk (in)
                                                         clk (net)
                      0.048539    0.000000    0.031907 ^ clkbuf_0_clk/A (sky130_fd_sc_hd__clkbuf_16)
     2    0.018256    0.040361    0.125082    0.156989 ^ clkbuf_0_clk/X (sky130_fd_sc_hd__clkbuf_16)
                                                         clknet_0_clk (net)
                      0.040361    0.000092    0.157081 ^ clkbuf_1_0__f_clk/A (sky130_fd_sc_hd__clkbuf_16)
     2    0.004878    0.028652    0.108702    0.265783 ^ clkbuf_1_0__f_clk/X (sky130_fd_sc_hd__clkbuf_16)
                                                         clknet_1_0__leaf_clk (net)
                      0.028652    0.000018    0.265801 ^ _42_/CLK (sky130_fd_sc_hd__dfxtp_2)
                                  0.500000    0.765801   clock uncertainty
                                  0.000000    0.765801   clock reconvergence pessimism
                                 -0.040716    0.725085   library hold time
                                              0.725085   data required time
---------------------------------------------------------------------------------------------
                                              0.725085   data required time
                                             -0.917222   data arrival time
---------------------------------------------------------------------------------------------
                                              0.192137   slack (MET)


Startpoint: _41_ (rising edge-triggered flip-flop clocked by clk)
Endpoint: _40_ (rising edge-triggered flip-flop clocked by clk)
Path Group: clk
Path Type: min

Fanout         Cap        Slew       Delay        Time   Description
---------------------------------------------------------------------------------------------
                                  0.000000    0.000000   clock clk (rise edge)
                                  0.000000    0.000000   clock source latency
     1    0.009356    0.048539    0.031907    0.031907 ^ clk (in)
                                                         clk (net)
                      0.048539    0.000000    0.031907 ^ clkbuf_0_clk/A (sky130_fd_sc_hd__clkbuf_16)
     2    0.018256    0.040361    0.125082    0.156989 ^ clkbuf_0_clk/X (sky130_fd_sc_hd__clkbuf_16)
                                                         clknet_0_clk (net)
                      0.040361    0.000068    0.157057 ^ clkbuf_1_1__f_clk/A (sky130_fd_sc_hd__clkbuf_16)
     2    0.004382    0.028195    0.108108    0.265165 ^ clkbuf_1_1__f_clk/X (sky130_fd_sc_hd__clkbuf_16)
                                                         clknet_1_1__leaf_clk (net)
                      0.028195    0.000013    0.265177 ^ _41_/CLK (sky130_fd_sc_hd__dfxtp_2)
     3    0.010120    0.062041    0.326141    0.591318 ^ _41_/Q (sky130_fd_sc_hd__dfxtp_2)
                                                         net10 (net)
                      0.062041    0.000037    0.591355 ^ _26_/A1 (sky130_fd_sc_hd__a211o_2)
     1    0.003206    0.027142    0.117679    0.709034 ^ _26_/X (sky130_fd_sc_hd__a211o_2)
                                                         _10_ (net)
                      0.027142    0.000010    0.709045 ^ _27_/B1 (sky130_fd_sc_hd__o221a_2)
     1    0.002449    0.039717    0.163908    0.872953 ^ _27_/X (sky130_fd_sc_hd__o221a_2)
                                                         _00_ (net)
                      0.039717    0.000007    0.872960 ^ hold14/A (sky130_fd_sc_hd__dlygate4sd3_1)
     1    0.002052    0.048507    0.526097    1.399057 ^ hold14/X (sky130_fd_sc_hd__dlygate4sd3_1)
                                                         net14 (net)
                      0.048507    0.000004    1.399061 ^ _40_/D (sky130_fd_sc_hd__dfxtp_2)
                                              1.399061   data arrival time

                                  0.000000    0.000000   clock clk (rise edge)
                                  0.000000    0.000000   clock source latency
     1    0.009356    0.048539    0.031907    0.031907 ^ clk (in)
                                                         clk (net)
                      0.048539    0.000000    0.031907 ^ clkbuf_0_clk/A (sky130_fd_sc_hd__clkbuf_16)
     2    0.018256    0.040361    0.125082    0.156989 ^ clkbuf_0_clk/X (sky130_fd_sc_hd__clkbuf_16)
                                                         clknet_0_clk (net)
                      0.040361    0.000068    0.157057 ^ clkbuf_1_1__f_clk/A (sky130_fd_sc_hd__clkbuf_16)
     2    0.004382    0.028195    0.108108    0.265165 ^ clkbuf_1_1__f_clk/X (sky130_fd_sc_hd__clkbuf_16)
                                                         clknet_1_1__leaf_clk (net)
                      0.028195    0.000010    0.265175 ^ _40_/CLK (sky130_fd_sc_hd__dfxtp_2)
                                  0.500000    0.765175   clock uncertainty
                                  0.000000    0.765175   clock reconvergence pessimism
                                 -0.034130    0.731045   library hold time
                                              0.731045   data required time
---------------------------------------------------------------------------------------------
                                              0.731045   data required time
                                             -1.399061   data arrival time
---------------------------------------------------------------------------------------------
                                              0.668016   slack (MET)


Startpoint: rst (input port clocked by clk)
Endpoint: _43_ (rising edge-triggered flip-flop clocked by clk)
Path Group: clk
Path Type: min

Fanout         Cap        Slew       Delay        Time   Description
---------------------------------------------------------------------------------------------
                                  0.000000    0.000000   clock clk (rise edge)
                                  0.000000    0.000000   clock network delay (propagated)
                                  0.500000    0.500000 ^ input external delay
     1    0.002865    0.020011    0.010521    0.510521 ^ rst (in)
                                                         rst (net)
                      0.020011    0.000000    0.510521 ^ input8/A (sky130_fd_sc_hd__clkdlybuf4s25_1)
     1    0.005188    0.068184    0.251196    0.761716 ^ input8/X (sky130_fd_sc_hd__clkdlybuf4s25_1)
                                                         net8 (net)
                      0.068184    0.000014    0.761730 ^ _21_/A (sky130_fd_sc_hd__inv_2)
     4    0.011789    0.035303    0.050699    0.812430 v _21_/Y (sky130_fd_sc_hd__inv_2)
                                                         _05_ (net)
                      0.035303    0.000094    0.812523 v _39_/C1 (sky130_fd_sc_hd__o221a_2)
     1    0.002205    0.024051    0.109251    0.921774 v _39_/X (sky130_fd_sc_hd__o221a_2)
                                                         _03_ (net)
                      0.024051    0.000006    0.921781 v hold16/A (sky130_fd_sc_hd__dlygate4sd3_1)
     1    0.001957    0.050021    0.532384    1.454165 v hold16/X (sky130_fd_sc_hd__dlygate4sd3_1)
                                                         net16 (net)
                      0.050021    0.000003    1.454168 v _43_/D (sky130_fd_sc_hd__dfxtp_2)
                                              1.454168   data arrival time

                                  0.000000    0.000000   clock clk (rise edge)
                                  0.000000    0.000000   clock source latency
     1    0.009356    0.048539    0.031907    0.031907 ^ clk (in)
                                                         clk (net)
                      0.048539    0.000000    0.031907 ^ clkbuf_0_clk/A (sky130_fd_sc_hd__clkbuf_16)
     2    0.018256    0.040361    0.125082    0.156989 ^ clkbuf_0_clk/X (sky130_fd_sc_hd__clkbuf_16)
                                                         clknet_0_clk (net)
                      0.040361    0.000092    0.157081 ^ clkbuf_1_0__f_clk/A (sky130_fd_sc_hd__clkbuf_16)
     2    0.004878    0.028652    0.108702    0.265783 ^ clkbuf_1_0__f_clk/X (sky130_fd_sc_hd__clkbuf_16)
                                                         clknet_1_0__leaf_clk (net)
                      0.028652    0.000018    0.265801 ^ _43_/CLK (sky130_fd_sc_hd__dfxtp_2)
                                  0.500000    0.765801   clock uncertainty
                                  0.000000    0.765801   clock reconvergence pessimism
                                 -0.051749    0.714051   library hold time
                                              0.714051   data required time
---------------------------------------------------------------------------------------------
                                              0.714051   data required time
                                             -1.454168   data arrival time
---------------------------------------------------------------------------------------------
                                              0.740117   slack (MET)


Startpoint: rst (input port clocked by clk)
Endpoint: _41_ (rising edge-triggered flip-flop clocked by clk)
Path Group: clk
Path Type: min

Fanout         Cap        Slew       Delay        Time   Description
---------------------------------------------------------------------------------------------
                                  0.000000    0.000000   clock clk (rise edge)
                                  0.000000    0.000000   clock network delay (propagated)
                                  0.500000    0.500000 ^ input external delay
     1    0.002865    0.020011    0.010521    0.510521 ^ rst (in)
                                                         rst (net)
                      0.020011    0.000000    0.510521 ^ input8/A (sky130_fd_sc_hd__clkdlybuf4s25_1)
     1    0.005188    0.068184    0.251196    0.761716 ^ input8/X (sky130_fd_sc_hd__clkdlybuf4s25_1)
                                                         net8 (net)
                      0.068184    0.000014    0.761730 ^ _21_/A (sky130_fd_sc_hd__inv_2)
     4    0.011789    0.035303    0.050699    0.812430 v _21_/Y (sky130_fd_sc_hd__inv_2)
                                                         _05_ (net)
                      0.035303    0.000131    0.812560 v _31_/C1 (sky130_fd_sc_hd__o221a_2)
     1    0.002331    0.024415    0.109771    0.922331 v _31_/X (sky130_fd_sc_hd__o221a_2)
                                                         _01_ (net)
                      0.024415    0.000008    0.922339 v hold18/A (sky130_fd_sc_hd__dlygate4sd3_1)
     1    0.002291    0.052006    0.535558    1.457897 v hold18/X (sky130_fd_sc_hd__dlygate4sd3_1)
                                                         net18 (net)
                      0.052006    0.000008    1.457906 v _41_/D (sky130_fd_sc_hd__dfxtp_2)
                                              1.457906   data arrival time

                                  0.000000    0.000000   clock clk (rise edge)
                                  0.000000    0.000000   clock source latency
     1    0.009356    0.048539    0.031907    0.031907 ^ clk (in)
                                                         clk (net)
                      0.048539    0.000000    0.031907 ^ clkbuf_0_clk/A (sky130_fd_sc_hd__clkbuf_16)
     2    0.018256    0.040361    0.125082    0.156989 ^ clkbuf_0_clk/X (sky130_fd_sc_hd__clkbuf_16)
                                                         clknet_0_clk (net)
                      0.040361    0.000068    0.157057 ^ clkbuf_1_1__f_clk/A (sky130_fd_sc_hd__clkbuf_16)
     2    0.004382    0.028195    0.108108    0.265165 ^ clkbuf_1_1__f_clk/X (sky130_fd_sc_hd__clkbuf_16)
                                                         clknet_1_1__leaf_clk (net)
                      0.028195    0.000013    0.265177 ^ _41_/CLK (sky130_fd_sc_hd__dfxtp_2)
                                  0.500000    0.765177   clock uncertainty
                                  0.000000    0.765177   clock reconvergence pessimism
                                 -0.052665    0.712512   library hold time
                                              0.712512   data required time
---------------------------------------------------------------------------------------------
                                              0.712512   data required time
                                             -1.457906   data arrival time
---------------------------------------------------------------------------------------------
                                              0.745393   slack (MET)


Startpoint: _40_ (rising edge-triggered flip-flop clocked by clk)
Endpoint: Q[0] (output port clocked by clk)
Path Group: clk
Path Type: min

Fanout         Cap        Slew       Delay        Time   Description
---------------------------------------------------------------------------------------------
                                  0.000000    0.000000   clock clk (rise edge)
                                  0.000000    0.000000   clock source latency
     1    0.009356    0.048539    0.031907    0.031907 ^ clk (in)
                                                         clk (net)
                      0.048539    0.000000    0.031907 ^ clkbuf_0_clk/A (sky130_fd_sc_hd__clkbuf_16)
     2    0.018256    0.040361    0.125082    0.156989 ^ clkbuf_0_clk/X (sky130_fd_sc_hd__clkbuf_16)
                                                         clknet_0_clk (net)
                      0.040361    0.000068    0.157057 ^ clkbuf_1_1__f_clk/A (sky130_fd_sc_hd__clkbuf_16)
     2    0.004382    0.028195    0.108108    0.265165 ^ clkbuf_1_1__f_clk/X (sky130_fd_sc_hd__clkbuf_16)
                                                         clknet_1_1__leaf_clk (net)
                      0.028195    0.000010    0.265175 ^ _40_/CLK (sky130_fd_sc_hd__dfxtp_2)
     2    0.005387    0.028211    0.303774    0.568949 v _40_/Q (sky130_fd_sc_hd__dfxtp_2)
                                                         net9 (net)
                      0.028211    0.000010    0.568959 v output9/A (sky130_fd_sc_hd__clkdlybuf4s25_1)
     1    0.010656    0.093039    0.281510    0.850469 v output9/X (sky130_fd_sc_hd__clkdlybuf4s25_1)
                                                         Q[0] (net)
                      0.093039    0.000031    0.850499 v Q[0] (out)
                                              0.850499   data arrival time

                                  0.000000    0.000000   clock clk (rise edge)
                                  0.000000    0.000000   clock network delay (propagated)
                                  0.500000    0.500000   clock uncertainty
                                  0.000000    0.500000   clock reconvergence pessimism
                                 -0.500000    0.000000   output external delay
                                              0.000000   data required time
---------------------------------------------------------------------------------------------
                                              0.000000   data required time
                                             -0.850499   data arrival time
---------------------------------------------------------------------------------------------
                                              0.850499   slack (MET)


Startpoint: _43_ (rising edge-triggered flip-flop clocked by clk)
Endpoint: Q[3] (output port clocked by clk)
Path Group: clk
Path Type: min

Fanout         Cap        Slew       Delay        Time   Description
---------------------------------------------------------------------------------------------
                                  0.000000    0.000000   clock clk (rise edge)
                                  0.000000    0.000000   clock source latency
     1    0.009356    0.048539    0.031907    0.031907 ^ clk (in)
                                                         clk (net)
                      0.048539    0.000000    0.031907 ^ clkbuf_0_clk/A (sky130_fd_sc_hd__clkbuf_16)
     2    0.018256    0.040361    0.125082    0.156989 ^ clkbuf_0_clk/X (sky130_fd_sc_hd__clkbuf_16)
                                                         clknet_0_clk (net)
                      0.040361    0.000092    0.157081 ^ clkbuf_1_0__f_clk/A (sky130_fd_sc_hd__clkbuf_16)
     2    0.004878    0.028652    0.108702    0.265783 ^ clkbuf_1_0__f_clk/X (sky130_fd_sc_hd__clkbuf_16)
                                                         clknet_1_0__leaf_clk (net)
                      0.028652    0.000018    0.265801 ^ _43_/CLK (sky130_fd_sc_hd__dfxtp_2)
     2    0.006136    0.030049    0.305850    0.571651 v _43_/Q (sky130_fd_sc_hd__dfxtp_2)
                                                         net12 (net)
                      0.030049    0.000044    0.571695 v output12/A (sky130_fd_sc_hd__clkdlybuf4s25_1)
     1    0.010666    0.090930    0.282326    0.854021 v output12/X (sky130_fd_sc_hd__clkdlybuf4s25_1)
                                                         Q[3] (net)
                      0.090930    0.000042    0.854063 v Q[3] (out)
                                              0.854063   data arrival time

                                  0.000000    0.000000   clock clk (rise edge)
                                  0.000000    0.000000   clock network delay (propagated)
                                  0.500000    0.500000   clock uncertainty
                                  0.000000    0.500000   clock reconvergence pessimism
                                 -0.500000    0.000000   output external delay
                                              0.000000   data required time
---------------------------------------------------------------------------------------------
                                              0.000000   data required time
                                             -0.854063   data arrival time
---------------------------------------------------------------------------------------------
                                              0.854063   slack (MET)


Startpoint: _41_ (rising edge-triggered flip-flop clocked by clk)
Endpoint: Q[1] (output port clocked by clk)
Path Group: clk
Path Type: min

Fanout         Cap        Slew       Delay        Time   Description
---------------------------------------------------------------------------------------------
                                  0.000000    0.000000   clock clk (rise edge)
                                  0.000000    0.000000   clock source latency
     1    0.009356    0.048539    0.031907    0.031907 ^ clk (in)
                                                         clk (net)
                      0.048539    0.000000    0.031907 ^ clkbuf_0_clk/A (sky130_fd_sc_hd__clkbuf_16)
     2    0.018256    0.040361    0.125082    0.156989 ^ clkbuf_0_clk/X (sky130_fd_sc_hd__clkbuf_16)
                                                         clknet_0_clk (net)
                      0.040361    0.000068    0.157057 ^ clkbuf_1_1__f_clk/A (sky130_fd_sc_hd__clkbuf_16)
     2    0.004382    0.028195    0.108108    0.265165 ^ clkbuf_1_1__f_clk/X (sky130_fd_sc_hd__clkbuf_16)
                                                         clknet_1_1__leaf_clk (net)
                      0.028195    0.000013    0.265177 ^ _41_/CLK (sky130_fd_sc_hd__dfxtp_2)
     3    0.009516    0.037578    0.314332    0.579509 v _41_/Q (sky130_fd_sc_hd__dfxtp_2)
                                                         net10 (net)
                      0.037578    0.000017    0.579526 v output10/A (sky130_fd_sc_hd__clkdlybuf4s25_1)
     1    0.010656    0.093069    0.285518    0.865044 v output10/X (sky130_fd_sc_hd__clkdlybuf4s25_1)
                                                         Q[1] (net)
                      0.093069    0.000031    0.865075 v Q[1] (out)
                                              0.865075   data arrival time

                                  0.000000    0.000000   clock clk (rise edge)
                                  0.000000    0.000000   clock network delay (propagated)
                                  0.500000    0.500000   clock uncertainty
                                  0.000000    0.500000   clock reconvergence pessimism
                                 -0.500000    0.000000   output external delay
                                              0.000000   data required time
---------------------------------------------------------------------------------------------
                                              0.000000   data required time
                                             -0.865075   data arrival time
---------------------------------------------------------------------------------------------
                                              0.865075   slack (MET)


Startpoint: _42_ (rising edge-triggered flip-flop clocked by clk)
Endpoint: Q[2] (output port clocked by clk)
Path Group: clk
Path Type: min

Fanout         Cap        Slew       Delay        Time   Description
---------------------------------------------------------------------------------------------
                                  0.000000    0.000000   clock clk (rise edge)
                                  0.000000    0.000000   clock source latency
     1    0.009356    0.048539    0.031907    0.031907 ^ clk (in)
                                                         clk (net)
                      0.048539    0.000000    0.031907 ^ clkbuf_0_clk/A (sky130_fd_sc_hd__clkbuf_16)
     2    0.018256    0.040361    0.125082    0.156989 ^ clkbuf_0_clk/X (sky130_fd_sc_hd__clkbuf_16)
                                                         clknet_0_clk (net)
                      0.040361    0.000092    0.157081 ^ clkbuf_1_0__f_clk/A (sky130_fd_sc_hd__clkbuf_16)
     2    0.004878    0.028652    0.108702    0.265783 ^ clkbuf_1_0__f_clk/X (sky130_fd_sc_hd__clkbuf_16)
                                                         clknet_1_0__leaf_clk (net)
                      0.028652    0.000018    0.265801 ^ _42_/CLK (sky130_fd_sc_hd__dfxtp_2)
     4    0.012649    0.043486    0.322287    0.588088 v _42_/Q (sky130_fd_sc_hd__dfxtp_2)
                                                         net11 (net)
                      0.043486    0.000028    0.588116 v output11/A (sky130_fd_sc_hd__clkdlybuf4s25_1)
     1    0.010734    0.093612    0.288469    0.876585 v output11/X (sky130_fd_sc_hd__clkdlybuf4s25_1)
                                                         Q[2] (net)
                      0.093612    0.000036    0.876621 v Q[2] (out)
                                              0.876621   data arrival time

                                  0.000000    0.000000   clock clk (rise edge)
                                  0.000000    0.000000   clock network delay (propagated)
                                  0.500000    0.500000   clock uncertainty
                                  0.000000    0.500000   clock reconvergence pessimism
                                 -0.500000    0.000000   output external delay
                                              0.000000   data required time
---------------------------------------------------------------------------------------------
                                              0.000000   data required time
                                             -0.876621   data arrival time
---------------------------------------------------------------------------------------------
                                              0.876621   slack (MET)



%OL_END_REPORT
%OL_CREATE_REPORT max.rpt

===========================================================================
report_checks -path_delay max (Setup)
============================================================================
======================= nom_tt_025C_1v80 Corner ===================================

Startpoint: mode[1] (input port clocked by clk)
Endpoint: _40_ (rising edge-triggered flip-flop clocked by clk)
Path Group: clk
Path Type: max

Fanout         Cap        Slew       Delay        Time   Description
---------------------------------------------------------------------------------------------
                                  0.000000    0.000000   clock clk (rise edge)
                                  0.000000    0.000000   clock network delay (propagated)
                                  2.000000    2.000000 v input external delay
     1    0.003054    0.009220    0.004841    2.004841 v mode[1] (in)
                                                         mode[1] (net)
                      0.009220    0.000000    2.004841 v input7/A (sky130_fd_sc_hd__clkdlybuf4s25_1)
    11    0.027255    0.205552    0.362680    2.367521 v input7/X (sky130_fd_sc_hd__clkdlybuf4s25_1)
                                                         net7 (net)
                      0.205552    0.000119    2.367640 v _22_/B (sky130_fd_sc_hd__and3_2)
     1    0.003413    0.038820    0.264060    2.631700 v _22_/X (sky130_fd_sc_hd__and3_2)
                                                         _06_ (net)
                      0.038820    0.000016    2.631716 v _26_/B1 (sky130_fd_sc_hd__a211o_2)
     1    0.003036    0.048293    0.295682    2.927398 v _26_/X (sky130_fd_sc_hd__a211o_2)
                                                         _10_ (net)
                      0.048293    0.000010    2.927408 v _27_/B1 (sky130_fd_sc_hd__o221a_2)
     1    0.002284    0.041677    0.236026    3.163434 v _27_/X (sky130_fd_sc_hd__o221a_2)
                                                         _00_ (net)
                      0.041677    0.000007    3.163440 v hold14/A (sky130_fd_sc_hd__dlygate4sd3_1)
     1    0.002059    0.050497    0.540164    3.703605 v hold14/X (sky130_fd_sc_hd__dlygate4sd3_1)
                                                         net14 (net)
                      0.050497    0.000004    3.703609 v _40_/D (sky130_fd_sc_hd__dfxtp_2)
                                              3.703609   data arrival time

                                 10.000000   10.000000   clock clk (rise edge)
                                  0.000000   10.000000   clock source latency
     1    0.009356    0.048539    0.031907   10.031907 ^ clk (in)
                                                         clk (net)
                      0.048539    0.000000   10.031907 ^ clkbuf_0_clk/A (sky130_fd_sc_hd__clkbuf_16)
     2    0.018256    0.040361    0.125081   10.156988 ^ clkbuf_0_clk/X (sky130_fd_sc_hd__clkbuf_16)
                                                         clknet_0_clk (net)
                      0.040361    0.000068   10.157057 ^ clkbuf_1_1__f_clk/A (sky130_fd_sc_hd__clkbuf_16)
     2    0.004382    0.028195    0.108108   10.265165 ^ clkbuf_1_1__f_clk/X (sky130_fd_sc_hd__clkbuf_16)
                                                         clknet_1_1__leaf_clk (net)
                      0.028195    0.000010   10.265175 ^ _40_/CLK (sky130_fd_sc_hd__dfxtp_2)
                                 -0.500000    9.765175   clock uncertainty
                                  0.000000    9.765175   clock reconvergence pessimism
                                 -0.119212    9.645963   library setup time
                                              9.645963   data required time
---------------------------------------------------------------------------------------------
                                              9.645963   data required time
                                             -3.703609   data arrival time
---------------------------------------------------------------------------------------------
                                              5.942354   slack (MET)


Startpoint: mode[1] (input port clocked by clk)
Endpoint: _43_ (rising edge-triggered flip-flop clocked by clk)
Path Group: clk
Path Type: max

Fanout         Cap        Slew       Delay        Time   Description
---------------------------------------------------------------------------------------------
                                  0.000000    0.000000   clock clk (rise edge)
                                  0.000000    0.000000   clock network delay (propagated)
                                  2.000000    2.000000 v input external delay
     1    0.003054    0.009220    0.004841    2.004841 v mode[1] (in)
                                                         mode[1] (net)
                      0.009220    0.000000    2.004841 v input7/A (sky130_fd_sc_hd__clkdlybuf4s25_1)
    11    0.027255    0.205552    0.362680    2.367521 v input7/X (sky130_fd_sc_hd__clkdlybuf4s25_1)
                                                         net7 (net)
                      0.205552    0.000329    2.367850 v _36_/B (sky130_fd_sc_hd__and3_2)
     1    0.002557    0.037225    0.259805    2.627655 v _36_/X (sky130_fd_sc_hd__and3_2)
                                                         _17_ (net)
                      0.037225    0.000007    2.627662 v _38_/C1 (sky130_fd_sc_hd__a211o_2)
     1    0.003896    0.050529    0.263038    2.890700 v _38_/X (sky130_fd_sc_hd__a211o_2)
                                                         _19_ (net)
                      0.050529    0.000023    2.890722 v _39_/B2 (sky130_fd_sc_hd__o221a_2)
     1    0.002205    0.041388    0.218228    3.108950 v _39_/X (sky130_fd_sc_hd__o221a_2)
                                                         _03_ (net)
                      0.041388    0.000006    3.108956 v hold16/A (sky130_fd_sc_hd__dlygate4sd3_1)
     1    0.001957    0.049895    0.539128    3.648084 v hold16/X (sky130_fd_sc_hd__dlygate4sd3_1)
                                                         net16 (net)
                      0.049895    0.000003    3.648087 v _43_/D (sky130_fd_sc_hd__dfxtp_2)
                                              3.648087   data arrival time

                                 10.000000   10.000000   clock clk (rise edge)
                                  0.000000   10.000000   clock source latency
     1    0.009356    0.048539    0.031907   10.031907 ^ clk (in)
                                                         clk (net)
                      0.048539    0.000000   10.031907 ^ clkbuf_0_clk/A (sky130_fd_sc_hd__clkbuf_16)
     2    0.018256    0.040361    0.125081   10.156988 ^ clkbuf_0_clk/X (sky130_fd_sc_hd__clkbuf_16)
                                                         clknet_0_clk (net)
                      0.040361    0.000092   10.157081 ^ clkbuf_1_0__f_clk/A (sky130_fd_sc_hd__clkbuf_16)
     2    0.004878    0.028652    0.108702   10.265783 ^ clkbuf_1_0__f_clk/X (sky130_fd_sc_hd__clkbuf_16)
                                                         clknet_1_0__leaf_clk (net)
                      0.028652    0.000018   10.265800 ^ _43_/CLK (sky130_fd_sc_hd__dfxtp_2)
                                 -0.500000    9.765800   clock uncertainty
                                  0.000000    9.765800   clock reconvergence pessimism
                                 -0.118842    9.646958   library setup time
                                              9.646958   data required time
---------------------------------------------------------------------------------------------
                                              9.646958   data required time
                                             -3.648087   data arrival time
---------------------------------------------------------------------------------------------
                                              5.998871   slack (MET)


Startpoint: mode[1] (input port clocked by clk)
Endpoint: _41_ (rising edge-triggered flip-flop clocked by clk)
Path Group: clk
Path Type: max

Fanout         Cap        Slew       Delay        Time   Description
---------------------------------------------------------------------------------------------
                                  0.000000    0.000000   clock clk (rise edge)
                                  0.000000    0.000000   clock network delay (propagated)
                                  2.000000    2.000000 ^ input external delay
     1    0.003279    0.021801    0.011970    2.011970 ^ mode[1] (in)
                                                         mode[1] (net)
                      0.021801    0.000000    2.011970 ^ input7/A (sky130_fd_sc_hd__clkdlybuf4s25_1)
    11    0.028947    0.294582    0.415008    2.426978 ^ input7/X (sky130_fd_sc_hd__clkdlybuf4s25_1)
                                                         net7 (net)
                      0.294582    0.000345    2.427323 ^ _29_/A_N (sky130_fd_sc_hd__nand2b_2)
     1    0.002470    0.037586    0.172730    2.600053 ^ _29_/Y (sky130_fd_sc_hd__nand2b_2)
                                                         _12_ (net)
                      0.037586    0.000010    2.600063 ^ _30_/A2_N (sky130_fd_sc_hd__o2bb2a_2)
     1    0.002454    0.042976    0.193639    2.793702 v _30_/X (sky130_fd_sc_hd__o2bb2a_2)
                                                         _13_ (net)
                      0.042976    0.000004    2.793705 v _31_/B2 (sky130_fd_sc_hd__o221a_2)
     1    0.002331    0.041121    0.216259    3.009964 v _31_/X (sky130_fd_sc_hd__o221a_2)
                                                         _01_ (net)
                      0.041121    0.000008    3.009973 v hold18/A (sky130_fd_sc_hd__dlygate4sd3_1)
     1    0.002291    0.051881    0.542060    3.552032 v hold18/X (sky130_fd_sc_hd__dlygate4sd3_1)
                                                         net18 (net)
                      0.051881    0.000008    3.552041 v _41_/D (sky130_fd_sc_hd__dfxtp_2)
                                              3.552041   data arrival time

                                 10.000000   10.000000   clock clk (rise edge)
                                  0.000000   10.000000   clock source latency
     1    0.009356    0.048539    0.031907   10.031907 ^ clk (in)
                                                         clk (net)
                      0.048539    0.000000   10.031907 ^ clkbuf_0_clk/A (sky130_fd_sc_hd__clkbuf_16)
     2    0.018256    0.040361    0.125081   10.156988 ^ clkbuf_0_clk/X (sky130_fd_sc_hd__clkbuf_16)
                                                         clknet_0_clk (net)
                      0.040361    0.000068   10.157057 ^ clkbuf_1_1__f_clk/A (sky130_fd_sc_hd__clkbuf_16)
     2    0.004382    0.028195    0.108108   10.265165 ^ clkbuf_1_1__f_clk/X (sky130_fd_sc_hd__clkbuf_16)
                                                         clknet_1_1__leaf_clk (net)
                      0.028195    0.000012   10.265178 ^ _41_/CLK (sky130_fd_sc_hd__dfxtp_2)
                                 -0.500000    9.765178   clock uncertainty
                                  0.000000    9.765178   clock reconvergence pessimism
                                 -0.119817    9.645360   library setup time
                                              9.645360   data required time
---------------------------------------------------------------------------------------------
                                              9.645360   data required time
                                             -3.552041   data arrival time
---------------------------------------------------------------------------------------------
                                              6.093320   slack (MET)


Startpoint: mode[1] (input port clocked by clk)
Endpoint: _42_ (rising edge-triggered flip-flop clocked by clk)
Path Group: clk
Path Type: max

Fanout         Cap        Slew       Delay        Time   Description
---------------------------------------------------------------------------------------------
                                  0.000000    0.000000   clock clk (rise edge)
                                  0.000000    0.000000   clock network delay (propagated)
                                  2.000000    2.000000 v input external delay
     1    0.003054    0.009220    0.004841    2.004841 v mode[1] (in)
                                                         mode[1] (net)
                      0.009220    0.000000    2.004841 v input7/A (sky130_fd_sc_hd__clkdlybuf4s25_1)
    11    0.027255    0.205552    0.362680    2.367521 v input7/X (sky130_fd_sc_hd__clkdlybuf4s25_1)
                                                         net7 (net)
                      0.205552    0.000327    2.367848 v _32_/B (sky130_fd_sc_hd__and3_2)
     1    0.002550    0.037207    0.259773    2.627621 v _32_/X (sky130_fd_sc_hd__and3_2)
                                                         _14_ (net)
                      0.037207    0.000004    2.627625 v _34_/C1 (sky130_fd_sc_hd__a2111o_2)
     1    0.003316    0.063722    0.390700    3.018325 v _34_/X (sky130_fd_sc_hd__a2111o_2)
                                                         _16_ (net)
                      0.063722    0.000014    3.018339 v _35_/B1 (sky130_fd_sc_hd__o211a_2)
     1    0.002268    0.039376    0.133524    3.151863 v _35_/X (sky130_fd_sc_hd__o211a_2)
                                                         _02_ (net)
                      0.039376    0.000005    3.151868 v _42_/D (sky130_fd_sc_hd__dfxtp_2)
                                              3.151868   data arrival time

                                 10.000000   10.000000   clock clk (rise edge)
                                  0.000000   10.000000   clock source latency
     1    0.009356    0.048539    0.031907   10.031907 ^ clk (in)
                                                         clk (net)
                      0.048539    0.000000   10.031907 ^ clkbuf_0_clk/A (sky130_fd_sc_hd__clkbuf_16)
     2    0.018256    0.040361    0.125081   10.156988 ^ clkbuf_0_clk/X (sky130_fd_sc_hd__clkbuf_16)
                                                         clknet_0_clk (net)
                      0.040361    0.000092   10.157081 ^ clkbuf_1_0__f_clk/A (sky130_fd_sc_hd__clkbuf_16)
     2    0.004878    0.028652    0.108702   10.265783 ^ clkbuf_1_0__f_clk/X (sky130_fd_sc_hd__clkbuf_16)
                                                         clknet_1_0__leaf_clk (net)
                      0.028652    0.000018   10.265800 ^ _42_/CLK (sky130_fd_sc_hd__dfxtp_2)
                                 -0.500000    9.765800   clock uncertainty
                                  0.000000    9.765800   clock reconvergence pessimism
                                 -0.114247    9.651553   library setup time
                                              9.651553   data required time
---------------------------------------------------------------------------------------------
                                              9.651553   data required time
                                             -3.151868   data arrival time
---------------------------------------------------------------------------------------------
                                              6.499685   slack (MET)


Startpoint: _42_ (rising edge-triggered flip-flop clocked by clk)
Endpoint: Q[2] (output port clocked by clk)
Path Group: clk
Path Type: max

Fanout         Cap        Slew       Delay        Time   Description
---------------------------------------------------------------------------------------------
                                  0.000000    0.000000   clock clk (rise edge)
                                  0.000000    0.000000   clock source latency
     1    0.009356    0.048539    0.031907    0.031907 ^ clk (in)
                                                         clk (net)
                      0.048539    0.000000    0.031907 ^ clkbuf_0_clk/A (sky130_fd_sc_hd__clkbuf_16)
     2    0.018256    0.040361    0.125082    0.156989 ^ clkbuf_0_clk/X (sky130_fd_sc_hd__clkbuf_16)
                                                         clknet_0_clk (net)
                      0.040361    0.000092    0.157081 ^ clkbuf_1_0__f_clk/A (sky130_fd_sc_hd__clkbuf_16)
     2    0.004878    0.028652    0.108702    0.265783 ^ clkbuf_1_0__f_clk/X (sky130_fd_sc_hd__clkbuf_16)
                                                         clknet_1_0__leaf_clk (net)
                      0.028652    0.000018    0.265801 ^ _42_/CLK (sky130_fd_sc_hd__dfxtp_2)
     4    0.013605    0.077684    0.339009    0.604810 ^ _42_/Q (sky130_fd_sc_hd__dfxtp_2)
                                                         net11 (net)
                      0.077684    0.000030    0.604840 ^ output11/A (sky130_fd_sc_hd__clkdlybuf4s25_1)
     1    0.010734    0.121293    0.309840    0.914680 ^ output11/X (sky130_fd_sc_hd__clkdlybuf4s25_1)
                                                         Q[2] (net)
                      0.121293    0.000036    0.914716 ^ Q[2] (out)
                                              0.914716   data arrival time

                                 10.000000   10.000000   clock clk (rise edge)
                                  0.000000   10.000000   clock network delay (propagated)
                                 -0.500000    9.500000   clock uncertainty
                                  0.000000    9.500000   clock reconvergence pessimism
                                 -2.000000    7.500000   output external delay
                                              7.500000   data required time
---------------------------------------------------------------------------------------------
                                              7.500000   data required time
                                             -0.914716   data arrival time
---------------------------------------------------------------------------------------------
                                              6.585284   slack (MET)


Startpoint: _41_ (rising edge-triggered flip-flop clocked by clk)
Endpoint: Q[1] (output port clocked by clk)
Path Group: clk
Path Type: max

Fanout         Cap        Slew       Delay        Time   Description
---------------------------------------------------------------------------------------------
                                  0.000000    0.000000   clock clk (rise edge)
                                  0.000000    0.000000   clock source latency
     1    0.009356    0.048539    0.031907    0.031907 ^ clk (in)
                                                         clk (net)
                      0.048539    0.000000    0.031907 ^ clkbuf_0_clk/A (sky130_fd_sc_hd__clkbuf_16)
     2    0.018256    0.040361    0.125082    0.156989 ^ clkbuf_0_clk/X (sky130_fd_sc_hd__clkbuf_16)
                                                         clknet_0_clk (net)
                      0.040361    0.000068    0.157057 ^ clkbuf_1_1__f_clk/A (sky130_fd_sc_hd__clkbuf_16)
     2    0.004382    0.028195    0.108108    0.265165 ^ clkbuf_1_1__f_clk/X (sky130_fd_sc_hd__clkbuf_16)
                                                         clknet_1_1__leaf_clk (net)
                      0.028195    0.000013    0.265177 ^ _41_/CLK (sky130_fd_sc_hd__dfxtp_2)
     3    0.010120    0.062041    0.326141    0.591318 ^ _41_/Q (sky130_fd_sc_hd__dfxtp_2)
                                                         net10 (net)
                      0.062041    0.000018    0.591337 ^ output10/A (sky130_fd_sc_hd__clkdlybuf4s25_1)
     1    0.010656    0.120526    0.303873    0.895210 ^ output10/X (sky130_fd_sc_hd__clkdlybuf4s25_1)
                                                         Q[1] (net)
                      0.120526    0.000031    0.895240 ^ Q[1] (out)
                                              0.895240   data arrival time

                                 10.000000   10.000000   clock clk (rise edge)
                                  0.000000   10.000000   clock network delay (propagated)
                                 -0.500000    9.500000   clock uncertainty
                                  0.000000    9.500000   clock reconvergence pessimism
                                 -2.000000    7.500000   output external delay
                                              7.500000   data required time
---------------------------------------------------------------------------------------------
                                              7.500000   data required time
                                             -0.895240   data arrival time
---------------------------------------------------------------------------------------------
                                              6.604760   slack (MET)


Startpoint: _43_ (rising edge-triggered flip-flop clocked by clk)
Endpoint: Q[3] (output port clocked by clk)
Path Group: clk
Path Type: max

Fanout         Cap        Slew       Delay        Time   Description
---------------------------------------------------------------------------------------------
                                  0.000000    0.000000   clock clk (rise edge)
                                  0.000000    0.000000   clock source latency
     1    0.009356    0.048539    0.031907    0.031907 ^ clk (in)
                                                         clk (net)
                      0.048539    0.000000    0.031907 ^ clkbuf_0_clk/A (sky130_fd_sc_hd__clkbuf_16)
     2    0.018256    0.040361    0.125082    0.156989 ^ clkbuf_0_clk/X (sky130_fd_sc_hd__clkbuf_16)
                                                         clknet_0_clk (net)
                      0.040361    0.000092    0.157081 ^ clkbuf_1_0__f_clk/A (sky130_fd_sc_hd__clkbuf_16)
     2    0.004878    0.028652    0.108702    0.265783 ^ clkbuf_1_0__f_clk/X (sky130_fd_sc_hd__clkbuf_16)
                                                         clknet_1_0__leaf_clk (net)
                      0.028652    0.000018    0.265801 ^ _43_/CLK (sky130_fd_sc_hd__dfxtp_2)
     2    0.006526    0.045868    0.312828    0.578628 ^ _43_/Q (sky130_fd_sc_hd__dfxtp_2)
                                                         net12 (net)
                      0.045868    0.000047    0.578676 ^ output12/A (sky130_fd_sc_hd__clkdlybuf4s25_1)
     1    0.010666    0.120648    0.298328    0.877004 ^ output12/X (sky130_fd_sc_hd__clkdlybuf4s25_1)
                                                         Q[3] (net)
                      0.120648    0.000042    0.877046 ^ Q[3] (out)
                                              0.877046   data arrival time

                                 10.000000   10.000000   clock clk (rise edge)
                                  0.000000   10.000000   clock network delay (propagated)
                                 -0.500000    9.500000   clock uncertainty
                                  0.000000    9.500000   clock reconvergence pessimism
                                 -2.000000    7.500000   output external delay
                                              7.500000   data required time
---------------------------------------------------------------------------------------------
                                              7.500000   data required time
                                             -0.877046   data arrival time
---------------------------------------------------------------------------------------------
                                              6.622954   slack (MET)


Startpoint: _40_ (rising edge-triggered flip-flop clocked by clk)
Endpoint: Q[0] (output port clocked by clk)
Path Group: clk
Path Type: max

Fanout         Cap        Slew       Delay        Time   Description
---------------------------------------------------------------------------------------------
                                  0.000000    0.000000   clock clk (rise edge)
                                  0.000000    0.000000   clock source latency
     1    0.009356    0.048539    0.031907    0.031907 ^ clk (in)
                                                         clk (net)
                      0.048539    0.000000    0.031907 ^ clkbuf_0_clk/A (sky130_fd_sc_hd__clkbuf_16)
     2    0.018256    0.040361    0.125082    0.156989 ^ clkbuf_0_clk/X (sky130_fd_sc_hd__clkbuf_16)
                                                         clknet_0_clk (net)
                      0.040361    0.000068    0.157057 ^ clkbuf_1_1__f_clk/A (sky130_fd_sc_hd__clkbuf_16)
     2    0.004382    0.028195    0.108108    0.265165 ^ clkbuf_1_1__f_clk/X (sky130_fd_sc_hd__clkbuf_16)
                                                         clknet_1_1__leaf_clk (net)
                      0.028195    0.000010    0.265175 ^ _40_/CLK (sky130_fd_sc_hd__dfxtp_2)
     2    0.005777    0.044201    0.309863    0.575038 ^ _40_/Q (sky130_fd_sc_hd__dfxtp_2)
                                                         net9 (net)
                      0.044201    0.000011    0.575049 ^ output9/A (sky130_fd_sc_hd__clkdlybuf4s25_1)
     1    0.010656    0.120554    0.297678    0.872727 ^ output9/X (sky130_fd_sc_hd__clkdlybuf4s25_1)
                                                         Q[0] (net)
                      0.120554    0.000031    0.872758 ^ Q[0] (out)
                                              0.872758   data arrival time

                                 10.000000   10.000000   clock clk (rise edge)
                                  0.000000   10.000000   clock network delay (propagated)
                                 -0.500000    9.500000   clock uncertainty
                                  0.000000    9.500000   clock reconvergence pessimism
                                 -2.000000    7.500000   output external delay
                                              7.500000   data required time
---------------------------------------------------------------------------------------------
                                              7.500000   data required time
                                             -0.872758   data arrival time
---------------------------------------------------------------------------------------------
                                              6.627242   slack (MET)



%OL_END_REPORT
%OL_CREATE_REPORT checks.rpt

===========================================================================
report_checks -unconstrained
===========================================================================
======================= nom_tt_025C_1v80 Corner ===================================

Startpoint: mode[1] (input port clocked by clk)
Endpoint: _40_ (rising edge-triggered flip-flop clocked by clk)
Path Group: clk
Path Type: max

Fanout         Cap        Slew       Delay        Time   Description
---------------------------------------------------------------------------------------------
                                  0.000000    0.000000   clock clk (rise edge)
                                  0.000000    0.000000   clock network delay (propagated)
                                  2.000000    2.000000 v input external delay
     1    0.003054    0.009220    0.004841    2.004841 v mode[1] (in)
                                                         mode[1] (net)
                      0.009220    0.000000    2.004841 v input7/A (sky130_fd_sc_hd__clkdlybuf4s25_1)
    11    0.027255    0.205552    0.362680    2.367521 v input7/X (sky130_fd_sc_hd__clkdlybuf4s25_1)
                                                         net7 (net)
                      0.205552    0.000119    2.367640 v _22_/B (sky130_fd_sc_hd__and3_2)
     1    0.003413    0.038820    0.264060    2.631700 v _22_/X (sky130_fd_sc_hd__and3_2)
                                                         _06_ (net)
                      0.038820    0.000016    2.631716 v _26_/B1 (sky130_fd_sc_hd__a211o_2)
     1    0.003036    0.048293    0.295682    2.927398 v _26_/X (sky130_fd_sc_hd__a211o_2)
                                                         _10_ (net)
                      0.048293    0.000010    2.927408 v _27_/B1 (sky130_fd_sc_hd__o221a_2)
     1    0.002284    0.041677    0.236026    3.163434 v _27_/X (sky130_fd_sc_hd__o221a_2)
                                                         _00_ (net)
                      0.041677    0.000007    3.163440 v hold14/A (sky130_fd_sc_hd__dlygate4sd3_1)
     1    0.002059    0.050497    0.540164    3.703605 v hold14/X (sky130_fd_sc_hd__dlygate4sd3_1)
                                                         net14 (net)
                      0.050497    0.000004    3.703609 v _40_/D (sky130_fd_sc_hd__dfxtp_2)
                                              3.703609   data arrival time

                                 10.000000   10.000000   clock clk (rise edge)
                                  0.000000   10.000000   clock source latency
     1    0.009356    0.048539    0.031907   10.031907 ^ clk (in)
                                                         clk (net)
                      0.048539    0.000000   10.031907 ^ clkbuf_0_clk/A (sky130_fd_sc_hd__clkbuf_16)
     2    0.018256    0.040361    0.125081   10.156988 ^ clkbuf_0_clk/X (sky130_fd_sc_hd__clkbuf_16)
                                                         clknet_0_clk (net)
                      0.040361    0.000068   10.157057 ^ clkbuf_1_1__f_clk/A (sky130_fd_sc_hd__clkbuf_16)
     2    0.004382    0.028195    0.108108   10.265165 ^ clkbuf_1_1__f_clk/X (sky130_fd_sc_hd__clkbuf_16)
                                                         clknet_1_1__leaf_clk (net)
                      0.028195    0.000010   10.265175 ^ _40_/CLK (sky130_fd_sc_hd__dfxtp_2)
                                 -0.500000    9.765175   clock uncertainty
                                  0.000000    9.765175   clock reconvergence pessimism
                                 -0.119212    9.645963   library setup time
                                              9.645963   data required time
---------------------------------------------------------------------------------------------
                                              9.645963   data required time
                                             -3.703609   data arrival time
---------------------------------------------------------------------------------------------
                                              5.942354   slack (MET)




===========================================================================
report_checks --slack_max -0.01
============================================================================
======================= nom_tt_025C_1v80 Corner ===================================

No paths found.


===========================================================================
 report_check_types -max_slew -max_cap -max_fanout -violators
============================================================================
======================= nom_tt_025C_1v80 Corner ===================================



===========================================================================
report_parasitic_annotation -report_unannotated
============================================================================
Found 0 unannotated drivers.
Found 0 partially unannotated drivers.

===========================================================================
max slew violation count 0
Writing metric design__max_slew_violation__count__corner:nom_tt_025C_1v80: 0
max fanout violation count 0
Writing metric design__max_fanout_violation__count__corner:nom_tt_025C_1v80: 0
max cap violation count 0
Writing metric design__max_cap_violation__count__corner:nom_tt_025C_1v80: 0
============================================================================

===========================================================================
check_setup -verbose -unconstrained_endpoints -multiple_clock -no_clock -no_input_delay -loops -generated_clocks
===========================================================================
%OL_END_REPORT
%OL_CREATE_REPORT power.rpt

===========================================================================
 report_power
============================================================================
======================= nom_tt_025C_1v80 Corner ===================================

Group                    Internal    Switching      Leakage        Total
                            Power        Power        Power        Power (Watts)
------------------------------------------------------------------------
Sequential           1.761421e-05 8.368539e-07 3.442982e-11 1.845110e-05  19.9%
Combinational        1.004135e-05 4.511353e-06 1.771708e-10 1.455288e-05  15.7%
Clock                5.069889e-05 8.915176e-06 1.730509e-10 5.961425e-05  64.4%
Macro                0.000000e+00 0.000000e+00 0.000000e+00 0.000000e+00   0.0%
Pad                  0.000000e+00 0.000000e+00 0.000000e+00 0.000000e+00   0.0%
------------------------------------------------------------------------
Total                7.835445e-05 1.426338e-05 3.846513e-10 9.261823e-05 100.0%
                            84.6%        15.4%         0.0%
Writing metric power__internal__total: 7.835445285309106e-5
Writing metric power__switching__total: 1.4263384400692303e-5
Writing metric power__leakage__total: 3.846513385585837e-10
Writing metric power__total: 9.261822560802102e-5

%OL_END_REPORT
%OL_CREATE_REPORT skew.min.rpt

===========================================================================
Clock Skew (Hold)
============================================================================
Writing metric clock__skew__worst_hold__corner:nom_tt_025C_1v80: -0.5006237788240273
======================= nom_tt_025C_1v80 Corner ===================================

Clock clk
0.265177 source latency _41_/CLK ^
-0.265801 target latency _42_/CLK ^
-0.500000 clock uncertainty
0.000000 CRPR
--------------
-0.500624 hold skew

%OL_END_REPORT
%OL_CREATE_REPORT skew.max.rpt

===========================================================================
Clock Skew (Setup)
============================================================================
Writing metric clock__skew__worst_setup__corner:nom_tt_025C_1v80: 0.5006237788240273
======================= nom_tt_025C_1v80 Corner ===================================

Clock clk
0.265801 source latency _42_/CLK ^
-0.265177 target latency _41_/CLK ^
0.500000 clock uncertainty
0.000000 CRPR
--------------
0.500624 setup skew

%OL_END_REPORT
%OL_CREATE_REPORT ws.min.rpt

===========================================================================
Worst Slack (Hold)
============================================================================
Writing metric timing__hold__ws__corner:nom_tt_025C_1v80: 0.19213675638786265
nom_tt_025C_1v80: 0.19213675638786265
%OL_END_REPORT
%OL_CREATE_REPORT ws.max.rpt

===========================================================================
Worst Slack (Setup)
============================================================================
Writing metric timing__setup__ws__corner:nom_tt_025C_1v80: 5.942353888262045
nom_tt_025C_1v80: 5.942353888262045
%OL_END_REPORT
%OL_CREATE_REPORT tns.min.rpt

===========================================================================
Total Negative Slack (Hold)
============================================================================
Writing metric timing__hold__tns__corner:nom_tt_025C_1v80: 0.0
nom_tt_025C_1v80: 0.0
%OL_END_REPORT
%OL_CREATE_REPORT tns.max.rpt

===========================================================================
Total Negative Slack (Setup)
============================================================================
Writing metric timing__setup__tns__corner:nom_tt_025C_1v80: 0.0
nom_tt_025C_1v80: 0.0
%OL_END_REPORT
%OL_CREATE_REPORT wns.min.rpt

===========================================================================
Worst Negative Slack (Hold)
============================================================================
Writing metric timing__hold__wns__corner:nom_tt_025C_1v80: 0
nom_tt_025C_1v80: 0
%OL_END_REPORT
%OL_CREATE_REPORT wns.max.rpt

===========================================================================
Worst Negative Slack (Setup)
============================================================================
Writing metric timing__setup__wns__corner:nom_tt_025C_1v80: 0.0
nom_tt_025C_1v80: 0.0
%OL_END_REPORT
%OL_CREATE_REPORT violator_list.rpt

===========================================================================
Violator List
============================================================================
Writing metric timing__hold_vio__count__corner:nom_tt_025C_1v80: 0
Writing metric timing__hold_r2r__ws__corner:nom_tt_025C_1v80: 0.668016
Writing metric timing__hold_r2r_vio__count__corner:nom_tt_025C_1v80: 0
Writing metric timing__setup_vio__count__corner:nom_tt_025C_1v80: 0
Writing metric timing__setup_r2r__ws__corner:nom_tt_025C_1v80: 1e30
Writing metric timing__setup_r2r_vio__count__corner:nom_tt_025C_1v80: 0
%OL_END_REPORT
%OL_CREATE_REPORT unpropagated.rpt
%OL_END_REPORT
%OL_CREATE_REPORT clock.rpt
Clock: clk
Sources: clk 
Generated: no
Virtual: yes
Propagated: no
Period: 10.000000

===========================================================================
report_clock_properties
============================================================================
Clock                   Period          Waveform
----------------------------------------------------
clk                  10.000000    0.000000  5.000000

===========================================================================
report_clock_latency
============================================================================
Clock clk
rise -> rise
    min     max
0.000000 0.000000 source latency
0.265175         network latency _40_/CLK
        0.265801 network latency _42_/CLK
---------------
0.265175 0.265801 latency
        0.000626 skew

fall -> fall
    min     max
0.000000 0.000000 source latency
0.274658         network latency _40_/CLK
        0.275228 network latency _42_/CLK
---------------
0.274658 0.275228 latency
        0.000570 skew



===========================================================================
report_clock_min_period
============================================================================
clk period_min = 2.49 fmax = 402.36
%OL_END_REPORT
