
===========================================================================
report_checks -unconstrained
===========================================================================
======================= max_tt_025C_1v80 Corner ===================================

Startpoint: mode[1] (input port clocked by clk)
Endpoint: _40_ (rising edge-triggered flip-flop clocked by clk)
Path Group: clk
Path Type: max

Fanout         Cap        Slew       Delay        Time   Description
---------------------------------------------------------------------------------------------
                                  0.000000    0.000000   clock clk (rise edge)
                                  0.000000    0.000000   clock network delay (propagated)
                                  2.000000    2.000000 v input external delay
     1    0.003494    0.010230    0.005660    2.005660 v mode[1] (in)
                                                         mode[1] (net)
                      0.010234    0.000000    2.005660 v input7/A (sky130_fd_sc_hd__clkdlybuf4s25_1)
    11    0.033617    0.251618    0.394241    2.399901 v input7/X (sky130_fd_sc_hd__clkdlybuf4s25_1)
                                                         net7 (net)
                      0.251632    0.002066    2.401968 v _22_/B (sky130_fd_sc_hd__and3_2)
     1    0.004096    0.041225    0.289248    2.691215 v _22_/X (sky130_fd_sc_hd__and3_2)
                                                         _06_ (net)
                      0.041225    0.000298    2.691513 v _26_/B1 (sky130_fd_sc_hd__a211o_2)
     1    0.003902    0.050384    0.301766    2.993279 v _26_/X (sky130_fd_sc_hd__a211o_2)
                                                         _10_ (net)
                      0.050384    0.000243    2.993522 v _27_/B1 (sky130_fd_sc_hd__o221a_2)
     1    0.002921    0.042698    0.240444    3.233967 v _27_/X (sky130_fd_sc_hd__o221a_2)
                                                         _00_ (net)
                      0.042698    0.000168    3.234135 v hold14/A (sky130_fd_sc_hd__dlygate4sd3_1)
     1    0.002224    0.049967    0.542017    3.776152 v hold14/X (sky130_fd_sc_hd__dlygate4sd3_1)
                                                         net14 (net)
                      0.049967    0.000159    3.776311 v _40_/D (sky130_fd_sc_hd__dfxtp_2)
                                              3.776311   data arrival time

                                 10.000000   10.000000   clock clk (rise edge)
                                  0.000000   10.000000   clock source latency
     1    0.010187    0.052298    0.034792   10.034792 ^ clk (in)
                                                         clk (net)
                      0.052306    0.000000   10.034792 ^ clkbuf_0_clk/A (sky130_fd_sc_hd__clkbuf_16)
     2    0.020059    0.041877    0.127717   10.162509 ^ clkbuf_0_clk/X (sky130_fd_sc_hd__clkbuf_16)
                                                         clknet_0_clk (net)
                      0.041916    0.001226   10.163735 ^ clkbuf_1_1__f_clk/A (sky130_fd_sc_hd__clkbuf_16)
     2    0.004436    0.028245    0.108707   10.272442 ^ clkbuf_1_1__f_clk/X (sky130_fd_sc_hd__clkbuf_16)
                                                         clknet_1_1__leaf_clk (net)
                      0.028246    0.000245   10.272687 ^ _40_/CLK (sky130_fd_sc_hd__dfxtp_2)
                                 -0.500000    9.772687   clock uncertainty
                                  0.000000    9.772687   clock reconvergence pessimism
                                 -0.118968    9.653718   library setup time
                                              9.653718   data required time
---------------------------------------------------------------------------------------------
                                              9.653718   data required time
                                             -3.776311   data arrival time
---------------------------------------------------------------------------------------------
                                              5.877407   slack (MET)




===========================================================================
report_checks --slack_max -0.01
============================================================================
======================= max_tt_025C_1v80 Corner ===================================

No paths found.


===========================================================================
 report_check_types -max_slew -max_cap -max_fanout -violators
============================================================================
======================= max_tt_025C_1v80 Corner ===================================



===========================================================================
report_parasitic_annotation -report_unannotated
============================================================================
Found 0 unannotated drivers.
Found 0 partially unannotated drivers.

===========================================================================
max slew violation count 0
max fanout violation count 0
max cap violation count 0
============================================================================

===========================================================================
check_setup -verbose -unconstrained_endpoints -multiple_clock -no_clock -no_input_delay -loops -generated_clocks
===========================================================================
