Clock: clk
Sources: clk 
Generated: no
Virtual: yes
Propagated: no
Period: 10.000000

===========================================================================
report_clock_properties
============================================================================
Clock                   Period          Waveform
----------------------------------------------------
clk                  10.000000    0.000000  5.000000

===========================================================================
report_clock_latency
============================================================================
Clock clk
rise -> rise
    min     max
0.000000 0.000000 source latency
0.272687         network latency _40_/CLK
        0.274095 network latency _43_/CLK
---------------
0.272687 0.274095 latency
        0.001408 skew

fall -> fall
    min     max
0.000000 0.000000 source latency
0.279770         network latency _40_/CLK
        0.281059 network latency _43_/CLK
---------------
0.279770 0.281059 latency
        0.001289 skew



===========================================================================
report_clock_min_period
============================================================================
clk period_min = 2.50 fmax = 399.43
