Clock: clk
Sources: clk 
Generated: no
Virtual: yes
Propagated: no
Period: 10.000000

===========================================================================
report_clock_properties
============================================================================
Clock                   Period          Waveform
----------------------------------------------------
clk                  10.000000    0.000000  5.000000

===========================================================================
report_clock_latency
============================================================================
Clock clk
rise -> rise
    min     max
0.000000 0.000000 source latency
0.036643         network latency _42_/CLK
        0.036665 network latency _40_/CLK
---------------
0.036643 0.036665 latency
        0.000022 skew

fall -> fall
    min     max
0.000000 0.000000 source latency
0.016355         network latency _42_/CLK
        0.016375 network latency _40_/CLK
---------------
0.016355 0.016375 latency
        0.000020 skew



===========================================================================
report_clock_min_period
============================================================================
clk period_min = 1.63 fmax = 613.17
