Clock: clk
Sources: clk 
Generated: no
Virtual: yes
Propagated: no
Period: 10.000000

===========================================================================
report_clock_properties
============================================================================
Clock                   Period          Waveform
----------------------------------------------------
clk                  10.000000    0.000000  5.000000

===========================================================================
report_clock_latency
============================================================================
Clock clk
rise -> rise
    min     max
0.000000 0.000000 source latency
0.269262         network latency _40_/CLK
        0.270409 network latency _43_/CLK
---------------
0.269262 0.270409 latency
        0.001147 skew

fall -> fall
    min     max
0.000000 0.000000 source latency
0.277259         network latency _40_/CLK
        0.278305 network latency _43_/CLK
---------------
0.277259 0.278305 latency
        0.001046 skew



===========================================================================
report_clock_min_period
============================================================================
clk period_min = 2.49 fmax = 400.89
