
===========================================================================
report_checks -path_delay min (Hold)
============================================================================
======================= min_tt_025C_1v80 Corner ===================================

Startpoint: rst (input port clocked by clk)
Endpoint: _42_ (rising edge-triggered flip-flop clocked by clk)
Path Group: clk
Path Type: min

Fanout         Cap        Slew       Delay        Time   Description
---------------------------------------------------------------------------------------------
                                  0.000000    0.000000   clock clk (rise edge)
                                  0.000000    0.000000   clock network delay (propagated)
                                  0.500000    0.500000 ^ input external delay
     1    0.002988    0.020539    0.010958    0.510958 ^ rst (in)
                                                         rst (net)
                      0.020539    0.000000    0.510958 ^ input8/A (sky130_fd_sc_hd__clkdlybuf4s25_1)
     1    0.005370    0.067531    0.252618    0.763576 ^ input8/X (sky130_fd_sc_hd__clkdlybuf4s25_1)
                                                         net8 (net)
                      0.067531    0.000063    0.763639 ^ _21_/A (sky130_fd_sc_hd__inv_2)
     4    0.013448    0.036962    0.053714    0.817353 v _21_/Y (sky130_fd_sc_hd__inv_2)
                                                         _05_ (net)
                      0.036962    0.000183    0.817536 v _35_/C1 (sky130_fd_sc_hd__o211a_2)
     1    0.002676    0.023583    0.106975    0.924510 v _35_/X (sky130_fd_sc_hd__o211a_2)
                                                         _02_ (net)
                      0.023583    0.000019    0.924530 v _42_/D (sky130_fd_sc_hd__dfxtp_2)
                                              0.924530   data arrival time

                                  0.000000    0.000000   clock clk (rise edge)
                                  0.000000    0.000000   clock source latency
     1    0.009885    0.050903    0.033640    0.033640 ^ clk (in)
                                                         clk (net)
                      0.050903    0.000000    0.033640 ^ clkbuf_0_clk/A (sky130_fd_sc_hd__clkbuf_16)
     2    0.019421    0.041351    0.127005    0.160645 ^ clkbuf_0_clk/X (sky130_fd_sc_hd__clkbuf_16)
                                                         clknet_0_clk (net)
                      0.041352    0.000244    0.160889 ^ clkbuf_1_0__f_clk/A (sky130_fd_sc_hd__clkbuf_16)
     2    0.005218    0.028962    0.109465    0.270355 ^ clkbuf_1_0__f_clk/X (sky130_fd_sc_hd__clkbuf_16)
                                                         clknet_1_0__leaf_clk (net)
                      0.028962    0.000050    0.270405 ^ _42_/CLK (sky130_fd_sc_hd__dfxtp_2)
                                  0.500000    0.770405   clock uncertainty
                                  0.000000    0.770405   clock reconvergence pessimism
                                 -0.040844    0.729561   library hold time
                                              0.729561   data required time
---------------------------------------------------------------------------------------------
                                              0.729561   data required time
                                             -0.924530   data arrival time
---------------------------------------------------------------------------------------------
                                              0.194969   slack (MET)


Startpoint: _41_ (rising edge-triggered flip-flop clocked by clk)
Endpoint: _40_ (rising edge-triggered flip-flop clocked by clk)
Path Group: clk
Path Type: min

Fanout         Cap        Slew       Delay        Time   Description
---------------------------------------------------------------------------------------------
                                  0.000000    0.000000   clock clk (rise edge)
                                  0.000000    0.000000   clock source latency
     1    0.009885    0.050903    0.033640    0.033640 ^ clk (in)
                                                         clk (net)
                      0.050903    0.000000    0.033640 ^ clkbuf_0_clk/A (sky130_fd_sc_hd__clkbuf_16)
     2    0.019421    0.041351    0.127005    0.160645 ^ clkbuf_0_clk/X (sky130_fd_sc_hd__clkbuf_16)
                                                         clknet_0_clk (net)
                      0.041351    0.000205    0.160850 ^ clkbuf_1_1__f_clk/A (sky130_fd_sc_hd__clkbuf_16)
     2    0.004313    0.028129    0.108382    0.269232 ^ clkbuf_1_1__f_clk/X (sky130_fd_sc_hd__clkbuf_16)
                                                         clknet_1_1__leaf_clk (net)
                      0.028129    0.000035    0.269267 ^ _41_/CLK (sky130_fd_sc_hd__dfxtp_2)
     3    0.012586    0.072830    0.335222    0.604489 ^ _41_/Q (sky130_fd_sc_hd__dfxtp_2)
                                                         net10 (net)
                      0.072830    0.000212    0.604701 ^ _26_/A1 (sky130_fd_sc_hd__a211o_2)
     1    0.003816    0.029613    0.124346    0.729047 ^ _26_/X (sky130_fd_sc_hd__a211o_2)
                                                         _10_ (net)
                      0.029613    0.000047    0.729094 ^ _27_/B1 (sky130_fd_sc_hd__o221a_2)
     1    0.002856    0.040736    0.167173    0.896267 ^ _27_/X (sky130_fd_sc_hd__o221a_2)
                                                         _00_ (net)
                      0.040736    0.000031    0.896298 ^ hold14/A (sky130_fd_sc_hd__dlygate4sd3_1)
     1    0.002110    0.047434    0.526968    1.423266 ^ hold14/X (sky130_fd_sc_hd__dlygate4sd3_1)
                                                         net14 (net)
                      0.047434    0.000019    1.423285 ^ _40_/D (sky130_fd_sc_hd__dfxtp_2)
                                              1.423285   data arrival time

                                  0.000000    0.000000   clock clk (rise edge)
                                  0.000000    0.000000   clock source latency
     1    0.009885    0.050903    0.033640    0.033640 ^ clk (in)
                                                         clk (net)
                      0.050903    0.000000    0.033640 ^ clkbuf_0_clk/A (sky130_fd_sc_hd__clkbuf_16)
     2    0.019421    0.041351    0.127005    0.160645 ^ clkbuf_0_clk/X (sky130_fd_sc_hd__clkbuf_16)
                                                         clknet_0_clk (net)
                      0.041351    0.000205    0.160850 ^ clkbuf_1_1__f_clk/A (sky130_fd_sc_hd__clkbuf_16)
     2    0.004313    0.028129    0.108382    0.269232 ^ clkbuf_1_1__f_clk/X (sky130_fd_sc_hd__clkbuf_16)
                                                         clknet_1_1__leaf_clk (net)
                      0.028129    0.000030    0.269262 ^ _40_/CLK (sky130_fd_sc_hd__dfxtp_2)
                                  0.500000    0.769262   clock uncertainty
                                  0.000000    0.769262   clock reconvergence pessimism
                                 -0.033916    0.735346   library hold time
                                              0.735346   data required time
---------------------------------------------------------------------------------------------
                                              0.735346   data required time
                                             -1.423285   data arrival time
---------------------------------------------------------------------------------------------
                                              0.687939   slack (MET)


Startpoint: rst (input port clocked by clk)
Endpoint: _43_ (rising edge-triggered flip-flop clocked by clk)
Path Group: clk
Path Type: min

Fanout         Cap        Slew       Delay        Time   Description
---------------------------------------------------------------------------------------------
                                  0.000000    0.000000   clock clk (rise edge)
                                  0.000000    0.000000   clock network delay (propagated)
                                  0.500000    0.500000 ^ input external delay
     1    0.002988    0.020539    0.010958    0.510958 ^ rst (in)
                                                         rst (net)
                      0.020539    0.000000    0.510958 ^ input8/A (sky130_fd_sc_hd__clkdlybuf4s25_1)
     1    0.005370    0.067531    0.252618    0.763576 ^ input8/X (sky130_fd_sc_hd__clkdlybuf4s25_1)
                                                         net8 (net)
                      0.067531    0.000063    0.763639 ^ _21_/A (sky130_fd_sc_hd__inv_2)
     4    0.013448    0.036962    0.053714    0.817353 v _21_/Y (sky130_fd_sc_hd__inv_2)
                                                         _05_ (net)
                      0.036962    0.000213    0.817566 v _39_/C1 (sky130_fd_sc_hd__o221a_2)
     1    0.002288    0.024293    0.110329    0.927895 v _39_/X (sky130_fd_sc_hd__o221a_2)
                                                         _03_ (net)
                      0.024293    0.000024    0.927919 v hold16/A (sky130_fd_sc_hd__dlygate4sd3_1)
     1    0.001963    0.048986    0.532525    1.460444 v hold16/X (sky130_fd_sc_hd__dlygate4sd3_1)
                                                         net16 (net)
                      0.048986    0.000017    1.460461 v _43_/D (sky130_fd_sc_hd__dfxtp_2)
                                              1.460461   data arrival time

                                  0.000000    0.000000   clock clk (rise edge)
                                  0.000000    0.000000   clock source latency
     1    0.009885    0.050903    0.033640    0.033640 ^ clk (in)
                                                         clk (net)
                      0.050903    0.000000    0.033640 ^ clkbuf_0_clk/A (sky130_fd_sc_hd__clkbuf_16)
     2    0.019421    0.041351    0.127005    0.160645 ^ clkbuf_0_clk/X (sky130_fd_sc_hd__clkbuf_16)
                                                         clknet_0_clk (net)
                      0.041352    0.000244    0.160889 ^ clkbuf_1_0__f_clk/A (sky130_fd_sc_hd__clkbuf_16)
     2    0.005218    0.028962    0.109465    0.270355 ^ clkbuf_1_0__f_clk/X (sky130_fd_sc_hd__clkbuf_16)
                                                         clknet_1_0__leaf_clk (net)
                      0.028962    0.000054    0.270409 ^ _43_/CLK (sky130_fd_sc_hd__dfxtp_2)
                                  0.500000    0.770409   clock uncertainty
                                  0.000000    0.770409   clock reconvergence pessimism
                                 -0.051256    0.719152   library hold time
                                              0.719152   data required time
---------------------------------------------------------------------------------------------
                                              0.719152   data required time
                                             -1.460461   data arrival time
---------------------------------------------------------------------------------------------
                                              0.741309   slack (MET)


Startpoint: rst (input port clocked by clk)
Endpoint: _41_ (rising edge-triggered flip-flop clocked by clk)
Path Group: clk
Path Type: min

Fanout         Cap        Slew       Delay        Time   Description
---------------------------------------------------------------------------------------------
                                  0.000000    0.000000   clock clk (rise edge)
                                  0.000000    0.000000   clock network delay (propagated)
                                  0.500000    0.500000 ^ input external delay
     1    0.002988    0.020539    0.010958    0.510958 ^ rst (in)
                                                         rst (net)
                      0.020539    0.000000    0.510958 ^ input8/A (sky130_fd_sc_hd__clkdlybuf4s25_1)
     1    0.005370    0.067531    0.252618    0.763576 ^ input8/X (sky130_fd_sc_hd__clkdlybuf4s25_1)
                                                         net8 (net)
                      0.067531    0.000063    0.763639 ^ _21_/A (sky130_fd_sc_hd__inv_2)
     4    0.013448    0.036962    0.053714    0.817353 v _21_/Y (sky130_fd_sc_hd__inv_2)
                                                         _05_ (net)
                      0.036963    0.000295    0.817648 v _31_/C1 (sky130_fd_sc_hd__o221a_2)
     1    0.002433    0.024712    0.110926    0.928575 v _31_/X (sky130_fd_sc_hd__o221a_2)
                                                         _01_ (net)
                      0.024712    0.000028    0.928603 v hold18/A (sky130_fd_sc_hd__dlygate4sd3_1)
     1    0.002368    0.050691    0.536365    1.464967 v hold18/X (sky130_fd_sc_hd__dlygate4sd3_1)
                                                         net18 (net)
                      0.050691    0.000026    1.464994 v _41_/D (sky130_fd_sc_hd__dfxtp_2)
                                              1.464994   data arrival time

                                  0.000000    0.000000   clock clk (rise edge)
                                  0.000000    0.000000   clock source latency
     1    0.009885    0.050903    0.033640    0.033640 ^ clk (in)
                                                         clk (net)
                      0.050903    0.000000    0.033640 ^ clkbuf_0_clk/A (sky130_fd_sc_hd__clkbuf_16)
     2    0.019421    0.041351    0.127005    0.160645 ^ clkbuf_0_clk/X (sky130_fd_sc_hd__clkbuf_16)
                                                         clknet_0_clk (net)
                      0.041351    0.000205    0.160850 ^ clkbuf_1_1__f_clk/A (sky130_fd_sc_hd__clkbuf_16)
     2    0.004313    0.028129    0.108382    0.269232 ^ clkbuf_1_1__f_clk/X (sky130_fd_sc_hd__clkbuf_16)
                                                         clknet_1_1__leaf_clk (net)
                      0.028129    0.000035    0.269267 ^ _41_/CLK (sky130_fd_sc_hd__dfxtp_2)
                                  0.500000    0.769267   clock uncertainty
                                  0.000000    0.769267   clock reconvergence pessimism
                                 -0.052140    0.717127   library hold time
                                              0.717127   data required time
---------------------------------------------------------------------------------------------
                                              0.717127   data required time
                                             -1.464994   data arrival time
---------------------------------------------------------------------------------------------
                                              0.747867   slack (MET)


Startpoint: _40_ (rising edge-triggered flip-flop clocked by clk)
Endpoint: Q[0] (output port clocked by clk)
Path Group: clk
Path Type: min

Fanout         Cap        Slew       Delay        Time   Description
---------------------------------------------------------------------------------------------
                                  0.000000    0.000000   clock clk (rise edge)
                                  0.000000    0.000000   clock source latency
     1    0.009885    0.050903    0.033640    0.033640 ^ clk (in)
                                                         clk (net)
                      0.050903    0.000000    0.033640 ^ clkbuf_0_clk/A (sky130_fd_sc_hd__clkbuf_16)
     2    0.019421    0.041351    0.127005    0.160645 ^ clkbuf_0_clk/X (sky130_fd_sc_hd__clkbuf_16)
                                                         clknet_0_clk (net)
                      0.041351    0.000205    0.160850 ^ clkbuf_1_1__f_clk/A (sky130_fd_sc_hd__clkbuf_16)
     2    0.004313    0.028129    0.108382    0.269232 ^ clkbuf_1_1__f_clk/X (sky130_fd_sc_hd__clkbuf_16)
                                                         clknet_1_1__leaf_clk (net)
                      0.028129    0.000030    0.269262 ^ _40_/CLK (sky130_fd_sc_hd__dfxtp_2)
     2    0.005769    0.028915    0.304718    0.573980 v _40_/Q (sky130_fd_sc_hd__dfxtp_2)
                                                         net9 (net)
                      0.028915    0.000037    0.574017 v output9/A (sky130_fd_sc_hd__clkdlybuf4s25_1)
     1    0.010672    0.090969    0.281863    0.855880 v output9/X (sky130_fd_sc_hd__clkdlybuf4s25_1)
                                                         Q[0] (net)
                      0.090969    0.000056    0.855936 v Q[0] (out)
                                              0.855936   data arrival time

                                  0.000000    0.000000   clock clk (rise edge)
                                  0.000000    0.000000   clock network delay (propagated)
                                  0.500000    0.500000   clock uncertainty
                                  0.000000    0.500000   clock reconvergence pessimism
                                 -0.500000    0.000000   output external delay
                                              0.000000   data required time
---------------------------------------------------------------------------------------------
                                              0.000000   data required time
                                             -0.855936   data arrival time
---------------------------------------------------------------------------------------------
                                              0.855936   slack (MET)


Startpoint: _43_ (rising edge-triggered flip-flop clocked by clk)
Endpoint: Q[3] (output port clocked by clk)
Path Group: clk
Path Type: min

Fanout         Cap        Slew       Delay        Time   Description
---------------------------------------------------------------------------------------------
                                  0.000000    0.000000   clock clk (rise edge)
                                  0.000000    0.000000   clock source latency
     1    0.009885    0.050903    0.033640    0.033640 ^ clk (in)
                                                         clk (net)
                      0.050903    0.000000    0.033640 ^ clkbuf_0_clk/A (sky130_fd_sc_hd__clkbuf_16)
     2    0.019421    0.041351    0.127005    0.160645 ^ clkbuf_0_clk/X (sky130_fd_sc_hd__clkbuf_16)
                                                         clknet_0_clk (net)
                      0.041352    0.000244    0.160889 ^ clkbuf_1_0__f_clk/A (sky130_fd_sc_hd__clkbuf_16)
     2    0.005218    0.028962    0.109465    0.270355 ^ clkbuf_1_0__f_clk/X (sky130_fd_sc_hd__clkbuf_16)
                                                         clknet_1_0__leaf_clk (net)
                      0.028962    0.000054    0.270409 ^ _43_/CLK (sky130_fd_sc_hd__dfxtp_2)
     2    0.006909    0.031695    0.307917    0.578326 v _43_/Q (sky130_fd_sc_hd__dfxtp_2)
                                                         net12 (net)
                      0.031695    0.000114    0.578440 v output12/A (sky130_fd_sc_hd__clkdlybuf4s25_1)
     1    0.010806    0.091895    0.283745    0.862184 v output12/X (sky130_fd_sc_hd__clkdlybuf4s25_1)
                                                         Q[3] (net)
                      0.091895    0.000104    0.862289 v Q[3] (out)
                                              0.862289   data arrival time

                                  0.000000    0.000000   clock clk (rise edge)
                                  0.000000    0.000000   clock network delay (propagated)
                                  0.500000    0.500000   clock uncertainty
                                  0.000000    0.500000   clock reconvergence pessimism
                                 -0.500000    0.000000   output external delay
                                              0.000000   data required time
---------------------------------------------------------------------------------------------
                                              0.000000   data required time
                                             -0.862289   data arrival time
---------------------------------------------------------------------------------------------
                                              0.862289   slack (MET)


Startpoint: _41_ (rising edge-triggered flip-flop clocked by clk)
Endpoint: Q[1] (output port clocked by clk)
Path Group: clk
Path Type: min

Fanout         Cap        Slew       Delay        Time   Description
---------------------------------------------------------------------------------------------
                                  0.000000    0.000000   clock clk (rise edge)
                                  0.000000    0.000000   clock source latency
     1    0.009885    0.050903    0.033640    0.033640 ^ clk (in)
                                                         clk (net)
                      0.050903    0.000000    0.033640 ^ clkbuf_0_clk/A (sky130_fd_sc_hd__clkbuf_16)
     2    0.019421    0.041351    0.127005    0.160645 ^ clkbuf_0_clk/X (sky130_fd_sc_hd__clkbuf_16)
                                                         clknet_0_clk (net)
                      0.041351    0.000205    0.160850 ^ clkbuf_1_1__f_clk/A (sky130_fd_sc_hd__clkbuf_16)
     2    0.004313    0.028129    0.108382    0.269232 ^ clkbuf_1_1__f_clk/X (sky130_fd_sc_hd__clkbuf_16)
                                                         clknet_1_1__leaf_clk (net)
                      0.028129    0.000035    0.269267 ^ _41_/CLK (sky130_fd_sc_hd__dfxtp_2)
     3    0.011982    0.042367    0.320539    0.589806 v _41_/Q (sky130_fd_sc_hd__dfxtp_2)
                                                         net10 (net)
                      0.042367    0.000111    0.589916 v output10/A (sky130_fd_sc_hd__clkdlybuf4s25_1)
     1    0.010677    0.091040    0.287646    0.877562 v output10/X (sky130_fd_sc_hd__clkdlybuf4s25_1)
                                                         Q[1] (net)
                      0.091040    0.000054    0.877616 v Q[1] (out)
                                              0.877616   data arrival time

                                  0.000000    0.000000   clock clk (rise edge)
                                  0.000000    0.000000   clock network delay (propagated)
                                  0.500000    0.500000   clock uncertainty
                                  0.000000    0.500000   clock reconvergence pessimism
                                 -0.500000    0.000000   output external delay
                                              0.000000   data required time
---------------------------------------------------------------------------------------------
                                              0.000000   data required time
                                             -0.877616   data arrival time
---------------------------------------------------------------------------------------------
                                              0.877616   slack (MET)


Startpoint: _42_ (rising edge-triggered flip-flop clocked by clk)
Endpoint: Q[2] (output port clocked by clk)
Path Group: clk
Path Type: min

Fanout         Cap        Slew       Delay        Time   Description
---------------------------------------------------------------------------------------------
                                  0.000000    0.000000   clock clk (rise edge)
                                  0.000000    0.000000   clock source latency
     1    0.009885    0.050903    0.033640    0.033640 ^ clk (in)
                                                         clk (net)
                      0.050903    0.000000    0.033640 ^ clkbuf_0_clk/A (sky130_fd_sc_hd__clkbuf_16)
     2    0.019421    0.041351    0.127005    0.160645 ^ clkbuf_0_clk/X (sky130_fd_sc_hd__clkbuf_16)
                                                         clknet_0_clk (net)
                      0.041352    0.000244    0.160889 ^ clkbuf_1_0__f_clk/A (sky130_fd_sc_hd__clkbuf_16)
     2    0.005218    0.028962    0.109465    0.270355 ^ clkbuf_1_0__f_clk/X (sky130_fd_sc_hd__clkbuf_16)
                                                         clknet_1_0__leaf_clk (net)
                      0.028962    0.000050    0.270405 ^ _42_/CLK (sky130_fd_sc_hd__dfxtp_2)
     4    0.013588    0.045377    0.324115    0.594520 v _42_/Q (sky130_fd_sc_hd__dfxtp_2)
                                                         net11 (net)
                      0.045377    0.000126    0.594646 v output11/A (sky130_fd_sc_hd__clkdlybuf4s25_1)
     1    0.010909    0.092630    0.290183    0.884829 v output11/X (sky130_fd_sc_hd__clkdlybuf4s25_1)
                                                         Q[2] (net)
                      0.092630    0.000066    0.884895 v Q[2] (out)
                                              0.884895   data arrival time

                                  0.000000    0.000000   clock clk (rise edge)
                                  0.000000    0.000000   clock network delay (propagated)
                                  0.500000    0.500000   clock uncertainty
                                  0.000000    0.500000   clock reconvergence pessimism
                                 -0.500000    0.000000   output external delay
                                              0.000000   data required time
---------------------------------------------------------------------------------------------
                                              0.000000   data required time
                                             -0.884895   data arrival time
---------------------------------------------------------------------------------------------
                                              0.884895   slack (MET)



