+ define_corners min_tt_025C_1v80
Reading timing models for corner min_tt_025C_1v80…
Reading cell library for the 'min_tt_025C_1v80' corner at '/home/hk/.ciel/ciel/sky130/versions/8afc8346a57fe1ab7934ba5a6056ea8b43078e71/sky130A/libs.ref/sky130_fd_sc_hd/lib/sky130_fd_sc_hd__tt_025C_1v80.lib'…
Reading top-level netlist at '/home/hk/pd_projects/runs/RUN_2026-06-03_20-47-43/52-openroad-fillinsertion/u_s_r.nl.v'…
Linking design 'u_s_r' from netlist…
Warning: /home/hk/pd_projects/runs/RUN_2026-06-03_20-47-43/52-openroad-fillinsertion/u_s_r.nl.v line 66, module sky130_fd_sc_hd__fill_2 not found. Creating black box for FILLER_0_125.
Warning: /home/hk/pd_projects/runs/RUN_2026-06-03_20-47-43/52-openroad-fillinsertion/u_s_r.nl.v line 71, module sky130_fd_sc_hd__fill_1 not found. Creating black box for FILLER_0_27.
Warning: /home/hk/pd_projects/runs/RUN_2026-06-03_20-47-43/52-openroad-fillinsertion/u_s_r.nl.v line 846, module sky130_fd_sc_hd__tapvpwrvgnd_1 not found. Creating black box for TAP_TAPCELL_ROW_0_42.
Reading design constraints file at '/home/hk/pd_projects/constraints.sdc'…
[INFO] No information on clock propagation in input SDC file-- propagating all clocks.
Reading top-level design parasitics for the 'min_tt_025C_1v80' corner at '/home/hk/pd_projects/runs/RUN_2026-06-03_20-47-43/54-openroad-rcx/min/u_s_r.min.spef'…
%OL_CREATE_REPORT min.rpt

===========================================================================
report_checks -path_delay min (Hold)
============================================================================
======================= min_tt_025C_1v80 Corner ===================================

Startpoint: rst (input port clocked by clk)
Endpoint: _42_ (rising edge-triggered flip-flop clocked by clk)
Path Group: clk
Path Type: min

Fanout         Cap        Slew       Delay        Time   Description
---------------------------------------------------------------------------------------------
                                  0.000000    0.000000   clock clk (rise edge)
                                  0.000000    0.000000   clock network delay (propagated)
                                  0.500000    0.500000 ^ input external delay
     1    0.002988    0.020539    0.010958    0.510958 ^ rst (in)
                                                         rst (net)
                      0.020539    0.000000    0.510958 ^ input8/A (sky130_fd_sc_hd__clkdlybuf4s25_1)
     1    0.005370    0.067531    0.252618    0.763576 ^ input8/X (sky130_fd_sc_hd__clkdlybuf4s25_1)
                                                         net8 (net)
                      0.067531    0.000063    0.763639 ^ _21_/A (sky130_fd_sc_hd__inv_2)
     4    0.013448    0.036962    0.053714    0.817353 v _21_/Y (sky130_fd_sc_hd__inv_2)
                                                         _05_ (net)
                      0.036962    0.000183    0.817536 v _35_/C1 (sky130_fd_sc_hd__o211a_2)
     1    0.002676    0.023583    0.106975    0.924510 v _35_/X (sky130_fd_sc_hd__o211a_2)
                                                         _02_ (net)
                      0.023583    0.000019    0.924530 v _42_/D (sky130_fd_sc_hd__dfxtp_2)
                                              0.924530   data arrival time

                                  0.000000    0.000000   clock clk (rise edge)
                                  0.000000    0.000000   clock source latency
     1    0.009885    0.050903    0.033640    0.033640 ^ clk (in)
                                                         clk (net)
                      0.050903    0.000000    0.033640 ^ clkbuf_0_clk/A (sky130_fd_sc_hd__clkbuf_16)
     2    0.019421    0.041351    0.127005    0.160645 ^ clkbuf_0_clk/X (sky130_fd_sc_hd__clkbuf_16)
                                                         clknet_0_clk (net)
                      0.041352    0.000244    0.160889 ^ clkbuf_1_0__f_clk/A (sky130_fd_sc_hd__clkbuf_16)
     2    0.005218    0.028962    0.109465    0.270355 ^ clkbuf_1_0__f_clk/X (sky130_fd_sc_hd__clkbuf_16)
                                                         clknet_1_0__leaf_clk (net)
                      0.028962    0.000050    0.270405 ^ _42_/CLK (sky130_fd_sc_hd__dfxtp_2)
                                  0.500000    0.770405   clock uncertainty
                                  0.000000    0.770405   clock reconvergence pessimism
                                 -0.040844    0.729561   library hold time
                                              0.729561   data required time
---------------------------------------------------------------------------------------------
                                              0.729561   data required time
                                             -0.924530   data arrival time
---------------------------------------------------------------------------------------------
                                              0.194969   slack (MET)


Startpoint: _41_ (rising edge-triggered flip-flop clocked by clk)
Endpoint: _40_ (rising edge-triggered flip-flop clocked by clk)
Path Group: clk
Path Type: min

Fanout         Cap        Slew       Delay        Time   Description
---------------------------------------------------------------------------------------------
                                  0.000000    0.000000   clock clk (rise edge)
                                  0.000000    0.000000   clock source latency
     1    0.009885    0.050903    0.033640    0.033640 ^ clk (in)
                                                         clk (net)
                      0.050903    0.000000    0.033640 ^ clkbuf_0_clk/A (sky130_fd_sc_hd__clkbuf_16)
     2    0.019421    0.041351    0.127005    0.160645 ^ clkbuf_0_clk/X (sky130_fd_sc_hd__clkbuf_16)
                                                         clknet_0_clk (net)
                      0.041351    0.000205    0.160850 ^ clkbuf_1_1__f_clk/A (sky130_fd_sc_hd__clkbuf_16)
     2    0.004313    0.028129    0.108382    0.269232 ^ clkbuf_1_1__f_clk/X (sky130_fd_sc_hd__clkbuf_16)
                                                         clknet_1_1__leaf_clk (net)
                      0.028129    0.000035    0.269267 ^ _41_/CLK (sky130_fd_sc_hd__dfxtp_2)
     3    0.012586    0.072830    0.335222    0.604489 ^ _41_/Q (sky130_fd_sc_hd__dfxtp_2)
                                                         net10 (net)
                      0.072830    0.000212    0.604701 ^ _26_/A1 (sky130_fd_sc_hd__a211o_2)
     1    0.003816    0.029613    0.124346    0.729047 ^ _26_/X (sky130_fd_sc_hd__a211o_2)
                                                         _10_ (net)
                      0.029613    0.000047    0.729094 ^ _27_/B1 (sky130_fd_sc_hd__o221a_2)
     1    0.002856    0.040736    0.167173    0.896267 ^ _27_/X (sky130_fd_sc_hd__o221a_2)
                                                         _00_ (net)
                      0.040736    0.000031    0.896298 ^ hold14/A (sky130_fd_sc_hd__dlygate4sd3_1)
     1    0.002110    0.047434    0.526968    1.423266 ^ hold14/X (sky130_fd_sc_hd__dlygate4sd3_1)
                                                         net14 (net)
                      0.047434    0.000019    1.423285 ^ _40_/D (sky130_fd_sc_hd__dfxtp_2)
                                              1.423285   data arrival time

                                  0.000000    0.000000   clock clk (rise edge)
                                  0.000000    0.000000   clock source latency
     1    0.009885    0.050903    0.033640    0.033640 ^ clk (in)
                                                         clk (net)
                      0.050903    0.000000    0.033640 ^ clkbuf_0_clk/A (sky130_fd_sc_hd__clkbuf_16)
     2    0.019421    0.041351    0.127005    0.160645 ^ clkbuf_0_clk/X (sky130_fd_sc_hd__clkbuf_16)
                                                         clknet_0_clk (net)
                      0.041351    0.000205    0.160850 ^ clkbuf_1_1__f_clk/A (sky130_fd_sc_hd__clkbuf_16)
     2    0.004313    0.028129    0.108382    0.269232 ^ clkbuf_1_1__f_clk/X (sky130_fd_sc_hd__clkbuf_16)
                                                         clknet_1_1__leaf_clk (net)
                      0.028129    0.000030    0.269262 ^ _40_/CLK (sky130_fd_sc_hd__dfxtp_2)
                                  0.500000    0.769262   clock uncertainty
                                  0.000000    0.769262   clock reconvergence pessimism
                                 -0.033916    0.735346   library hold time
                                              0.735346   data required time
---------------------------------------------------------------------------------------------
                                              0.735346   data required time
                                             -1.423285   data arrival time
---------------------------------------------------------------------------------------------
                                              0.687939   slack (MET)


Startpoint: rst (input port clocked by clk)
Endpoint: _43_ (rising edge-triggered flip-flop clocked by clk)
Path Group: clk
Path Type: min

Fanout         Cap        Slew       Delay        Time   Description
---------------------------------------------------------------------------------------------
                                  0.000000    0.000000   clock clk (rise edge)
                                  0.000000    0.000000   clock network delay (propagated)
                                  0.500000    0.500000 ^ input external delay
     1    0.002988    0.020539    0.010958    0.510958 ^ rst (in)
                                                         rst (net)
                      0.020539    0.000000    0.510958 ^ input8/A (sky130_fd_sc_hd__clkdlybuf4s25_1)
     1    0.005370    0.067531    0.252618    0.763576 ^ input8/X (sky130_fd_sc_hd__clkdlybuf4s25_1)
                                                         net8 (net)
                      0.067531    0.000063    0.763639 ^ _21_/A (sky130_fd_sc_hd__inv_2)
     4    0.013448    0.036962    0.053714    0.817353 v _21_/Y (sky130_fd_sc_hd__inv_2)
                                                         _05_ (net)
                      0.036962    0.000213    0.817566 v _39_/C1 (sky130_fd_sc_hd__o221a_2)
     1    0.002288    0.024293    0.110329    0.927895 v _39_/X (sky130_fd_sc_hd__o221a_2)
                                                         _03_ (net)
                      0.024293    0.000024    0.927919 v hold16/A (sky130_fd_sc_hd__dlygate4sd3_1)
     1    0.001963    0.048986    0.532525    1.460444 v hold16/X (sky130_fd_sc_hd__dlygate4sd3_1)
                                                         net16 (net)
                      0.048986    0.000017    1.460461 v _43_/D (sky130_fd_sc_hd__dfxtp_2)
                                              1.460461   data arrival time

                                  0.000000    0.000000   clock clk (rise edge)
                                  0.000000    0.000000   clock source latency
     1    0.009885    0.050903    0.033640    0.033640 ^ clk (in)
                                                         clk (net)
                      0.050903    0.000000    0.033640 ^ clkbuf_0_clk/A (sky130_fd_sc_hd__clkbuf_16)
     2    0.019421    0.041351    0.127005    0.160645 ^ clkbuf_0_clk/X (sky130_fd_sc_hd__clkbuf_16)
                                                         clknet_0_clk (net)
                      0.041352    0.000244    0.160889 ^ clkbuf_1_0__f_clk/A (sky130_fd_sc_hd__clkbuf_16)
     2    0.005218    0.028962    0.109465    0.270355 ^ clkbuf_1_0__f_clk/X (sky130_fd_sc_hd__clkbuf_16)
                                                         clknet_1_0__leaf_clk (net)
                      0.028962    0.000054    0.270409 ^ _43_/CLK (sky130_fd_sc_hd__dfxtp_2)
                                  0.500000    0.770409   clock uncertainty
                                  0.000000    0.770409   clock reconvergence pessimism
                                 -0.051256    0.719152   library hold time
                                              0.719152   data required time
---------------------------------------------------------------------------------------------
                                              0.719152   data required time
                                             -1.460461   data arrival time
---------------------------------------------------------------------------------------------
                                              0.741309   slack (MET)


Startpoint: rst (input port clocked by clk)
Endpoint: _41_ (rising edge-triggered flip-flop clocked by clk)
Path Group: clk
Path Type: min

Fanout         Cap        Slew       Delay        Time   Description
---------------------------------------------------------------------------------------------
                                  0.000000    0.000000   clock clk (rise edge)
                                  0.000000    0.000000   clock network delay (propagated)
                                  0.500000    0.500000 ^ input external delay
     1    0.002988    0.020539    0.010958    0.510958 ^ rst (in)
                                                         rst (net)
                      0.020539    0.000000    0.510958 ^ input8/A (sky130_fd_sc_hd__clkdlybuf4s25_1)
     1    0.005370    0.067531    0.252618    0.763576 ^ input8/X (sky130_fd_sc_hd__clkdlybuf4s25_1)
                                                         net8 (net)
                      0.067531    0.000063    0.763639 ^ _21_/A (sky130_fd_sc_hd__inv_2)
     4    0.013448    0.036962    0.053714    0.817353 v _21_/Y (sky130_fd_sc_hd__inv_2)
                                                         _05_ (net)
                      0.036963    0.000295    0.817648 v _31_/C1 (sky130_fd_sc_hd__o221a_2)
     1    0.002433    0.024712    0.110926    0.928575 v _31_/X (sky130_fd_sc_hd__o221a_2)
                                                         _01_ (net)
                      0.024712    0.000028    0.928603 v hold18/A (sky130_fd_sc_hd__dlygate4sd3_1)
     1    0.002368    0.050691    0.536365    1.464967 v hold18/X (sky130_fd_sc_hd__dlygate4sd3_1)
                                                         net18 (net)
                      0.050691    0.000026    1.464994 v _41_/D (sky130_fd_sc_hd__dfxtp_2)
                                              1.464994   data arrival time

                                  0.000000    0.000000   clock clk (rise edge)
                                  0.000000    0.000000   clock source latency
     1    0.009885    0.050903    0.033640    0.033640 ^ clk (in)
                                                         clk (net)
                      0.050903    0.000000    0.033640 ^ clkbuf_0_clk/A (sky130_fd_sc_hd__clkbuf_16)
     2    0.019421    0.041351    0.127005    0.160645 ^ clkbuf_0_clk/X (sky130_fd_sc_hd__clkbuf_16)
                                                         clknet_0_clk (net)
                      0.041351    0.000205    0.160850 ^ clkbuf_1_1__f_clk/A (sky130_fd_sc_hd__clkbuf_16)
     2    0.004313    0.028129    0.108382    0.269232 ^ clkbuf_1_1__f_clk/X (sky130_fd_sc_hd__clkbuf_16)
                                                         clknet_1_1__leaf_clk (net)
                      0.028129    0.000035    0.269267 ^ _41_/CLK (sky130_fd_sc_hd__dfxtp_2)
                                  0.500000    0.769267   clock uncertainty
                                  0.000000    0.769267   clock reconvergence pessimism
                                 -0.052140    0.717127   library hold time
                                              0.717127   data required time
---------------------------------------------------------------------------------------------
                                              0.717127   data required time
                                             -1.464994   data arrival time
---------------------------------------------------------------------------------------------
                                              0.747867   slack (MET)


Startpoint: _40_ (rising edge-triggered flip-flop clocked by clk)
Endpoint: Q[0] (output port clocked by clk)
Path Group: clk
Path Type: min

Fanout         Cap        Slew       Delay        Time   Description
---------------------------------------------------------------------------------------------
                                  0.000000    0.000000   clock clk (rise edge)
                                  0.000000    0.000000   clock source latency
     1    0.009885    0.050903    0.033640    0.033640 ^ clk (in)
                                                         clk (net)
                      0.050903    0.000000    0.033640 ^ clkbuf_0_clk/A (sky130_fd_sc_hd__clkbuf_16)
     2    0.019421    0.041351    0.127005    0.160645 ^ clkbuf_0_clk/X (sky130_fd_sc_hd__clkbuf_16)
                                                         clknet_0_clk (net)
                      0.041351    0.000205    0.160850 ^ clkbuf_1_1__f_clk/A (sky130_fd_sc_hd__clkbuf_16)
     2    0.004313    0.028129    0.108382    0.269232 ^ clkbuf_1_1__f_clk/X (sky130_fd_sc_hd__clkbuf_16)
                                                         clknet_1_1__leaf_clk (net)
                      0.028129    0.000030    0.269262 ^ _40_/CLK (sky130_fd_sc_hd__dfxtp_2)
     2    0.005769    0.028915    0.304718    0.573980 v _40_/Q (sky130_fd_sc_hd__dfxtp_2)
                                                         net9 (net)
                      0.028915    0.000037    0.574017 v output9/A (sky130_fd_sc_hd__clkdlybuf4s25_1)
     1    0.010672    0.090969    0.281863    0.855880 v output9/X (sky130_fd_sc_hd__clkdlybuf4s25_1)
                                                         Q[0] (net)
                      0.090969    0.000056    0.855936 v Q[0] (out)
                                              0.855936   data arrival time

                                  0.000000    0.000000   clock clk (rise edge)
                                  0.000000    0.000000   clock network delay (propagated)
                                  0.500000    0.500000   clock uncertainty
                                  0.000000    0.500000   clock reconvergence pessimism
                                 -0.500000    0.000000   output external delay
                                              0.000000   data required time
---------------------------------------------------------------------------------------------
                                              0.000000   data required time
                                             -0.855936   data arrival time
---------------------------------------------------------------------------------------------
                                              0.855936   slack (MET)


Startpoint: _43_ (rising edge-triggered flip-flop clocked by clk)
Endpoint: Q[3] (output port clocked by clk)
Path Group: clk
Path Type: min

Fanout         Cap        Slew       Delay        Time   Description
---------------------------------------------------------------------------------------------
                                  0.000000    0.000000   clock clk (rise edge)
                                  0.000000    0.000000   clock source latency
     1    0.009885    0.050903    0.033640    0.033640 ^ clk (in)
                                                         clk (net)
                      0.050903    0.000000    0.033640 ^ clkbuf_0_clk/A (sky130_fd_sc_hd__clkbuf_16)
     2    0.019421    0.041351    0.127005    0.160645 ^ clkbuf_0_clk/X (sky130_fd_sc_hd__clkbuf_16)
                                                         clknet_0_clk (net)
                      0.041352    0.000244    0.160889 ^ clkbuf_1_0__f_clk/A (sky130_fd_sc_hd__clkbuf_16)
     2    0.005218    0.028962    0.109465    0.270355 ^ clkbuf_1_0__f_clk/X (sky130_fd_sc_hd__clkbuf_16)
                                                         clknet_1_0__leaf_clk (net)
                      0.028962    0.000054    0.270409 ^ _43_/CLK (sky130_fd_sc_hd__dfxtp_2)
     2    0.006909    0.031695    0.307917    0.578326 v _43_/Q (sky130_fd_sc_hd__dfxtp_2)
                                                         net12 (net)
                      0.031695    0.000114    0.578440 v output12/A (sky130_fd_sc_hd__clkdlybuf4s25_1)
     1    0.010806    0.091895    0.283745    0.862184 v output12/X (sky130_fd_sc_hd__clkdlybuf4s25_1)
                                                         Q[3] (net)
                      0.091895    0.000104    0.862289 v Q[3] (out)
                                              0.862289   data arrival time

                                  0.000000    0.000000   clock clk (rise edge)
                                  0.000000    0.000000   clock network delay (propagated)
                                  0.500000    0.500000   clock uncertainty
                                  0.000000    0.500000   clock reconvergence pessimism
                                 -0.500000    0.000000   output external delay
                                              0.000000   data required time
---------------------------------------------------------------------------------------------
                                              0.000000   data required time
                                             -0.862289   data arrival time
---------------------------------------------------------------------------------------------
                                              0.862289   slack (MET)


Startpoint: _41_ (rising edge-triggered flip-flop clocked by clk)
Endpoint: Q[1] (output port clocked by clk)
Path Group: clk
Path Type: min

Fanout         Cap        Slew       Delay        Time   Description
---------------------------------------------------------------------------------------------
                                  0.000000    0.000000   clock clk (rise edge)
                                  0.000000    0.000000   clock source latency
     1    0.009885    0.050903    0.033640    0.033640 ^ clk (in)
                                                         clk (net)
                      0.050903    0.000000    0.033640 ^ clkbuf_0_clk/A (sky130_fd_sc_hd__clkbuf_16)
     2    0.019421    0.041351    0.127005    0.160645 ^ clkbuf_0_clk/X (sky130_fd_sc_hd__clkbuf_16)
                                                         clknet_0_clk (net)
                      0.041351    0.000205    0.160850 ^ clkbuf_1_1__f_clk/A (sky130_fd_sc_hd__clkbuf_16)
     2    0.004313    0.028129    0.108382    0.269232 ^ clkbuf_1_1__f_clk/X (sky130_fd_sc_hd__clkbuf_16)
                                                         clknet_1_1__leaf_clk (net)
                      0.028129    0.000035    0.269267 ^ _41_/CLK (sky130_fd_sc_hd__dfxtp_2)
     3    0.011982    0.042367    0.320539    0.589806 v _41_/Q (sky130_fd_sc_hd__dfxtp_2)
                                                         net10 (net)
                      0.042367    0.000111    0.589916 v output10/A (sky130_fd_sc_hd__clkdlybuf4s25_1)
     1    0.010677    0.091040    0.287646    0.877562 v output10/X (sky130_fd_sc_hd__clkdlybuf4s25_1)
                                                         Q[1] (net)
                      0.091040    0.000054    0.877616 v Q[1] (out)
                                              0.877616   data arrival time

                                  0.000000    0.000000   clock clk (rise edge)
                                  0.000000    0.000000   clock network delay (propagated)
                                  0.500000    0.500000   clock uncertainty
                                  0.000000    0.500000   clock reconvergence pessimism
                                 -0.500000    0.000000   output external delay
                                              0.000000   data required time
---------------------------------------------------------------------------------------------
                                              0.000000   data required time
                                             -0.877616   data arrival time
---------------------------------------------------------------------------------------------
                                              0.877616   slack (MET)


Startpoint: _42_ (rising edge-triggered flip-flop clocked by clk)
Endpoint: Q[2] (output port clocked by clk)
Path Group: clk
Path Type: min

Fanout         Cap        Slew       Delay        Time   Description
---------------------------------------------------------------------------------------------
                                  0.000000    0.000000   clock clk (rise edge)
                                  0.000000    0.000000   clock source latency
     1    0.009885    0.050903    0.033640    0.033640 ^ clk (in)
                                                         clk (net)
                      0.050903    0.000000    0.033640 ^ clkbuf_0_clk/A (sky130_fd_sc_hd__clkbuf_16)
     2    0.019421    0.041351    0.127005    0.160645 ^ clkbuf_0_clk/X (sky130_fd_sc_hd__clkbuf_16)
                                                         clknet_0_clk (net)
                      0.041352    0.000244    0.160889 ^ clkbuf_1_0__f_clk/A (sky130_fd_sc_hd__clkbuf_16)
     2    0.005218    0.028962    0.109465    0.270355 ^ clkbuf_1_0__f_clk/X (sky130_fd_sc_hd__clkbuf_16)
                                                         clknet_1_0__leaf_clk (net)
                      0.028962    0.000050    0.270405 ^ _42_/CLK (sky130_fd_sc_hd__dfxtp_2)
     4    0.013588    0.045377    0.324115    0.594520 v _42_/Q (sky130_fd_sc_hd__dfxtp_2)
                                                         net11 (net)
                      0.045377    0.000126    0.594646 v output11/A (sky130_fd_sc_hd__clkdlybuf4s25_1)
     1    0.010909    0.092630    0.290183    0.884829 v output11/X (sky130_fd_sc_hd__clkdlybuf4s25_1)
                                                         Q[2] (net)
                      0.092630    0.000066    0.884895 v Q[2] (out)
                                              0.884895   data arrival time

                                  0.000000    0.000000   clock clk (rise edge)
                                  0.000000    0.000000   clock network delay (propagated)
                                  0.500000    0.500000   clock uncertainty
                                  0.000000    0.500000   clock reconvergence pessimism
                                 -0.500000    0.000000   output external delay
                                              0.000000   data required time
---------------------------------------------------------------------------------------------
                                              0.000000   data required time
                                             -0.884895   data arrival time
---------------------------------------------------------------------------------------------
                                              0.884895   slack (MET)



%OL_END_REPORT
%OL_CREATE_REPORT max.rpt

===========================================================================
report_checks -path_delay max (Setup)
============================================================================
======================= min_tt_025C_1v80 Corner ===================================

Startpoint: mode[1] (input port clocked by clk)
Endpoint: _40_ (rising edge-triggered flip-flop clocked by clk)
Path Group: clk
Path Type: max

Fanout         Cap        Slew       Delay        Time   Description
---------------------------------------------------------------------------------------------
                                  0.000000    0.000000   clock clk (rise edge)
                                  0.000000    0.000000   clock network delay (propagated)
                                  2.000000    2.000000 v input external delay
     1    0.003317    0.009833    0.005294    2.005294 v mode[1] (in)
                                                         mode[1] (net)
                      0.009833    0.000000    2.005294 v input7/A (sky130_fd_sc_hd__clkdlybuf4s25_1)
    11    0.031527    0.236101    0.385028    2.390322 v input7/X (sky130_fd_sc_hd__clkdlybuf4s25_1)
                                                         net7 (net)
                      0.236101    0.000367    2.390689 v _22_/B (sky130_fd_sc_hd__and3_2)
     1    0.003827    0.040216    0.280618    2.671306 v _22_/X (sky130_fd_sc_hd__and3_2)
                                                         _06_ (net)
                      0.040235    0.000056    2.671362 v _26_/B1 (sky130_fd_sc_hd__a211o_2)
     1    0.003646    0.049129    0.299910    2.971272 v _26_/X (sky130_fd_sc_hd__a211o_2)
                                                         _10_ (net)
                      0.049129    0.000045    2.971317 v _27_/B1 (sky130_fd_sc_hd__o221a_2)
     1    0.002691    0.042103    0.238658    3.209975 v _27_/X (sky130_fd_sc_hd__o221a_2)
                                                         _00_ (net)
                      0.042103    0.000029    3.210004 v hold14/A (sky130_fd_sc_hd__dlygate4sd3_1)
     1    0.002117    0.049615    0.540852    3.750856 v hold14/X (sky130_fd_sc_hd__dlygate4sd3_1)
                                                         net14 (net)
                      0.049615    0.000020    3.750875 v _40_/D (sky130_fd_sc_hd__dfxtp_2)
                                              3.750875   data arrival time

                                 10.000000   10.000000   clock clk (rise edge)
                                  0.000000   10.000000   clock source latency
     1    0.009885    0.050903    0.033640   10.033640 ^ clk (in)
                                                         clk (net)
                      0.050903    0.000000   10.033640 ^ clkbuf_0_clk/A (sky130_fd_sc_hd__clkbuf_16)
     2    0.019421    0.041351    0.127005   10.160645 ^ clkbuf_0_clk/X (sky130_fd_sc_hd__clkbuf_16)
                                                         clknet_0_clk (net)
                      0.041351    0.000205   10.160851 ^ clkbuf_1_1__f_clk/A (sky130_fd_sc_hd__clkbuf_16)
     2    0.004313    0.028129    0.108383   10.269233 ^ clkbuf_1_1__f_clk/X (sky130_fd_sc_hd__clkbuf_16)
                                                         clknet_1_1__leaf_clk (net)
                      0.028129    0.000029   10.269262 ^ _40_/CLK (sky130_fd_sc_hd__dfxtp_2)
                                 -0.500000    9.769262   clock uncertainty
                                  0.000000    9.769262   clock reconvergence pessimism
                                 -0.118842    9.650420   library setup time
                                              9.650420   data required time
---------------------------------------------------------------------------------------------
                                              9.650420   data required time
                                             -3.750875   data arrival time
---------------------------------------------------------------------------------------------
                                              5.899545   slack (MET)


Startpoint: mode[1] (input port clocked by clk)
Endpoint: _43_ (rising edge-triggered flip-flop clocked by clk)
Path Group: clk
Path Type: max

Fanout         Cap        Slew       Delay        Time   Description
---------------------------------------------------------------------------------------------
                                  0.000000    0.000000   clock clk (rise edge)
                                  0.000000    0.000000   clock network delay (propagated)
                                  2.000000    2.000000 v input external delay
     1    0.003317    0.009833    0.005294    2.005294 v mode[1] (in)
                                                         mode[1] (net)
                      0.009833    0.000000    2.005294 v input7/A (sky130_fd_sc_hd__clkdlybuf4s25_1)
    11    0.031527    0.236101    0.385028    2.390322 v input7/X (sky130_fd_sc_hd__clkdlybuf4s25_1)
                                                         net7 (net)
                      0.236102    0.000954    2.391276 v _36_/B (sky130_fd_sc_hd__and3_2)
     1    0.002709    0.036946    0.275066    2.666342 v _36_/X (sky130_fd_sc_hd__and3_2)
                                                         _17_ (net)
                      0.036946    0.000027    2.666368 v _38_/C1 (sky130_fd_sc_hd__a211o_2)
     1    0.005612    0.055369    0.270947    2.937316 v _38_/X (sky130_fd_sc_hd__a211o_2)
                                                         _19_ (net)
                      0.055369    0.000099    2.937415 v _39_/B2 (sky130_fd_sc_hd__o221a_2)
     1    0.002288    0.041005    0.220503    3.157917 v _39_/X (sky130_fd_sc_hd__o221a_2)
                                                         _03_ (net)
                      0.041005    0.000024    3.157942 v hold16/A (sky130_fd_sc_hd__dlygate4sd3_1)
     1    0.001963    0.048860    0.539025    3.696967 v hold16/X (sky130_fd_sc_hd__dlygate4sd3_1)
                                                         net16 (net)
                      0.048860    0.000017    3.696984 v _43_/D (sky130_fd_sc_hd__dfxtp_2)
                                              3.696984   data arrival time

                                 10.000000   10.000000   clock clk (rise edge)
                                  0.000000   10.000000   clock source latency
     1    0.009885    0.050903    0.033640   10.033640 ^ clk (in)
                                                         clk (net)
                      0.050903    0.000000   10.033640 ^ clkbuf_0_clk/A (sky130_fd_sc_hd__clkbuf_16)
     2    0.019421    0.041351    0.127005   10.160645 ^ clkbuf_0_clk/X (sky130_fd_sc_hd__clkbuf_16)
                                                         clknet_0_clk (net)
                      0.041352    0.000244   10.160890 ^ clkbuf_1_0__f_clk/A (sky130_fd_sc_hd__clkbuf_16)
     2    0.005218    0.028962    0.109465   10.270354 ^ clkbuf_1_0__f_clk/X (sky130_fd_sc_hd__clkbuf_16)
                                                         clknet_1_0__leaf_clk (net)
                      0.028962    0.000054   10.270409 ^ _43_/CLK (sky130_fd_sc_hd__dfxtp_2)
                                 -0.500000    9.770409   clock uncertainty
                                  0.000000    9.770409   clock reconvergence pessimism
                                 -0.118318    9.652091   library setup time
                                              9.652091   data required time
---------------------------------------------------------------------------------------------
                                              9.652091   data required time
                                             -3.696984   data arrival time
---------------------------------------------------------------------------------------------
                                              5.955107   slack (MET)


Startpoint: mode[1] (input port clocked by clk)
Endpoint: _41_ (rising edge-triggered flip-flop clocked by clk)
Path Group: clk
Path Type: max

Fanout         Cap        Slew       Delay        Time   Description
---------------------------------------------------------------------------------------------
                                  0.000000    0.000000   clock clk (rise edge)
                                  0.000000    0.000000   clock network delay (propagated)
                                  2.000000    2.000000 ^ input external delay
     1    0.003542    0.022947    0.012901    2.012901 ^ mode[1] (in)
                                                         mode[1] (net)
                      0.022947    0.000000    2.012901 ^ input7/A (sky130_fd_sc_hd__clkdlybuf4s25_1)
    11    0.033219    0.336386    0.444195    2.457096 ^ input7/X (sky130_fd_sc_hd__clkdlybuf4s25_1)
                                                         net7 (net)
                      0.336386    0.001070    2.458165 ^ _29_/A_N (sky130_fd_sc_hd__nand2b_2)
     1    0.002963    0.040660    0.181832    2.639997 ^ _29_/Y (sky130_fd_sc_hd__nand2b_2)
                                                         _12_ (net)
                      0.040660    0.000037    2.640034 ^ _30_/A2_N (sky130_fd_sc_hd__o2bb2a_2)
     1    0.002506    0.042367    0.194887    2.834922 v _30_/X (sky130_fd_sc_hd__o2bb2a_2)
                                                         _13_ (net)
                      0.042367    0.000022    2.834944 v _31_/B2 (sky130_fd_sc_hd__o221a_2)
     1    0.002433    0.041364    0.216615    3.051559 v _31_/X (sky130_fd_sc_hd__o221a_2)
                                                         _01_ (net)
                      0.041364    0.000028    3.051587 v hold18/A (sky130_fd_sc_hd__dlygate4sd3_1)
     1    0.002368    0.050548    0.542846    3.594433 v hold18/X (sky130_fd_sc_hd__dlygate4sd3_1)
                                                         net18 (net)
                      0.050548    0.000026    3.594459 v _41_/D (sky130_fd_sc_hd__dfxtp_2)
                                              3.594459   data arrival time

                                 10.000000   10.000000   clock clk (rise edge)
                                  0.000000   10.000000   clock source latency
     1    0.009885    0.050903    0.033640   10.033640 ^ clk (in)
                                                         clk (net)
                      0.050903    0.000000   10.033640 ^ clkbuf_0_clk/A (sky130_fd_sc_hd__clkbuf_16)
     2    0.019421    0.041351    0.127005   10.160645 ^ clkbuf_0_clk/X (sky130_fd_sc_hd__clkbuf_16)
                                                         clknet_0_clk (net)
                      0.041351    0.000205   10.160851 ^ clkbuf_1_1__f_clk/A (sky130_fd_sc_hd__clkbuf_16)
     2    0.004313    0.028129    0.108383   10.269233 ^ clkbuf_1_1__f_clk/X (sky130_fd_sc_hd__clkbuf_16)
                                                         clknet_1_1__leaf_clk (net)
                      0.028129    0.000035   10.269267 ^ _41_/CLK (sky130_fd_sc_hd__dfxtp_2)
                                 -0.500000    9.769267   clock uncertainty
                                  0.000000    9.769267   clock reconvergence pessimism
                                 -0.119250    9.650018   library setup time
                                              9.650018   data required time
---------------------------------------------------------------------------------------------
                                              9.650018   data required time
                                             -3.594459   data arrival time
---------------------------------------------------------------------------------------------
                                              6.055559   slack (MET)


Startpoint: mode[1] (input port clocked by clk)
Endpoint: _42_ (rising edge-triggered flip-flop clocked by clk)
Path Group: clk
Path Type: max

Fanout         Cap        Slew       Delay        Time   Description
---------------------------------------------------------------------------------------------
                                  0.000000    0.000000   clock clk (rise edge)
                                  0.000000    0.000000   clock network delay (propagated)
                                  2.000000    2.000000 v input external delay
     1    0.003317    0.009833    0.005294    2.005294 v mode[1] (in)
                                                         mode[1] (net)
                      0.009833    0.000000    2.005294 v input7/A (sky130_fd_sc_hd__clkdlybuf4s25_1)
    11    0.031527    0.236101    0.385028    2.390322 v input7/X (sky130_fd_sc_hd__clkdlybuf4s25_1)
                                                         net7 (net)
                      0.236102    0.000950    2.391272 v _32_/B (sky130_fd_sc_hd__and3_2)
     1    0.002628    0.036728    0.274663    2.665935 v _32_/X (sky130_fd_sc_hd__and3_2)
                                                         _14_ (net)
                      0.036728    0.000022    2.665958 v _34_/C1 (sky130_fd_sc_hd__a2111o_2)
     1    0.003461    0.062946    0.391592    3.057550 v _34_/X (sky130_fd_sc_hd__a2111o_2)
                                                         _16_ (net)
                      0.062946    0.000047    3.057596 v _35_/B1 (sky130_fd_sc_hd__o211a_2)
     1    0.002676    0.039898    0.134795    3.192392 v _35_/X (sky130_fd_sc_hd__o211a_2)
                                                         _02_ (net)
                      0.039898    0.000020    3.192411 v _42_/D (sky130_fd_sc_hd__dfxtp_2)
                                              3.192411   data arrival time

                                 10.000000   10.000000   clock clk (rise edge)
                                  0.000000   10.000000   clock source latency
     1    0.009885    0.050903    0.033640   10.033640 ^ clk (in)
                                                         clk (net)
                      0.050903    0.000000   10.033640 ^ clkbuf_0_clk/A (sky130_fd_sc_hd__clkbuf_16)
     2    0.019421    0.041351    0.127005   10.160645 ^ clkbuf_0_clk/X (sky130_fd_sc_hd__clkbuf_16)
                                                         clknet_0_clk (net)
                      0.041352    0.000244   10.160890 ^ clkbuf_1_0__f_clk/A (sky130_fd_sc_hd__clkbuf_16)
     2    0.005218    0.028962    0.109465   10.270354 ^ clkbuf_1_0__f_clk/X (sky130_fd_sc_hd__clkbuf_16)
                                                         clknet_1_0__leaf_clk (net)
                      0.028962    0.000051   10.270405 ^ _42_/CLK (sky130_fd_sc_hd__dfxtp_2)
                                 -0.500000    9.770405   clock uncertainty
                                  0.000000    9.770405   clock reconvergence pessimism
                                 -0.114403    9.656002   library setup time
                                              9.656002   data required time
---------------------------------------------------------------------------------------------
                                              9.656002   data required time
                                             -3.192411   data arrival time
---------------------------------------------------------------------------------------------
                                              6.463592   slack (MET)


Startpoint: _42_ (rising edge-triggered flip-flop clocked by clk)
Endpoint: Q[2] (output port clocked by clk)
Path Group: clk
Path Type: max

Fanout         Cap        Slew       Delay        Time   Description
---------------------------------------------------------------------------------------------
                                  0.000000    0.000000   clock clk (rise edge)
                                  0.000000    0.000000   clock source latency
     1    0.009885    0.050903    0.033640    0.033640 ^ clk (in)
                                                         clk (net)
                      0.050903    0.000000    0.033640 ^ clkbuf_0_clk/A (sky130_fd_sc_hd__clkbuf_16)
     2    0.019421    0.041351    0.127005    0.160645 ^ clkbuf_0_clk/X (sky130_fd_sc_hd__clkbuf_16)
                                                         clknet_0_clk (net)
                      0.041352    0.000244    0.160889 ^ clkbuf_1_0__f_clk/A (sky130_fd_sc_hd__clkbuf_16)
     2    0.005218    0.028962    0.109465    0.270355 ^ clkbuf_1_0__f_clk/X (sky130_fd_sc_hd__clkbuf_16)
                                                         clknet_1_0__leaf_clk (net)
                      0.028962    0.000050    0.270405 ^ _42_/CLK (sky130_fd_sc_hd__dfxtp_2)
     4    0.014544    0.082188    0.342303    0.612708 ^ _42_/Q (sky130_fd_sc_hd__dfxtp_2)
                                                         net11 (net)
                      0.082188    0.000136    0.612843 ^ output11/A (sky130_fd_sc_hd__clkdlybuf4s25_1)
     1    0.010909    0.119843    0.312563    0.925406 ^ output11/X (sky130_fd_sc_hd__clkdlybuf4s25_1)
                                                         Q[2] (net)
                      0.119843    0.000066    0.925472 ^ Q[2] (out)
                                              0.925472   data arrival time

                                 10.000000   10.000000   clock clk (rise edge)
                                  0.000000   10.000000   clock network delay (propagated)
                                 -0.500000    9.500000   clock uncertainty
                                  0.000000    9.500000   clock reconvergence pessimism
                                 -2.000000    7.500000   output external delay
                                              7.500000   data required time
---------------------------------------------------------------------------------------------
                                              7.500000   data required time
                                             -0.925472   data arrival time
---------------------------------------------------------------------------------------------
                                              6.574528   slack (MET)


Startpoint: _41_ (rising edge-triggered flip-flop clocked by clk)
Endpoint: Q[1] (output port clocked by clk)
Path Group: clk
Path Type: max

Fanout         Cap        Slew       Delay        Time   Description
---------------------------------------------------------------------------------------------
                                  0.000000    0.000000   clock clk (rise edge)
                                  0.000000    0.000000   clock source latency
     1    0.009885    0.050903    0.033640    0.033640 ^ clk (in)
                                                         clk (net)
                      0.050903    0.000000    0.033640 ^ clkbuf_0_clk/A (sky130_fd_sc_hd__clkbuf_16)
     2    0.019421    0.041351    0.127005    0.160645 ^ clkbuf_0_clk/X (sky130_fd_sc_hd__clkbuf_16)
                                                         clknet_0_clk (net)
                      0.041351    0.000205    0.160850 ^ clkbuf_1_1__f_clk/A (sky130_fd_sc_hd__clkbuf_16)
     2    0.004313    0.028129    0.108382    0.269232 ^ clkbuf_1_1__f_clk/X (sky130_fd_sc_hd__clkbuf_16)
                                                         clknet_1_1__leaf_clk (net)
                      0.028129    0.000035    0.269267 ^ _41_/CLK (sky130_fd_sc_hd__dfxtp_2)
     3    0.012586    0.072830    0.335222    0.604489 ^ _41_/Q (sky130_fd_sc_hd__dfxtp_2)
                                                         net10 (net)
                      0.072830    0.000117    0.604606 ^ output10/A (sky130_fd_sc_hd__clkdlybuf4s25_1)
     1    0.010677    0.117611    0.307728    0.912334 ^ output10/X (sky130_fd_sc_hd__clkdlybuf4s25_1)
                                                         Q[1] (net)
                      0.117611    0.000054    0.912388 ^ Q[1] (out)
                                              0.912388   data arrival time

                                 10.000000   10.000000   clock clk (rise edge)
                                  0.000000   10.000000   clock network delay (propagated)
                                 -0.500000    9.500000   clock uncertainty
                                  0.000000    9.500000   clock reconvergence pessimism
                                 -2.000000    7.500000   output external delay
                                              7.500000   data required time
---------------------------------------------------------------------------------------------
                                              7.500000   data required time
                                             -0.912388   data arrival time
---------------------------------------------------------------------------------------------
                                              6.587612   slack (MET)


Startpoint: _43_ (rising edge-triggered flip-flop clocked by clk)
Endpoint: Q[3] (output port clocked by clk)
Path Group: clk
Path Type: max

Fanout         Cap        Slew       Delay        Time   Description
---------------------------------------------------------------------------------------------
                                  0.000000    0.000000   clock clk (rise edge)
                                  0.000000    0.000000   clock source latency
     1    0.009885    0.050903    0.033640    0.033640 ^ clk (in)
                                                         clk (net)
                      0.050903    0.000000    0.033640 ^ clkbuf_0_clk/A (sky130_fd_sc_hd__clkbuf_16)
     2    0.019421    0.041351    0.127005    0.160645 ^ clkbuf_0_clk/X (sky130_fd_sc_hd__clkbuf_16)
                                                         clknet_0_clk (net)
                      0.041352    0.000244    0.160889 ^ clkbuf_1_0__f_clk/A (sky130_fd_sc_hd__clkbuf_16)
     2    0.005218    0.028962    0.109465    0.270355 ^ clkbuf_1_0__f_clk/X (sky130_fd_sc_hd__clkbuf_16)
                                                         clknet_1_0__leaf_clk (net)
                      0.028962    0.000054    0.270409 ^ _43_/CLK (sky130_fd_sc_hd__dfxtp_2)
     2    0.007299    0.049284    0.315815    0.586224 ^ _43_/Q (sky130_fd_sc_hd__dfxtp_2)
                                                         net12 (net)
                      0.049284    0.000121    0.586345 ^ output12/A (sky130_fd_sc_hd__clkdlybuf4s25_1)
     1    0.010806    0.118864    0.300408    0.886753 ^ output12/X (sky130_fd_sc_hd__clkdlybuf4s25_1)
                                                         Q[3] (net)
                      0.118864    0.000104    0.886857 ^ Q[3] (out)
                                              0.886857   data arrival time

                                 10.000000   10.000000   clock clk (rise edge)
                                  0.000000   10.000000   clock network delay (propagated)
                                 -0.500000    9.500000   clock uncertainty
                                  0.000000    9.500000   clock reconvergence pessimism
                                 -2.000000    7.500000   output external delay
                                              7.500000   data required time
---------------------------------------------------------------------------------------------
                                              7.500000   data required time
                                             -0.886857   data arrival time
---------------------------------------------------------------------------------------------
                                              6.613142   slack (MET)


Startpoint: _40_ (rising edge-triggered flip-flop clocked by clk)
Endpoint: Q[0] (output port clocked by clk)
Path Group: clk
Path Type: max

Fanout         Cap        Slew       Delay        Time   Description
---------------------------------------------------------------------------------------------
                                  0.000000    0.000000   clock clk (rise edge)
                                  0.000000    0.000000   clock source latency
     1    0.009885    0.050903    0.033640    0.033640 ^ clk (in)
                                                         clk (net)
                      0.050903    0.000000    0.033640 ^ clkbuf_0_clk/A (sky130_fd_sc_hd__clkbuf_16)
     2    0.019421    0.041351    0.127005    0.160645 ^ clkbuf_0_clk/X (sky130_fd_sc_hd__clkbuf_16)
                                                         clknet_0_clk (net)
                      0.041351    0.000205    0.160850 ^ clkbuf_1_1__f_clk/A (sky130_fd_sc_hd__clkbuf_16)
     2    0.004313    0.028129    0.108382    0.269232 ^ clkbuf_1_1__f_clk/X (sky130_fd_sc_hd__clkbuf_16)
                                                         clknet_1_1__leaf_clk (net)
                      0.028129    0.000030    0.269262 ^ _40_/CLK (sky130_fd_sc_hd__dfxtp_2)
     2    0.006159    0.044270    0.311256    0.580518 ^ _40_/Q (sky130_fd_sc_hd__dfxtp_2)
                                                         net9 (net)
                      0.044270    0.000040    0.580559 ^ output9/A (sky130_fd_sc_hd__clkdlybuf4s25_1)
     1    0.010672    0.117583    0.297778    0.878337 ^ output9/X (sky130_fd_sc_hd__clkdlybuf4s25_1)
                                                         Q[0] (net)
                      0.117583    0.000056    0.878393 ^ Q[0] (out)
                                              0.878393   data arrival time

                                 10.000000   10.000000   clock clk (rise edge)
                                  0.000000   10.000000   clock network delay (propagated)
                                 -0.500000    9.500000   clock uncertainty
                                  0.000000    9.500000   clock reconvergence pessimism
                                 -2.000000    7.500000   output external delay
                                              7.500000   data required time
---------------------------------------------------------------------------------------------
                                              7.500000   data required time
                                             -0.878393   data arrival time
---------------------------------------------------------------------------------------------
                                              6.621607   slack (MET)



%OL_END_REPORT
%OL_CREATE_REPORT checks.rpt

===========================================================================
report_checks -unconstrained
===========================================================================
======================= min_tt_025C_1v80 Corner ===================================

Startpoint: mode[1] (input port clocked by clk)
Endpoint: _40_ (rising edge-triggered flip-flop clocked by clk)
Path Group: clk
Path Type: max

Fanout         Cap        Slew       Delay        Time   Description
---------------------------------------------------------------------------------------------
                                  0.000000    0.000000   clock clk (rise edge)
                                  0.000000    0.000000   clock network delay (propagated)
                                  2.000000    2.000000 v input external delay
     1    0.003317    0.009833    0.005294    2.005294 v mode[1] (in)
                                                         mode[1] (net)
                      0.009833    0.000000    2.005294 v input7/A (sky130_fd_sc_hd__clkdlybuf4s25_1)
    11    0.031527    0.236101    0.385028    2.390322 v input7/X (sky130_fd_sc_hd__clkdlybuf4s25_1)
                                                         net7 (net)
                      0.236101    0.000367    2.390689 v _22_/B (sky130_fd_sc_hd__and3_2)
     1    0.003827    0.040216    0.280618    2.671306 v _22_/X (sky130_fd_sc_hd__and3_2)
                                                         _06_ (net)
                      0.040235    0.000056    2.671362 v _26_/B1 (sky130_fd_sc_hd__a211o_2)
     1    0.003646    0.049129    0.299910    2.971272 v _26_/X (sky130_fd_sc_hd__a211o_2)
                                                         _10_ (net)
                      0.049129    0.000045    2.971317 v _27_/B1 (sky130_fd_sc_hd__o221a_2)
     1    0.002691    0.042103    0.238658    3.209975 v _27_/X (sky130_fd_sc_hd__o221a_2)
                                                         _00_ (net)
                      0.042103    0.000029    3.210004 v hold14/A (sky130_fd_sc_hd__dlygate4sd3_1)
     1    0.002117    0.049615    0.540852    3.750856 v hold14/X (sky130_fd_sc_hd__dlygate4sd3_1)
                                                         net14 (net)
                      0.049615    0.000020    3.750875 v _40_/D (sky130_fd_sc_hd__dfxtp_2)
                                              3.750875   data arrival time

                                 10.000000   10.000000   clock clk (rise edge)
                                  0.000000   10.000000   clock source latency
     1    0.009885    0.050903    0.033640   10.033640 ^ clk (in)
                                                         clk (net)
                      0.050903    0.000000   10.033640 ^ clkbuf_0_clk/A (sky130_fd_sc_hd__clkbuf_16)
     2    0.019421    0.041351    0.127005   10.160645 ^ clkbuf_0_clk/X (sky130_fd_sc_hd__clkbuf_16)
                                                         clknet_0_clk (net)
                      0.041351    0.000205   10.160851 ^ clkbuf_1_1__f_clk/A (sky130_fd_sc_hd__clkbuf_16)
     2    0.004313    0.028129    0.108383   10.269233 ^ clkbuf_1_1__f_clk/X (sky130_fd_sc_hd__clkbuf_16)
                                                         clknet_1_1__leaf_clk (net)
                      0.028129    0.000029   10.269262 ^ _40_/CLK (sky130_fd_sc_hd__dfxtp_2)
                                 -0.500000    9.769262   clock uncertainty
                                  0.000000    9.769262   clock reconvergence pessimism
                                 -0.118842    9.650420   library setup time
                                              9.650420   data required time
---------------------------------------------------------------------------------------------
                                              9.650420   data required time
                                             -3.750875   data arrival time
---------------------------------------------------------------------------------------------
                                              5.899545   slack (MET)




===========================================================================
report_checks --slack_max -0.01
============================================================================
======================= min_tt_025C_1v80 Corner ===================================

No paths found.


===========================================================================
 report_check_types -max_slew -max_cap -max_fanout -violators
============================================================================
======================= min_tt_025C_1v80 Corner ===================================



===========================================================================
report_parasitic_annotation -report_unannotated
============================================================================
Found 0 unannotated drivers.
Found 0 partially unannotated drivers.

===========================================================================
max slew violation count 0
%OL_METRIC_I design__max_slew_violation__count__corner:min_tt_025C_1v80 0
max fanout violation count 0
%OL_METRIC_I design__max_fanout_violation__count__corner:min_tt_025C_1v80 0
max cap violation count 0
%OL_METRIC_I design__max_cap_violation__count__corner:min_tt_025C_1v80 0
============================================================================

===========================================================================
check_setup -verbose -unconstrained_endpoints -multiple_clock -no_clock -no_input_delay -loops -generated_clocks
===========================================================================
%OL_END_REPORT
%OL_CREATE_REPORT power.rpt

===========================================================================
 report_power
============================================================================
======================= min_tt_025C_1v80 Corner ===================================

Group                    Internal    Switching      Leakage        Total
                            Power        Power        Power        Power (Watts)
------------------------------------------------------------------------
Sequential           1.761990e-05 9.402744e-07 3.442982e-11 1.856021e-05  19.8%
Combinational        1.006207e-05 5.039324e-06 1.771707e-10 1.510157e-05  16.1%
Clock                5.073585e-05 9.380538e-06 2.373050e-09 6.011876e-05  64.1%
Macro                0.000000e+00 0.000000e+00 0.000000e+00 0.000000e+00   0.0%
Pad                  0.000000e+00 0.000000e+00 0.000000e+00 0.000000e+00   0.0%
------------------------------------------------------------------------
Total                7.841782e-05 1.536013e-05 2.584652e-09 9.378054e-05 100.0%
                            83.6%        16.4%         0.0%
%OL_METRIC_F power__internal__total 7.841781916795298e-5
%OL_METRIC_F power__switching__total 1.5360134057118557e-5
%OL_METRIC_F power__leakage__total 2.5846518258987317e-9
%OL_METRIC_F power__total 9.378053800901398e-5

%OL_END_REPORT
%OL_CREATE_REPORT skew.min.rpt

===========================================================================
Clock Skew (Hold)
============================================================================
%OL_METRIC_F clock__skew__worst_hold__corner:min_tt_025C_1v80 -0.5011375345432026
======================= min_tt_025C_1v80 Corner ===================================

Clock clk
0.269267 source latency _41_/CLK ^
-0.270405 target latency _42_/CLK ^
-0.500000 clock uncertainty
0.000000 CRPR
--------------
-0.501138 hold skew

%OL_END_REPORT
%OL_CREATE_REPORT skew.max.rpt

===========================================================================
Clock Skew (Setup)
============================================================================
%OL_METRIC_F clock__skew__worst_setup__corner:min_tt_025C_1v80 0.5011375345432026
======================= min_tt_025C_1v80 Corner ===================================

Clock clk
0.270405 source latency _42_/CLK ^
-0.269267 target latency _41_/CLK ^
0.500000 clock uncertainty
0.000000 CRPR
--------------
0.501138 setup skew

%OL_END_REPORT
%OL_CREATE_REPORT ws.min.rpt

===========================================================================
Worst Slack (Hold)
============================================================================
%OL_METRIC_F timing__hold__ws__corner:min_tt_025C_1v80 0.19496899091493372
min_tt_025C_1v80: 0.19496899091493372
%OL_END_REPORT
%OL_CREATE_REPORT ws.max.rpt

===========================================================================
Worst Slack (Setup)
============================================================================
%OL_METRIC_F timing__setup__ws__corner:min_tt_025C_1v80 5.899545019489411
min_tt_025C_1v80: 5.899545019489411
%OL_END_REPORT
%OL_CREATE_REPORT tns.min.rpt

===========================================================================
Total Negative Slack (Hold)
============================================================================
%OL_METRIC_F timing__hold__tns__corner:min_tt_025C_1v80 0.0
min_tt_025C_1v80: 0.0
%OL_END_REPORT
%OL_CREATE_REPORT tns.max.rpt

===========================================================================
Total Negative Slack (Setup)
============================================================================
%OL_METRIC_F timing__setup__tns__corner:min_tt_025C_1v80 0.0
min_tt_025C_1v80: 0.0
%OL_END_REPORT
%OL_CREATE_REPORT wns.min.rpt

===========================================================================
Worst Negative Slack (Hold)
============================================================================
%OL_METRIC_F timing__hold__wns__corner:min_tt_025C_1v80 0
min_tt_025C_1v80: 0
%OL_END_REPORT
%OL_CREATE_REPORT wns.max.rpt

===========================================================================
Worst Negative Slack (Setup)
============================================================================
%OL_METRIC_F timing__setup__wns__corner:min_tt_025C_1v80 0.0
min_tt_025C_1v80: 0.0
%OL_END_REPORT
%OL_CREATE_REPORT violator_list.rpt

===========================================================================
Violator List
============================================================================
%OL_METRIC_I timing__hold_vio__count__corner:min_tt_025C_1v80 0
%OL_METRIC_F timing__hold_r2r__ws__corner:min_tt_025C_1v80 0.687939
%OL_METRIC_I timing__hold_r2r_vio__count__corner:min_tt_025C_1v80 0
%OL_METRIC_I timing__setup_vio__count__corner:min_tt_025C_1v80 0
%OL_METRIC_F timing__setup_r2r__ws__corner:min_tt_025C_1v80 inf
%OL_METRIC_I timing__setup_r2r_vio__count__corner:min_tt_025C_1v80 0
%OL_END_REPORT
%OL_CREATE_REPORT unpropagated.rpt
%OL_END_REPORT
%OL_CREATE_REPORT clock.rpt
Clock: clk
Sources: clk 
Generated: no
Virtual: yes
Propagated: no
Period: 10.000000

===========================================================================
report_clock_properties
============================================================================
Clock                   Period          Waveform
----------------------------------------------------
clk                  10.000000    0.000000  5.000000

===========================================================================
report_clock_latency
============================================================================
Clock clk
rise -> rise
    min     max
0.000000 0.000000 source latency
0.269262         network latency _40_/CLK
        0.270409 network latency _43_/CLK
---------------
0.269262 0.270409 latency
        0.001147 skew

fall -> fall
    min     max
0.000000 0.000000 source latency
0.277259         network latency _40_/CLK
        0.278305 network latency _43_/CLK
---------------
0.277259 0.278305 latency
        0.001046 skew



===========================================================================
report_clock_min_period
============================================================================
clk period_min = 2.49 fmax = 400.89
%OL_END_REPORT
Writing SDF files for all corners…
Removing Clock latencies before writing libs…
Writing timing models for all corners…
Writing timing models for the min_tt_025C_1v80 corner to /home/hk/pd_projects/runs/RUN_2026-06-03_20-47-43/55-openroad-stapostpnr/min_tt_025C_1v80/u_s_r__min_tt_025C_1v80.lib…
