
===========================================================================
report_checks -unconstrained
===========================================================================
======================= min_tt_025C_1v80 Corner ===================================

Startpoint: mode[1] (input port clocked by clk)
Endpoint: _40_ (rising edge-triggered flip-flop clocked by clk)
Path Group: clk
Path Type: max

Fanout         Cap        Slew       Delay        Time   Description
---------------------------------------------------------------------------------------------
                                  0.000000    0.000000   clock clk (rise edge)
                                  0.000000    0.000000   clock network delay (propagated)
                                  2.000000    2.000000 v input external delay
     1    0.003993    0.011396    0.006440    2.006440 v mode[1] (in)
                                                         mode[1] (net)
                      0.011396    0.000000    2.006440 v input7/A (sky130_fd_sc_hd__clkdlybuf4s25_1)
    11    0.030494    0.228474    0.380723    2.387163 v input7/X (sky130_fd_sc_hd__clkdlybuf4s25_1)
                                                         net7 (net)
                      0.228474    0.000148    2.387311 v _22_/B (sky130_fd_sc_hd__and3_2)
     1    0.004265    0.041929    0.279171    2.666482 v _22_/X (sky130_fd_sc_hd__and3_2)
                                                         _06_ (net)
                      0.041929    0.000066    2.666548 v _26_/B1 (sky130_fd_sc_hd__a211o_2)
     1    0.002724    0.045976    0.294765    2.961313 v _26_/X (sky130_fd_sc_hd__a211o_2)
                                                         _10_ (net)
                      0.045976    0.000025    2.961338 v _27_/B1 (sky130_fd_sc_hd__o221a_2)
     1    0.001889    0.039941    0.232836    3.194174 v _27_/X (sky130_fd_sc_hd__o221a_2)
                                                         _00_ (net)
                      0.039941    0.000017    3.194190 v hold16/A (sky130_fd_sc_hd__dlygate4sd3_1)
     1    0.002346    0.050476    0.542091    3.736281 v hold16/X (sky130_fd_sc_hd__dlygate4sd3_1)
                                                         net16 (net)
                      0.050476    0.000023    3.736304 v _40_/D (sky130_fd_sc_hd__dfxtp_2)
                                              3.736304   data arrival time

                                 10.000000   10.000000   clock clk (rise edge)
                                  0.000000   10.000000   clock source latency
     1    0.010381    0.053123    0.035273   10.035274 ^ clk (in)
                                                         clk (net)
                      0.053124    0.000000   10.035274 ^ clkbuf_0_clk/A (sky130_fd_sc_hd__clkbuf_16)
     2    0.018933    0.040935    0.127333   10.162606 ^ clkbuf_0_clk/X (sky130_fd_sc_hd__clkbuf_16)
                                                         clknet_0_clk (net)
                      0.040936    0.000255   10.162861 ^ clkbuf_1_0__f_clk/A (sky130_fd_sc_hd__clkbuf_16)
     2    0.005394    0.029122    0.109526   10.272387 ^ clkbuf_1_0__f_clk/X (sky130_fd_sc_hd__clkbuf_16)
                                                         clknet_1_0__leaf_clk (net)
                      0.029122    0.000037   10.272424 ^ _40_/CLK (sky130_fd_sc_hd__dfxtp_2)
                                 -0.500000    9.772424   clock uncertainty
                                  0.000000    9.772424   clock reconvergence pessimism
                                 -0.118986    9.653439   library setup time
                                              9.653439   data required time
---------------------------------------------------------------------------------------------
                                              9.653439   data required time
                                             -3.736304   data arrival time
---------------------------------------------------------------------------------------------
                                              5.917134   slack (MET)




===========================================================================
report_checks --slack_max -0.01
============================================================================
======================= min_tt_025C_1v80 Corner ===================================

No paths found.


===========================================================================
 report_check_types -max_slew -max_cap -max_fanout -violators
============================================================================
======================= min_tt_025C_1v80 Corner ===================================



===========================================================================
report_parasitic_annotation -report_unannotated
============================================================================
Found 0 unannotated drivers.
Found 0 partially unannotated drivers.

===========================================================================
max slew violation count 0
max fanout violation count 0
max cap violation count 0
============================================================================

===========================================================================
check_setup -verbose -unconstrained_endpoints -multiple_clock -no_clock -no_input_delay -loops -generated_clocks
===========================================================================
