Clock: clk
Sources: clk 
Generated: no
Virtual: yes
Propagated: no
Period: 10.000000

===========================================================================
report_clock_properties
============================================================================
Clock                   Period          Waveform
----------------------------------------------------
clk                  10.000000    0.000000  5.000000

===========================================================================
report_clock_latency
============================================================================
Clock clk
rise -> rise
    min     max
0.000000 0.000000 source latency
0.271896         network latency _42_/CLK
        0.272442 network latency _43_/CLK
---------------
0.271896 0.272442 latency
        0.000547 skew

fall -> fall
    min     max
0.000000 0.000000 source latency
0.278781         network latency _42_/CLK
        0.279279 network latency _43_/CLK
---------------
0.278781 0.279279 latency
        0.000498 skew



===========================================================================
report_clock_min_period
============================================================================
clk period_min = 2.51 fmax = 399.09
