
===========================================================================
 report_power
============================================================================
======================= min_tt_025C_1v80 Corner ===================================

Group                    Internal    Switching      Leakage        Total
                            Power        Power        Power        Power (Watts)
------------------------------------------------------------------------
Sequential           1.761399e-05 8.516944e-07 3.442982e-11 1.846572e-05  19.6%
Combinational        1.006667e-05 5.231697e-06 1.771707e-10 1.529854e-05  16.3%
Clock                5.074147e-05 9.487070e-06 4.873350e-10 6.022902e-05  64.1%
Macro                0.000000e+00 0.000000e+00 0.000000e+00 0.000000e+00   0.0%
Pad                  0.000000e+00 0.000000e+00 0.000000e+00 0.000000e+00   0.0%
------------------------------------------------------------------------
Total                7.842210e-05 1.557046e-05 6.989357e-10 9.399327e-05 100.0%
                            83.4%        16.6%         0.0%

