
===========================================================================
report_checks -unconstrained
===========================================================================
======================= max_ss_100C_1v60 Corner ===================================

Startpoint: mode[1] (input port clocked by clk)
Endpoint: _40_ (rising edge-triggered flip-flop clocked by clk)
Path Group: clk
Path Type: max

Fanout         Cap        Slew       Delay        Time   Description
---------------------------------------------------------------------------------------------
                                  0.000000    0.000000   clock clk (rise edge)
                                  0.000000    0.000000   clock network delay (propagated)
                                  2.000000    2.000000 v input external delay
     1    0.004425    0.024841    0.014409    2.014409 v mode[1] (in)
                                                         mode[1] (net)
                      0.024843    0.000000    2.014409 v input7/A (sky130_fd_sc_hd__clkdlybuf4s25_1)
    11    0.032146    0.437587    0.726786    2.741194 v input7/X (sky130_fd_sc_hd__clkdlybuf4s25_1)
                                                         net7 (net)
                      0.437587    0.001114    2.742308 v _22_/B (sky130_fd_sc_hd__and3_2)
     1    0.004895    0.082624    0.601497    3.343805 v _22_/X (sky130_fd_sc_hd__and3_2)
                                                         _06_ (net)
                      0.082624    0.000323    3.344128 v _26_/B1 (sky130_fd_sc_hd__a211o_2)
     1    0.002892    0.081011    0.572237    3.916365 v _26_/X (sky130_fd_sc_hd__a211o_2)
                                                         _10_ (net)
                      0.081011    0.000202    3.916566 v _27_/B1 (sky130_fd_sc_hd__o221a_2)
     1    0.001917    0.073427    0.455005    4.371572 v _27_/X (sky130_fd_sc_hd__o221a_2)
                                                         _00_ (net)
                      0.073427    0.000135    4.371706 v hold16/A (sky130_fd_sc_hd__dlygate4sd3_1)
     1    0.002452    0.102879    1.118948    5.490654 v hold16/X (sky130_fd_sc_hd__dlygate4sd3_1)
                                                         net16 (net)
                      0.102879    0.000157    5.490811 v _40_/D (sky130_fd_sc_hd__dfxtp_2)
                                              5.490811   data arrival time

                                 10.000000   10.000000   clock clk (rise edge)
                                  0.000000   10.000000   clock source latency
     1    0.010721    0.086092    0.056171   10.056171 ^ clk (in)
                                                         clk (net)
                      0.086097    0.000000   10.056171 ^ clkbuf_0_clk/A (sky130_fd_sc_hd__clkbuf_16)
     2    0.019590    0.066931    0.227980   10.284152 ^ clkbuf_0_clk/X (sky130_fd_sc_hd__clkbuf_16)
                                                         clknet_0_clk (net)
                      0.066949    0.001262   10.285414 ^ clkbuf_1_0__f_clk/A (sky130_fd_sc_hd__clkbuf_16)
     2    0.005479    0.048464    0.197624   10.483038 ^ clkbuf_1_0__f_clk/X (sky130_fd_sc_hd__clkbuf_16)
                                                         clknet_1_0__leaf_clk (net)
                      0.048465    0.000198   10.483236 ^ _40_/CLK (sky130_fd_sc_hd__dfxtp_2)
                                 -0.500000    9.983236   clock uncertainty
                                  0.000000    9.983236   clock reconvergence pessimism
                                 -0.293889    9.689346   library setup time
                                              9.689346   data required time
---------------------------------------------------------------------------------------------
                                              9.689346   data required time
                                             -5.490811   data arrival time
---------------------------------------------------------------------------------------------
                                              4.198535   slack (MET)




===========================================================================
report_checks --slack_max -0.01
============================================================================
======================= max_ss_100C_1v60 Corner ===================================

No paths found.


===========================================================================
 report_check_types -max_slew -max_cap -max_fanout -violators
============================================================================
======================= max_ss_100C_1v60 Corner ===================================



===========================================================================
report_parasitic_annotation -report_unannotated
============================================================================
Found 0 unannotated drivers.
Found 0 partially unannotated drivers.

===========================================================================
max slew violation count 0
max fanout violation count 0
max cap violation count 0
============================================================================

===========================================================================
check_setup -verbose -unconstrained_endpoints -multiple_clock -no_clock -no_input_delay -loops -generated_clocks
===========================================================================
