Clock: clk
Sources: clk 
Generated: no
Virtual: yes
Propagated: no
Period: 10.000000

===========================================================================
report_clock_properties
============================================================================
Clock                   Period          Waveform
----------------------------------------------------
clk                  10.000000    0.000000  5.000000

===========================================================================
report_clock_latency
============================================================================
Clock clk
rise -> rise
    min     max
0.000000 0.000000 source latency
0.482085         network latency _42_/CLK
        0.483317 network latency _43_/CLK
---------------
0.482085 0.483317 latency
        0.001231 skew

fall -> fall
    min     max
0.000000 0.000000 source latency
0.505378         network latency _42_/CLK
        0.506455 network latency _43_/CLK
---------------
0.505378 0.506455 latency
        0.001077 skew



===========================================================================
report_clock_min_period
============================================================================
clk period_min = 4.66 fmax = 214.47
