
===========================================================================
 report_power
============================================================================
======================= max_ss_100C_1v60 Corner ===================================

Group                    Internal    Switching      Leakage        Total
                            Power        Power        Power        Power (Watts)
------------------------------------------------------------------------
Sequential           1.386569e-05 7.086437e-07 6.138993e-08 1.463573e-05  19.2%
Combinational        8.121445e-06 4.368120e-06 2.148005e-07 1.270437e-05  16.7%
Clock                4.121844e-05 7.657604e-06 5.746629e-08 4.893351e-05  64.2%
Macro                0.000000e+00 0.000000e+00 0.000000e+00 0.000000e+00   0.0%
Pad                  0.000000e+00 0.000000e+00 0.000000e+00 0.000000e+00   0.0%
------------------------------------------------------------------------
Total                6.320557e-05 1.273437e-05 3.336566e-07 7.627359e-05 100.0%
                            82.9%        16.7%         0.4%

