Clock: clk
Sources: clk 
Generated: no
Virtual: yes
Propagated: no
Period: 10.000000

===========================================================================
report_clock_properties
============================================================================
Clock                   Period          Waveform
----------------------------------------------------
clk                  10.000000    0.000000  5.000000

===========================================================================
report_clock_latency
============================================================================
Clock clk
rise -> rise
    min     max
0.000000 0.000000 source latency
0.187486         network latency _40_/CLK
        0.188530 network latency _43_/CLK
---------------
0.187486 0.188530 latency
        0.001044 skew

fall -> fall
    min     max
0.000000 0.000000 source latency
0.188331         network latency _40_/CLK
        0.189291 network latency _43_/CLK
---------------
0.188331 0.189291 latency
        0.000960 skew



===========================================================================
report_clock_min_period
============================================================================
clk period_min = 1.78 fmax = 560.98
