
===========================================================================
report_checks -path_delay max (Setup)
============================================================================
======================= max_ff_n40C_1v95 Corner ===================================

Startpoint: mode[1] (input port clocked by clk)
Endpoint: _40_ (rising edge-triggered flip-flop clocked by clk)
Path Group: clk
Path Type: max

Fanout         Cap        Slew       Delay        Time   Description
---------------------------------------------------------------------------------------------
                                  0.000000    0.000000   clock clk (rise edge)
                                  0.000000    0.000000   clock network delay (propagated)
                                  2.000000    2.000000 v input external delay
     1    0.003533    0.005788    0.002981    2.002980 v mode[1] (in)
                                                         mode[1] (net)
                      0.005798    0.000000    2.002980 v input7/A (sky130_fd_sc_hd__clkdlybuf4s25_1)
    11    0.034318    0.175717    0.264961    2.267942 v input7/X (sky130_fd_sc_hd__clkdlybuf4s25_1)
                                                         net7 (net)
                      0.175743    0.002110    2.270052 v _22_/B (sky130_fd_sc_hd__and3_2)
     1    0.004162    0.030464    0.179381    2.449433 v _22_/X (sky130_fd_sc_hd__and3_2)
                                                         _06_ (net)
                      0.030464    0.000304    2.449737 v _26_/B1 (sky130_fd_sc_hd__a211o_2)
     1    0.003919    0.035646    0.139902    2.589639 v _26_/X (sky130_fd_sc_hd__a211o_2)
                                                         _10_ (net)
                      0.035646    0.000245    2.589884 v _27_/B1 (sky130_fd_sc_hd__o221a_2)
     1    0.003030    0.031788    0.146305    2.736189 v _27_/X (sky130_fd_sc_hd__o221a_2)
                                                         _00_ (net)
                      0.031788    0.000177    2.736366 v hold14/A (sky130_fd_sc_hd__dlygate4sd3_1)
     1    0.002326    0.036542    0.357322    3.093688 v hold14/X (sky130_fd_sc_hd__dlygate4sd3_1)
                                                         net14 (net)
                      0.036542    0.000167    3.093855 v _40_/D (sky130_fd_sc_hd__dfxtp_2)
                                              3.093855   data arrival time

                                 10.000000   10.000000   clock clk (rise edge)
                                  0.000000   10.000000   clock source latency
     1    0.010256    0.039312    0.025889   10.025888 ^ clk (in)
                                                         clk (net)
                      0.039322    0.000000   10.025888 ^ clkbuf_0_clk/A (sky130_fd_sc_hd__clkbuf_16)
     2    0.020197    0.031321    0.086656   10.112545 ^ clkbuf_0_clk/X (sky130_fd_sc_hd__clkbuf_16)
                                                         clknet_0_clk (net)
                      0.031351    0.001234   10.113778 ^ clkbuf_1_1__f_clk/A (sky130_fd_sc_hd__clkbuf_16)
     2    0.004582    0.020697    0.073454   10.187233 ^ clkbuf_1_1__f_clk/X (sky130_fd_sc_hd__clkbuf_16)
                                                         clknet_1_1__leaf_clk (net)
                      0.020698    0.000254   10.187487 ^ _40_/CLK (sky130_fd_sc_hd__dfxtp_2)
                                 -0.500000    9.687487   clock uncertainty
                                  0.000000    9.687487   clock reconvergence pessimism
                                 -0.073934    9.613552   library setup time
                                              9.613552   data required time
---------------------------------------------------------------------------------------------
                                              9.613552   data required time
                                             -3.093855   data arrival time
---------------------------------------------------------------------------------------------
                                              6.519697   slack (MET)


Startpoint: mode[1] (input port clocked by clk)
Endpoint: _43_ (rising edge-triggered flip-flop clocked by clk)
Path Group: clk
Path Type: max

Fanout         Cap        Slew       Delay        Time   Description
---------------------------------------------------------------------------------------------
                                  0.000000    0.000000   clock clk (rise edge)
                                  0.000000    0.000000   clock network delay (propagated)
                                  2.000000    2.000000 v input external delay
     1    0.003533    0.005788    0.002981    2.002980 v mode[1] (in)
                                                         mode[1] (net)
                      0.005798    0.000000    2.002980 v input7/A (sky130_fd_sc_hd__clkdlybuf4s25_1)
    11    0.034318    0.175717    0.264961    2.267942 v input7/X (sky130_fd_sc_hd__clkdlybuf4s25_1)
                                                         net7 (net)
                      0.175820    0.003877    2.271819 v _36_/B (sky130_fd_sc_hd__and3_2)
     1    0.002930    0.027790    0.175304    2.447124 v _36_/X (sky130_fd_sc_hd__and3_2)
                                                         _17_ (net)
                      0.027790    0.000199    2.447322 v _38_/C1 (sky130_fd_sc_hd__a211o_2)
     1    0.006337    0.040963    0.126704    2.574026 v _38_/X (sky130_fd_sc_hd__a211o_2)
                                                         _19_ (net)
                      0.040963    0.000338    2.574364 v _39_/B2 (sky130_fd_sc_hd__o221a_2)
     1    0.002527    0.030682    0.134172    2.708537 v _39_/X (sky130_fd_sc_hd__o221a_2)
                                                         _03_ (net)
                      0.030682    0.000159    2.708696 v hold16/A (sky130_fd_sc_hd__dlygate4sd3_1)
     1    0.002131    0.035809    0.355733    3.064429 v hold16/X (sky130_fd_sc_hd__dlygate4sd3_1)
                                                         net16 (net)
                      0.035809    0.000154    3.064584 v _43_/D (sky130_fd_sc_hd__dfxtp_2)
                                              3.064584   data arrival time

                                 10.000000   10.000000   clock clk (rise edge)
                                  0.000000   10.000000   clock source latency
     1    0.010256    0.039312    0.025889   10.025888 ^ clk (in)
                                                         clk (net)
                      0.039322    0.000000   10.025888 ^ clkbuf_0_clk/A (sky130_fd_sc_hd__clkbuf_16)
     2    0.020197    0.031321    0.086656   10.112545 ^ clkbuf_0_clk/X (sky130_fd_sc_hd__clkbuf_16)
                                                         clknet_0_clk (net)
                      0.031357    0.001294   10.113839 ^ clkbuf_1_0__f_clk/A (sky130_fd_sc_hd__clkbuf_16)
     2    0.005648    0.021448    0.074354   10.188192 ^ clkbuf_1_0__f_clk/X (sky130_fd_sc_hd__clkbuf_16)
                                                         clknet_1_0__leaf_clk (net)
                      0.021450    0.000338   10.188530 ^ _43_/CLK (sky130_fd_sc_hd__dfxtp_2)
                                 -0.500000    9.688530   clock uncertainty
                                  0.000000    9.688530   clock reconvergence pessimism
                                 -0.073600    9.614930   library setup time
                                              9.614930   data required time
---------------------------------------------------------------------------------------------
                                              9.614930   data required time
                                             -3.064584   data arrival time
---------------------------------------------------------------------------------------------
                                              6.550347   slack (MET)


Startpoint: mode[1] (input port clocked by clk)
Endpoint: _41_ (rising edge-triggered flip-flop clocked by clk)
Path Group: clk
Path Type: max

Fanout         Cap        Slew       Delay        Time   Description
---------------------------------------------------------------------------------------------
                                  0.000000    0.000000   clock clk (rise edge)
                                  0.000000    0.000000   clock network delay (propagated)
                                  2.000000    2.000000 ^ input external delay
     1    0.003759    0.017368    0.009814    2.009814 ^ mode[1] (in)
                                                         mode[1] (net)
                      0.017370    0.000000    2.009814 ^ input7/A (sky130_fd_sc_hd__clkdlybuf4s25_1)
    11    0.036138    0.273547    0.321872    2.331686 ^ input7/X (sky130_fd_sc_hd__clkdlybuf4s25_1)
                                                         net7 (net)
                      0.273648    0.004368    2.336054 ^ _29_/A_N (sky130_fd_sc_hd__nand2b_2)
     1    0.003304    0.032033    0.104269    2.440323 ^ _29_/Y (sky130_fd_sc_hd__nand2b_2)
                                                         _12_ (net)
                      0.032033    0.000210    2.440533 ^ _30_/A2_N (sky130_fd_sc_hd__o2bb2a_2)
     1    0.002610    0.030136    0.117266    2.557799 v _30_/X (sky130_fd_sc_hd__o2bb2a_2)
                                                         _13_ (net)
                      0.030136    0.000185    2.557984 v _31_/B2 (sky130_fd_sc_hd__o221a_2)
     1    0.002693    0.031038    0.131018    2.689002 v _31_/X (sky130_fd_sc_hd__o221a_2)
                                                         _01_ (net)
                      0.031038    0.000167    2.689169 v hold18/A (sky130_fd_sc_hd__dlygate4sd3_1)
     1    0.002616    0.037356    0.358783    3.047951 v hold18/X (sky130_fd_sc_hd__dlygate4sd3_1)
                                                         net18 (net)
                      0.037356    0.000171    3.048123 v _41_/D (sky130_fd_sc_hd__dfxtp_2)
                                              3.048123   data arrival time

                                 10.000000   10.000000   clock clk (rise edge)
                                  0.000000   10.000000   clock source latency
     1    0.010256    0.039312    0.025889   10.025888 ^ clk (in)
                                                         clk (net)
                      0.039322    0.000000   10.025888 ^ clkbuf_0_clk/A (sky130_fd_sc_hd__clkbuf_16)
     2    0.020197    0.031321    0.086656   10.112545 ^ clkbuf_0_clk/X (sky130_fd_sc_hd__clkbuf_16)
                                                         clknet_0_clk (net)
                      0.031351    0.001234   10.113778 ^ clkbuf_1_1__f_clk/A (sky130_fd_sc_hd__clkbuf_16)
     2    0.004582    0.020697    0.073454   10.187233 ^ clkbuf_1_1__f_clk/X (sky130_fd_sc_hd__clkbuf_16)
                                                         clknet_1_1__leaf_clk (net)
                      0.020698    0.000269   10.187502 ^ _41_/CLK (sky130_fd_sc_hd__dfxtp_2)
                                 -0.500000    9.687502   clock uncertainty
                                  0.000000    9.687502   clock reconvergence pessimism
                                 -0.074225    9.613276   library setup time
                                              9.613276   data required time
---------------------------------------------------------------------------------------------
                                              9.613276   data required time
                                             -3.048123   data arrival time
---------------------------------------------------------------------------------------------
                                              6.565154   slack (MET)


Startpoint: mode[1] (input port clocked by clk)
Endpoint: _42_ (rising edge-triggered flip-flop clocked by clk)
Path Group: clk
Path Type: max

Fanout         Cap        Slew       Delay        Time   Description
---------------------------------------------------------------------------------------------
                                  0.000000    0.000000   clock clk (rise edge)
                                  0.000000    0.000000   clock network delay (propagated)
                                  2.000000    2.000000 ^ input external delay
     1    0.003759    0.017368    0.009814    2.009814 ^ mode[1] (in)
                                                         mode[1] (net)
                      0.017370    0.000000    2.009814 ^ input7/A (sky130_fd_sc_hd__clkdlybuf4s25_1)
    11    0.036138    0.273547    0.321872    2.331686 ^ input7/X (sky130_fd_sc_hd__clkdlybuf4s25_1)
                                                         net7 (net)
                      0.273619    0.003705    2.335391 ^ _20_/A (sky130_fd_sc_hd__inv_2)
     4    0.012342    0.065729    0.037435    2.372826 v _20_/Y (sky130_fd_sc_hd__inv_2)
                                                         _04_ (net)
                      0.065737    0.000624    2.373449 v _34_/A2 (sky130_fd_sc_hd__a2111o_2)
     1    0.003653    0.044507    0.289589    2.663038 v _34_/X (sky130_fd_sc_hd__a2111o_2)
                                                         _16_ (net)
                      0.044507    0.000280    2.663318 v _35_/B1 (sky130_fd_sc_hd__o211a_2)
     1    0.002969    0.030242    0.086436    2.749754 v _35_/X (sky130_fd_sc_hd__o211a_2)
                                                         _02_ (net)
                      0.030242    0.000120    2.749874 v _42_/D (sky130_fd_sc_hd__dfxtp_2)
                                              2.749874   data arrival time

                                 10.000000   10.000000   clock clk (rise edge)
                                  0.000000   10.000000   clock source latency
     1    0.010256    0.039312    0.025889   10.025888 ^ clk (in)
                                                         clk (net)
                      0.039322    0.000000   10.025888 ^ clkbuf_0_clk/A (sky130_fd_sc_hd__clkbuf_16)
     2    0.020197    0.031321    0.086656   10.112545 ^ clkbuf_0_clk/X (sky130_fd_sc_hd__clkbuf_16)
                                                         clknet_0_clk (net)
                      0.031357    0.001294   10.113839 ^ clkbuf_1_0__f_clk/A (sky130_fd_sc_hd__clkbuf_16)
     2    0.005648    0.021448    0.074354   10.188192 ^ clkbuf_1_0__f_clk/X (sky130_fd_sc_hd__clkbuf_16)
                                                         clknet_1_0__leaf_clk (net)
                      0.021450    0.000327   10.188519 ^ _42_/CLK (sky130_fd_sc_hd__dfxtp_2)
                                 -0.500000    9.688519   clock uncertainty
                                  0.000000    9.688519   clock reconvergence pessimism
                                 -0.071611    9.616908   library setup time
                                              9.616908   data required time
---------------------------------------------------------------------------------------------
                                              9.616908   data required time
                                             -2.749874   data arrival time
---------------------------------------------------------------------------------------------
                                              6.867035   slack (MET)


Startpoint: _42_ (rising edge-triggered flip-flop clocked by clk)
Endpoint: Q[2] (output port clocked by clk)
Path Group: clk
Path Type: max

Fanout         Cap        Slew       Delay        Time   Description
---------------------------------------------------------------------------------------------
                                  0.000000    0.000000   clock clk (rise edge)
                                  0.000000    0.000000   clock source latency
     1    0.010256    0.039312    0.025889    0.025889 ^ clk (in)
                                                         clk (net)
                      0.039322    0.000000    0.025889 ^ clkbuf_0_clk/A (sky130_fd_sc_hd__clkbuf_16)
     2    0.020197    0.031321    0.086655    0.112544 ^ clkbuf_0_clk/X (sky130_fd_sc_hd__clkbuf_16)
                                                         clknet_0_clk (net)
                      0.031357    0.001294    0.113839 ^ clkbuf_1_0__f_clk/A (sky130_fd_sc_hd__clkbuf_16)
     2    0.005648    0.021448    0.074354    0.188193 ^ clkbuf_1_0__f_clk/X (sky130_fd_sc_hd__clkbuf_16)
                                                         clknet_1_0__leaf_clk (net)
                      0.021450    0.000327    0.188519 ^ _42_/CLK (sky130_fd_sc_hd__dfxtp_2)
     4    0.015511    0.064297    0.218201    0.406721 ^ _42_/Q (sky130_fd_sc_hd__dfxtp_2)
                                                         net11 (net)
                      0.064310    0.000921    0.407642 ^ output11/A (sky130_fd_sc_hd__clkdlybuf4s25_1)
     1    0.011021    0.089825    0.208519    0.616161 ^ output11/X (sky130_fd_sc_hd__clkdlybuf4s25_1)
                                                         Q[2] (net)
                      0.089827    0.000523    0.616685 ^ Q[2] (out)
                                              0.616685   data arrival time

                                 10.000000   10.000000   clock clk (rise edge)
                                  0.000000   10.000000   clock network delay (propagated)
                                 -0.500000    9.500000   clock uncertainty
                                  0.000000    9.500000   clock reconvergence pessimism
                                 -2.000000    7.500000   output external delay
                                              7.500000   data required time
---------------------------------------------------------------------------------------------
                                              7.500000   data required time
                                             -0.616685   data arrival time
---------------------------------------------------------------------------------------------
                                              6.883316   slack (MET)


Startpoint: _41_ (rising edge-triggered flip-flop clocked by clk)
Endpoint: Q[1] (output port clocked by clk)
Path Group: clk
Path Type: max

Fanout         Cap        Slew       Delay        Time   Description
---------------------------------------------------------------------------------------------
                                  0.000000    0.000000   clock clk (rise edge)
                                  0.000000    0.000000   clock source latency
     1    0.010256    0.039312    0.025889    0.025889 ^ clk (in)
                                                         clk (net)
                      0.039322    0.000000    0.025889 ^ clkbuf_0_clk/A (sky130_fd_sc_hd__clkbuf_16)
     2    0.020197    0.031321    0.086655    0.112544 ^ clkbuf_0_clk/X (sky130_fd_sc_hd__clkbuf_16)
                                                         clknet_0_clk (net)
                      0.031351    0.001234    0.113778 ^ clkbuf_1_1__f_clk/A (sky130_fd_sc_hd__clkbuf_16)
     2    0.004582    0.020697    0.073454    0.187232 ^ clkbuf_1_1__f_clk/X (sky130_fd_sc_hd__clkbuf_16)
                                                         clknet_1_1__leaf_clk (net)
                      0.020698    0.000269    0.187501 ^ _41_/CLK (sky130_fd_sc_hd__dfxtp_2)
     3    0.013821    0.058362    0.213753    0.401255 ^ _41_/Q (sky130_fd_sc_hd__dfxtp_2)
                                                         net10 (net)
                      0.058371    0.000731    0.401986 ^ output10/A (sky130_fd_sc_hd__clkdlybuf4s25_1)
     1    0.010767    0.087979    0.206053    0.608039 ^ output10/X (sky130_fd_sc_hd__clkdlybuf4s25_1)
                                                         Q[1] (net)
                      0.087981    0.000498    0.608537 ^ Q[1] (out)
                                              0.608537   data arrival time

                                 10.000000   10.000000   clock clk (rise edge)
                                  0.000000   10.000000   clock network delay (propagated)
                                 -0.500000    9.500000   clock uncertainty
                                  0.000000    9.500000   clock reconvergence pessimism
                                 -2.000000    7.500000   output external delay
                                              7.500000   data required time
---------------------------------------------------------------------------------------------
                                              7.500000   data required time
                                             -0.608537   data arrival time
---------------------------------------------------------------------------------------------
                                              6.891463   slack (MET)


Startpoint: _43_ (rising edge-triggered flip-flop clocked by clk)
Endpoint: Q[3] (output port clocked by clk)
Path Group: clk
Path Type: max

Fanout         Cap        Slew       Delay        Time   Description
---------------------------------------------------------------------------------------------
                                  0.000000    0.000000   clock clk (rise edge)
                                  0.000000    0.000000   clock source latency
     1    0.010256    0.039312    0.025889    0.025889 ^ clk (in)
                                                         clk (net)
                      0.039322    0.000000    0.025889 ^ clkbuf_0_clk/A (sky130_fd_sc_hd__clkbuf_16)
     2    0.020197    0.031321    0.086655    0.112544 ^ clkbuf_0_clk/X (sky130_fd_sc_hd__clkbuf_16)
                                                         clknet_0_clk (net)
                      0.031357    0.001294    0.113839 ^ clkbuf_1_0__f_clk/A (sky130_fd_sc_hd__clkbuf_16)
     2    0.005648    0.021448    0.074354    0.188193 ^ clkbuf_1_0__f_clk/X (sky130_fd_sc_hd__clkbuf_16)
                                                         clknet_1_0__leaf_clk (net)
                      0.021450    0.000337    0.188530 ^ _43_/CLK (sky130_fd_sc_hd__dfxtp_2)
     2    0.008018    0.038493    0.198665    0.387195 ^ _43_/Q (sky130_fd_sc_hd__dfxtp_2)
                                                         net12 (net)
                      0.038529    0.000540    0.387735 ^ output12/A (sky130_fd_sc_hd__clkdlybuf4s25_1)
     1    0.010937    0.089288    0.201700    0.589435 ^ output12/X (sky130_fd_sc_hd__clkdlybuf4s25_1)
                                                         Q[3] (net)
                      0.089289    0.000492    0.589927 ^ Q[3] (out)
                                              0.589927   data arrival time

                                 10.000000   10.000000   clock clk (rise edge)
                                  0.000000   10.000000   clock network delay (propagated)
                                 -0.500000    9.500000   clock uncertainty
                                  0.000000    9.500000   clock reconvergence pessimism
                                 -2.000000    7.500000   output external delay
                                              7.500000   data required time
---------------------------------------------------------------------------------------------
                                              7.500000   data required time
                                             -0.589927   data arrival time
---------------------------------------------------------------------------------------------
                                              6.910073   slack (MET)


Startpoint: _40_ (rising edge-triggered flip-flop clocked by clk)
Endpoint: Q[0] (output port clocked by clk)
Path Group: clk
Path Type: max

Fanout         Cap        Slew       Delay        Time   Description
---------------------------------------------------------------------------------------------
                                  0.000000    0.000000   clock clk (rise edge)
                                  0.000000    0.000000   clock source latency
     1    0.010256    0.039312    0.025889    0.025889 ^ clk (in)
                                                         clk (net)
                      0.039322    0.000000    0.025889 ^ clkbuf_0_clk/A (sky130_fd_sc_hd__clkbuf_16)
     2    0.020197    0.031321    0.086655    0.112544 ^ clkbuf_0_clk/X (sky130_fd_sc_hd__clkbuf_16)
                                                         clknet_0_clk (net)
                      0.031351    0.001234    0.113778 ^ clkbuf_1_1__f_clk/A (sky130_fd_sc_hd__clkbuf_16)
     2    0.004582    0.020697    0.073454    0.187232 ^ clkbuf_1_1__f_clk/X (sky130_fd_sc_hd__clkbuf_16)
                                                         clknet_1_1__leaf_clk (net)
                      0.020698    0.000254    0.187486 ^ _40_/CLK (sky130_fd_sc_hd__dfxtp_2)
     2    0.006701    0.034068    0.195064    0.382550 ^ _40_/Q (sky130_fd_sc_hd__dfxtp_2)
                                                         net9 (net)
                      0.034068    0.000253    0.382803 ^ output9/A (sky130_fd_sc_hd__clkdlybuf4s25_1)
     1    0.010755    0.088002    0.199497    0.582300 ^ output9/X (sky130_fd_sc_hd__clkdlybuf4s25_1)
                                                         Q[0] (net)
                      0.088004    0.000497    0.582797 ^ Q[0] (out)
                                              0.582797   data arrival time

                                 10.000000   10.000000   clock clk (rise edge)
                                  0.000000   10.000000   clock network delay (propagated)
                                 -0.500000    9.500000   clock uncertainty
                                  0.000000    9.500000   clock reconvergence pessimism
                                 -2.000000    7.500000   output external delay
                                              7.500000   data required time
---------------------------------------------------------------------------------------------
                                              7.500000   data required time
                                             -0.582797   data arrival time
---------------------------------------------------------------------------------------------
                                              6.917203   slack (MET)



