Reading timing models for corner nom_tt_025C_1v80…
Reading timing library for the 'nom_tt_025C_1v80' corner at '/home/hk/.ciel/ciel/sky130/versions/8afc8346a57fe1ab7934ba5a6056ea8b43078e71/sky130A/libs.ref/sky130_fd_sc_hd/lib/sky130_fd_sc_hd__tt_025C_1v80.lib'…
Reading OpenROAD database at '/home/hk/pd_projects/runs/RUN_2026-06-03_20-47-43/21-openroad-generatepdn/u_s_r.odb'…
Reading design constraints file at '/home/hk/pd_projects/constraints.sdc'…
[INFO] No information on clock propagation in input SDC file-- propagating all clocks.
+ global_placement -density 0.3 -skip_io -pad_right 0 -pad_left 0 -init_wirelength_coef 0.25
[INFO GPL-0001] ---- Initialize GPL Main Data Structures
[INFO GPL-0002] DBU: 1000
[INFO GPL-0003] SiteSize: (  0.460  2.720 ) um
[INFO GPL-0004] CoreBBox: (  5.060  5.440 ) ( 64.860 62.560 ) um
[INFO GPL-0036] Movable instances area:        261.501 um^2
[INFO GPL-0037] Total instances area:          476.707 um^2
[INFO GPL-0035] Pin density area adjust:        40.981 um^2
[INFO GPL-0032] ---- Initialize Region: Top-level
[INFO GPL-0006] Number of instances:               112
[INFO GPL-0007] Movable instances:                  24
[INFO GPL-0008] Fixed instances:                    88
[INFO GPL-0009] Dummy instances:                     0
[INFO GPL-0010] Number of nets:                     33
[INFO GPL-0011] Number of pins:                     97
[INFO GPL-0012] Die BBox:  (  0.000  0.000 ) ( 70.000 70.000 ) um
[INFO GPL-0013] Core BBox: (  5.060  5.440 ) ( 64.860 62.560 ) um
[INFO GPL-0016] Core area:                    3415.776 um^2
[INFO GPL-0014] Region name: top-level.
[INFO GPL-0015] Region area:                  3415.776 um^2
[INFO GPL-0017] Fixed instances area:          215.206 um^2
[INFO GPL-0018] Movable instances area:        302.481 um^2
[INFO GPL-0019] Utilization:                     9.451 %
[INFO GPL-0020] Standard cells area:           302.481 um^2
[INFO GPL-0021] Large instances area:            0.000 um^2
[INFO GPL-0005] ---- Execute Conjugate Gradient Initial Placement.
[INFO GPL-0051] Source of initial instance position counters:
	Odb location = 0	Core center = 24	Region center = 0
[INFO GPL-0033] ---- Initialize Nesterov Region: Top-level
[INFO GPL-0023] Placement target density:       0.3000
[INFO GPL-0024] Movable insts average area:     12.603 um^2
[INFO GPL-0025] Ideal bin area:                 42.011 um^2
[INFO GPL-0026] Ideal bin count:                    81
[INFO GPL-0027] Total bin area:               3415.776 um^2
[INFO GPL-0028] Bin count (X, Y):           8 ,      8
[INFO GPL-0029] Bin size (W * H):       7.475 *  7.140 um
[INFO GPL-0030] Number of bins:                     64
[INFO GPL-0007] ---- Execute Nesterov Global Placement.
[INFO GPL-0031] HPWL: Half-Perimeter Wirelength
Iteration | Overflow |     HPWL (um) |  HPWL(%) |   Penalty | Group
---------------------------------------------------------------
        0 |   0.7908 |  5.906400e+01 |   +0.00% |  8.03e-14 |      
       10 |   0.7908 |  5.122200e+01 |  -13.28% |  1.31e-13 |      
       20 |   0.7908 |  5.125100e+01 |   +0.06% |  2.13e-13 |      
       30 |   0.7908 |  5.124500e+01 |   -0.01% |  3.47e-13 |      
       40 |   0.7908 |  5.122600e+01 |   -0.04% |  5.65e-13 |      
       50 |   0.7908 |  5.120200e+01 |   -0.05% |  9.21e-13 |      
       60 |   0.7908 |  5.115600e+01 |   -0.09% |  1.50e-12 |      
       70 |   0.7908 |  5.119000e+01 |   +0.07% |  2.44e-12 |      
       80 |   0.7908 |  5.125800e+01 |   +0.13% |  3.98e-12 |      
       90 |   0.7908 |  5.137300e+01 |   +0.22% |  6.48e-12 |      
      100 |   0.7908 |  5.150100e+01 |   +0.25% |  1.06e-11 |      
      110 |   0.7908 |  5.217700e+01 |   +1.31% |  1.72e-11 |      
      120 |   0.7907 |  5.286700e+01 |   +1.32% |  2.80e-11 |      
      130 |   0.7905 |  5.273600e+01 |   -0.25% |  4.56e-11 |      
      140 |   0.7903 |  5.196900e+01 |   -1.45% |  7.43e-11 |      
      150 |   0.7901 |  5.176400e+01 |   -0.39% |  1.21e-10 |      
      160 |   0.7902 |  5.190200e+01 |   +0.27% |  1.97e-10 |      
      170 |   0.7904 |  5.194500e+01 |   +0.08% |  3.21e-10 |      
      180 |   0.7904 |  5.203800e+01 |   +0.18% |  5.23e-10 |      
      190 |   0.7902 |  5.243200e+01 |   +0.76% |  8.52e-10 |      
      200 |   0.7897 |  5.342400e+01 |   +1.89% |  1.39e-09 |      
      210 |   0.7862 |  5.605500e+01 |   +4.92% |  2.26e-09 |      
      220 |   0.7572 |  6.973500e+01 |  +24.40% |  3.68e-09 |      
      230 |   0.6924 |  9.272100e+01 |  +32.96% |  6.00e-09 |      
      240 |   0.6334 |  1.134080e+02 |  +22.31% |  9.77e-09 |      
      250 |   0.5895 |  1.486940e+02 |  +31.11% |  1.59e-08 |      
      260 |   0.4992 |  2.022460e+02 |  +36.01% |  2.59e-08 |      
      270 |   0.4598 |  2.266550e+02 |  +12.07% |  4.22e-08 |      
      280 |   0.6186 |  1.679540e+02 |  -25.90% |  6.74e-08 |      
      290 |   0.5550 |  1.962450e+02 |  +16.84% |  9.93e-08 |      
      300 |   0.3305 |  2.860630e+02 |  +45.77% |  1.46e-07 |      
      310 |   0.2122 |  3.522110e+02 |  +23.12% |  2.16e-07 |      
      320 |   0.2522 |  3.217320e+02 |   -8.65% |  3.18e-07 |      
      330 |   0.1942 |  3.453900e+02 |   +7.35% |  4.68e-07 |      
      340 |   0.1471 |  3.539710e+02 |   +2.48% |  6.89e-07 |      
      350 |   0.0990 |  3.533860e+02 |   -0.17% |  1.02e-06 |      
      350 |   0.0990 |  3.533860e+02 |          |  1.06e-06 |      
---------------------------------------------------------------
[INFO GPL-1001] Global placement finished at iteration 350
[INFO GPL-1002] Placed Cell Area              302.4813
[INFO GPL-1003] Available Free Area          3200.5696
[INFO GPL-1004] Minimum Feasible Density        0.1000 (cell_area / free_area)
[INFO GPL-1006]   Suggested Target Densities:
[INFO GPL-1007]     - For 90% usage of free space: 0.1050
[INFO GPL-1008]     - For 80% usage of free space: 0.1181
[INFO GPL-1009]     - For 50% usage of free space: 0.1890
[INFO GPL-1014] Final placement area: 302.48 (+0.00%)
Setting global connections for newly added cells…
[INFO] Setting global connections...
[INFO ODB-0403] 0 connections made, 0 conflicts skipped.
Updating metrics…
Cell type report:                       Count       Area
  Fill cell                                42     157.65
  Tap cell                                 46      57.56
  Inverter                                  2       7.51
  Sequential cell                           4      85.08
  Multi-Input combinational cell           18     168.91
  Total                                   112     476.71
Writing OpenROAD database to '/home/hk/pd_projects/runs/RUN_2026-06-03_20-47-43/24-openroad-globalplacementskipio/u_s_r.odb'…
Writing netlist to '/home/hk/pd_projects/runs/RUN_2026-06-03_20-47-43/24-openroad-globalplacementskipio/u_s_r.nl.v'…
Writing powered netlist to '/home/hk/pd_projects/runs/RUN_2026-06-03_20-47-43/24-openroad-globalplacementskipio/u_s_r.pnl.v'…
Writing layout to '/home/hk/pd_projects/runs/RUN_2026-06-03_20-47-43/24-openroad-globalplacementskipio/u_s_r.def'…
Writing timing constraints to '/home/hk/pd_projects/runs/RUN_2026-06-03_20-47-43/24-openroad-globalplacementskipio/u_s_r.sdc'…
