Clock: clk
Sources: clk 
Generated: no
Virtual: yes
Propagated: no
Period: 10.000000

===========================================================================
report_clock_properties
============================================================================
Clock                   Period          Waveform
----------------------------------------------------
clk                  10.000000    0.000000  5.000000

===========================================================================
report_clock_latency
============================================================================
Clock clk
rise -> rise
    min     max
0.000000 0.000000 source latency
0.189621         network latency _42_/CLK
        0.190190 network latency _43_/CLK
---------------
0.189621 0.190190 latency
        0.000569 skew

fall -> fall
    min     max
0.000000 0.000000 source latency
0.189579         network latency _42_/CLK
        0.190101 network latency _43_/CLK
---------------
0.189579 0.190101 latency
        0.000522 skew



===========================================================================
report_clock_min_period
============================================================================
clk period_min = 1.79 fmax = 557.81
