
===========================================================================
report_checks -path_delay max (Setup)
============================================================================
======================= max_ff_n40C_1v95 Corner ===================================

Startpoint: mode[1] (input port clocked by clk)
Endpoint: _40_ (rising edge-triggered flip-flop clocked by clk)
Path Group: clk
Path Type: max

Fanout         Cap        Slew       Delay        Time   Description
---------------------------------------------------------------------------------------------
                                  0.000000    0.000000   clock clk (rise edge)
                                  0.000000    0.000000   clock network delay (propagated)
                                  2.000000    2.000000 ^ input external delay
     1    0.004672    0.020589    0.012214    2.012214 ^ mode[1] (in)
                                                         mode[1] (net)
                      0.020591    0.000000    2.012214 ^ input7/A (sky130_fd_sc_hd__clkdlybuf4s25_1)
    11    0.035112    0.265779    0.319222    2.331436 ^ input7/X (sky130_fd_sc_hd__clkdlybuf4s25_1)
                                                         net7 (net)
                      0.265782    0.001390    2.332826 ^ _20_/A (sky130_fd_sc_hd__inv_2)
     4    0.015780    0.070558    0.047999    2.380826 v _20_/Y (sky130_fd_sc_hd__inv_2)
                                                         _04_ (net)
                      0.070579    0.000903    2.381728 v _26_/A2 (sky130_fd_sc_hd__a211o_2)
     1    0.002873    0.033156    0.210491    2.592219 v _26_/X (sky130_fd_sc_hd__a211o_2)
                                                         _10_ (net)
                      0.033156    0.000200    2.592419 v _27_/B1 (sky130_fd_sc_hd__o221a_2)
     1    0.002077    0.029675    0.142023    2.734443 v _27_/X (sky130_fd_sc_hd__o221a_2)
                                                         _00_ (net)
                      0.029675    0.000147    2.734590 v hold16/A (sky130_fd_sc_hd__dlygate4sd3_1)
     1    0.002658    0.037493    0.358515    3.093105 v hold16/X (sky130_fd_sc_hd__dlygate4sd3_1)
                                                         net16 (net)
                      0.037493    0.000173    3.093279 v _40_/D (sky130_fd_sc_hd__dfxtp_2)
                                              3.093279   data arrival time

                                 10.000000   10.000000   clock clk (rise edge)
                                  0.000000   10.000000   clock source latency
     1    0.010790    0.041225    0.027193   10.027194 ^ clk (in)
                                                         clk (net)
                      0.041236    0.000000   10.027194 ^ clkbuf_0_clk/A (sky130_fd_sc_hd__clkbuf_16)
     2    0.019728    0.031021    0.086894   10.114088 ^ clkbuf_0_clk/X (sky130_fd_sc_hd__clkbuf_16)
                                                         clknet_0_clk (net)
                      0.031043    0.001269   10.115356 ^ clkbuf_1_0__f_clk/A (sky130_fd_sc_hd__clkbuf_16)
     2    0.005943    0.021649    0.074527   10.189884 ^ clkbuf_1_0__f_clk/X (sky130_fd_sc_hd__clkbuf_16)
                                                         clknet_1_0__leaf_clk (net)
                      0.021650    0.000217   10.190101 ^ _40_/CLK (sky130_fd_sc_hd__dfxtp_2)
                                 -0.500000    9.690101   clock uncertainty
                                  0.000000    9.690101   clock reconvergence pessimism
                                 -0.074183    9.615918   library setup time
                                              9.615918   data required time
---------------------------------------------------------------------------------------------
                                              9.615918   data required time
                                             -3.093279   data arrival time
---------------------------------------------------------------------------------------------
                                              6.522639   slack (MET)


Startpoint: mode[1] (input port clocked by clk)
Endpoint: _43_ (rising edge-triggered flip-flop clocked by clk)
Path Group: clk
Path Type: max

Fanout         Cap        Slew       Delay        Time   Description
---------------------------------------------------------------------------------------------
                                  0.000000    0.000000   clock clk (rise edge)
                                  0.000000    0.000000   clock network delay (propagated)
                                  2.000000    2.000000 ^ input external delay
     1    0.004672    0.020589    0.012214    2.012214 ^ mode[1] (in)
                                                         mode[1] (net)
                      0.020591    0.000000    2.012214 ^ input7/A (sky130_fd_sc_hd__clkdlybuf4s25_1)
    11    0.035112    0.265779    0.319222    2.331436 ^ input7/X (sky130_fd_sc_hd__clkdlybuf4s25_1)
                                                         net7 (net)
                      0.265782    0.001390    2.332826 ^ _20_/A (sky130_fd_sc_hd__inv_2)
     4    0.015780    0.070558    0.047999    2.380826 v _20_/Y (sky130_fd_sc_hd__inv_2)
                                                         _04_ (net)
                      0.070588    0.001112    2.381938 v _38_/A1 (sky130_fd_sc_hd__a211o_2)
     1    0.005520    0.039508    0.196566    2.578503 v _38_/X (sky130_fd_sc_hd__a211o_2)
                                                         _19_ (net)
                      0.039508    0.000370    2.578874 v _39_/B2 (sky130_fd_sc_hd__o221a_2)
     1    0.002994    0.031709    0.135327    2.714201 v _39_/X (sky130_fd_sc_hd__o221a_2)
                                                         _03_ (net)
                      0.031709    0.000173    2.714374 v hold14/A (sky130_fd_sc_hd__dlygate4sd3_1)
     1    0.002144    0.035859    0.356200    3.070574 v hold14/X (sky130_fd_sc_hd__dlygate4sd3_1)
                                                         net14 (net)
                      0.035859    0.000152    3.070726 v _43_/D (sky130_fd_sc_hd__dfxtp_2)
                                              3.070726   data arrival time

                                 10.000000   10.000000   clock clk (rise edge)
                                  0.000000   10.000000   clock source latency
     1    0.010790    0.041225    0.027193   10.027194 ^ clk (in)
                                                         clk (net)
                      0.041236    0.000000   10.027194 ^ clkbuf_0_clk/A (sky130_fd_sc_hd__clkbuf_16)
     2    0.019728    0.031021    0.086894   10.114088 ^ clkbuf_0_clk/X (sky130_fd_sc_hd__clkbuf_16)
                                                         clknet_0_clk (net)
                      0.031043    0.001269   10.115356 ^ clkbuf_1_0__f_clk/A (sky130_fd_sc_hd__clkbuf_16)
     2    0.005943    0.021649    0.074527   10.189884 ^ clkbuf_1_0__f_clk/X (sky130_fd_sc_hd__clkbuf_16)
                                                         clknet_1_0__leaf_clk (net)
                      0.021650    0.000306   10.190189 ^ _43_/CLK (sky130_fd_sc_hd__dfxtp_2)
                                 -0.500000    9.690189   clock uncertainty
                                  0.000000    9.690189   clock reconvergence pessimism
                                 -0.073599    9.616590   library setup time
                                              9.616590   data required time
---------------------------------------------------------------------------------------------
                                              9.616590   data required time
                                             -3.070726   data arrival time
---------------------------------------------------------------------------------------------
                                              6.545865   slack (MET)


Startpoint: mode[1] (input port clocked by clk)
Endpoint: _41_ (rising edge-triggered flip-flop clocked by clk)
Path Group: clk
Path Type: max

Fanout         Cap        Slew       Delay        Time   Description
---------------------------------------------------------------------------------------------
                                  0.000000    0.000000   clock clk (rise edge)
                                  0.000000    0.000000   clock network delay (propagated)
                                  2.000000    2.000000 ^ input external delay
     1    0.004672    0.020589    0.012214    2.012214 ^ mode[1] (in)
                                                         mode[1] (net)
                      0.020591    0.000000    2.012214 ^ input7/A (sky130_fd_sc_hd__clkdlybuf4s25_1)
    11    0.035112    0.265779    0.319222    2.331436 ^ input7/X (sky130_fd_sc_hd__clkdlybuf4s25_1)
                                                         net7 (net)
                      0.265781    0.001252    2.332688 ^ _29_/A_N (sky130_fd_sc_hd__nand2b_2)
     1    0.002980    0.030887    0.102295    2.434983 ^ _29_/Y (sky130_fd_sc_hd__nand2b_2)
                                                         _12_ (net)
                      0.030887    0.000190    2.435173 ^ _30_/A2_N (sky130_fd_sc_hd__o2bb2a_2)
     1    0.002677    0.030289    0.117173    2.552346 v _30_/X (sky130_fd_sc_hd__o2bb2a_2)
                                                         _13_ (net)
                      0.030289    0.000189    2.552535 v _31_/B2 (sky130_fd_sc_hd__o221a_2)
     1    0.003201    0.032157    0.132871    2.685405 v _31_/X (sky130_fd_sc_hd__o221a_2)
                                                         _01_ (net)
                      0.032157    0.000185    2.685590 v hold18/A (sky130_fd_sc_hd__dlygate4sd3_1)
     1    0.002098    0.035689    0.356096    3.041686 v hold18/X (sky130_fd_sc_hd__dlygate4sd3_1)
                                                         net18 (net)
                      0.035689    0.000149    3.041835 v _41_/D (sky130_fd_sc_hd__dfxtp_2)
                                              3.041835   data arrival time

                                 10.000000   10.000000   clock clk (rise edge)
                                  0.000000   10.000000   clock source latency
     1    0.010790    0.041225    0.027193   10.027194 ^ clk (in)
                                                         clk (net)
                      0.041236    0.000000   10.027194 ^ clkbuf_0_clk/A (sky130_fd_sc_hd__clkbuf_16)
     2    0.019728    0.031021    0.086894   10.114088 ^ clkbuf_0_clk/X (sky130_fd_sc_hd__clkbuf_16)
                                                         clknet_0_clk (net)
                      0.031042    0.001263   10.115351 ^ clkbuf_1_1__f_clk/A (sky130_fd_sc_hd__clkbuf_16)
     2    0.005307    0.021209    0.073979   10.189330 ^ clkbuf_1_1__f_clk/X (sky130_fd_sc_hd__clkbuf_16)
                                                         clknet_1_1__leaf_clk (net)
                      0.021210    0.000314   10.189644 ^ _41_/CLK (sky130_fd_sc_hd__dfxtp_2)
                                 -0.500000    9.689644   clock uncertainty
                                  0.000000    9.689644   clock reconvergence pessimism
                                 -0.073580    9.616064   library setup time
                                              9.616064   data required time
---------------------------------------------------------------------------------------------
                                              9.616064   data required time
                                             -3.041835   data arrival time
---------------------------------------------------------------------------------------------
                                              6.574228   slack (MET)


Startpoint: mode[1] (input port clocked by clk)
Endpoint: _42_ (rising edge-triggered flip-flop clocked by clk)
Path Group: clk
Path Type: max

Fanout         Cap        Slew       Delay        Time   Description
---------------------------------------------------------------------------------------------
                                  0.000000    0.000000   clock clk (rise edge)
                                  0.000000    0.000000   clock network delay (propagated)
                                  2.000000    2.000000 ^ input external delay
     1    0.004672    0.020589    0.012214    2.012214 ^ mode[1] (in)
                                                         mode[1] (net)
                      0.020591    0.000000    2.012214 ^ input7/A (sky130_fd_sc_hd__clkdlybuf4s25_1)
    11    0.035112    0.265779    0.319222    2.331436 ^ input7/X (sky130_fd_sc_hd__clkdlybuf4s25_1)
                                                         net7 (net)
                      0.265782    0.001390    2.332826 ^ _20_/A (sky130_fd_sc_hd__inv_2)
     4    0.015780    0.070558    0.047999    2.380826 v _20_/Y (sky130_fd_sc_hd__inv_2)
                                                         _04_ (net)
                      0.070564    0.000483    2.381308 v _34_/A2 (sky130_fd_sc_hd__a2111o_2)
     1    0.007210    0.052431    0.303344    2.684653 v _34_/X (sky130_fd_sc_hd__a2111o_2)
                                                         _16_ (net)
                      0.052431    0.000593    2.685246 v _35_/B1 (sky130_fd_sc_hd__o211a_2)
     1    0.003498    0.031393    0.091112    2.776358 v _35_/X (sky130_fd_sc_hd__o211a_2)
                                                         _02_ (net)
                      0.031393    0.000225    2.776583 v _42_/D (sky130_fd_sc_hd__dfxtp_2)
                                              2.776583   data arrival time

                                 10.000000   10.000000   clock clk (rise edge)
                                  0.000000   10.000000   clock source latency
     1    0.010790    0.041225    0.027193   10.027194 ^ clk (in)
                                                         clk (net)
                      0.041236    0.000000   10.027194 ^ clkbuf_0_clk/A (sky130_fd_sc_hd__clkbuf_16)
     2    0.019728    0.031021    0.086894   10.114088 ^ clkbuf_0_clk/X (sky130_fd_sc_hd__clkbuf_16)
                                                         clknet_0_clk (net)
                      0.031042    0.001263   10.115351 ^ clkbuf_1_1__f_clk/A (sky130_fd_sc_hd__clkbuf_16)
     2    0.005307    0.021209    0.073979   10.189330 ^ clkbuf_1_1__f_clk/X (sky130_fd_sc_hd__clkbuf_16)
                                                         clknet_1_1__leaf_clk (net)
                      0.021210    0.000291   10.189621 ^ _42_/CLK (sky130_fd_sc_hd__dfxtp_2)
                                 -0.500000    9.689621   clock uncertainty
                                  0.000000    9.689621   clock reconvergence pessimism
                                 -0.072045    9.617576   library setup time
                                              9.617576   data required time
---------------------------------------------------------------------------------------------
                                              9.617576   data required time
                                             -2.776583   data arrival time
---------------------------------------------------------------------------------------------
                                              6.840992   slack (MET)


Startpoint: _41_ (rising edge-triggered flip-flop clocked by clk)
Endpoint: Q[1] (output port clocked by clk)
Path Group: clk
Path Type: max

Fanout         Cap        Slew       Delay        Time   Description
---------------------------------------------------------------------------------------------
                                  0.000000    0.000000   clock clk (rise edge)
                                  0.000000    0.000000   clock source latency
     1    0.010790    0.041225    0.027193    0.027193 ^ clk (in)
                                                         clk (net)
                      0.041236    0.000000    0.027193 ^ clkbuf_0_clk/A (sky130_fd_sc_hd__clkbuf_16)
     2    0.019728    0.031021    0.086894    0.114087 ^ clkbuf_0_clk/X (sky130_fd_sc_hd__clkbuf_16)
                                                         clknet_0_clk (net)
                      0.031042    0.001263    0.115350 ^ clkbuf_1_1__f_clk/A (sky130_fd_sc_hd__clkbuf_16)
     2    0.005307    0.021209    0.073979    0.189329 ^ clkbuf_1_1__f_clk/X (sky130_fd_sc_hd__clkbuf_16)
                                                         clknet_1_1__leaf_clk (net)
                      0.021210    0.000314    0.189644 ^ _41_/CLK (sky130_fd_sc_hd__dfxtp_2)
     3    0.012442    0.053760    0.210156    0.399800 ^ _41_/Q (sky130_fd_sc_hd__dfxtp_2)
                                                         net10 (net)
                      0.053773    0.000829    0.400629 ^ output10/A (sky130_fd_sc_hd__clkdlybuf4s25_1)
     1    0.012818    0.102852    0.215467    0.616096 ^ output10/X (sky130_fd_sc_hd__clkdlybuf4s25_1)
                                                         Q[1] (net)
                      0.102854    0.000659    0.616755 ^ Q[1] (out)
                                              0.616755   data arrival time

                                 10.000000   10.000000   clock clk (rise edge)
                                  0.000000   10.000000   clock network delay (propagated)
                                 -0.500000    9.500000   clock uncertainty
                                  0.000000    9.500000   clock reconvergence pessimism
                                 -2.000000    7.500000   output external delay
                                              7.500000   data required time
---------------------------------------------------------------------------------------------
                                              7.500000   data required time
                                             -0.616755   data arrival time
---------------------------------------------------------------------------------------------
                                              6.883245   slack (MET)


Startpoint: _42_ (rising edge-triggered flip-flop clocked by clk)
Endpoint: Q[2] (output port clocked by clk)
Path Group: clk
Path Type: max

Fanout         Cap        Slew       Delay        Time   Description
---------------------------------------------------------------------------------------------
                                  0.000000    0.000000   clock clk (rise edge)
                                  0.000000    0.000000   clock source latency
     1    0.010790    0.041225    0.027193    0.027193 ^ clk (in)
                                                         clk (net)
                      0.041236    0.000000    0.027193 ^ clkbuf_0_clk/A (sky130_fd_sc_hd__clkbuf_16)
     2    0.019728    0.031021    0.086894    0.114087 ^ clkbuf_0_clk/X (sky130_fd_sc_hd__clkbuf_16)
                                                         clknet_0_clk (net)
                      0.031042    0.001263    0.115350 ^ clkbuf_1_1__f_clk/A (sky130_fd_sc_hd__clkbuf_16)
     2    0.005307    0.021209    0.073979    0.189329 ^ clkbuf_1_1__f_clk/X (sky130_fd_sc_hd__clkbuf_16)
                                                         clknet_1_1__leaf_clk (net)
                      0.021210    0.000291    0.189621 ^ _42_/CLK (sky130_fd_sc_hd__dfxtp_2)
     4    0.013497    0.057331    0.213048    0.402669 ^ _42_/Q (sky130_fd_sc_hd__dfxtp_2)
                                                         net11 (net)
                      0.057342    0.000791    0.403459 ^ output11/A (sky130_fd_sc_hd__clkdlybuf4s25_1)
     1    0.011640    0.094309    0.210253    0.613713 ^ output11/X (sky130_fd_sc_hd__clkdlybuf4s25_1)
                                                         Q[2] (net)
                      0.094311    0.000567    0.614280 ^ Q[2] (out)
                                              0.614280   data arrival time

                                 10.000000   10.000000   clock clk (rise edge)
                                  0.000000   10.000000   clock network delay (propagated)
                                 -0.500000    9.500000   clock uncertainty
                                  0.000000    9.500000   clock reconvergence pessimism
                                 -2.000000    7.500000   output external delay
                                              7.500000   data required time
---------------------------------------------------------------------------------------------
                                              7.500000   data required time
                                             -0.614280   data arrival time
---------------------------------------------------------------------------------------------
                                              6.885720   slack (MET)


Startpoint: _40_ (rising edge-triggered flip-flop clocked by clk)
Endpoint: Q[0] (output port clocked by clk)
Path Group: clk
Path Type: max

Fanout         Cap        Slew       Delay        Time   Description
---------------------------------------------------------------------------------------------
                                  0.000000    0.000000   clock clk (rise edge)
                                  0.000000    0.000000   clock source latency
     1    0.010790    0.041225    0.027193    0.027193 ^ clk (in)
                                                         clk (net)
                      0.041236    0.000000    0.027193 ^ clkbuf_0_clk/A (sky130_fd_sc_hd__clkbuf_16)
     2    0.019728    0.031021    0.086894    0.114087 ^ clkbuf_0_clk/X (sky130_fd_sc_hd__clkbuf_16)
                                                         clknet_0_clk (net)
                      0.031043    0.001269    0.115357 ^ clkbuf_1_0__f_clk/A (sky130_fd_sc_hd__clkbuf_16)
     2    0.005943    0.021649    0.074527    0.189883 ^ clkbuf_1_0__f_clk/X (sky130_fd_sc_hd__clkbuf_16)
                                                         clknet_1_0__leaf_clk (net)
                      0.021650    0.000217    0.190101 ^ _40_/CLK (sky130_fd_sc_hd__dfxtp_2)
     2    0.008362    0.039742    0.199763    0.389863 ^ _40_/Q (sky130_fd_sc_hd__dfxtp_2)
                                                         net9 (net)
                      0.039744    0.000345    0.390208 ^ output9/A (sky130_fd_sc_hd__clkdlybuf4s25_1)
     1    0.011263    0.091653    0.203656    0.593865 ^ output9/X (sky130_fd_sc_hd__clkdlybuf4s25_1)
                                                         Q[0] (net)
                      0.091654    0.000567    0.594432 ^ Q[0] (out)
                                              0.594432   data arrival time

                                 10.000000   10.000000   clock clk (rise edge)
                                  0.000000   10.000000   clock network delay (propagated)
                                 -0.500000    9.500000   clock uncertainty
                                  0.000000    9.500000   clock reconvergence pessimism
                                 -2.000000    7.500000   output external delay
                                              7.500000   data required time
---------------------------------------------------------------------------------------------
                                              7.500000   data required time
                                             -0.594432   data arrival time
---------------------------------------------------------------------------------------------
                                              6.905568   slack (MET)


Startpoint: _43_ (rising edge-triggered flip-flop clocked by clk)
Endpoint: Q[3] (output port clocked by clk)
Path Group: clk
Path Type: max

Fanout         Cap        Slew       Delay        Time   Description
---------------------------------------------------------------------------------------------
                                  0.000000    0.000000   clock clk (rise edge)
                                  0.000000    0.000000   clock source latency
     1    0.010790    0.041225    0.027193    0.027193 ^ clk (in)
                                                         clk (net)
                      0.041236    0.000000    0.027193 ^ clkbuf_0_clk/A (sky130_fd_sc_hd__clkbuf_16)
     2    0.019728    0.031021    0.086894    0.114087 ^ clkbuf_0_clk/X (sky130_fd_sc_hd__clkbuf_16)
                                                         clknet_0_clk (net)
                      0.031043    0.001269    0.115357 ^ clkbuf_1_0__f_clk/A (sky130_fd_sc_hd__clkbuf_16)
     2    0.005943    0.021649    0.074527    0.189883 ^ clkbuf_1_0__f_clk/X (sky130_fd_sc_hd__clkbuf_16)
                                                         clknet_1_0__leaf_clk (net)
                      0.021650    0.000306    0.190190 ^ _43_/CLK (sky130_fd_sc_hd__dfxtp_2)
     2    0.005938    0.031515    0.193243    0.383433 ^ _43_/Q (sky130_fd_sc_hd__dfxtp_2)
                                                         net12 (net)
                      0.031515    0.000376    0.383809 ^ output12/A (sky130_fd_sc_hd__clkdlybuf4s25_1)
     1    0.012129    0.097994    0.205661    0.589470 ^ output12/X (sky130_fd_sc_hd__clkdlybuf4s25_1)
                                                         Q[3] (net)
                      0.097997    0.000666    0.590136 ^ Q[3] (out)
                                              0.590136   data arrival time

                                 10.000000   10.000000   clock clk (rise edge)
                                  0.000000   10.000000   clock network delay (propagated)
                                 -0.500000    9.500000   clock uncertainty
                                  0.000000    9.500000   clock reconvergence pessimism
                                 -2.000000    7.500000   output external delay
                                              7.500000   data required time
---------------------------------------------------------------------------------------------
                                              7.500000   data required time
                                             -0.590136   data arrival time
---------------------------------------------------------------------------------------------
                                              6.909864   slack (MET)



