+ define_corners max_ff_n40C_1v95
Reading timing models for corner max_ff_n40C_1v95…
Reading cell library for the 'max_ff_n40C_1v95' corner at '/home/hk/.ciel/ciel/sky130/versions/8afc8346a57fe1ab7934ba5a6056ea8b43078e71/sky130A/libs.ref/sky130_fd_sc_hd/lib/sky130_fd_sc_hd__ff_n40C_1v95.lib'…
Reading top-level netlist at '/home/hk/pd_projects/runs/RUN_2026-06-03_20-26-11/52-openroad-fillinsertion/u_s_r.nl.v'…
Linking design 'u_s_r' from netlist…
Warning: /home/hk/pd_projects/runs/RUN_2026-06-03_20-26-11/52-openroad-fillinsertion/u_s_r.nl.v line 60, module sky130_fd_sc_hd__fill_2 not found. Creating black box for FILLER_0_62.
Warning: /home/hk/pd_projects/runs/RUN_2026-06-03_20-26-11/52-openroad-fillinsertion/u_s_r.nl.v line 67, module sky130_fd_sc_hd__fill_1 not found. Creating black box for FILLER_10_27.
Warning: /home/hk/pd_projects/runs/RUN_2026-06-03_20-26-11/52-openroad-fillinsertion/u_s_r.nl.v line 229, module sky130_fd_sc_hd__tapvpwrvgnd_1 not found. Creating black box for TAP_TAPCELL_ROW_0_24.
Reading design constraints file at '/home/hk/pd_projects/constraints.sdc'…
[INFO] No information on clock propagation in input SDC file-- propagating all clocks.
Reading top-level design parasitics for the 'max_ff_n40C_1v95' corner at '/home/hk/pd_projects/runs/RUN_2026-06-03_20-26-11/54-openroad-rcx/max/u_s_r.max.spef'…
%OL_CREATE_REPORT min.rpt

===========================================================================
report_checks -path_delay min (Hold)
============================================================================
======================= max_ff_n40C_1v95 Corner ===================================

Startpoint: rst (input port clocked by clk)
Endpoint: _42_ (rising edge-triggered flip-flop clocked by clk)
Path Group: clk
Path Type: min

Fanout         Cap        Slew       Delay        Time   Description
---------------------------------------------------------------------------------------------
                                  0.000000    0.000000   clock clk (rise edge)
                                  0.000000    0.000000   clock network delay (propagated)
                                  0.500000    0.500000 ^ input external delay
     1    0.003325    0.015802    0.008660    0.508660 ^ rst (in)
                                                         rst (net)
                      0.015804    0.000000    0.508660 ^ input8/A (sky130_fd_sc_hd__clkdlybuf4s25_1)
     1    0.005478    0.050272    0.167365    0.676025 ^ input8/X (sky130_fd_sc_hd__clkdlybuf4s25_1)
                                                         net8 (net)
                      0.050275    0.000403    0.676428 ^ _21_/A (sky130_fd_sc_hd__inv_2)
     4    0.015947    0.030585    0.036633    0.713061 v _21_/Y (sky130_fd_sc_hd__inv_2)
                                                         _05_ (net)
                      0.030603    0.000592    0.713654 v _35_/C1 (sky130_fd_sc_hd__o211a_2)
     1    0.003498    0.017427    0.071616    0.785269 v _35_/X (sky130_fd_sc_hd__o211a_2)
                                                         _02_ (net)
                      0.017431    0.000225    0.785494 v _42_/D (sky130_fd_sc_hd__dfxtp_2)
                                              0.785494   data arrival time

                                  0.000000    0.000000   clock clk (rise edge)
                                  0.000000    0.000000   clock source latency
     1    0.010790    0.041225    0.027193    0.027193 ^ clk (in)
                                                         clk (net)
                      0.041236    0.000000    0.027193 ^ clkbuf_0_clk/A (sky130_fd_sc_hd__clkbuf_16)
     2    0.019728    0.031021    0.086894    0.114087 ^ clkbuf_0_clk/X (sky130_fd_sc_hd__clkbuf_16)
                                                         clknet_0_clk (net)
                      0.031042    0.001263    0.115350 ^ clkbuf_1_1__f_clk/A (sky130_fd_sc_hd__clkbuf_16)
     2    0.005307    0.021209    0.073979    0.189329 ^ clkbuf_1_1__f_clk/X (sky130_fd_sc_hd__clkbuf_16)
                                                         clknet_1_1__leaf_clk (net)
                      0.021210    0.000291    0.189621 ^ _42_/CLK (sky130_fd_sc_hd__dfxtp_2)
                                  0.500000    0.689621   clock uncertainty
                                  0.000000    0.689621   clock reconvergence pessimism
                                 -0.031107    0.658514   library hold time
                                              0.658514   data required time
---------------------------------------------------------------------------------------------
                                              0.658514   data required time
                                             -0.785494   data arrival time
---------------------------------------------------------------------------------------------
                                              0.126981   slack (MET)


Startpoint: _41_ (rising edge-triggered flip-flop clocked by clk)
Endpoint: _40_ (rising edge-triggered flip-flop clocked by clk)
Path Group: clk
Path Type: min

Fanout         Cap        Slew       Delay        Time   Description
---------------------------------------------------------------------------------------------
                                  0.000000    0.000000   clock clk (rise edge)
                                  0.000000    0.000000   clock source latency
     1    0.010790    0.041225    0.027193    0.027193 ^ clk (in)
                                                         clk (net)
                      0.041236    0.000000    0.027193 ^ clkbuf_0_clk/A (sky130_fd_sc_hd__clkbuf_16)
     2    0.019728    0.031021    0.086894    0.114087 ^ clkbuf_0_clk/X (sky130_fd_sc_hd__clkbuf_16)
                                                         clknet_0_clk (net)
                      0.031042    0.001263    0.115350 ^ clkbuf_1_1__f_clk/A (sky130_fd_sc_hd__clkbuf_16)
     2    0.005307    0.021209    0.073979    0.189329 ^ clkbuf_1_1__f_clk/X (sky130_fd_sc_hd__clkbuf_16)
                                                         clknet_1_1__leaf_clk (net)
                      0.021210    0.000314    0.189644 ^ _41_/CLK (sky130_fd_sc_hd__dfxtp_2)
     3    0.012442    0.053760    0.210156    0.399800 ^ _41_/Q (sky130_fd_sc_hd__dfxtp_2)
                                                         net10 (net)
                      0.053784    0.001061    0.400860 ^ _26_/A1 (sky130_fd_sc_hd__a211o_2)
     1    0.003068    0.018298    0.073264    0.474125 ^ _26_/X (sky130_fd_sc_hd__a211o_2)
                                                         _10_ (net)
                      0.018301    0.000216    0.474340 ^ _27_/B1 (sky130_fd_sc_hd__o221a_2)
     1    0.002247    0.022160    0.080707    0.555047 ^ _27_/X (sky130_fd_sc_hd__o221a_2)
                                                         _00_ (net)
                      0.022160    0.000161    0.555208 ^ hold16/A (sky130_fd_sc_hd__dlygate4sd3_1)
     1    0.002623    0.036196    0.367685    0.922893 ^ hold16/X (sky130_fd_sc_hd__dlygate4sd3_1)
                                                         net16 (net)
                      0.036196    0.000171    0.923064 ^ _40_/D (sky130_fd_sc_hd__dfxtp_2)
                                              0.923064   data arrival time

                                  0.000000    0.000000   clock clk (rise edge)
                                  0.000000    0.000000   clock source latency
     1    0.010790    0.041225    0.027193    0.027193 ^ clk (in)
                                                         clk (net)
                      0.041236    0.000000    0.027193 ^ clkbuf_0_clk/A (sky130_fd_sc_hd__clkbuf_16)
     2    0.019728    0.031021    0.086894    0.114087 ^ clkbuf_0_clk/X (sky130_fd_sc_hd__clkbuf_16)
                                                         clknet_0_clk (net)
                      0.031043    0.001269    0.115357 ^ clkbuf_1_0__f_clk/A (sky130_fd_sc_hd__clkbuf_16)
     2    0.005943    0.021649    0.074527    0.189883 ^ clkbuf_1_0__f_clk/X (sky130_fd_sc_hd__clkbuf_16)
                                                         clknet_1_0__leaf_clk (net)
                      0.021650    0.000217    0.190101 ^ _40_/CLK (sky130_fd_sc_hd__dfxtp_2)
                                  0.500000    0.690100   clock uncertainty
                                  0.000000    0.690100   clock reconvergence pessimism
                                 -0.017891    0.672209   library hold time
                                              0.672209   data required time
---------------------------------------------------------------------------------------------
                                              0.672209   data required time
                                             -0.923064   data arrival time
---------------------------------------------------------------------------------------------
                                              0.250855   slack (MET)


Startpoint: _42_ (rising edge-triggered flip-flop clocked by clk)
Endpoint: _43_ (rising edge-triggered flip-flop clocked by clk)
Path Group: clk
Path Type: min

Fanout         Cap        Slew       Delay        Time   Description
---------------------------------------------------------------------------------------------
                                  0.000000    0.000000   clock clk (rise edge)
                                  0.000000    0.000000   clock source latency
     1    0.010790    0.041225    0.027193    0.027193 ^ clk (in)
                                                         clk (net)
                      0.041236    0.000000    0.027193 ^ clkbuf_0_clk/A (sky130_fd_sc_hd__clkbuf_16)
     2    0.019728    0.031021    0.086894    0.114087 ^ clkbuf_0_clk/X (sky130_fd_sc_hd__clkbuf_16)
                                                         clknet_0_clk (net)
                      0.031042    0.001263    0.115350 ^ clkbuf_1_1__f_clk/A (sky130_fd_sc_hd__clkbuf_16)
     2    0.005307    0.021209    0.073979    0.189329 ^ clkbuf_1_1__f_clk/X (sky130_fd_sc_hd__clkbuf_16)
                                                         clknet_1_1__leaf_clk (net)
                      0.021210    0.000291    0.189621 ^ _42_/CLK (sky130_fd_sc_hd__dfxtp_2)
     4    0.013497    0.057331    0.213048    0.402669 ^ _42_/Q (sky130_fd_sc_hd__dfxtp_2)
                                                         net11 (net)
                      0.057337    0.000626    0.403295 ^ _37_/C (sky130_fd_sc_hd__and3b_2)
     1    0.004127    0.032052    0.109015    0.512310 ^ _37_/X (sky130_fd_sc_hd__and3b_2)
                                                         _18_ (net)
                      0.032052    0.000275    0.512585 ^ _39_/B1 (sky130_fd_sc_hd__o221a_2)
     1    0.003164    0.025356    0.087660    0.600245 ^ _39_/X (sky130_fd_sc_hd__o221a_2)
                                                         _03_ (net)
                      0.025357    0.000187    0.600432 ^ hold14/A (sky130_fd_sc_hd__dlygate4sd3_1)
     1    0.002109    0.033300    0.365103    0.965534 ^ hold14/X (sky130_fd_sc_hd__dlygate4sd3_1)
                                                         net14 (net)
                      0.033300    0.000149    0.965684 ^ _43_/D (sky130_fd_sc_hd__dfxtp_2)
                                              0.965684   data arrival time

                                  0.000000    0.000000   clock clk (rise edge)
                                  0.000000    0.000000   clock source latency
     1    0.010790    0.041225    0.027193    0.027193 ^ clk (in)
                                                         clk (net)
                      0.041236    0.000000    0.027193 ^ clkbuf_0_clk/A (sky130_fd_sc_hd__clkbuf_16)
     2    0.019728    0.031021    0.086894    0.114087 ^ clkbuf_0_clk/X (sky130_fd_sc_hd__clkbuf_16)
                                                         clknet_0_clk (net)
                      0.031043    0.001269    0.115357 ^ clkbuf_1_0__f_clk/A (sky130_fd_sc_hd__clkbuf_16)
     2    0.005943    0.021649    0.074527    0.189883 ^ clkbuf_1_0__f_clk/X (sky130_fd_sc_hd__clkbuf_16)
                                                         clknet_1_0__leaf_clk (net)
                      0.021650    0.000306    0.190190 ^ _43_/CLK (sky130_fd_sc_hd__dfxtp_2)
                                  0.500000    0.690190   clock uncertainty
                                  0.000000    0.690190   clock reconvergence pessimism
                                 -0.017686    0.672504   library hold time
                                              0.672504   data required time
---------------------------------------------------------------------------------------------
                                              0.672504   data required time
                                             -0.965684   data arrival time
---------------------------------------------------------------------------------------------
                                              0.293180   slack (MET)


Startpoint: _42_ (rising edge-triggered flip-flop clocked by clk)
Endpoint: _41_ (rising edge-triggered flip-flop clocked by clk)
Path Group: clk
Path Type: min

Fanout         Cap        Slew       Delay        Time   Description
---------------------------------------------------------------------------------------------
                                  0.000000    0.000000   clock clk (rise edge)
                                  0.000000    0.000000   clock source latency
     1    0.010790    0.041225    0.027193    0.027193 ^ clk (in)
                                                         clk (net)
                      0.041236    0.000000    0.027193 ^ clkbuf_0_clk/A (sky130_fd_sc_hd__clkbuf_16)
     2    0.019728    0.031021    0.086894    0.114087 ^ clkbuf_0_clk/X (sky130_fd_sc_hd__clkbuf_16)
                                                         clknet_0_clk (net)
                      0.031042    0.001263    0.115350 ^ clkbuf_1_1__f_clk/A (sky130_fd_sc_hd__clkbuf_16)
     2    0.005307    0.021209    0.073979    0.189329 ^ clkbuf_1_1__f_clk/X (sky130_fd_sc_hd__clkbuf_16)
                                                         clknet_1_1__leaf_clk (net)
                      0.021210    0.000291    0.189621 ^ _42_/CLK (sky130_fd_sc_hd__dfxtp_2)
     4    0.013497    0.057331    0.213048    0.402669 ^ _42_/Q (sky130_fd_sc_hd__dfxtp_2)
                                                         net11 (net)
                      0.057340    0.000723    0.403392 ^ _29_/B (sky130_fd_sc_hd__nand2b_2)
     1    0.002861    0.019958    0.030218    0.433610 v _29_/Y (sky130_fd_sc_hd__nand2b_2)
                                                         _12_ (net)
                      0.019959    0.000180    0.433790 v _30_/A2_N (sky130_fd_sc_hd__o2bb2a_2)
     1    0.002960    0.024047    0.119599    0.553389 ^ _30_/X (sky130_fd_sc_hd__o2bb2a_2)
                                                         _13_ (net)
                      0.024047    0.000211    0.553600 ^ _31_/B2 (sky130_fd_sc_hd__o221a_2)
     1    0.003371    0.026076    0.085192    0.638793 ^ _31_/X (sky130_fd_sc_hd__o221a_2)
                                                         _01_ (net)
                      0.026079    0.000199    0.638992 ^ hold18/A (sky130_fd_sc_hd__dlygate4sd3_1)
     1    0.002063    0.033052    0.364965    1.003956 ^ hold18/X (sky130_fd_sc_hd__dlygate4sd3_1)
                                                         net18 (net)
                      0.033052    0.000147    1.004103 ^ _41_/D (sky130_fd_sc_hd__dfxtp_2)
                                              1.004103   data arrival time

                                  0.000000    0.000000   clock clk (rise edge)
                                  0.000000    0.000000   clock source latency
     1    0.010790    0.041225    0.027193    0.027193 ^ clk (in)
                                                         clk (net)
                      0.041236    0.000000    0.027193 ^ clkbuf_0_clk/A (sky130_fd_sc_hd__clkbuf_16)
     2    0.019728    0.031021    0.086894    0.114087 ^ clkbuf_0_clk/X (sky130_fd_sc_hd__clkbuf_16)
                                                         clknet_0_clk (net)
                      0.031042    0.001263    0.115350 ^ clkbuf_1_1__f_clk/A (sky130_fd_sc_hd__clkbuf_16)
     2    0.005307    0.021209    0.073979    0.189329 ^ clkbuf_1_1__f_clk/X (sky130_fd_sc_hd__clkbuf_16)
                                                         clknet_1_1__leaf_clk (net)
                      0.021210    0.000314    0.189644 ^ _41_/CLK (sky130_fd_sc_hd__dfxtp_2)
                                  0.500000    0.689644   clock uncertainty
                                  0.000000    0.689644   clock reconvergence pessimism
                                 -0.017679    0.671965   library hold time
                                              0.671965   data required time
---------------------------------------------------------------------------------------------
                                              0.671965   data required time
                                             -1.004103   data arrival time
---------------------------------------------------------------------------------------------
                                              0.332138   slack (MET)


Startpoint: _43_ (rising edge-triggered flip-flop clocked by clk)
Endpoint: Q[3] (output port clocked by clk)
Path Group: clk
Path Type: min

Fanout         Cap        Slew       Delay        Time   Description
---------------------------------------------------------------------------------------------
                                  0.000000    0.000000   clock clk (rise edge)
                                  0.000000    0.000000   clock source latency
     1    0.010790    0.041225    0.027193    0.027193 ^ clk (in)
                                                         clk (net)
                      0.041236    0.000000    0.027193 ^ clkbuf_0_clk/A (sky130_fd_sc_hd__clkbuf_16)
     2    0.019728    0.031021    0.086894    0.114087 ^ clkbuf_0_clk/X (sky130_fd_sc_hd__clkbuf_16)
                                                         clknet_0_clk (net)
                      0.031043    0.001269    0.115357 ^ clkbuf_1_0__f_clk/A (sky130_fd_sc_hd__clkbuf_16)
     2    0.005943    0.021649    0.074527    0.189883 ^ clkbuf_1_0__f_clk/X (sky130_fd_sc_hd__clkbuf_16)
                                                         clknet_1_0__leaf_clk (net)
                      0.021650    0.000306    0.190190 ^ _43_/CLK (sky130_fd_sc_hd__dfxtp_2)
     2    0.005542    0.021416    0.193802    0.383992 v _43_/Q (sky130_fd_sc_hd__dfxtp_2)
                                                         net12 (net)
                      0.021416    0.000348    0.384340 v output12/A (sky130_fd_sc_hd__clkdlybuf4s25_1)
     1    0.012129    0.069394    0.190993    0.575333 v output12/X (sky130_fd_sc_hd__clkdlybuf4s25_1)
                                                         Q[3] (net)
                      0.069399    0.000666    0.575999 v Q[3] (out)
                                              0.575999   data arrival time

                                  0.000000    0.000000   clock clk (rise edge)
                                  0.000000    0.000000   clock network delay (propagated)
                                  0.500000    0.500000   clock uncertainty
                                  0.000000    0.500000   clock reconvergence pessimism
                                 -0.500000    0.000000   output external delay
                                              0.000000   data required time
---------------------------------------------------------------------------------------------
                                              0.000000   data required time
                                             -0.575999   data arrival time
---------------------------------------------------------------------------------------------
                                              0.575999   slack (MET)


Startpoint: _40_ (rising edge-triggered flip-flop clocked by clk)
Endpoint: Q[0] (output port clocked by clk)
Path Group: clk
Path Type: min

Fanout         Cap        Slew       Delay        Time   Description
---------------------------------------------------------------------------------------------
                                  0.000000    0.000000   clock clk (rise edge)
                                  0.000000    0.000000   clock source latency
     1    0.010790    0.041225    0.027193    0.027193 ^ clk (in)
                                                         clk (net)
                      0.041236    0.000000    0.027193 ^ clkbuf_0_clk/A (sky130_fd_sc_hd__clkbuf_16)
     2    0.019728    0.031021    0.086894    0.114087 ^ clkbuf_0_clk/X (sky130_fd_sc_hd__clkbuf_16)
                                                         clknet_0_clk (net)
                      0.031043    0.001269    0.115357 ^ clkbuf_1_0__f_clk/A (sky130_fd_sc_hd__clkbuf_16)
     2    0.005943    0.021649    0.074527    0.189883 ^ clkbuf_1_0__f_clk/X (sky130_fd_sc_hd__clkbuf_16)
                                                         clknet_1_0__leaf_clk (net)
                      0.021650    0.000217    0.190101 ^ _40_/CLK (sky130_fd_sc_hd__dfxtp_2)
     2    0.007966    0.024893    0.198105    0.388205 v _40_/Q (sky130_fd_sc_hd__dfxtp_2)
                                                         net9 (net)
                      0.024893    0.000323    0.388528 v output9/A (sky130_fd_sc_hd__clkdlybuf4s25_1)
     1    0.011263    0.065245    0.189208    0.577736 v output9/X (sky130_fd_sc_hd__clkdlybuf4s25_1)
                                                         Q[0] (net)
                      0.065249    0.000567    0.578304 v Q[0] (out)
                                              0.578304   data arrival time

                                  0.000000    0.000000   clock clk (rise edge)
                                  0.000000    0.000000   clock network delay (propagated)
                                  0.500000    0.500000   clock uncertainty
                                  0.000000    0.500000   clock reconvergence pessimism
                                 -0.500000    0.000000   output external delay
                                              0.000000   data required time
---------------------------------------------------------------------------------------------
                                              0.000000   data required time
                                             -0.578304   data arrival time
---------------------------------------------------------------------------------------------
                                              0.578304   slack (MET)


Startpoint: _42_ (rising edge-triggered flip-flop clocked by clk)
Endpoint: Q[2] (output port clocked by clk)
Path Group: clk
Path Type: min

Fanout         Cap        Slew       Delay        Time   Description
---------------------------------------------------------------------------------------------
                                  0.000000    0.000000   clock clk (rise edge)
                                  0.000000    0.000000   clock source latency
     1    0.010790    0.041225    0.027193    0.027193 ^ clk (in)
                                                         clk (net)
                      0.041236    0.000000    0.027193 ^ clkbuf_0_clk/A (sky130_fd_sc_hd__clkbuf_16)
     2    0.019728    0.031021    0.086894    0.114087 ^ clkbuf_0_clk/X (sky130_fd_sc_hd__clkbuf_16)
                                                         clknet_0_clk (net)
                      0.031042    0.001263    0.115350 ^ clkbuf_1_1__f_clk/A (sky130_fd_sc_hd__clkbuf_16)
     2    0.005307    0.021209    0.073979    0.189329 ^ clkbuf_1_1__f_clk/X (sky130_fd_sc_hd__clkbuf_16)
                                                         clknet_1_1__leaf_clk (net)
                      0.021210    0.000291    0.189621 ^ _42_/CLK (sky130_fd_sc_hd__dfxtp_2)
     4    0.012533    0.032538    0.205676    0.395297 v _42_/Q (sky130_fd_sc_hd__dfxtp_2)
                                                         net11 (net)
                      0.032601    0.000731    0.396028 v output11/A (sky130_fd_sc_hd__clkdlybuf4s25_1)
     1    0.011640    0.066962    0.193786    0.589814 v output11/X (sky130_fd_sc_hd__clkdlybuf4s25_1)
                                                         Q[2] (net)
                      0.066965    0.000567    0.590381 v Q[2] (out)
                                              0.590381   data arrival time

                                  0.000000    0.000000   clock clk (rise edge)
                                  0.000000    0.000000   clock network delay (propagated)
                                  0.500000    0.500000   clock uncertainty
                                  0.000000    0.500000   clock reconvergence pessimism
                                 -0.500000    0.000000   output external delay
                                              0.000000   data required time
---------------------------------------------------------------------------------------------
                                              0.000000   data required time
                                             -0.590381   data arrival time
---------------------------------------------------------------------------------------------
                                              0.590381   slack (MET)


Startpoint: _41_ (rising edge-triggered flip-flop clocked by clk)
Endpoint: Q[1] (output port clocked by clk)
Path Group: clk
Path Type: min

Fanout         Cap        Slew       Delay        Time   Description
---------------------------------------------------------------------------------------------
                                  0.000000    0.000000   clock clk (rise edge)
                                  0.000000    0.000000   clock source latency
     1    0.010790    0.041225    0.027193    0.027193 ^ clk (in)
                                                         clk (net)
                      0.041236    0.000000    0.027193 ^ clkbuf_0_clk/A (sky130_fd_sc_hd__clkbuf_16)
     2    0.019728    0.031021    0.086894    0.114087 ^ clkbuf_0_clk/X (sky130_fd_sc_hd__clkbuf_16)
                                                         clknet_0_clk (net)
                      0.031042    0.001263    0.115350 ^ clkbuf_1_1__f_clk/A (sky130_fd_sc_hd__clkbuf_16)
     2    0.005307    0.021209    0.073979    0.189329 ^ clkbuf_1_1__f_clk/X (sky130_fd_sc_hd__clkbuf_16)
                                                         clknet_1_1__leaf_clk (net)
                      0.021210    0.000314    0.189644 ^ _41_/CLK (sky130_fd_sc_hd__dfxtp_2)
     3    0.011817    0.031260    0.204358    0.394002 v _41_/Q (sky130_fd_sc_hd__dfxtp_2)
                                                         net10 (net)
                      0.031321    0.000784    0.394786 v output10/A (sky130_fd_sc_hd__clkdlybuf4s25_1)
     1    0.012818    0.072577    0.197545    0.592330 v output10/X (sky130_fd_sc_hd__clkdlybuf4s25_1)
                                                         Q[1] (net)
                      0.072582    0.000659    0.592989 v Q[1] (out)
                                              0.592989   data arrival time

                                  0.000000    0.000000   clock clk (rise edge)
                                  0.000000    0.000000   clock network delay (propagated)
                                  0.500000    0.500000   clock uncertainty
                                  0.000000    0.500000   clock reconvergence pessimism
                                 -0.500000    0.000000   output external delay
                                              0.000000   data required time
---------------------------------------------------------------------------------------------
                                              0.000000   data required time
                                             -0.592989   data arrival time
---------------------------------------------------------------------------------------------
                                              0.592989   slack (MET)



%OL_END_REPORT
%OL_CREATE_REPORT max.rpt

===========================================================================
report_checks -path_delay max (Setup)
============================================================================
======================= max_ff_n40C_1v95 Corner ===================================

Startpoint: mode[1] (input port clocked by clk)
Endpoint: _40_ (rising edge-triggered flip-flop clocked by clk)
Path Group: clk
Path Type: max

Fanout         Cap        Slew       Delay        Time   Description
---------------------------------------------------------------------------------------------
                                  0.000000    0.000000   clock clk (rise edge)
                                  0.000000    0.000000   clock network delay (propagated)
                                  2.000000    2.000000 ^ input external delay
     1    0.004672    0.020589    0.012214    2.012214 ^ mode[1] (in)
                                                         mode[1] (net)
                      0.020591    0.000000    2.012214 ^ input7/A (sky130_fd_sc_hd__clkdlybuf4s25_1)
    11    0.035112    0.265779    0.319222    2.331436 ^ input7/X (sky130_fd_sc_hd__clkdlybuf4s25_1)
                                                         net7 (net)
                      0.265782    0.001390    2.332826 ^ _20_/A (sky130_fd_sc_hd__inv_2)
     4    0.015780    0.070558    0.047999    2.380826 v _20_/Y (sky130_fd_sc_hd__inv_2)
                                                         _04_ (net)
                      0.070579    0.000903    2.381728 v _26_/A2 (sky130_fd_sc_hd__a211o_2)
     1    0.002873    0.033156    0.210491    2.592219 v _26_/X (sky130_fd_sc_hd__a211o_2)
                                                         _10_ (net)
                      0.033156    0.000200    2.592419 v _27_/B1 (sky130_fd_sc_hd__o221a_2)
     1    0.002077    0.029675    0.142023    2.734443 v _27_/X (sky130_fd_sc_hd__o221a_2)
                                                         _00_ (net)
                      0.029675    0.000147    2.734590 v hold16/A (sky130_fd_sc_hd__dlygate4sd3_1)
     1    0.002658    0.037493    0.358515    3.093105 v hold16/X (sky130_fd_sc_hd__dlygate4sd3_1)
                                                         net16 (net)
                      0.037493    0.000173    3.093279 v _40_/D (sky130_fd_sc_hd__dfxtp_2)
                                              3.093279   data arrival time

                                 10.000000   10.000000   clock clk (rise edge)
                                  0.000000   10.000000   clock source latency
     1    0.010790    0.041225    0.027193   10.027194 ^ clk (in)
                                                         clk (net)
                      0.041236    0.000000   10.027194 ^ clkbuf_0_clk/A (sky130_fd_sc_hd__clkbuf_16)
     2    0.019728    0.031021    0.086894   10.114088 ^ clkbuf_0_clk/X (sky130_fd_sc_hd__clkbuf_16)
                                                         clknet_0_clk (net)
                      0.031043    0.001269   10.115356 ^ clkbuf_1_0__f_clk/A (sky130_fd_sc_hd__clkbuf_16)
     2    0.005943    0.021649    0.074527   10.189884 ^ clkbuf_1_0__f_clk/X (sky130_fd_sc_hd__clkbuf_16)
                                                         clknet_1_0__leaf_clk (net)
                      0.021650    0.000217   10.190101 ^ _40_/CLK (sky130_fd_sc_hd__dfxtp_2)
                                 -0.500000    9.690101   clock uncertainty
                                  0.000000    9.690101   clock reconvergence pessimism
                                 -0.074183    9.615918   library setup time
                                              9.615918   data required time
---------------------------------------------------------------------------------------------
                                              9.615918   data required time
                                             -3.093279   data arrival time
---------------------------------------------------------------------------------------------
                                              6.522639   slack (MET)


Startpoint: mode[1] (input port clocked by clk)
Endpoint: _43_ (rising edge-triggered flip-flop clocked by clk)
Path Group: clk
Path Type: max

Fanout         Cap        Slew       Delay        Time   Description
---------------------------------------------------------------------------------------------
                                  0.000000    0.000000   clock clk (rise edge)
                                  0.000000    0.000000   clock network delay (propagated)
                                  2.000000    2.000000 ^ input external delay
     1    0.004672    0.020589    0.012214    2.012214 ^ mode[1] (in)
                                                         mode[1] (net)
                      0.020591    0.000000    2.012214 ^ input7/A (sky130_fd_sc_hd__clkdlybuf4s25_1)
    11    0.035112    0.265779    0.319222    2.331436 ^ input7/X (sky130_fd_sc_hd__clkdlybuf4s25_1)
                                                         net7 (net)
                      0.265782    0.001390    2.332826 ^ _20_/A (sky130_fd_sc_hd__inv_2)
     4    0.015780    0.070558    0.047999    2.380826 v _20_/Y (sky130_fd_sc_hd__inv_2)
                                                         _04_ (net)
                      0.070588    0.001112    2.381938 v _38_/A1 (sky130_fd_sc_hd__a211o_2)
     1    0.005520    0.039508    0.196566    2.578503 v _38_/X (sky130_fd_sc_hd__a211o_2)
                                                         _19_ (net)
                      0.039508    0.000370    2.578874 v _39_/B2 (sky130_fd_sc_hd__o221a_2)
     1    0.002994    0.031709    0.135327    2.714201 v _39_/X (sky130_fd_sc_hd__o221a_2)
                                                         _03_ (net)
                      0.031709    0.000173    2.714374 v hold14/A (sky130_fd_sc_hd__dlygate4sd3_1)
     1    0.002144    0.035859    0.356200    3.070574 v hold14/X (sky130_fd_sc_hd__dlygate4sd3_1)
                                                         net14 (net)
                      0.035859    0.000152    3.070726 v _43_/D (sky130_fd_sc_hd__dfxtp_2)
                                              3.070726   data arrival time

                                 10.000000   10.000000   clock clk (rise edge)
                                  0.000000   10.000000   clock source latency
     1    0.010790    0.041225    0.027193   10.027194 ^ clk (in)
                                                         clk (net)
                      0.041236    0.000000   10.027194 ^ clkbuf_0_clk/A (sky130_fd_sc_hd__clkbuf_16)
     2    0.019728    0.031021    0.086894   10.114088 ^ clkbuf_0_clk/X (sky130_fd_sc_hd__clkbuf_16)
                                                         clknet_0_clk (net)
                      0.031043    0.001269   10.115356 ^ clkbuf_1_0__f_clk/A (sky130_fd_sc_hd__clkbuf_16)
     2    0.005943    0.021649    0.074527   10.189884 ^ clkbuf_1_0__f_clk/X (sky130_fd_sc_hd__clkbuf_16)
                                                         clknet_1_0__leaf_clk (net)
                      0.021650    0.000306   10.190189 ^ _43_/CLK (sky130_fd_sc_hd__dfxtp_2)
                                 -0.500000    9.690189   clock uncertainty
                                  0.000000    9.690189   clock reconvergence pessimism
                                 -0.073599    9.616590   library setup time
                                              9.616590   data required time
---------------------------------------------------------------------------------------------
                                              9.616590   data required time
                                             -3.070726   data arrival time
---------------------------------------------------------------------------------------------
                                              6.545865   slack (MET)


Startpoint: mode[1] (input port clocked by clk)
Endpoint: _41_ (rising edge-triggered flip-flop clocked by clk)
Path Group: clk
Path Type: max

Fanout         Cap        Slew       Delay        Time   Description
---------------------------------------------------------------------------------------------
                                  0.000000    0.000000   clock clk (rise edge)
                                  0.000000    0.000000   clock network delay (propagated)
                                  2.000000    2.000000 ^ input external delay
     1    0.004672    0.020589    0.012214    2.012214 ^ mode[1] (in)
                                                         mode[1] (net)
                      0.020591    0.000000    2.012214 ^ input7/A (sky130_fd_sc_hd__clkdlybuf4s25_1)
    11    0.035112    0.265779    0.319222    2.331436 ^ input7/X (sky130_fd_sc_hd__clkdlybuf4s25_1)
                                                         net7 (net)
                      0.265781    0.001252    2.332688 ^ _29_/A_N (sky130_fd_sc_hd__nand2b_2)
     1    0.002980    0.030887    0.102295    2.434983 ^ _29_/Y (sky130_fd_sc_hd__nand2b_2)
                                                         _12_ (net)
                      0.030887    0.000190    2.435173 ^ _30_/A2_N (sky130_fd_sc_hd__o2bb2a_2)
     1    0.002677    0.030289    0.117173    2.552346 v _30_/X (sky130_fd_sc_hd__o2bb2a_2)
                                                         _13_ (net)
                      0.030289    0.000189    2.552535 v _31_/B2 (sky130_fd_sc_hd__o221a_2)
     1    0.003201    0.032157    0.132871    2.685405 v _31_/X (sky130_fd_sc_hd__o221a_2)
                                                         _01_ (net)
                      0.032157    0.000185    2.685590 v hold18/A (sky130_fd_sc_hd__dlygate4sd3_1)
     1    0.002098    0.035689    0.356096    3.041686 v hold18/X (sky130_fd_sc_hd__dlygate4sd3_1)
                                                         net18 (net)
                      0.035689    0.000149    3.041835 v _41_/D (sky130_fd_sc_hd__dfxtp_2)
                                              3.041835   data arrival time

                                 10.000000   10.000000   clock clk (rise edge)
                                  0.000000   10.000000   clock source latency
     1    0.010790    0.041225    0.027193   10.027194 ^ clk (in)
                                                         clk (net)
                      0.041236    0.000000   10.027194 ^ clkbuf_0_clk/A (sky130_fd_sc_hd__clkbuf_16)
     2    0.019728    0.031021    0.086894   10.114088 ^ clkbuf_0_clk/X (sky130_fd_sc_hd__clkbuf_16)
                                                         clknet_0_clk (net)
                      0.031042    0.001263   10.115351 ^ clkbuf_1_1__f_clk/A (sky130_fd_sc_hd__clkbuf_16)
     2    0.005307    0.021209    0.073979   10.189330 ^ clkbuf_1_1__f_clk/X (sky130_fd_sc_hd__clkbuf_16)
                                                         clknet_1_1__leaf_clk (net)
                      0.021210    0.000314   10.189644 ^ _41_/CLK (sky130_fd_sc_hd__dfxtp_2)
                                 -0.500000    9.689644   clock uncertainty
                                  0.000000    9.689644   clock reconvergence pessimism
                                 -0.073580    9.616064   library setup time
                                              9.616064   data required time
---------------------------------------------------------------------------------------------
                                              9.616064   data required time
                                             -3.041835   data arrival time
---------------------------------------------------------------------------------------------
                                              6.574228   slack (MET)


Startpoint: mode[1] (input port clocked by clk)
Endpoint: _42_ (rising edge-triggered flip-flop clocked by clk)
Path Group: clk
Path Type: max

Fanout         Cap        Slew       Delay        Time   Description
---------------------------------------------------------------------------------------------
                                  0.000000    0.000000   clock clk (rise edge)
                                  0.000000    0.000000   clock network delay (propagated)
                                  2.000000    2.000000 ^ input external delay
     1    0.004672    0.020589    0.012214    2.012214 ^ mode[1] (in)
                                                         mode[1] (net)
                      0.020591    0.000000    2.012214 ^ input7/A (sky130_fd_sc_hd__clkdlybuf4s25_1)
    11    0.035112    0.265779    0.319222    2.331436 ^ input7/X (sky130_fd_sc_hd__clkdlybuf4s25_1)
                                                         net7 (net)
                      0.265782    0.001390    2.332826 ^ _20_/A (sky130_fd_sc_hd__inv_2)
     4    0.015780    0.070558    0.047999    2.380826 v _20_/Y (sky130_fd_sc_hd__inv_2)
                                                         _04_ (net)
                      0.070564    0.000483    2.381308 v _34_/A2 (sky130_fd_sc_hd__a2111o_2)
     1    0.007210    0.052431    0.303344    2.684653 v _34_/X (sky130_fd_sc_hd__a2111o_2)
                                                         _16_ (net)
                      0.052431    0.000593    2.685246 v _35_/B1 (sky130_fd_sc_hd__o211a_2)
     1    0.003498    0.031393    0.091112    2.776358 v _35_/X (sky130_fd_sc_hd__o211a_2)
                                                         _02_ (net)
                      0.031393    0.000225    2.776583 v _42_/D (sky130_fd_sc_hd__dfxtp_2)
                                              2.776583   data arrival time

                                 10.000000   10.000000   clock clk (rise edge)
                                  0.000000   10.000000   clock source latency
     1    0.010790    0.041225    0.027193   10.027194 ^ clk (in)
                                                         clk (net)
                      0.041236    0.000000   10.027194 ^ clkbuf_0_clk/A (sky130_fd_sc_hd__clkbuf_16)
     2    0.019728    0.031021    0.086894   10.114088 ^ clkbuf_0_clk/X (sky130_fd_sc_hd__clkbuf_16)
                                                         clknet_0_clk (net)
                      0.031042    0.001263   10.115351 ^ clkbuf_1_1__f_clk/A (sky130_fd_sc_hd__clkbuf_16)
     2    0.005307    0.021209    0.073979   10.189330 ^ clkbuf_1_1__f_clk/X (sky130_fd_sc_hd__clkbuf_16)
                                                         clknet_1_1__leaf_clk (net)
                      0.021210    0.000291   10.189621 ^ _42_/CLK (sky130_fd_sc_hd__dfxtp_2)
                                 -0.500000    9.689621   clock uncertainty
                                  0.000000    9.689621   clock reconvergence pessimism
                                 -0.072045    9.617576   library setup time
                                              9.617576   data required time
---------------------------------------------------------------------------------------------
                                              9.617576   data required time
                                             -2.776583   data arrival time
---------------------------------------------------------------------------------------------
                                              6.840992   slack (MET)


Startpoint: _41_ (rising edge-triggered flip-flop clocked by clk)
Endpoint: Q[1] (output port clocked by clk)
Path Group: clk
Path Type: max

Fanout         Cap        Slew       Delay        Time   Description
---------------------------------------------------------------------------------------------
                                  0.000000    0.000000   clock clk (rise edge)
                                  0.000000    0.000000   clock source latency
     1    0.010790    0.041225    0.027193    0.027193 ^ clk (in)
                                                         clk (net)
                      0.041236    0.000000    0.027193 ^ clkbuf_0_clk/A (sky130_fd_sc_hd__clkbuf_16)
     2    0.019728    0.031021    0.086894    0.114087 ^ clkbuf_0_clk/X (sky130_fd_sc_hd__clkbuf_16)
                                                         clknet_0_clk (net)
                      0.031042    0.001263    0.115350 ^ clkbuf_1_1__f_clk/A (sky130_fd_sc_hd__clkbuf_16)
     2    0.005307    0.021209    0.073979    0.189329 ^ clkbuf_1_1__f_clk/X (sky130_fd_sc_hd__clkbuf_16)
                                                         clknet_1_1__leaf_clk (net)
                      0.021210    0.000314    0.189644 ^ _41_/CLK (sky130_fd_sc_hd__dfxtp_2)
     3    0.012442    0.053760    0.210156    0.399800 ^ _41_/Q (sky130_fd_sc_hd__dfxtp_2)
                                                         net10 (net)
                      0.053773    0.000829    0.400629 ^ output10/A (sky130_fd_sc_hd__clkdlybuf4s25_1)
     1    0.012818    0.102852    0.215467    0.616096 ^ output10/X (sky130_fd_sc_hd__clkdlybuf4s25_1)
                                                         Q[1] (net)
                      0.102854    0.000659    0.616755 ^ Q[1] (out)
                                              0.616755   data arrival time

                                 10.000000   10.000000   clock clk (rise edge)
                                  0.000000   10.000000   clock network delay (propagated)
                                 -0.500000    9.500000   clock uncertainty
                                  0.000000    9.500000   clock reconvergence pessimism
                                 -2.000000    7.500000   output external delay
                                              7.500000   data required time
---------------------------------------------------------------------------------------------
                                              7.500000   data required time
                                             -0.616755   data arrival time
---------------------------------------------------------------------------------------------
                                              6.883245   slack (MET)


Startpoint: _42_ (rising edge-triggered flip-flop clocked by clk)
Endpoint: Q[2] (output port clocked by clk)
Path Group: clk
Path Type: max

Fanout         Cap        Slew       Delay        Time   Description
---------------------------------------------------------------------------------------------
                                  0.000000    0.000000   clock clk (rise edge)
                                  0.000000    0.000000   clock source latency
     1    0.010790    0.041225    0.027193    0.027193 ^ clk (in)
                                                         clk (net)
                      0.041236    0.000000    0.027193 ^ clkbuf_0_clk/A (sky130_fd_sc_hd__clkbuf_16)
     2    0.019728    0.031021    0.086894    0.114087 ^ clkbuf_0_clk/X (sky130_fd_sc_hd__clkbuf_16)
                                                         clknet_0_clk (net)
                      0.031042    0.001263    0.115350 ^ clkbuf_1_1__f_clk/A (sky130_fd_sc_hd__clkbuf_16)
     2    0.005307    0.021209    0.073979    0.189329 ^ clkbuf_1_1__f_clk/X (sky130_fd_sc_hd__clkbuf_16)
                                                         clknet_1_1__leaf_clk (net)
                      0.021210    0.000291    0.189621 ^ _42_/CLK (sky130_fd_sc_hd__dfxtp_2)
     4    0.013497    0.057331    0.213048    0.402669 ^ _42_/Q (sky130_fd_sc_hd__dfxtp_2)
                                                         net11 (net)
                      0.057342    0.000791    0.403459 ^ output11/A (sky130_fd_sc_hd__clkdlybuf4s25_1)
     1    0.011640    0.094309    0.210253    0.613713 ^ output11/X (sky130_fd_sc_hd__clkdlybuf4s25_1)
                                                         Q[2] (net)
                      0.094311    0.000567    0.614280 ^ Q[2] (out)
                                              0.614280   data arrival time

                                 10.000000   10.000000   clock clk (rise edge)
                                  0.000000   10.000000   clock network delay (propagated)
                                 -0.500000    9.500000   clock uncertainty
                                  0.000000    9.500000   clock reconvergence pessimism
                                 -2.000000    7.500000   output external delay
                                              7.500000   data required time
---------------------------------------------------------------------------------------------
                                              7.500000   data required time
                                             -0.614280   data arrival time
---------------------------------------------------------------------------------------------
                                              6.885720   slack (MET)


Startpoint: _40_ (rising edge-triggered flip-flop clocked by clk)
Endpoint: Q[0] (output port clocked by clk)
Path Group: clk
Path Type: max

Fanout         Cap        Slew       Delay        Time   Description
---------------------------------------------------------------------------------------------
                                  0.000000    0.000000   clock clk (rise edge)
                                  0.000000    0.000000   clock source latency
     1    0.010790    0.041225    0.027193    0.027193 ^ clk (in)
                                                         clk (net)
                      0.041236    0.000000    0.027193 ^ clkbuf_0_clk/A (sky130_fd_sc_hd__clkbuf_16)
     2    0.019728    0.031021    0.086894    0.114087 ^ clkbuf_0_clk/X (sky130_fd_sc_hd__clkbuf_16)
                                                         clknet_0_clk (net)
                      0.031043    0.001269    0.115357 ^ clkbuf_1_0__f_clk/A (sky130_fd_sc_hd__clkbuf_16)
     2    0.005943    0.021649    0.074527    0.189883 ^ clkbuf_1_0__f_clk/X (sky130_fd_sc_hd__clkbuf_16)
                                                         clknet_1_0__leaf_clk (net)
                      0.021650    0.000217    0.190101 ^ _40_/CLK (sky130_fd_sc_hd__dfxtp_2)
     2    0.008362    0.039742    0.199763    0.389863 ^ _40_/Q (sky130_fd_sc_hd__dfxtp_2)
                                                         net9 (net)
                      0.039744    0.000345    0.390208 ^ output9/A (sky130_fd_sc_hd__clkdlybuf4s25_1)
     1    0.011263    0.091653    0.203656    0.593865 ^ output9/X (sky130_fd_sc_hd__clkdlybuf4s25_1)
                                                         Q[0] (net)
                      0.091654    0.000567    0.594432 ^ Q[0] (out)
                                              0.594432   data arrival time

                                 10.000000   10.000000   clock clk (rise edge)
                                  0.000000   10.000000   clock network delay (propagated)
                                 -0.500000    9.500000   clock uncertainty
                                  0.000000    9.500000   clock reconvergence pessimism
                                 -2.000000    7.500000   output external delay
                                              7.500000   data required time
---------------------------------------------------------------------------------------------
                                              7.500000   data required time
                                             -0.594432   data arrival time
---------------------------------------------------------------------------------------------
                                              6.905568   slack (MET)


Startpoint: _43_ (rising edge-triggered flip-flop clocked by clk)
Endpoint: Q[3] (output port clocked by clk)
Path Group: clk
Path Type: max

Fanout         Cap        Slew       Delay        Time   Description
---------------------------------------------------------------------------------------------
                                  0.000000    0.000000   clock clk (rise edge)
                                  0.000000    0.000000   clock source latency
     1    0.010790    0.041225    0.027193    0.027193 ^ clk (in)
                                                         clk (net)
                      0.041236    0.000000    0.027193 ^ clkbuf_0_clk/A (sky130_fd_sc_hd__clkbuf_16)
     2    0.019728    0.031021    0.086894    0.114087 ^ clkbuf_0_clk/X (sky130_fd_sc_hd__clkbuf_16)
                                                         clknet_0_clk (net)
                      0.031043    0.001269    0.115357 ^ clkbuf_1_0__f_clk/A (sky130_fd_sc_hd__clkbuf_16)
     2    0.005943    0.021649    0.074527    0.189883 ^ clkbuf_1_0__f_clk/X (sky130_fd_sc_hd__clkbuf_16)
                                                         clknet_1_0__leaf_clk (net)
                      0.021650    0.000306    0.190190 ^ _43_/CLK (sky130_fd_sc_hd__dfxtp_2)
     2    0.005938    0.031515    0.193243    0.383433 ^ _43_/Q (sky130_fd_sc_hd__dfxtp_2)
                                                         net12 (net)
                      0.031515    0.000376    0.383809 ^ output12/A (sky130_fd_sc_hd__clkdlybuf4s25_1)
     1    0.012129    0.097994    0.205661    0.589470 ^ output12/X (sky130_fd_sc_hd__clkdlybuf4s25_1)
                                                         Q[3] (net)
                      0.097997    0.000666    0.590136 ^ Q[3] (out)
                                              0.590136   data arrival time

                                 10.000000   10.000000   clock clk (rise edge)
                                  0.000000   10.000000   clock network delay (propagated)
                                 -0.500000    9.500000   clock uncertainty
                                  0.000000    9.500000   clock reconvergence pessimism
                                 -2.000000    7.500000   output external delay
                                              7.500000   data required time
---------------------------------------------------------------------------------------------
                                              7.500000   data required time
                                             -0.590136   data arrival time
---------------------------------------------------------------------------------------------
                                              6.909864   slack (MET)



%OL_END_REPORT
%OL_CREATE_REPORT checks.rpt

===========================================================================
report_checks -unconstrained
===========================================================================
======================= max_ff_n40C_1v95 Corner ===================================

Startpoint: mode[1] (input port clocked by clk)
Endpoint: _40_ (rising edge-triggered flip-flop clocked by clk)
Path Group: clk
Path Type: max

Fanout         Cap        Slew       Delay        Time   Description
---------------------------------------------------------------------------------------------
                                  0.000000    0.000000   clock clk (rise edge)
                                  0.000000    0.000000   clock network delay (propagated)
                                  2.000000    2.000000 ^ input external delay
     1    0.004672    0.020589    0.012214    2.012214 ^ mode[1] (in)
                                                         mode[1] (net)
                      0.020591    0.000000    2.012214 ^ input7/A (sky130_fd_sc_hd__clkdlybuf4s25_1)
    11    0.035112    0.265779    0.319222    2.331436 ^ input7/X (sky130_fd_sc_hd__clkdlybuf4s25_1)
                                                         net7 (net)
                      0.265782    0.001390    2.332826 ^ _20_/A (sky130_fd_sc_hd__inv_2)
     4    0.015780    0.070558    0.047999    2.380826 v _20_/Y (sky130_fd_sc_hd__inv_2)
                                                         _04_ (net)
                      0.070579    0.000903    2.381728 v _26_/A2 (sky130_fd_sc_hd__a211o_2)
     1    0.002873    0.033156    0.210491    2.592219 v _26_/X (sky130_fd_sc_hd__a211o_2)
                                                         _10_ (net)
                      0.033156    0.000200    2.592419 v _27_/B1 (sky130_fd_sc_hd__o221a_2)
     1    0.002077    0.029675    0.142023    2.734443 v _27_/X (sky130_fd_sc_hd__o221a_2)
                                                         _00_ (net)
                      0.029675    0.000147    2.734590 v hold16/A (sky130_fd_sc_hd__dlygate4sd3_1)
     1    0.002658    0.037493    0.358515    3.093105 v hold16/X (sky130_fd_sc_hd__dlygate4sd3_1)
                                                         net16 (net)
                      0.037493    0.000173    3.093279 v _40_/D (sky130_fd_sc_hd__dfxtp_2)
                                              3.093279   data arrival time

                                 10.000000   10.000000   clock clk (rise edge)
                                  0.000000   10.000000   clock source latency
     1    0.010790    0.041225    0.027193   10.027194 ^ clk (in)
                                                         clk (net)
                      0.041236    0.000000   10.027194 ^ clkbuf_0_clk/A (sky130_fd_sc_hd__clkbuf_16)
     2    0.019728    0.031021    0.086894   10.114088 ^ clkbuf_0_clk/X (sky130_fd_sc_hd__clkbuf_16)
                                                         clknet_0_clk (net)
                      0.031043    0.001269   10.115356 ^ clkbuf_1_0__f_clk/A (sky130_fd_sc_hd__clkbuf_16)
     2    0.005943    0.021649    0.074527   10.189884 ^ clkbuf_1_0__f_clk/X (sky130_fd_sc_hd__clkbuf_16)
                                                         clknet_1_0__leaf_clk (net)
                      0.021650    0.000217   10.190101 ^ _40_/CLK (sky130_fd_sc_hd__dfxtp_2)
                                 -0.500000    9.690101   clock uncertainty
                                  0.000000    9.690101   clock reconvergence pessimism
                                 -0.074183    9.615918   library setup time
                                              9.615918   data required time
---------------------------------------------------------------------------------------------
                                              9.615918   data required time
                                             -3.093279   data arrival time
---------------------------------------------------------------------------------------------
                                              6.522639   slack (MET)




===========================================================================
report_checks --slack_max -0.01
============================================================================
======================= max_ff_n40C_1v95 Corner ===================================

No paths found.


===========================================================================
 report_check_types -max_slew -max_cap -max_fanout -violators
============================================================================
======================= max_ff_n40C_1v95 Corner ===================================



===========================================================================
report_parasitic_annotation -report_unannotated
============================================================================
Found 0 unannotated drivers.
Found 0 partially unannotated drivers.

===========================================================================
max slew violation count 0
%OL_METRIC_I design__max_slew_violation__count__corner:max_ff_n40C_1v95 0
max fanout violation count 0
%OL_METRIC_I design__max_fanout_violation__count__corner:max_ff_n40C_1v95 0
max cap violation count 0
%OL_METRIC_I design__max_cap_violation__count__corner:max_ff_n40C_1v95 0
============================================================================

===========================================================================
check_setup -verbose -unconstrained_endpoints -multiple_clock -no_clock -no_input_delay -loops -generated_clocks
===========================================================================
%OL_END_REPORT
%OL_CREATE_REPORT power.rpt

===========================================================================
 report_power
============================================================================
======================= max_ff_n40C_1v95 Corner ===================================

Group                    Internal    Switching      Leakage        Total
                            Power        Power        Power        Power (Watts)
------------------------------------------------------------------------
Sequential           2.041245e-05 1.094252e-06 7.817535e-11 2.150678e-05  19.6%
Combinational        1.149506e-05 6.642055e-06 4.900245e-10 1.813760e-05  16.5%
Clock                5.845678e-05 1.177958e-05 7.199791e-10 7.023707e-05  63.9%
Macro                0.000000e+00 0.000000e+00 0.000000e+00 0.000000e+00   0.0%
Pad                  0.000000e+00 0.000000e+00 0.000000e+00 0.000000e+00   0.0%
------------------------------------------------------------------------
Total                9.036428e-05 1.951589e-05 1.288179e-09 1.098815e-04 100.0%
                            82.2%        17.8%         0.0%
%OL_METRIC_F power__internal__total 9.036427945829928e-5
%OL_METRIC_F power__switching__total 1.9515891835908405e-5
%OL_METRIC_F power__leakage__total 1.2881793409746933e-9
%OL_METRIC_F power__total 0.0001098814609576948

%OL_END_REPORT
%OL_CREATE_REPORT skew.min.rpt

===========================================================================
Clock Skew (Hold)
============================================================================
%OL_METRIC_F clock__skew__worst_hold__corner:max_ff_n40C_1v95 -0.5005687672716013
======================= max_ff_n40C_1v95 Corner ===================================

Clock clk
0.189621 source latency _42_/CLK ^
-0.190190 target latency _43_/CLK ^
-0.500000 clock uncertainty
0.000000 CRPR
--------------
-0.500569 hold skew

%OL_END_REPORT
%OL_CREATE_REPORT skew.max.rpt

===========================================================================
Clock Skew (Setup)
============================================================================
%OL_METRIC_F clock__skew__worst_setup__corner:max_ff_n40C_1v95 0.5005687672716013
======================= max_ff_n40C_1v95 Corner ===================================

Clock clk
0.190190 source latency _43_/CLK ^
-0.189621 target latency _42_/CLK ^
0.500000 clock uncertainty
0.000000 CRPR
--------------
0.500569 setup skew

%OL_END_REPORT
%OL_CREATE_REPORT ws.min.rpt

===========================================================================
Worst Slack (Hold)
============================================================================
%OL_METRIC_F timing__hold__ws__corner:max_ff_n40C_1v95 0.12698054078743015
max_ff_n40C_1v95: 0.12698054078743015
%OL_END_REPORT
%OL_CREATE_REPORT ws.max.rpt

===========================================================================
Worst Slack (Setup)
============================================================================
%OL_METRIC_F timing__setup__ws__corner:max_ff_n40C_1v95 6.522639502024991
max_ff_n40C_1v95: 6.522639502024991
%OL_END_REPORT
%OL_CREATE_REPORT tns.min.rpt

===========================================================================
Total Negative Slack (Hold)
============================================================================
%OL_METRIC_F timing__hold__tns__corner:max_ff_n40C_1v95 0.0
max_ff_n40C_1v95: 0.0
%OL_END_REPORT
%OL_CREATE_REPORT tns.max.rpt

===========================================================================
Total Negative Slack (Setup)
============================================================================
%OL_METRIC_F timing__setup__tns__corner:max_ff_n40C_1v95 0.0
max_ff_n40C_1v95: 0.0
%OL_END_REPORT
%OL_CREATE_REPORT wns.min.rpt

===========================================================================
Worst Negative Slack (Hold)
============================================================================
%OL_METRIC_F timing__hold__wns__corner:max_ff_n40C_1v95 0
max_ff_n40C_1v95: 0
%OL_END_REPORT
%OL_CREATE_REPORT wns.max.rpt

===========================================================================
Worst Negative Slack (Setup)
============================================================================
%OL_METRIC_F timing__setup__wns__corner:max_ff_n40C_1v95 0.0
max_ff_n40C_1v95: 0.0
%OL_END_REPORT
%OL_CREATE_REPORT violator_list.rpt

===========================================================================
Violator List
============================================================================
%OL_METRIC_I timing__hold_vio__count__corner:max_ff_n40C_1v95 0
%OL_METRIC_F timing__hold_r2r__ws__corner:max_ff_n40C_1v95 0.250855
%OL_METRIC_I timing__hold_r2r_vio__count__corner:max_ff_n40C_1v95 0
%OL_METRIC_I timing__setup_vio__count__corner:max_ff_n40C_1v95 0
%OL_METRIC_F timing__setup_r2r__ws__corner:max_ff_n40C_1v95 inf
%OL_METRIC_I timing__setup_r2r_vio__count__corner:max_ff_n40C_1v95 0
%OL_END_REPORT
%OL_CREATE_REPORT unpropagated.rpt
%OL_END_REPORT
%OL_CREATE_REPORT clock.rpt
Clock: clk
Sources: clk 
Generated: no
Virtual: yes
Propagated: no
Period: 10.000000

===========================================================================
report_clock_properties
============================================================================
Clock                   Period          Waveform
----------------------------------------------------
clk                  10.000000    0.000000  5.000000

===========================================================================
report_clock_latency
============================================================================
Clock clk
rise -> rise
    min     max
0.000000 0.000000 source latency
0.189621         network latency _42_/CLK
        0.190190 network latency _43_/CLK
---------------
0.189621 0.190190 latency
        0.000569 skew

fall -> fall
    min     max
0.000000 0.000000 source latency
0.189579         network latency _42_/CLK
        0.190101 network latency _43_/CLK
---------------
0.189579 0.190101 latency
        0.000522 skew



===========================================================================
report_clock_min_period
============================================================================
clk period_min = 1.79 fmax = 557.81
%OL_END_REPORT
Writing SDF files for all corners…
Removing Clock latencies before writing libs…
Writing timing models for all corners…
Writing timing models for the max_ff_n40C_1v95 corner to /home/hk/pd_projects/runs/RUN_2026-06-03_20-26-11/55-openroad-stapostpnr/max_ff_n40C_1v95/u_s_r__max_ff_n40C_1v95.lib…
