
===========================================================================
report_checks -unconstrained
===========================================================================
======================= nom_tt_025C_1v80 Corner ===================================

Startpoint: mode[1] (input port clocked by clk)
Endpoint: _40_ (rising edge-triggered flip-flop clocked by clk)
Path Group: clk
Path Type: max

Fanout         Cap        Slew       Delay        Time   Description
---------------------------------------------------------------------------------------------
                                  0.000000    0.000000   clock clk (rise edge)
                                  0.000000    0.000000   clock network delay (propagated)
                                  2.000000    2.000000 v input external delay
     1    0.003903    0.011189    0.006317    2.006317 v mode[1] (in)
                                                         mode[1] (net)
                      0.011195    0.000000    2.006317 v input7/A (sky130_fd_sc_hd__clkdlybuf4s25_1)
    11    0.029971    0.224868    0.377612    2.383929 v input7/X (sky130_fd_sc_hd__clkdlybuf4s25_1)
                                                         net7 (net)
                      0.224868    0.000451    2.384380 v _22_/B (sky130_fd_sc_hd__and3_2)
     1    0.003833    0.040310    0.275283    2.659663 v _22_/X (sky130_fd_sc_hd__and3_2)
                                                         _06_ (net)
                      0.040310    0.000138    2.659801 v _26_/B1 (sky130_fd_sc_hd__a211o_2)
     1    0.003105    0.047074    0.296576    2.956377 v _26_/X (sky130_fd_sc_hd__a211o_2)
                                                         _10_ (net)
                      0.047074    0.000073    2.956450 v _27_/B1 (sky130_fd_sc_hd__o221a_2)
     1    0.002625    0.041925    0.237421    3.193871 v _27_/X (sky130_fd_sc_hd__o221a_2)
                                                         _00_ (net)
                      0.041925    0.000084    3.193954 v hold16/A (sky130_fd_sc_hd__dlygate4sd3_1)
     1    0.003044    0.054589    0.549187    3.743141 v hold16/X (sky130_fd_sc_hd__dlygate4sd3_1)
                                                         net16 (net)
                      0.054589    0.000099    3.743241 v _40_/D (sky130_fd_sc_hd__dfxtp_2)
                                              3.743241   data arrival time

                                 10.000000   10.000000   clock clk (rise edge)
                                  0.000000   10.000000   clock source latency
     1    0.010070    0.051754    0.034336   10.034336 ^ clk (in)
                                                         clk (net)
                      0.051757    0.000000   10.034336 ^ clkbuf_0_clk/A (sky130_fd_sc_hd__clkbuf_16)
     2    0.018752    0.040780    0.126537   10.160873 ^ clkbuf_0_clk/X (sky130_fd_sc_hd__clkbuf_16)
                                                         clknet_0_clk (net)
                      0.040783    0.000616   10.161489 ^ clkbuf_1_0__f_clk/A (sky130_fd_sc_hd__clkbuf_16)
     2    0.005436    0.029163    0.109509   10.270999 ^ clkbuf_1_0__f_clk/X (sky130_fd_sc_hd__clkbuf_16)
                                                         clknet_1_0__leaf_clk (net)
                      0.029163    0.000115   10.271113 ^ _40_/CLK (sky130_fd_sc_hd__dfxtp_2)
                                 -0.500000    9.771113   clock uncertainty
                                  0.000000    9.771113   clock reconvergence pessimism
                                 -0.120773    9.650340   library setup time
                                              9.650340   data required time
---------------------------------------------------------------------------------------------
                                              9.650340   data required time
                                             -3.743241   data arrival time
---------------------------------------------------------------------------------------------
                                              5.907099   slack (MET)




===========================================================================
report_checks --slack_max -0.01
============================================================================
======================= nom_tt_025C_1v80 Corner ===================================

No paths found.


===========================================================================
 report_check_types -max_slew -max_cap -max_fanout -violators
============================================================================
======================= nom_tt_025C_1v80 Corner ===================================



===========================================================================
report_parasitic_annotation -report_unannotated
============================================================================
Found 0 unannotated drivers.
Found 0 partially unannotated drivers.

===========================================================================
max slew violation count 0
Writing metric design__max_slew_violation__count__corner:nom_tt_025C_1v80: 0
max fanout violation count 0
Writing metric design__max_fanout_violation__count__corner:nom_tt_025C_1v80: 0
max cap violation count 0
Writing metric design__max_cap_violation__count__corner:nom_tt_025C_1v80: 0
============================================================================

===========================================================================
check_setup -verbose -unconstrained_endpoints -multiple_clock -no_clock -no_input_delay -loops -generated_clocks
===========================================================================
