Clock: clk
Sources: clk 
Generated: no
Virtual: yes
Propagated: no
Period: 10.000000

===========================================================================
report_clock_properties
============================================================================
Clock                   Period          Waveform
----------------------------------------------------
clk                  10.000000    0.000000  5.000000

===========================================================================
report_clock_latency
============================================================================
Clock clk
rise -> rise
    min     max
0.000000 0.000000 source latency
0.270239         network latency _42_/CLK
        0.271140 network latency _43_/CLK
---------------
0.270239 0.271140 latency
        0.000901 skew

fall -> fall
    min     max
0.000000 0.000000 source latency
0.277894         network latency _42_/CLK
        0.278716 network latency _43_/CLK
---------------
0.277894 0.278716 latency
        0.000822 skew



===========================================================================
report_clock_min_period
============================================================================
clk period_min = 2.52 fmax = 396.64
