
===========================================================================
report_checks -path_delay min (Hold)
============================================================================
======================= nom_tt_025C_1v80 Corner ===================================

Startpoint: rst (input port clocked by clk)
Endpoint: _42_ (rising edge-triggered flip-flop clocked by clk)
Path Group: clk
Path Type: min

Fanout         Cap        Slew       Delay        Time   Description
---------------------------------------------------------------------------------------------
                                  0.000000    0.000000   clock clk (rise edge)
                                  0.000000    0.000000   clock network delay (propagated)
                                  0.500000    0.500000 ^ input external delay
     1    0.004059    0.025203    0.014749    0.514749 ^ rst (in)
                                                         rst (net)
                      0.025204    0.000000    0.514749 ^ input8/A (sky130_fd_sc_hd__clkdlybuf4s25_1)
     1    0.005416    0.067972    0.254449    0.769198 ^ input8/X (sky130_fd_sc_hd__clkdlybuf4s25_1)
                                                         net8 (net)
                      0.067972    0.000183    0.769381 ^ _21_/A (sky130_fd_sc_hd__inv_2)
     4    0.014265    0.038691    0.055137    0.824518 v _21_/Y (sky130_fd_sc_hd__inv_2)
                                                         _05_ (net)
                      0.038693    0.000347    0.824866 v _35_/C1 (sky130_fd_sc_hd__o211a_2)
     1    0.003083    0.024618    0.109243    0.934109 v _35_/X (sky130_fd_sc_hd__o211a_2)
                                                         _02_ (net)
                      0.024618    0.000105    0.934214 v _42_/D (sky130_fd_sc_hd__dfxtp_2)
                                              0.934214   data arrival time

                                  0.000000    0.000000   clock clk (rise edge)
                                  0.000000    0.000000   clock source latency
     1    0.010070    0.051754    0.034336    0.034336 ^ clk (in)
                                                         clk (net)
                      0.051757    0.000000    0.034336 ^ clkbuf_0_clk/A (sky130_fd_sc_hd__clkbuf_16)
     2    0.018752    0.040780    0.126537    0.160873 ^ clkbuf_0_clk/X (sky130_fd_sc_hd__clkbuf_16)
                                                         clknet_0_clk (net)
                      0.040783    0.000579    0.161452 ^ clkbuf_1_1__f_clk/A (sky130_fd_sc_hd__clkbuf_16)
     2    0.004755    0.028540    0.108698    0.270150 ^ clkbuf_1_1__f_clk/X (sky130_fd_sc_hd__clkbuf_16)
                                                         clknet_1_1__leaf_clk (net)
                      0.028540    0.000089    0.270239 ^ _42_/CLK (sky130_fd_sc_hd__dfxtp_2)
                                  0.500000    0.770239   clock uncertainty
                                  0.000000    0.770239   clock reconvergence pessimism
                                 -0.041362    0.728877   library hold time
                                              0.728877   data required time
---------------------------------------------------------------------------------------------
                                              0.728877   data required time
                                             -0.934214   data arrival time
---------------------------------------------------------------------------------------------
                                              0.205337   slack (MET)


Startpoint: _41_ (rising edge-triggered flip-flop clocked by clk)
Endpoint: _40_ (rising edge-triggered flip-flop clocked by clk)
Path Group: clk
Path Type: min

Fanout         Cap        Slew       Delay        Time   Description
---------------------------------------------------------------------------------------------
                                  0.000000    0.000000   clock clk (rise edge)
                                  0.000000    0.000000   clock source latency
     1    0.010070    0.051754    0.034336    0.034336 ^ clk (in)
                                                         clk (net)
                      0.051757    0.000000    0.034336 ^ clkbuf_0_clk/A (sky130_fd_sc_hd__clkbuf_16)
     2    0.018752    0.040780    0.126537    0.160873 ^ clkbuf_0_clk/X (sky130_fd_sc_hd__clkbuf_16)
                                                         clknet_0_clk (net)
                      0.040783    0.000579    0.161452 ^ clkbuf_1_1__f_clk/A (sky130_fd_sc_hd__clkbuf_16)
     2    0.004755    0.028540    0.108698    0.270150 ^ clkbuf_1_1__f_clk/X (sky130_fd_sc_hd__clkbuf_16)
                                                         clknet_1_1__leaf_clk (net)
                      0.028540    0.000096    0.270246 ^ _41_/CLK (sky130_fd_sc_hd__dfxtp_2)
     3    0.011293    0.067496    0.330436    0.600682 ^ _41_/Q (sky130_fd_sc_hd__dfxtp_2)
                                                         net10 (net)
                      0.067499    0.000521    0.601203 ^ _26_/A1 (sky130_fd_sc_hd__a211o_2)
     1    0.003275    0.027414    0.119901    0.721103 ^ _26_/X (sky130_fd_sc_hd__a211o_2)
                                                         _10_ (net)
                      0.027414    0.000077    0.721180 ^ _27_/B1 (sky130_fd_sc_hd__o221a_2)
     1    0.002790    0.040419    0.166062    0.887243 ^ _27_/X (sky130_fd_sc_hd__o221a_2)
                                                         _00_ (net)
                      0.040419    0.000090    0.887333 ^ hold16/A (sky130_fd_sc_hd__dlygate4sd3_1)
     1    0.003037    0.054963    0.535576    1.422909 ^ hold16/X (sky130_fd_sc_hd__dlygate4sd3_1)
                                                         net16 (net)
                      0.054963    0.000099    1.423008 ^ _40_/D (sky130_fd_sc_hd__dfxtp_2)
                                              1.423008   data arrival time

                                  0.000000    0.000000   clock clk (rise edge)
                                  0.000000    0.000000   clock source latency
     1    0.010070    0.051754    0.034336    0.034336 ^ clk (in)
                                                         clk (net)
                      0.051757    0.000000    0.034336 ^ clkbuf_0_clk/A (sky130_fd_sc_hd__clkbuf_16)
     2    0.018752    0.040780    0.126537    0.160873 ^ clkbuf_0_clk/X (sky130_fd_sc_hd__clkbuf_16)
                                                         clknet_0_clk (net)
                      0.040783    0.000617    0.161490 ^ clkbuf_1_0__f_clk/A (sky130_fd_sc_hd__clkbuf_16)
     2    0.005436    0.029163    0.109509    0.270999 ^ clkbuf_1_0__f_clk/X (sky130_fd_sc_hd__clkbuf_16)
                                                         clknet_1_0__leaf_clk (net)
                      0.029163    0.000114    0.271113 ^ _40_/CLK (sky130_fd_sc_hd__dfxtp_2)
                                  0.500000    0.771113   clock uncertainty
                                  0.000000    0.771113   clock reconvergence pessimism
                                 -0.035342    0.735771   library hold time
                                              0.735771   data required time
---------------------------------------------------------------------------------------------
                                              0.735771   data required time
                                             -1.423008   data arrival time
---------------------------------------------------------------------------------------------
                                              0.687237   slack (MET)


Startpoint: _42_ (rising edge-triggered flip-flop clocked by clk)
Endpoint: _43_ (rising edge-triggered flip-flop clocked by clk)
Path Group: clk
Path Type: min

Fanout         Cap        Slew       Delay        Time   Description
---------------------------------------------------------------------------------------------
                                  0.000000    0.000000   clock clk (rise edge)
                                  0.000000    0.000000   clock source latency
     1    0.010070    0.051754    0.034336    0.034336 ^ clk (in)
                                                         clk (net)
                      0.051757    0.000000    0.034336 ^ clkbuf_0_clk/A (sky130_fd_sc_hd__clkbuf_16)
     2    0.018752    0.040780    0.126537    0.160873 ^ clkbuf_0_clk/X (sky130_fd_sc_hd__clkbuf_16)
                                                         clknet_0_clk (net)
                      0.040783    0.000579    0.161452 ^ clkbuf_1_1__f_clk/A (sky130_fd_sc_hd__clkbuf_16)
     2    0.004755    0.028540    0.108698    0.270150 ^ clkbuf_1_1__f_clk/X (sky130_fd_sc_hd__clkbuf_16)
                                                         clknet_1_1__leaf_clk (net)
                      0.028540    0.000089    0.270239 ^ _42_/CLK (sky130_fd_sc_hd__dfxtp_2)
     4    0.013362    0.076540    0.338027    0.608266 ^ _42_/Q (sky130_fd_sc_hd__dfxtp_2)
                                                         net11 (net)
                      0.076540    0.000192    0.608457 ^ _37_/C (sky130_fd_sc_hd__and3b_2)
     1    0.003488    0.045436    0.181095    0.789552 ^ _37_/X (sky130_fd_sc_hd__and3b_2)
                                                         _18_ (net)
                      0.045436    0.000115    0.789668 ^ _39_/B1 (sky130_fd_sc_hd__o221a_2)
     1    0.003068    0.041753    0.173412    0.963080 ^ _39_/X (sky130_fd_sc_hd__o221a_2)
                                                         _03_ (net)
                      0.041753    0.000080    0.963159 ^ hold14/A (sky130_fd_sc_hd__dlygate4sd3_1)
     1    0.001886    0.045900    0.525186    1.488345 ^ hold14/X (sky130_fd_sc_hd__dlygate4sd3_1)
                                                         net14 (net)
                      0.045900    0.000036    1.488382 ^ _43_/D (sky130_fd_sc_hd__dfxtp_2)
                                              1.488382   data arrival time

                                  0.000000    0.000000   clock clk (rise edge)
                                  0.000000    0.000000   clock source latency
     1    0.010070    0.051754    0.034336    0.034336 ^ clk (in)
                                                         clk (net)
                      0.051757    0.000000    0.034336 ^ clkbuf_0_clk/A (sky130_fd_sc_hd__clkbuf_16)
     2    0.018752    0.040780    0.126537    0.160873 ^ clkbuf_0_clk/X (sky130_fd_sc_hd__clkbuf_16)
                                                         clknet_0_clk (net)
                      0.040783    0.000617    0.161490 ^ clkbuf_1_0__f_clk/A (sky130_fd_sc_hd__clkbuf_16)
     2    0.005436    0.029163    0.109509    0.270999 ^ clkbuf_1_0__f_clk/X (sky130_fd_sc_hd__clkbuf_16)
                                                         clknet_1_0__leaf_clk (net)
                      0.029164    0.000142    0.271140 ^ _43_/CLK (sky130_fd_sc_hd__dfxtp_2)
                                  0.500000    0.771140   clock uncertainty
                                  0.000000    0.771140   clock reconvergence pessimism
                                 -0.033461    0.737679   library hold time
                                              0.737679   data required time
---------------------------------------------------------------------------------------------
                                              0.737679   data required time
                                             -1.488382   data arrival time
---------------------------------------------------------------------------------------------
                                              0.750703   slack (MET)


Startpoint: rst (input port clocked by clk)
Endpoint: _41_ (rising edge-triggered flip-flop clocked by clk)
Path Group: clk
Path Type: min

Fanout         Cap        Slew       Delay        Time   Description
---------------------------------------------------------------------------------------------
                                  0.000000    0.000000   clock clk (rise edge)
                                  0.000000    0.000000   clock network delay (propagated)
                                  0.500000    0.500000 ^ input external delay
     1    0.004059    0.025203    0.014749    0.514749 ^ rst (in)
                                                         rst (net)
                      0.025204    0.000000    0.514749 ^ input8/A (sky130_fd_sc_hd__clkdlybuf4s25_1)
     1    0.005416    0.067972    0.254449    0.769198 ^ input8/X (sky130_fd_sc_hd__clkdlybuf4s25_1)
                                                         net8 (net)
                      0.067972    0.000183    0.769381 ^ _21_/A (sky130_fd_sc_hd__inv_2)
     4    0.014265    0.038691    0.055137    0.824518 v _21_/Y (sky130_fd_sc_hd__inv_2)
                                                         _05_ (net)
                      0.038691    0.000196    0.824714 v _31_/C1 (sky130_fd_sc_hd__o221a_2)
     1    0.003672    0.028522    0.116763    0.941477 v _31_/X (sky130_fd_sc_hd__o221a_2)
                                                         _01_ (net)
                      0.028533    0.000128    0.941605 v hold18/A (sky130_fd_sc_hd__dlygate4sd3_1)
     1    0.002718    0.052653    0.541010    1.482615 v hold18/X (sky130_fd_sc_hd__dlygate4sd3_1)
                                                         net18 (net)
                      0.052653    0.000086    1.482702 v _41_/D (sky130_fd_sc_hd__dfxtp_2)
                                              1.482702   data arrival time

                                  0.000000    0.000000   clock clk (rise edge)
                                  0.000000    0.000000   clock source latency
     1    0.010070    0.051754    0.034336    0.034336 ^ clk (in)
                                                         clk (net)
                      0.051757    0.000000    0.034336 ^ clkbuf_0_clk/A (sky130_fd_sc_hd__clkbuf_16)
     2    0.018752    0.040780    0.126537    0.160873 ^ clkbuf_0_clk/X (sky130_fd_sc_hd__clkbuf_16)
                                                         clknet_0_clk (net)
                      0.040783    0.000579    0.161452 ^ clkbuf_1_1__f_clk/A (sky130_fd_sc_hd__clkbuf_16)
     2    0.004755    0.028540    0.108698    0.270150 ^ clkbuf_1_1__f_clk/X (sky130_fd_sc_hd__clkbuf_16)
                                                         clknet_1_1__leaf_clk (net)
                      0.028540    0.000096    0.270246 ^ _41_/CLK (sky130_fd_sc_hd__dfxtp_2)
                                  0.500000    0.770246   clock uncertainty
                                  0.000000    0.770246   clock reconvergence pessimism
                                 -0.052853    0.717393   library hold time
                                              0.717393   data required time
---------------------------------------------------------------------------------------------
                                              0.717393   data required time
                                             -1.482702   data arrival time
---------------------------------------------------------------------------------------------
                                              0.765309   slack (MET)


Startpoint: _43_ (rising edge-triggered flip-flop clocked by clk)
Endpoint: Q[3] (output port clocked by clk)
Path Group: clk
Path Type: min

Fanout         Cap        Slew       Delay        Time   Description
---------------------------------------------------------------------------------------------
                                  0.000000    0.000000   clock clk (rise edge)
                                  0.000000    0.000000   clock source latency
     1    0.010070    0.051754    0.034336    0.034336 ^ clk (in)
                                                         clk (net)
                      0.051757    0.000000    0.034336 ^ clkbuf_0_clk/A (sky130_fd_sc_hd__clkbuf_16)
     2    0.018752    0.040780    0.126537    0.160873 ^ clkbuf_0_clk/X (sky130_fd_sc_hd__clkbuf_16)
                                                         clknet_0_clk (net)
                      0.040783    0.000617    0.161490 ^ clkbuf_1_0__f_clk/A (sky130_fd_sc_hd__clkbuf_16)
     2    0.005436    0.029163    0.109509    0.270999 ^ clkbuf_1_0__f_clk/X (sky130_fd_sc_hd__clkbuf_16)
                                                         clknet_1_0__leaf_clk (net)
                      0.029164    0.000142    0.271140 ^ _43_/CLK (sky130_fd_sc_hd__dfxtp_2)
     2    0.005719    0.029215    0.304914    0.576055 v _43_/Q (sky130_fd_sc_hd__dfxtp_2)
                                                         net12 (net)
                      0.029215    0.000185    0.576239 v output12/A (sky130_fd_sc_hd__clkdlybuf4s25_1)
     1    0.011931    0.099601    0.288594    0.864833 v output12/X (sky130_fd_sc_hd__clkdlybuf4s25_1)
                                                         Q[3] (net)
                      0.099601    0.000376    0.865210 v Q[3] (out)
                                              0.865210   data arrival time

                                  0.000000    0.000000   clock clk (rise edge)
                                  0.000000    0.000000   clock network delay (propagated)
                                  0.500000    0.500000   clock uncertainty
                                  0.000000    0.500000   clock reconvergence pessimism
                                 -0.500000    0.000000   output external delay
                                              0.000000   data required time
---------------------------------------------------------------------------------------------
                                              0.000000   data required time
                                             -0.865210   data arrival time
---------------------------------------------------------------------------------------------
                                              0.865210   slack (MET)


Startpoint: _40_ (rising edge-triggered flip-flop clocked by clk)
Endpoint: Q[0] (output port clocked by clk)
Path Group: clk
Path Type: min

Fanout         Cap        Slew       Delay        Time   Description
---------------------------------------------------------------------------------------------
                                  0.000000    0.000000   clock clk (rise edge)
                                  0.000000    0.000000   clock source latency
     1    0.010070    0.051754    0.034336    0.034336 ^ clk (in)
                                                         clk (net)
                      0.051757    0.000000    0.034336 ^ clkbuf_0_clk/A (sky130_fd_sc_hd__clkbuf_16)
     2    0.018752    0.040780    0.126537    0.160873 ^ clkbuf_0_clk/X (sky130_fd_sc_hd__clkbuf_16)
                                                         clknet_0_clk (net)
                      0.040783    0.000617    0.161490 ^ clkbuf_1_0__f_clk/A (sky130_fd_sc_hd__clkbuf_16)
     2    0.005436    0.029163    0.109509    0.270999 ^ clkbuf_1_0__f_clk/X (sky130_fd_sc_hd__clkbuf_16)
                                                         clknet_1_0__leaf_clk (net)
                      0.029163    0.000114    0.271113 ^ _40_/CLK (sky130_fd_sc_hd__dfxtp_2)
     2    0.006450    0.030736    0.306784    0.577897 v _40_/Q (sky130_fd_sc_hd__dfxtp_2)
                                                         net9 (net)
                      0.030736    0.000204    0.578101 v output9/A (sky130_fd_sc_hd__clkdlybuf4s25_1)
     1    0.011487    0.096569    0.286883    0.864984 v output9/X (sky130_fd_sc_hd__clkdlybuf4s25_1)
                                                         Q[0] (net)
                      0.096569    0.000313    0.865297 v Q[0] (out)
                                              0.865297   data arrival time

                                  0.000000    0.000000   clock clk (rise edge)
                                  0.000000    0.000000   clock network delay (propagated)
                                  0.500000    0.500000   clock uncertainty
                                  0.000000    0.500000   clock reconvergence pessimism
                                 -0.500000    0.000000   output external delay
                                              0.000000   data required time
---------------------------------------------------------------------------------------------
                                              0.000000   data required time
                                             -0.865297   data arrival time
---------------------------------------------------------------------------------------------
                                              0.865297   slack (MET)


Startpoint: _41_ (rising edge-triggered flip-flop clocked by clk)
Endpoint: Q[1] (output port clocked by clk)
Path Group: clk
Path Type: min

Fanout         Cap        Slew       Delay        Time   Description
---------------------------------------------------------------------------------------------
                                  0.000000    0.000000   clock clk (rise edge)
                                  0.000000    0.000000   clock source latency
     1    0.010070    0.051754    0.034336    0.034336 ^ clk (in)
                                                         clk (net)
                      0.051757    0.000000    0.034336 ^ clkbuf_0_clk/A (sky130_fd_sc_hd__clkbuf_16)
     2    0.018752    0.040780    0.126537    0.160873 ^ clkbuf_0_clk/X (sky130_fd_sc_hd__clkbuf_16)
                                                         clknet_0_clk (net)
                      0.040783    0.000579    0.161452 ^ clkbuf_1_1__f_clk/A (sky130_fd_sc_hd__clkbuf_16)
     2    0.004755    0.028540    0.108698    0.270150 ^ clkbuf_1_1__f_clk/X (sky130_fd_sc_hd__clkbuf_16)
                                                         clknet_1_1__leaf_clk (net)
                      0.028540    0.000096    0.270246 ^ _41_/CLK (sky130_fd_sc_hd__dfxtp_2)
     3    0.010689    0.040552    0.317215    0.587461 v _41_/Q (sky130_fd_sc_hd__dfxtp_2)
                                                         net10 (net)
                      0.040552    0.000430    0.587891 v output10/A (sky130_fd_sc_hd__clkdlybuf4s25_1)
     1    0.011741    0.098328    0.292482    0.880373 v output10/X (sky130_fd_sc_hd__clkdlybuf4s25_1)
                                                         Q[1] (net)
                      0.098328    0.000272    0.880645 v Q[1] (out)
                                              0.880645   data arrival time

                                  0.000000    0.000000   clock clk (rise edge)
                                  0.000000    0.000000   clock network delay (propagated)
                                  0.500000    0.500000   clock uncertainty
                                  0.000000    0.500000   clock reconvergence pessimism
                                 -0.500000    0.000000   output external delay
                                              0.000000   data required time
---------------------------------------------------------------------------------------------
                                              0.000000   data required time
                                             -0.880645   data arrival time
---------------------------------------------------------------------------------------------
                                              0.880645   slack (MET)


Startpoint: _42_ (rising edge-triggered flip-flop clocked by clk)
Endpoint: Q[2] (output port clocked by clk)
Path Group: clk
Path Type: min

Fanout         Cap        Slew       Delay        Time   Description
---------------------------------------------------------------------------------------------
                                  0.000000    0.000000   clock clk (rise edge)
                                  0.000000    0.000000   clock source latency
     1    0.010070    0.051754    0.034336    0.034336 ^ clk (in)
                                                         clk (net)
                      0.051757    0.000000    0.034336 ^ clkbuf_0_clk/A (sky130_fd_sc_hd__clkbuf_16)
     2    0.018752    0.040780    0.126537    0.160873 ^ clkbuf_0_clk/X (sky130_fd_sc_hd__clkbuf_16)
                                                         clknet_0_clk (net)
                      0.040783    0.000579    0.161452 ^ clkbuf_1_1__f_clk/A (sky130_fd_sc_hd__clkbuf_16)
     2    0.004755    0.028540    0.108698    0.270150 ^ clkbuf_1_1__f_clk/X (sky130_fd_sc_hd__clkbuf_16)
                                                         clknet_1_1__leaf_clk (net)
                      0.028540    0.000089    0.270239 ^ _42_/CLK (sky130_fd_sc_hd__dfxtp_2)
     4    0.012406    0.043033    0.321709    0.591948 v _42_/Q (sky130_fd_sc_hd__dfxtp_2)
                                                         net11 (net)
                      0.043033    0.000223    0.592170 v output11/A (sky130_fd_sc_hd__clkdlybuf4s25_1)
     1    0.011583    0.097281    0.292655    0.884825 v output11/X (sky130_fd_sc_hd__clkdlybuf4s25_1)
                                                         Q[2] (net)
                      0.097281    0.000340    0.885165 v Q[2] (out)
                                              0.885165   data arrival time

                                  0.000000    0.000000   clock clk (rise edge)
                                  0.000000    0.000000   clock network delay (propagated)
                                  0.500000    0.500000   clock uncertainty
                                  0.000000    0.500000   clock reconvergence pessimism
                                 -0.500000    0.000000   output external delay
                                              0.000000   data required time
---------------------------------------------------------------------------------------------
                                              0.000000   data required time
                                             -0.885165   data arrival time
---------------------------------------------------------------------------------------------
                                              0.885165   slack (MET)



