
===========================================================================
 report_power
============================================================================
======================= nom_tt_025C_1v80 Corner ===================================

Group                    Internal    Switching      Leakage        Total
                            Power        Power        Power        Power (Watts)
------------------------------------------------------------------------
Sequential           1.761443e-05 8.718935e-07 3.442982e-11 1.848636e-05  19.7%
Combinational        1.007027e-05 5.147527e-06 1.771708e-10 1.521797e-05  16.2%
Clock                5.073465e-05 9.377702e-06 1.147302e-10 6.011247e-05  64.1%
Macro                0.000000e+00 0.000000e+00 0.000000e+00 0.000000e+00   0.0%
Pad                  0.000000e+00 0.000000e+00 0.000000e+00 0.000000e+00   0.0%
------------------------------------------------------------------------
Total                7.841935e-05 1.539712e-05 3.263306e-10 9.381679e-05 100.0%
                            83.6%        16.4%         0.0%
Writing metric power__internal__total: 7.841934711905196e-5
Writing metric power__switching__total: 1.539712138765026e-5
Writing metric power__leakage__total: 3.263306014300582e-10
Writing metric power__total: 9.381679410580546e-5

