Clock: clk
Sources: clk 
Generated: no
Virtual: yes
Propagated: no
Period: 10.000000

===========================================================================
report_clock_properties
============================================================================
Clock                   Period          Waveform
----------------------------------------------------
clk                  10.000000    0.000000  5.000000

===========================================================================
report_clock_latency
============================================================================
Clock clk
rise -> rise
    min     max
0.000000 0.000000 source latency
0.270888         network latency _40_/CLK
        0.272168 network latency _43_/CLK
---------------
0.270888 0.272168 latency
        0.001279 skew

fall -> fall
    min     max
0.000000 0.000000 source latency
0.278383         network latency _40_/CLK
        0.279551 network latency _43_/CLK
---------------
0.278383 0.279551 latency
        0.001168 skew



===========================================================================
report_clock_min_period
============================================================================
clk period_min = 2.50 fmax = 400.16
