
===========================================================================
report_checks -path_delay max (Setup)
============================================================================
======================= nom_tt_025C_1v80 Corner ===================================

Startpoint: mode[1] (input port clocked by clk)
Endpoint: _40_ (rising edge-triggered flip-flop clocked by clk)
Path Group: clk
Path Type: max

Fanout         Cap        Slew       Delay        Time   Description
---------------------------------------------------------------------------------------------
                                  0.000000    0.000000   clock clk (rise edge)
                                  0.000000    0.000000   clock network delay (propagated)
                                  2.000000    2.000000 v input external delay
     1    0.003420    0.010059    0.005490    2.005490 v mode[1] (in)
                                                         mode[1] (net)
                      0.010060    0.000000    2.005490 v input7/A (sky130_fd_sc_hd__clkdlybuf4s25_1)
    11    0.032660    0.244354    0.390563    2.396054 v input7/X (sky130_fd_sc_hd__clkdlybuf4s25_1)
                                                         net7 (net)
                      0.244355    0.000838    2.396891 v _22_/B (sky130_fd_sc_hd__and3_2)
     1    0.003978    0.040781    0.285264    2.682155 v _22_/X (sky130_fd_sc_hd__and3_2)
                                                         _06_ (net)
                      0.040781    0.000130    2.682285 v _26_/B1 (sky130_fd_sc_hd__a211o_2)
     1    0.003816    0.049966    0.301122    2.983407 v _26_/X (sky130_fd_sc_hd__a211o_2)
                                                         _10_ (net)
                      0.049966    0.000117    2.983524 v _27_/B1 (sky130_fd_sc_hd__o221a_2)
     1    0.002834    0.042488    0.239800    3.223324 v _27_/X (sky130_fd_sc_hd__o221a_2)
                                                         _00_ (net)
                      0.042488    0.000080    3.223404 v hold14/A (sky130_fd_sc_hd__dlygate4sd3_1)
     1    0.002162    0.049771    0.541403    3.764807 v hold14/X (sky130_fd_sc_hd__dlygate4sd3_1)
                                                         net14 (net)
                      0.049771    0.000060    3.764867 v _40_/D (sky130_fd_sc_hd__dfxtp_2)
                                              3.764867   data arrival time

                                 10.000000   10.000000   clock clk (rise edge)
                                  0.000000   10.000000   clock source latency
     1    0.010067    0.051730    0.034284   10.034284 ^ clk (in)
                                                         clk (net)
                      0.051731    0.000000   10.034284 ^ clkbuf_0_clk/A (sky130_fd_sc_hd__clkbuf_16)
     2    0.019718    0.041599    0.127471   10.161756 ^ clkbuf_0_clk/X (sky130_fd_sc_hd__clkbuf_16)
                                                         clknet_0_clk (net)
                      0.041601    0.000512   10.162268 ^ clkbuf_1_1__f_clk/A (sky130_fd_sc_hd__clkbuf_16)
     2    0.004365    0.028178    0.108527   10.270795 ^ clkbuf_1_1__f_clk/X (sky130_fd_sc_hd__clkbuf_16)
                                                         clknet_1_1__leaf_clk (net)
                      0.028178    0.000093   10.270888 ^ _40_/CLK (sky130_fd_sc_hd__dfxtp_2)
                                 -0.500000    9.770888   clock uncertainty
                                  0.000000    9.770888   clock reconvergence pessimism
                                 -0.118899    9.651990   library setup time
                                              9.651990   data required time
---------------------------------------------------------------------------------------------
                                              9.651990   data required time
                                             -3.764867   data arrival time
---------------------------------------------------------------------------------------------
                                              5.887123   slack (MET)


Startpoint: mode[1] (input port clocked by clk)
Endpoint: _43_ (rising edge-triggered flip-flop clocked by clk)
Path Group: clk
Path Type: max

Fanout         Cap        Slew       Delay        Time   Description
---------------------------------------------------------------------------------------------
                                  0.000000    0.000000   clock clk (rise edge)
                                  0.000000    0.000000   clock network delay (propagated)
                                  2.000000    2.000000 v input external delay
     1    0.003420    0.010059    0.005490    2.005490 v mode[1] (in)
                                                         mode[1] (net)
                      0.010060    0.000000    2.005490 v input7/A (sky130_fd_sc_hd__clkdlybuf4s25_1)
    11    0.032660    0.244354    0.390563    2.396054 v input7/X (sky130_fd_sc_hd__clkdlybuf4s25_1)
                                                         net7 (net)
                      0.244364    0.001706    2.397760 v _36_/B (sky130_fd_sc_hd__and3_2)
     1    0.002773    0.037142    0.279292    2.677052 v _36_/X (sky130_fd_sc_hd__and3_2)
                                                         _17_ (net)
                      0.037142    0.000081    2.677133 v _38_/C1 (sky130_fd_sc_hd__a211o_2)
     1    0.006105    0.056490    0.272993    2.950126 v _38_/X (sky130_fd_sc_hd__a211o_2)
                                                         _19_ (net)
                      0.056490    0.000219    2.950345 v _39_/B2 (sky130_fd_sc_hd__o221a_2)
     1    0.002350    0.041171    0.221283    3.171628 v _39_/X (sky130_fd_sc_hd__o221a_2)
                                                         _03_ (net)
                      0.041171    0.000067    3.171695 v hold16/A (sky130_fd_sc_hd__dlygate4sd3_1)
     1    0.001990    0.049000    0.539329    3.711023 v hold16/X (sky130_fd_sc_hd__dlygate4sd3_1)
                                                         net16 (net)
                      0.049000    0.000056    3.711079 v _43_/D (sky130_fd_sc_hd__dfxtp_2)
                                              3.711079   data arrival time

                                 10.000000   10.000000   clock clk (rise edge)
                                  0.000000   10.000000   clock source latency
     1    0.010067    0.051730    0.034284   10.034284 ^ clk (in)
                                                         clk (net)
                      0.051731    0.000000   10.034284 ^ clkbuf_0_clk/A (sky130_fd_sc_hd__clkbuf_16)
     2    0.019718    0.041599    0.127471   10.161756 ^ clkbuf_0_clk/X (sky130_fd_sc_hd__clkbuf_16)
                                                         clknet_0_clk (net)
                      0.041602    0.000560   10.162315 ^ clkbuf_1_0__f_clk/A (sky130_fd_sc_hd__clkbuf_16)
     2    0.005361    0.029094    0.109716   10.272032 ^ clkbuf_1_0__f_clk/X (sky130_fd_sc_hd__clkbuf_16)
                                                         clknet_1_0__leaf_clk (net)
                      0.029095    0.000136   10.272167 ^ _43_/CLK (sky130_fd_sc_hd__dfxtp_2)
                                 -0.500000    9.772167   clock uncertainty
                                  0.000000    9.772167   clock reconvergence pessimism
                                 -0.118348    9.653819   library setup time
                                              9.653819   data required time
---------------------------------------------------------------------------------------------
                                              9.653819   data required time
                                             -3.711079   data arrival time
---------------------------------------------------------------------------------------------
                                              5.942740   slack (MET)


Startpoint: mode[1] (input port clocked by clk)
Endpoint: _41_ (rising edge-triggered flip-flop clocked by clk)
Path Group: clk
Path Type: max

Fanout         Cap        Slew       Delay        Time   Description
---------------------------------------------------------------------------------------------
                                  0.000000    0.000000   clock clk (rise edge)
                                  0.000000    0.000000   clock network delay (propagated)
                                  2.000000    2.000000 ^ input external delay
     1    0.003645    0.023395    0.013286    2.013286 ^ mode[1] (in)
                                                         mode[1] (net)
                      0.023403    0.000000    2.013286 ^ input7/A (sky130_fd_sc_hd__clkdlybuf4s25_1)
    11    0.034352    0.347571    0.451587    2.464873 ^ input7/X (sky130_fd_sc_hd__clkdlybuf4s25_1)
                                                         net7 (net)
                      0.347576    0.001903    2.466776 ^ _29_/A_N (sky130_fd_sc_hd__nand2b_2)
     1    0.003079    0.041411    0.184189    2.650965 ^ _29_/Y (sky130_fd_sc_hd__nand2b_2)
                                                         _12_ (net)
                      0.041411    0.000098    2.651063 ^ _30_/A2_N (sky130_fd_sc_hd__o2bb2a_2)
     1    0.002541    0.042475    0.195281    2.846344 v _30_/X (sky130_fd_sc_hd__o2bb2a_2)
                                                         _13_ (net)
                      0.042475    0.000072    2.846416 v _31_/B2 (sky130_fd_sc_hd__o221a_2)
     1    0.002506    0.041557    0.217053    3.063469 v _31_/X (sky130_fd_sc_hd__o221a_2)
                                                         _01_ (net)
                      0.041557    0.000073    3.063541 v hold18/A (sky130_fd_sc_hd__dlygate4sd3_1)
     1    0.002428    0.050851    0.543456    3.606997 v hold18/X (sky130_fd_sc_hd__dlygate4sd3_1)
                                                         net18 (net)
                      0.050851    0.000072    3.607069 v _41_/D (sky130_fd_sc_hd__dfxtp_2)
                                              3.607069   data arrival time

                                 10.000000   10.000000   clock clk (rise edge)
                                  0.000000   10.000000   clock source latency
     1    0.010067    0.051730    0.034284   10.034284 ^ clk (in)
                                                         clk (net)
                      0.051731    0.000000   10.034284 ^ clkbuf_0_clk/A (sky130_fd_sc_hd__clkbuf_16)
     2    0.019718    0.041599    0.127471   10.161756 ^ clkbuf_0_clk/X (sky130_fd_sc_hd__clkbuf_16)
                                                         clknet_0_clk (net)
                      0.041601    0.000512   10.162268 ^ clkbuf_1_1__f_clk/A (sky130_fd_sc_hd__clkbuf_16)
     2    0.004365    0.028178    0.108527   10.270795 ^ clkbuf_1_1__f_clk/X (sky130_fd_sc_hd__clkbuf_16)
                                                         clknet_1_1__leaf_clk (net)
                      0.028178    0.000101   10.270896 ^ _41_/CLK (sky130_fd_sc_hd__dfxtp_2)
                                 -0.500000    9.770896   clock uncertainty
                                  0.000000    9.770896   clock reconvergence pessimism
                                 -0.119371    9.651526   library setup time
                                              9.651526   data required time
---------------------------------------------------------------------------------------------
                                              9.651526   data required time
                                             -3.607069   data arrival time
---------------------------------------------------------------------------------------------
                                              6.044456   slack (MET)


Startpoint: mode[1] (input port clocked by clk)
Endpoint: _42_ (rising edge-triggered flip-flop clocked by clk)
Path Group: clk
Path Type: max

Fanout         Cap        Slew       Delay        Time   Description
---------------------------------------------------------------------------------------------
                                  0.000000    0.000000   clock clk (rise edge)
                                  0.000000    0.000000   clock network delay (propagated)
                                  2.000000    2.000000 v input external delay
     1    0.003420    0.010059    0.005490    2.005490 v mode[1] (in)
                                                         mode[1] (net)
                      0.010060    0.000000    2.005490 v input7/A (sky130_fd_sc_hd__clkdlybuf4s25_1)
    11    0.032660    0.244354    0.390563    2.396054 v input7/X (sky130_fd_sc_hd__clkdlybuf4s25_1)
                                                         net7 (net)
                      0.244364    0.001700    2.397753 v _32_/B (sky130_fd_sc_hd__and3_2)
     1    0.002675    0.036875    0.278803    2.676556 v _32_/X (sky130_fd_sc_hd__and3_2)
                                                         _14_ (net)
                      0.036875    0.000075    2.676632 v _34_/C1 (sky130_fd_sc_hd__a2111o_2)
     1    0.003546    0.063387    0.392234    3.068866 v _34_/X (sky130_fd_sc_hd__a2111o_2)
                                                         _16_ (net)
                      0.063387    0.000112    3.068978 v _35_/B1 (sky130_fd_sc_hd__o211a_2)
     1    0.002801    0.040254    0.135486    3.204463 v _35_/X (sky130_fd_sc_hd__o211a_2)
                                                         _02_ (net)
                      0.040254    0.000062    3.204525 v _42_/D (sky130_fd_sc_hd__dfxtp_2)
                                              3.204525   data arrival time

                                 10.000000   10.000000   clock clk (rise edge)
                                  0.000000   10.000000   clock source latency
     1    0.010067    0.051730    0.034284   10.034284 ^ clk (in)
                                                         clk (net)
                      0.051731    0.000000   10.034284 ^ clkbuf_0_clk/A (sky130_fd_sc_hd__clkbuf_16)
     2    0.019718    0.041599    0.127471   10.161756 ^ clkbuf_0_clk/X (sky130_fd_sc_hd__clkbuf_16)
                                                         clknet_0_clk (net)
                      0.041602    0.000560   10.162315 ^ clkbuf_1_0__f_clk/A (sky130_fd_sc_hd__clkbuf_16)
     2    0.005361    0.029094    0.109716   10.272032 ^ clkbuf_1_0__f_clk/X (sky130_fd_sc_hd__clkbuf_16)
                                                         clknet_1_0__leaf_clk (net)
                      0.029095    0.000131   10.272162 ^ _42_/CLK (sky130_fd_sc_hd__dfxtp_2)
                                 -0.500000    9.772162   clock uncertainty
                                  0.000000    9.772162   clock reconvergence pessimism
                                 -0.114528    9.657634   library setup time
                                              9.657634   data required time
---------------------------------------------------------------------------------------------
                                              9.657634   data required time
                                             -3.204525   data arrival time
---------------------------------------------------------------------------------------------
                                              6.453109   slack (MET)


Startpoint: _42_ (rising edge-triggered flip-flop clocked by clk)
Endpoint: Q[2] (output port clocked by clk)
Path Group: clk
Path Type: max

Fanout         Cap        Slew       Delay        Time   Description
---------------------------------------------------------------------------------------------
                                  0.000000    0.000000   clock clk (rise edge)
                                  0.000000    0.000000   clock source latency
     1    0.010067    0.051730    0.034284    0.034284 ^ clk (in)
                                                         clk (net)
                      0.051731    0.000000    0.034284 ^ clkbuf_0_clk/A (sky130_fd_sc_hd__clkbuf_16)
     2    0.019718    0.041599    0.127471    0.161755 ^ clkbuf_0_clk/X (sky130_fd_sc_hd__clkbuf_16)
                                                         clknet_0_clk (net)
                      0.041602    0.000560    0.162315 ^ clkbuf_1_0__f_clk/A (sky130_fd_sc_hd__clkbuf_16)
     2    0.005361    0.029094    0.109716    0.272031 ^ clkbuf_1_0__f_clk/X (sky130_fd_sc_hd__clkbuf_16)
                                                         clknet_1_0__leaf_clk (net)
                      0.029095    0.000130    0.272162 ^ _42_/CLK (sky130_fd_sc_hd__dfxtp_2)
     4    0.014892    0.083886    0.343425    0.615586 ^ _42_/Q (sky130_fd_sc_hd__dfxtp_2)
                                                         net11 (net)
                      0.083886    0.000352    0.615939 ^ output11/A (sky130_fd_sc_hd__clkdlybuf4s25_1)
     1    0.011004    0.120778    0.313715    0.929654 ^ output11/X (sky130_fd_sc_hd__clkdlybuf4s25_1)
                                                         Q[2] (net)
                      0.120778    0.000211    0.929865 ^ Q[2] (out)
                                              0.929865   data arrival time

                                 10.000000   10.000000   clock clk (rise edge)
                                  0.000000   10.000000   clock network delay (propagated)
                                 -0.500000    9.500000   clock uncertainty
                                  0.000000    9.500000   clock reconvergence pessimism
                                 -2.000000    7.500000   output external delay
                                              7.500000   data required time
---------------------------------------------------------------------------------------------
                                              7.500000   data required time
                                             -0.929865   data arrival time
---------------------------------------------------------------------------------------------
                                              6.570135   slack (MET)


Startpoint: _41_ (rising edge-triggered flip-flop clocked by clk)
Endpoint: Q[1] (output port clocked by clk)
Path Group: clk
Path Type: max

Fanout         Cap        Slew       Delay        Time   Description
---------------------------------------------------------------------------------------------
                                  0.000000    0.000000   clock clk (rise edge)
                                  0.000000    0.000000   clock source latency
     1    0.010067    0.051730    0.034284    0.034284 ^ clk (in)
                                                         clk (net)
                      0.051731    0.000000    0.034284 ^ clkbuf_0_clk/A (sky130_fd_sc_hd__clkbuf_16)
     2    0.019718    0.041599    0.127471    0.161755 ^ clkbuf_0_clk/X (sky130_fd_sc_hd__clkbuf_16)
                                                         clknet_0_clk (net)
                      0.041601    0.000512    0.162267 ^ clkbuf_1_1__f_clk/A (sky130_fd_sc_hd__clkbuf_16)
     2    0.004365    0.028178    0.108527    0.270795 ^ clkbuf_1_1__f_clk/X (sky130_fd_sc_hd__clkbuf_16)
                                                         clknet_1_1__leaf_clk (net)
                      0.028178    0.000102    0.270897 ^ _41_/CLK (sky130_fd_sc_hd__dfxtp_2)
     3    0.013315    0.076332    0.337654    0.608551 ^ _41_/Q (sky130_fd_sc_hd__dfxtp_2)
                                                         net10 (net)
                      0.076332    0.000301    0.608852 ^ output10/A (sky130_fd_sc_hd__clkdlybuf4s25_1)
     1    0.010720    0.118048    0.309156    0.918007 ^ output10/X (sky130_fd_sc_hd__clkdlybuf4s25_1)
                                                         Q[1] (net)
                      0.118048    0.000194    0.918201 ^ Q[1] (out)
                                              0.918201   data arrival time

                                 10.000000   10.000000   clock clk (rise edge)
                                  0.000000   10.000000   clock network delay (propagated)
                                 -0.500000    9.500000   clock uncertainty
                                  0.000000    9.500000   clock reconvergence pessimism
                                 -2.000000    7.500000   output external delay
                                              7.500000   data required time
---------------------------------------------------------------------------------------------
                                              7.500000   data required time
                                             -0.918201   data arrival time
---------------------------------------------------------------------------------------------
                                              6.581799   slack (MET)


Startpoint: _43_ (rising edge-triggered flip-flop clocked by clk)
Endpoint: Q[3] (output port clocked by clk)
Path Group: clk
Path Type: max

Fanout         Cap        Slew       Delay        Time   Description
---------------------------------------------------------------------------------------------
                                  0.000000    0.000000   clock clk (rise edge)
                                  0.000000    0.000000   clock source latency
     1    0.010067    0.051730    0.034284    0.034284 ^ clk (in)
                                                         clk (net)
                      0.051731    0.000000    0.034284 ^ clkbuf_0_clk/A (sky130_fd_sc_hd__clkbuf_16)
     2    0.019718    0.041599    0.127471    0.161755 ^ clkbuf_0_clk/X (sky130_fd_sc_hd__clkbuf_16)
                                                         clknet_0_clk (net)
                      0.041602    0.000560    0.162315 ^ clkbuf_1_0__f_clk/A (sky130_fd_sc_hd__clkbuf_16)
     2    0.005361    0.029094    0.109716    0.272031 ^ clkbuf_1_0__f_clk/X (sky130_fd_sc_hd__clkbuf_16)
                                                         clknet_1_0__leaf_clk (net)
                      0.029095    0.000136    0.272168 ^ _43_/CLK (sky130_fd_sc_hd__dfxtp_2)
     2    0.007580    0.050547    0.316854    0.589022 ^ _43_/Q (sky130_fd_sc_hd__dfxtp_2)
                                                         net12 (net)
                      0.050547    0.000259    0.589280 ^ output12/A (sky130_fd_sc_hd__clkdlybuf4s25_1)
     1    0.010868    0.119478    0.301202    0.890483 ^ output12/X (sky130_fd_sc_hd__clkdlybuf4s25_1)
                                                         Q[3] (net)
                      0.119478    0.000224    0.890707 ^ Q[3] (out)
                                              0.890707   data arrival time

                                 10.000000   10.000000   clock clk (rise edge)
                                  0.000000   10.000000   clock network delay (propagated)
                                 -0.500000    9.500000   clock uncertainty
                                  0.000000    9.500000   clock reconvergence pessimism
                                 -2.000000    7.500000   output external delay
                                              7.500000   data required time
---------------------------------------------------------------------------------------------
                                              7.500000   data required time
                                             -0.890707   data arrival time
---------------------------------------------------------------------------------------------
                                              6.609293   slack (MET)


Startpoint: _40_ (rising edge-triggered flip-flop clocked by clk)
Endpoint: Q[0] (output port clocked by clk)
Path Group: clk
Path Type: max

Fanout         Cap        Slew       Delay        Time   Description
---------------------------------------------------------------------------------------------
                                  0.000000    0.000000   clock clk (rise edge)
                                  0.000000    0.000000   clock source latency
     1    0.010067    0.051730    0.034284    0.034284 ^ clk (in)
                                                         clk (net)
                      0.051731    0.000000    0.034284 ^ clkbuf_0_clk/A (sky130_fd_sc_hd__clkbuf_16)
     2    0.019718    0.041599    0.127471    0.161755 ^ clkbuf_0_clk/X (sky130_fd_sc_hd__clkbuf_16)
                                                         clknet_0_clk (net)
                      0.041601    0.000512    0.162267 ^ clkbuf_1_1__f_clk/A (sky130_fd_sc_hd__clkbuf_16)
     2    0.004365    0.028178    0.108527    0.270795 ^ clkbuf_1_1__f_clk/X (sky130_fd_sc_hd__clkbuf_16)
                                                         clknet_1_1__leaf_clk (net)
                      0.028178    0.000094    0.270888 ^ _40_/CLK (sky130_fd_sc_hd__dfxtp_2)
     2    0.006355    0.045130    0.311987    0.582875 ^ _40_/Q (sky130_fd_sc_hd__dfxtp_2)
                                                         net9 (net)
                      0.045130    0.000103    0.582979 ^ output9/A (sky130_fd_sc_hd__clkdlybuf4s25_1)
     1    0.010715    0.118012    0.298285    0.881264 ^ output9/X (sky130_fd_sc_hd__clkdlybuf4s25_1)
                                                         Q[0] (net)
                      0.118012    0.000195    0.881459 ^ Q[0] (out)
                                              0.881459   data arrival time

                                 10.000000   10.000000   clock clk (rise edge)
                                  0.000000   10.000000   clock network delay (propagated)
                                 -0.500000    9.500000   clock uncertainty
                                  0.000000    9.500000   clock reconvergence pessimism
                                 -2.000000    7.500000   output external delay
                                              7.500000   data required time
---------------------------------------------------------------------------------------------
                                              7.500000   data required time
                                             -0.881459   data arrival time
---------------------------------------------------------------------------------------------
                                              6.618541   slack (MET)



