Reading timing models for corner nom_tt_025C_1v80…
Reading timing library for the 'nom_tt_025C_1v80' corner at '/home/hk/.ciel/ciel/sky130/versions/8afc8346a57fe1ab7934ba5a6056ea8b43078e71/sky130A/libs.ref/sky130_fd_sc_hd/lib/sky130_fd_sc_hd__tt_025C_1v80.lib'…
Reading OpenROAD database at '/home/hk/pd_projects/runs/RUN_2026-06-03_20-26-11/32-openroad-repairdesignpostgpl/u_s_r.odb'…
Reading design constraints file at '/home/hk/pd_projects/constraints.sdc'…
[INFO] No information on clock propagation in input SDC file-- propagating all clocks.
+ detailed_placement -max_displacement  500 100 
Placement Analysis
---------------------------------
total displacement          0.0 u
average displacement        0.0 u
max displacement            0.0 u
original HPWL             551.0 u
legalized HPWL            560.8 u
delta HPWL                    2 %

[INFO DPL-0020] Mirrored 7 instances
[INFO DPL-0021] HPWL before             560.8 u
[INFO DPL-0022] HPWL after              551.0 u
[INFO DPL-0023] HPWL delta               -1.7 %
Setting global connections for newly added cells…
[INFO] Setting global connections...
[INFO ODB-0403] 0 connections made, 0 conflicts skipped.
Updating metrics…
Cell type report:                       Count       Area
  Fill cell                                24      90.09
  Tap cell                                 14      17.52
  Timing Repair Buffer                     12     120.12
  Inverter                                  2       7.51
  Sequential cell                           4      85.08
  Multi-Input combinational cell           18     168.91
  Total                                    74     489.22
Writing OpenROAD database to '/home/hk/pd_projects/runs/RUN_2026-06-03_20-26-11/34-openroad-detailedplacement/u_s_r.odb'…
Writing netlist to '/home/hk/pd_projects/runs/RUN_2026-06-03_20-26-11/34-openroad-detailedplacement/u_s_r.nl.v'…
Writing powered netlist to '/home/hk/pd_projects/runs/RUN_2026-06-03_20-26-11/34-openroad-detailedplacement/u_s_r.pnl.v'…
Writing layout to '/home/hk/pd_projects/runs/RUN_2026-06-03_20-26-11/34-openroad-detailedplacement/u_s_r.def'…
Writing timing constraints to '/home/hk/pd_projects/runs/RUN_2026-06-03_20-26-11/34-openroad-detailedplacement/u_s_r.sdc'…
