
===========================================================================
report_checks -path_delay min (Hold)
============================================================================
======================= nom_ff_n40C_1v95 Corner ===================================

Startpoint: _40_ (rising edge-triggered flip-flop clocked by clk)
Endpoint: _40_ (rising edge-triggered flip-flop clocked by clk)
Path Group: clk
Path Type: min

Fanout         Cap        Slew       Delay        Time   Description
---------------------------------------------------------------------------------------------
                      0.000000    0.000000    0.000000   clock clk (rise edge)
                                  0.000000    0.000000   clock network delay (ideal)
                      0.000000    0.000000    0.000000 ^ _40_/CLK (sky130_fd_sc_hd__dfxtp_2)
     3    0.014592    0.062804    0.210302    0.210302 ^ _40_/Q (sky130_fd_sc_hd__dfxtp_2)
                                                         Q[0] (net)
                      0.062804    0.000000    0.210302 ^ _27_/A1 (sky130_fd_sc_hd__o221a_2)
     1    0.001748    0.020579    0.094581    0.304883 ^ _27_/X (sky130_fd_sc_hd__o221a_2)
                                                         _00_ (net)
                      0.020579    0.000000    0.304883 ^ _40_/D (sky130_fd_sc_hd__dfxtp_2)
                                              0.304883   data arrival time

                      0.000000    0.000000    0.000000   clock clk (rise edge)
                                  0.000000    0.000000   clock network delay (ideal)
                                  0.500000    0.500000   clock uncertainty
                                  0.000000    0.500000   clock reconvergence pessimism
                                              0.500000 ^ _40_/CLK (sky130_fd_sc_hd__dfxtp_2)
                                 -0.017299    0.482701   library hold time
                                              0.482701   data required time
---------------------------------------------------------------------------------------------
                                              0.482701   data required time
                                             -0.304883   data arrival time
---------------------------------------------------------------------------------------------
                                             -0.177818   slack (VIOLATED)


Startpoint: _43_ (rising edge-triggered flip-flop clocked by clk)
Endpoint: _43_ (rising edge-triggered flip-flop clocked by clk)
Path Group: clk
Path Type: min

Fanout         Cap        Slew       Delay        Time   Description
---------------------------------------------------------------------------------------------
                      0.000000    0.000000    0.000000   clock clk (rise edge)
                                  0.000000    0.000000   clock network delay (ideal)
                      0.000000    0.000000    0.000000 ^ _43_/CLK (sky130_fd_sc_hd__dfxtp_2)
     3    0.015106    0.064688    0.211622    0.211622 ^ _43_/Q (sky130_fd_sc_hd__dfxtp_2)
                                                         Q[3] (net)
                      0.064688    0.000000    0.211622 ^ _39_/A1 (sky130_fd_sc_hd__o221a_2)
     1    0.001748    0.020579    0.094910    0.306532 ^ _39_/X (sky130_fd_sc_hd__o221a_2)
                                                         _03_ (net)
                      0.020579    0.000000    0.306532 ^ _43_/D (sky130_fd_sc_hd__dfxtp_2)
                                              0.306532   data arrival time

                      0.000000    0.000000    0.000000   clock clk (rise edge)
                                  0.000000    0.000000   clock network delay (ideal)
                                  0.500000    0.500000   clock uncertainty
                                  0.000000    0.500000   clock reconvergence pessimism
                                              0.500000 ^ _43_/CLK (sky130_fd_sc_hd__dfxtp_2)
                                 -0.017299    0.482701   library hold time
                                              0.482701   data required time
---------------------------------------------------------------------------------------------
                                              0.482701   data required time
                                             -0.306532   data arrival time
---------------------------------------------------------------------------------------------
                                             -0.176169   slack (VIOLATED)


Startpoint: _41_ (rising edge-triggered flip-flop clocked by clk)
Endpoint: _41_ (rising edge-triggered flip-flop clocked by clk)
Path Group: clk
Path Type: min

Fanout         Cap        Slew       Delay        Time   Description
---------------------------------------------------------------------------------------------
                      0.000000    0.000000    0.000000   clock clk (rise edge)
                                  0.000000    0.000000   clock network delay (ideal)
                      0.000000    0.000000    0.000000 ^ _41_/CLK (sky130_fd_sc_hd__dfxtp_2)
     4    0.016695    0.070514    0.215703    0.215703 ^ _41_/Q (sky130_fd_sc_hd__dfxtp_2)
                                                         Q[1] (net)
                      0.070514    0.000000    0.215703 ^ _31_/A1 (sky130_fd_sc_hd__o221a_2)
     1    0.001748    0.020579    0.095927    0.311630 ^ _31_/X (sky130_fd_sc_hd__o221a_2)
                                                         _01_ (net)
                      0.020579    0.000000    0.311630 ^ _41_/D (sky130_fd_sc_hd__dfxtp_2)
                                              0.311630   data arrival time

                      0.000000    0.000000    0.000000   clock clk (rise edge)
                                  0.000000    0.000000   clock network delay (ideal)
                                  0.500000    0.500000   clock uncertainty
                                  0.000000    0.500000   clock reconvergence pessimism
                                              0.500000 ^ _41_/CLK (sky130_fd_sc_hd__dfxtp_2)
                                 -0.017299    0.482701   library hold time
                                              0.482701   data required time
---------------------------------------------------------------------------------------------
                                              0.482701   data required time
                                             -0.311630   data arrival time
---------------------------------------------------------------------------------------------
                                             -0.171071   slack (VIOLATED)


Startpoint: _42_ (rising edge-triggered flip-flop clocked by clk)
Endpoint: _42_ (rising edge-triggered flip-flop clocked by clk)
Path Group: clk
Path Type: min

Fanout         Cap        Slew       Delay        Time   Description
---------------------------------------------------------------------------------------------
                      0.000000    0.000000    0.000000   clock clk (rise edge)
                                  0.000000    0.000000   clock network delay (ideal)
                      0.000000    0.000000    0.000000 ^ _42_/CLK (sky130_fd_sc_hd__dfxtp_2)
     4    0.019034    0.079089    0.221710    0.221710 ^ _42_/Q (sky130_fd_sc_hd__dfxtp_2)
                                                         Q[2] (net)
                      0.079089    0.000000    0.221710 ^ _35_/A1 (sky130_fd_sc_hd__o211a_2)
     1    0.001748    0.022355    0.099298    0.321008 ^ _35_/X (sky130_fd_sc_hd__o211a_2)
                                                         _02_ (net)
                      0.022355    0.000000    0.321008 ^ _42_/D (sky130_fd_sc_hd__dfxtp_2)
                                              0.321008   data arrival time

                      0.000000    0.000000    0.000000   clock clk (rise edge)
                                  0.000000    0.000000   clock network delay (ideal)
                                  0.500000    0.500000   clock uncertainty
                                  0.000000    0.500000   clock reconvergence pessimism
                                              0.500000 ^ _42_/CLK (sky130_fd_sc_hd__dfxtp_2)
                                 -0.017425    0.482575   library hold time
                                              0.482575   data required time
---------------------------------------------------------------------------------------------
                                              0.482575   data required time
                                             -0.321008   data arrival time
---------------------------------------------------------------------------------------------
                                             -0.161567   slack (VIOLATED)


Startpoint: _40_ (rising edge-triggered flip-flop clocked by clk)
Endpoint: Q[0] (output port clocked by clk)
Path Group: clk
Path Type: min

Fanout         Cap        Slew       Delay        Time   Description
---------------------------------------------------------------------------------------------
                      0.000000    0.000000    0.000000   clock clk (rise edge)
                                  0.000000    0.000000   clock network delay (ideal)
                      0.000000    0.000000    0.000000 ^ _40_/CLK (sky130_fd_sc_hd__dfxtp_2)
     3    0.014084    0.034581    0.202857    0.202857 v _40_/Q (sky130_fd_sc_hd__dfxtp_2)
                                                         Q[0] (net)
                      0.034581    0.000000    0.202857 v Q[0] (out)
                                              0.202857   data arrival time

                      0.000000    0.000000    0.000000   clock clk (rise edge)
                                  0.000000    0.000000   clock network delay (ideal)
                                  0.500000    0.500000   clock uncertainty
                                  0.000000    0.500000   clock reconvergence pessimism
                                 -0.500000    0.000000   output external delay
                                              0.000000   data required time
---------------------------------------------------------------------------------------------
                                              0.000000   data required time
                                             -0.202857   data arrival time
---------------------------------------------------------------------------------------------
                                              0.202857   slack (MET)


Startpoint: _43_ (rising edge-triggered flip-flop clocked by clk)
Endpoint: Q[3] (output port clocked by clk)
Path Group: clk
Path Type: min

Fanout         Cap        Slew       Delay        Time   Description
---------------------------------------------------------------------------------------------
                      0.000000    0.000000    0.000000   clock clk (rise edge)
                                  0.000000    0.000000   clock network delay (ideal)
                      0.000000    0.000000    0.000000 ^ _43_/CLK (sky130_fd_sc_hd__dfxtp_2)
     3    0.014642    0.035361    0.203620    0.203620 v _43_/Q (sky130_fd_sc_hd__dfxtp_2)
                                                         Q[3] (net)
                      0.035361    0.000000    0.203620 v Q[3] (out)
                                              0.203620   data arrival time

                      0.000000    0.000000    0.000000   clock clk (rise edge)
                                  0.000000    0.000000   clock network delay (ideal)
                                  0.500000    0.500000   clock uncertainty
                                  0.000000    0.500000   clock reconvergence pessimism
                                 -0.500000    0.000000   output external delay
                                              0.000000   data required time
---------------------------------------------------------------------------------------------
                                              0.000000   data required time
                                             -0.203620   data arrival time
---------------------------------------------------------------------------------------------
                                              0.203620   slack (MET)


Startpoint: _41_ (rising edge-triggered flip-flop clocked by clk)
Endpoint: Q[1] (output port clocked by clk)
Path Group: clk
Path Type: min

Fanout         Cap        Slew       Delay        Time   Description
---------------------------------------------------------------------------------------------
                      0.000000    0.000000    0.000000   clock clk (rise edge)
                                  0.000000    0.000000   clock network delay (ideal)
                      0.000000    0.000000    0.000000 ^ _41_/CLK (sky130_fd_sc_hd__dfxtp_2)
     4    0.016063    0.037338    0.205474    0.205474 v _41_/Q (sky130_fd_sc_hd__dfxtp_2)
                                                         Q[1] (net)
                      0.037338    0.000000    0.205474 v Q[1] (out)
                                              0.205474   data arrival time

                      0.000000    0.000000    0.000000   clock clk (rise edge)
                                  0.000000    0.000000   clock network delay (ideal)
                                  0.500000    0.500000   clock uncertainty
                                  0.000000    0.500000   clock reconvergence pessimism
                                 -0.500000    0.000000   output external delay
                                              0.000000   data required time
---------------------------------------------------------------------------------------------
                                              0.000000   data required time
                                             -0.205474   data arrival time
---------------------------------------------------------------------------------------------
                                              0.205474   slack (MET)


Startpoint: _42_ (rising edge-triggered flip-flop clocked by clk)
Endpoint: Q[2] (output port clocked by clk)
Path Group: clk
Path Type: min

Fanout         Cap        Slew       Delay        Time   Description
---------------------------------------------------------------------------------------------
                      0.000000    0.000000    0.000000   clock clk (rise edge)
                                  0.000000    0.000000   clock network delay (ideal)
                      0.000000    0.000000    0.000000 ^ _42_/CLK (sky130_fd_sc_hd__dfxtp_2)
     4    0.018204    0.040316    0.208268    0.208268 v _42_/Q (sky130_fd_sc_hd__dfxtp_2)
                                                         Q[2] (net)
                      0.040316    0.000000    0.208268 v Q[2] (out)
                                              0.208268   data arrival time

                      0.000000    0.000000    0.000000   clock clk (rise edge)
                                  0.000000    0.000000   clock network delay (ideal)
                                  0.500000    0.500000   clock uncertainty
                                  0.000000    0.500000   clock reconvergence pessimism
                                 -0.500000    0.000000   output external delay
                                              0.000000   data required time
---------------------------------------------------------------------------------------------
                                              0.000000   data required time
                                             -0.208268   data arrival time
---------------------------------------------------------------------------------------------
                                              0.208268   slack (MET)



