Clock: clk
Sources: clk 
Generated: no
Virtual: yes
Propagated: no
Period: 10.000000

===========================================================================
report_clock_properties
============================================================================
Clock                   Period          Waveform
----------------------------------------------------
clk                  10.000000    0.000000  5.000000

===========================================================================
report_clock_latency
============================================================================
Clock clk
rise -> rise
    min     max
0.000000 0.000000 source latency
0.477220         network latency _40_/CLK
        0.479373 network latency _43_/CLK
---------------
0.477220 0.479373 latency
        0.002153 skew

fall -> fall
    min     max
0.000000 0.000000 source latency
0.502213         network latency _40_/CLK
        0.504102 network latency _43_/CLK
---------------
0.502213 0.504102 latency
        0.001889 skew



===========================================================================
report_clock_min_period
============================================================================
clk period_min = 4.64 fmax = 215.68
