
===========================================================================
report_checks -path_delay max (Setup)
============================================================================
======================= max_ss_100C_1v60 Corner ===================================

Startpoint: mode[1] (input port clocked by clk)
Endpoint: _40_ (rising edge-triggered flip-flop clocked by clk)
Path Group: clk
Path Type: max

Fanout         Cap        Slew       Delay        Time   Description
---------------------------------------------------------------------------------------------
                                  0.000000    0.000000   clock clk (rise edge)
                                  0.000000    0.000000   clock network delay (propagated)
                                  2.000000    2.000000 v input external delay
     1    0.003512    0.021216    0.011534    2.011534 v mode[1] (in)
                                                         mode[1] (net)
                      0.021217    0.000000    2.011534 v input7/A (sky130_fd_sc_hd__clkdlybuf4s25_1)
    11    0.033172    0.451339    0.733408    2.744941 v input7/X (sky130_fd_sc_hd__clkdlybuf4s25_1)
                                                         net7 (net)
                      0.451343    0.002039    2.746980 v _22_/B (sky130_fd_sc_hd__and3_2)
     1    0.004159    0.078090    0.602066    3.349046 v _22_/X (sky130_fd_sc_hd__and3_2)
                                                         _06_ (net)
                      0.078090    0.000304    3.349350 v _26_/B1 (sky130_fd_sc_hd__a211o_2)
     1    0.003938    0.086662    0.581586    3.930937 v _26_/X (sky130_fd_sc_hd__a211o_2)
                                                         _10_ (net)
                      0.086662    0.000246    3.931183 v _27_/B1 (sky130_fd_sc_hd__o221a_2)
     1    0.002870    0.079168    0.467082    4.398265 v _27_/X (sky130_fd_sc_hd__o221a_2)
                                                         _00_ (net)
                      0.079168    0.000163    4.398429 v hold14/A (sky130_fd_sc_hd__dlygate4sd3_1)
     1    0.002120    0.099989    1.115783    5.514212 v hold14/X (sky130_fd_sc_hd__dlygate4sd3_1)
                                                         net14 (net)
                      0.099989    0.000151    5.514362 v _40_/D (sky130_fd_sc_hd__dfxtp_2)
                                              5.514362   data arrival time

                                 10.000000   10.000000   clock clk (rise edge)
                                  0.000000   10.000000   clock source latency
     1    0.010187    0.082443    0.053501   10.053501 ^ clk (in)
                                                         clk (net)
                      0.082447    0.000000   10.053501 ^ clkbuf_0_clk/A (sky130_fd_sc_hd__clkbuf_16)
     2    0.020059    0.067512    0.226960   10.280461 ^ clkbuf_0_clk/X (sky130_fd_sc_hd__clkbuf_16)
                                                         clknet_0_clk (net)
                      0.067531    0.001227   10.281688 ^ clkbuf_1_1__f_clk/A (sky130_fd_sc_hd__clkbuf_16)
     2    0.004118    0.046607    0.195306   10.476994 ^ clkbuf_1_1__f_clk/X (sky130_fd_sc_hd__clkbuf_16)
                                                         clknet_1_1__leaf_clk (net)
                      0.046608    0.000226   10.477221 ^ _40_/CLK (sky130_fd_sc_hd__dfxtp_2)
                                 -0.500000    9.977221   clock uncertainty
                                  0.000000    9.977221   clock reconvergence pessimism
                                 -0.293191    9.684030   library setup time
                                              9.684030   data required time
---------------------------------------------------------------------------------------------
                                              9.684030   data required time
                                             -5.514362   data arrival time
---------------------------------------------------------------------------------------------
                                              4.169667   slack (MET)


Startpoint: mode[1] (input port clocked by clk)
Endpoint: _43_ (rising edge-triggered flip-flop clocked by clk)
Path Group: clk
Path Type: max

Fanout         Cap        Slew       Delay        Time   Description
---------------------------------------------------------------------------------------------
                                  0.000000    0.000000   clock clk (rise edge)
                                  0.000000    0.000000   clock network delay (propagated)
                                  2.000000    2.000000 v input external delay
     1    0.003512    0.021216    0.011534    2.011534 v mode[1] (in)
                                                         mode[1] (net)
                      0.021217    0.000000    2.011534 v input7/A (sky130_fd_sc_hd__clkdlybuf4s25_1)
    11    0.033172    0.451339    0.733408    2.744941 v input7/X (sky130_fd_sc_hd__clkdlybuf4s25_1)
                                                         net7 (net)
                      0.451366    0.003740    2.748681 v _36_/B (sky130_fd_sc_hd__and3_2)
     1    0.002943    0.071926    0.591403    3.340085 v _36_/X (sky130_fd_sc_hd__and3_2)
                                                         _17_ (net)
                      0.071926    0.000200    3.340284 v _38_/C1 (sky130_fd_sc_hd__a211o_2)
     1    0.006352    0.101497    0.536373    3.876657 v _38_/X (sky130_fd_sc_hd__a211o_2)
                                                         _19_ (net)
                      0.101497    0.000340    3.876997 v _39_/B2 (sky130_fd_sc_hd__o221a_2)
     1    0.002367    0.076212    0.437366    4.314363 v _39_/X (sky130_fd_sc_hd__o221a_2)
                                                         _03_ (net)
                      0.076212    0.000146    4.314509 v hold16/A (sky130_fd_sc_hd__dlygate4sd3_1)
     1    0.001925    0.098166    1.111223    5.425732 v hold16/X (sky130_fd_sc_hd__dlygate4sd3_1)
                                                         net16 (net)
                      0.098166    0.000138    5.425870 v _43_/D (sky130_fd_sc_hd__dfxtp_2)
                                              5.425870   data arrival time

                                 10.000000   10.000000   clock clk (rise edge)
                                  0.000000   10.000000   clock source latency
     1    0.010187    0.082443    0.053501   10.053501 ^ clk (in)
                                                         clk (net)
                      0.082447    0.000000   10.053501 ^ clkbuf_0_clk/A (sky130_fd_sc_hd__clkbuf_16)
     2    0.020059    0.067512    0.226960   10.280461 ^ clkbuf_0_clk/X (sky130_fd_sc_hd__clkbuf_16)
                                                         clknet_0_clk (net)
                      0.067532    0.001287   10.281748 ^ clkbuf_1_0__f_clk/A (sky130_fd_sc_hd__clkbuf_16)
     2    0.005184    0.048062    0.197319   10.479067 ^ clkbuf_1_0__f_clk/X (sky130_fd_sc_hd__clkbuf_16)
                                                         clknet_1_0__leaf_clk (net)
                      0.048063    0.000306   10.479373 ^ _43_/CLK (sky130_fd_sc_hd__dfxtp_2)
                                 -0.500000    9.979373   clock uncertainty
                                  0.000000    9.979373   clock reconvergence pessimism
                                 -0.292038    9.687335   library setup time
                                              9.687335   data required time
---------------------------------------------------------------------------------------------
                                              9.687335   data required time
                                             -5.425870   data arrival time
---------------------------------------------------------------------------------------------
                                              4.261465   slack (MET)


Startpoint: mode[1] (input port clocked by clk)
Endpoint: _41_ (rising edge-triggered flip-flop clocked by clk)
Path Group: clk
Path Type: max

Fanout         Cap        Slew       Delay        Time   Description
---------------------------------------------------------------------------------------------
                                  0.000000    0.000000   clock clk (rise edge)
                                  0.000000    0.000000   clock network delay (propagated)
                                  2.000000    2.000000 v input external delay
     1    0.003512    0.021216    0.011534    2.011534 v mode[1] (in)
                                                         mode[1] (net)
                      0.021217    0.000000    2.011534 v input7/A (sky130_fd_sc_hd__clkdlybuf4s25_1)
    11    0.033172    0.451339    0.733408    2.744941 v input7/X (sky130_fd_sc_hd__clkdlybuf4s25_1)
                                                         net7 (net)
                      0.451366    0.003773    2.748714 v _25_/B (sky130_fd_sc_hd__or2_2)
     4    0.012847    0.162830    0.861345    3.610059 v _25_/X (sky130_fd_sc_hd__or2_2)
                                                         _09_ (net)
                      0.162830    0.000432    3.610490 v _31_/A2 (sky130_fd_sc_hd__o221a_2)
     1    0.002533    0.077232    0.517917    4.128407 v _31_/X (sky130_fd_sc_hd__o221a_2)
                                                         _01_ (net)
                      0.077232    0.000153    4.128560 v hold18/A (sky130_fd_sc_hd__dlygate4sd3_1)
     1    0.002410    0.102544    1.119864    5.248425 v hold18/X (sky130_fd_sc_hd__dlygate4sd3_1)
                                                         net18 (net)
                      0.102544    0.000154    5.248579 v _41_/D (sky130_fd_sc_hd__dfxtp_2)
                                              5.248579   data arrival time

                                 10.000000   10.000000   clock clk (rise edge)
                                  0.000000   10.000000   clock source latency
     1    0.010187    0.082443    0.053501   10.053501 ^ clk (in)
                                                         clk (net)
                      0.082447    0.000000   10.053501 ^ clkbuf_0_clk/A (sky130_fd_sc_hd__clkbuf_16)
     2    0.020059    0.067512    0.226960   10.280461 ^ clkbuf_0_clk/X (sky130_fd_sc_hd__clkbuf_16)
                                                         clknet_0_clk (net)
                      0.067531    0.001227   10.281688 ^ clkbuf_1_1__f_clk/A (sky130_fd_sc_hd__clkbuf_16)
     2    0.004118    0.046607    0.195306   10.476994 ^ clkbuf_1_1__f_clk/X (sky130_fd_sc_hd__clkbuf_16)
                                                         clknet_1_1__leaf_clk (net)
                      0.046608    0.000242   10.477236 ^ _41_/CLK (sky130_fd_sc_hd__dfxtp_2)
                                 -0.500000    9.977236   clock uncertainty
                                  0.000000    9.977236   clock reconvergence pessimism
                                 -0.294253    9.682981   library setup time
                                              9.682981   data required time
---------------------------------------------------------------------------------------------
                                              9.682981   data required time
                                             -5.248579   data arrival time
---------------------------------------------------------------------------------------------
                                              4.434403   slack (MET)


Startpoint: mode[1] (input port clocked by clk)
Endpoint: _42_ (rising edge-triggered flip-flop clocked by clk)
Path Group: clk
Path Type: max

Fanout         Cap        Slew       Delay        Time   Description
---------------------------------------------------------------------------------------------
                                  0.000000    0.000000   clock clk (rise edge)
                                  0.000000    0.000000   clock network delay (propagated)
                                  2.000000    2.000000 v input external delay
     1    0.003512    0.021216    0.011534    2.011534 v mode[1] (in)
                                                         mode[1] (net)
                      0.021217    0.000000    2.011534 v input7/A (sky130_fd_sc_hd__clkdlybuf4s25_1)
    11    0.033172    0.451339    0.733408    2.744941 v input7/X (sky130_fd_sc_hd__clkdlybuf4s25_1)
                                                         net7 (net)
                      0.451365    0.003729    2.748670 v _32_/B (sky130_fd_sc_hd__and3_2)
     1    0.002750    0.070970    0.589695    3.338366 v _32_/X (sky130_fd_sc_hd__and3_2)
                                                         _14_ (net)
                      0.070970    0.000203    3.338569 v _34_/C1 (sky130_fd_sc_hd__a2111o_2)
     1    0.003659    0.112061    0.776268    4.114837 v _34_/X (sky130_fd_sc_hd__a2111o_2)
                                                         _16_ (net)
                      0.112061    0.000281    4.115117 v _35_/B1 (sky130_fd_sc_hd__o211a_2)
     1    0.002763    0.069038    0.255636    4.370753 v _35_/X (sky130_fd_sc_hd__o211a_2)
                                                         _02_ (net)
                      0.069038    0.000109    4.370862 v _42_/D (sky130_fd_sc_hd__dfxtp_2)
                                              4.370862   data arrival time

                                 10.000000   10.000000   clock clk (rise edge)
                                  0.000000   10.000000   clock source latency
     1    0.010187    0.082443    0.053501   10.053501 ^ clk (in)
                                                         clk (net)
                      0.082447    0.000000   10.053501 ^ clkbuf_0_clk/A (sky130_fd_sc_hd__clkbuf_16)
     2    0.020059    0.067512    0.226960   10.280461 ^ clkbuf_0_clk/X (sky130_fd_sc_hd__clkbuf_16)
                                                         clknet_0_clk (net)
                      0.067532    0.001287   10.281748 ^ clkbuf_1_0__f_clk/A (sky130_fd_sc_hd__clkbuf_16)
     2    0.005184    0.048062    0.197319   10.479067 ^ clkbuf_1_0__f_clk/X (sky130_fd_sc_hd__clkbuf_16)
                                                         clknet_1_0__leaf_clk (net)
                      0.048063    0.000297   10.479363 ^ _42_/CLK (sky130_fd_sc_hd__dfxtp_2)
                                 -0.500000    9.979363   clock uncertainty
                                  0.000000    9.979363   clock reconvergence pessimism
                                 -0.279927    9.699436   library setup time
                                              9.699436   data required time
---------------------------------------------------------------------------------------------
                                              9.699436   data required time
                                             -4.370862   data arrival time
---------------------------------------------------------------------------------------------
                                              5.328574   slack (MET)


Startpoint: _42_ (rising edge-triggered flip-flop clocked by clk)
Endpoint: Q[2] (output port clocked by clk)
Path Group: clk
Path Type: max

Fanout         Cap        Slew       Delay        Time   Description
---------------------------------------------------------------------------------------------
                                  0.000000    0.000000   clock clk (rise edge)
                                  0.000000    0.000000   clock source latency
     1    0.010187    0.082443    0.053501    0.053501 ^ clk (in)
                                                         clk (net)
                      0.082447    0.000000    0.053501 ^ clkbuf_0_clk/A (sky130_fd_sc_hd__clkbuf_16)
     2    0.020059    0.067512    0.226960    0.280461 ^ clkbuf_0_clk/X (sky130_fd_sc_hd__clkbuf_16)
                                                         clknet_0_clk (net)
                      0.067532    0.001287    0.281748 ^ clkbuf_1_0__f_clk/A (sky130_fd_sc_hd__clkbuf_16)
     2    0.005184    0.048062    0.197318    0.479066 ^ clkbuf_1_0__f_clk/X (sky130_fd_sc_hd__clkbuf_16)
                                                         clknet_1_0__leaf_clk (net)
                      0.048063    0.000297    0.479363 ^ _42_/CLK (sky130_fd_sc_hd__dfxtp_2)
     4    0.014871    0.137933    0.700135    1.179498 ^ _42_/Q (sky130_fd_sc_hd__dfxtp_2)
                                                         net11 (net)
                      0.137936    0.000887    1.180385 ^ output11/A (sky130_fd_sc_hd__clkdlybuf4s25_1)
     1    0.011021    0.195593    0.584672    1.765057 ^ output11/X (sky130_fd_sc_hd__clkdlybuf4s25_1)
                                                         Q[2] (net)
                      0.195593    0.000523    1.765581 ^ Q[2] (out)
                                              1.765581   data arrival time

                                 10.000000   10.000000   clock clk (rise edge)
                                  0.000000   10.000000   clock network delay (propagated)
                                 -0.500000    9.500000   clock uncertainty
                                  0.000000    9.500000   clock reconvergence pessimism
                                 -2.000000    7.500000   output external delay
                                              7.500000   data required time
---------------------------------------------------------------------------------------------
                                              7.500000   data required time
                                             -1.765581   data arrival time
---------------------------------------------------------------------------------------------
                                              5.734419   slack (MET)


Startpoint: _41_ (rising edge-triggered flip-flop clocked by clk)
Endpoint: Q[1] (output port clocked by clk)
Path Group: clk
Path Type: max

Fanout         Cap        Slew       Delay        Time   Description
---------------------------------------------------------------------------------------------
                                  0.000000    0.000000   clock clk (rise edge)
                                  0.000000    0.000000   clock source latency
     1    0.010187    0.082443    0.053501    0.053501 ^ clk (in)
                                                         clk (net)
                      0.082447    0.000000    0.053501 ^ clkbuf_0_clk/A (sky130_fd_sc_hd__clkbuf_16)
     2    0.020059    0.067512    0.226960    0.280461 ^ clkbuf_0_clk/X (sky130_fd_sc_hd__clkbuf_16)
                                                         clknet_0_clk (net)
                      0.067531    0.001227    0.281688 ^ clkbuf_1_1__f_clk/A (sky130_fd_sc_hd__clkbuf_16)
     2    0.004118    0.046607    0.195306    0.476994 ^ clkbuf_1_1__f_clk/X (sky130_fd_sc_hd__clkbuf_16)
                                                         clknet_1_1__leaf_clk (net)
                      0.046608    0.000241    0.477235 ^ _41_/CLK (sky130_fd_sc_hd__dfxtp_2)
     3    0.013507    0.127861    0.691412    1.168647 ^ _41_/Q (sky130_fd_sc_hd__dfxtp_2)
                                                         net10 (net)
                      0.127863    0.000715    1.169362 ^ output10/A (sky130_fd_sc_hd__clkdlybuf4s25_1)
     1    0.010767    0.191714    0.577302    1.746664 ^ output10/X (sky130_fd_sc_hd__clkdlybuf4s25_1)
                                                         Q[1] (net)
                      0.191714    0.000498    1.747163 ^ Q[1] (out)
                                              1.747163   data arrival time

                                 10.000000   10.000000   clock clk (rise edge)
                                  0.000000   10.000000   clock network delay (propagated)
                                 -0.500000    9.500000   clock uncertainty
                                  0.000000    9.500000   clock reconvergence pessimism
                                 -2.000000    7.500000   output external delay
                                              7.500000   data required time
---------------------------------------------------------------------------------------------
                                              7.500000   data required time
                                             -1.747163   data arrival time
---------------------------------------------------------------------------------------------
                                              5.752837   slack (MET)


Startpoint: _43_ (rising edge-triggered flip-flop clocked by clk)
Endpoint: Q[3] (output port clocked by clk)
Path Group: clk
Path Type: max

Fanout         Cap        Slew       Delay        Time   Description
---------------------------------------------------------------------------------------------
                                  0.000000    0.000000   clock clk (rise edge)
                                  0.000000    0.000000   clock source latency
     1    0.010187    0.082443    0.053501    0.053501 ^ clk (in)
                                                         clk (net)
                      0.082447    0.000000    0.053501 ^ clkbuf_0_clk/A (sky130_fd_sc_hd__clkbuf_16)
     2    0.020059    0.067512    0.226960    0.280461 ^ clkbuf_0_clk/X (sky130_fd_sc_hd__clkbuf_16)
                                                         clknet_0_clk (net)
                      0.067532    0.001287    0.281748 ^ clkbuf_1_0__f_clk/A (sky130_fd_sc_hd__clkbuf_16)
     2    0.005184    0.048062    0.197318    0.479066 ^ clkbuf_1_0__f_clk/X (sky130_fd_sc_hd__clkbuf_16)
                                                         clknet_1_0__leaf_clk (net)
                      0.048063    0.000307    0.479373 ^ _43_/CLK (sky130_fd_sc_hd__dfxtp_2)
     2    0.007736    0.086163    0.657590    1.136963 ^ _43_/Q (sky130_fd_sc_hd__dfxtp_2)
                                                         net12 (net)
                      0.086163    0.000525    1.137488 ^ output12/A (sky130_fd_sc_hd__clkdlybuf4s25_1)
     1    0.010937    0.194242    0.560518    1.698006 ^ output12/X (sky130_fd_sc_hd__clkdlybuf4s25_1)
                                                         Q[3] (net)
                      0.194242    0.000492    1.698498 ^ Q[3] (out)
                                              1.698498   data arrival time

                                 10.000000   10.000000   clock clk (rise edge)
                                  0.000000   10.000000   clock network delay (propagated)
                                 -0.500000    9.500000   clock uncertainty
                                  0.000000    9.500000   clock reconvergence pessimism
                                 -2.000000    7.500000   output external delay
                                              7.500000   data required time
---------------------------------------------------------------------------------------------
                                              7.500000   data required time
                                             -1.698498   data arrival time
---------------------------------------------------------------------------------------------
                                              5.801503   slack (MET)


Startpoint: _40_ (rising edge-triggered flip-flop clocked by clk)
Endpoint: Q[0] (output port clocked by clk)
Path Group: clk
Path Type: max

Fanout         Cap        Slew       Delay        Time   Description
---------------------------------------------------------------------------------------------
                                  0.000000    0.000000   clock clk (rise edge)
                                  0.000000    0.000000   clock source latency
     1    0.010187    0.082443    0.053501    0.053501 ^ clk (in)
                                                         clk (net)
                      0.082447    0.000000    0.053501 ^ clkbuf_0_clk/A (sky130_fd_sc_hd__clkbuf_16)
     2    0.020059    0.067512    0.226960    0.280461 ^ clkbuf_0_clk/X (sky130_fd_sc_hd__clkbuf_16)
                                                         clknet_0_clk (net)
                      0.067531    0.001227    0.281688 ^ clkbuf_1_1__f_clk/A (sky130_fd_sc_hd__clkbuf_16)
     2    0.004118    0.046607    0.195306    0.476994 ^ clkbuf_1_1__f_clk/X (sky130_fd_sc_hd__clkbuf_16)
                                                         clknet_1_1__leaf_clk (net)
                      0.046608    0.000226    0.477220 ^ _40_/CLK (sky130_fd_sc_hd__dfxtp_2)
     2    0.006419    0.077112    0.649122    1.126342 ^ _40_/Q (sky130_fd_sc_hd__dfxtp_2)
                                                         net9 (net)
                      0.077112    0.000247    1.126589 ^ output9/A (sky130_fd_sc_hd__clkdlybuf4s25_1)
     1    0.010755    0.191472    0.554449    1.681039 ^ output9/X (sky130_fd_sc_hd__clkdlybuf4s25_1)
                                                         Q[0] (net)
                      0.191472    0.000497    1.681536 ^ Q[0] (out)
                                              1.681536   data arrival time

                                 10.000000   10.000000   clock clk (rise edge)
                                  0.000000   10.000000   clock network delay (propagated)
                                 -0.500000    9.500000   clock uncertainty
                                  0.000000    9.500000   clock reconvergence pessimism
                                 -2.000000    7.500000   output external delay
                                              7.500000   data required time
---------------------------------------------------------------------------------------------
                                              7.500000   data required time
                                             -1.681536   data arrival time
---------------------------------------------------------------------------------------------
                                              5.818464   slack (MET)



