+ define_corners max_ss_100C_1v60
Reading timing models for corner max_ss_100C_1v60…
Reading cell library for the 'max_ss_100C_1v60' corner at '/home/hk/.ciel/ciel/sky130/versions/8afc8346a57fe1ab7934ba5a6056ea8b43078e71/sky130A/libs.ref/sky130_fd_sc_hd/lib/sky130_fd_sc_hd__ss_100C_1v60.lib'…
Reading top-level netlist at '/home/hk/pd_projects/runs/RUN_2026-06-03_20-47-43/52-openroad-fillinsertion/u_s_r.nl.v'…
Linking design 'u_s_r' from netlist…
Warning: /home/hk/pd_projects/runs/RUN_2026-06-03_20-47-43/52-openroad-fillinsertion/u_s_r.nl.v line 66, module sky130_fd_sc_hd__fill_2 not found. Creating black box for FILLER_0_125.
Warning: /home/hk/pd_projects/runs/RUN_2026-06-03_20-47-43/52-openroad-fillinsertion/u_s_r.nl.v line 71, module sky130_fd_sc_hd__fill_1 not found. Creating black box for FILLER_0_27.
Warning: /home/hk/pd_projects/runs/RUN_2026-06-03_20-47-43/52-openroad-fillinsertion/u_s_r.nl.v line 846, module sky130_fd_sc_hd__tapvpwrvgnd_1 not found. Creating black box for TAP_TAPCELL_ROW_0_42.
Reading design constraints file at '/home/hk/pd_projects/constraints.sdc'…
[INFO] No information on clock propagation in input SDC file-- propagating all clocks.
Reading top-level design parasitics for the 'max_ss_100C_1v60' corner at '/home/hk/pd_projects/runs/RUN_2026-06-03_20-47-43/54-openroad-rcx/max/u_s_r.max.spef'…
%OL_CREATE_REPORT min.rpt

===========================================================================
report_checks -path_delay min (Hold)
============================================================================
======================= max_ss_100C_1v60 Corner ===================================

Startpoint: rst (input port clocked by clk)
Endpoint: _42_ (rising edge-triggered flip-flop clocked by clk)
Path Group: clk
Path Type: min

Fanout         Cap        Slew       Delay        Time   Description
---------------------------------------------------------------------------------------------
                                  0.000000    0.000000   clock clk (rise edge)
                                  0.000000    0.000000   clock network delay (propagated)
                                  0.500000    0.500000 ^ input external delay
     1    0.003072    0.034043    0.017269    0.517269 ^ rst (in)
                                                         rst (net)
                      0.034046    0.000000    0.517269 ^ input8/A (sky130_fd_sc_hd__clkdlybuf4s25_1)
     1    0.005467    0.111834    0.476450    0.993719 ^ input8/X (sky130_fd_sc_hd__clkdlybuf4s25_1)
                                                         net8 (net)
                      0.111834    0.000420    0.994139 ^ _21_/A (sky130_fd_sc_hd__inv_2)
     4    0.014542    0.072223    0.109422    1.103561 v _21_/Y (sky130_fd_sc_hd__inv_2)
                                                         _05_ (net)
                      0.072232    0.000829    1.104390 v _35_/C1 (sky130_fd_sc_hd__o211a_2)
     1    0.002763    0.043664    0.206666    1.311057 v _35_/X (sky130_fd_sc_hd__o211a_2)
                                                         _02_ (net)
                      0.043664    0.000109    1.311166 v _42_/D (sky130_fd_sc_hd__dfxtp_2)
                                              1.311166   data arrival time

                                  0.000000    0.000000   clock clk (rise edge)
                                  0.000000    0.000000   clock source latency
     1    0.010187    0.082443    0.053501    0.053501 ^ clk (in)
                                                         clk (net)
                      0.082447    0.000000    0.053501 ^ clkbuf_0_clk/A (sky130_fd_sc_hd__clkbuf_16)
     2    0.020059    0.067512    0.226960    0.280461 ^ clkbuf_0_clk/X (sky130_fd_sc_hd__clkbuf_16)
                                                         clknet_0_clk (net)
                      0.067532    0.001287    0.281748 ^ clkbuf_1_0__f_clk/A (sky130_fd_sc_hd__clkbuf_16)
     2    0.005184    0.048062    0.197318    0.479066 ^ clkbuf_1_0__f_clk/X (sky130_fd_sc_hd__clkbuf_16)
                                                         clknet_1_0__leaf_clk (net)
                      0.048063    0.000297    0.479363 ^ _42_/CLK (sky130_fd_sc_hd__dfxtp_2)
                                  0.500000    0.979363   clock uncertainty
                                  0.000000    0.979363   clock reconvergence pessimism
                                 -0.085649    0.893714   library hold time
                                              0.893714   data required time
---------------------------------------------------------------------------------------------
                                              0.893714   data required time
                                             -1.311166   data arrival time
---------------------------------------------------------------------------------------------
                                              0.417452   slack (MET)


Startpoint: rst (input port clocked by clk)
Endpoint: _43_ (rising edge-triggered flip-flop clocked by clk)
Path Group: clk
Path Type: min

Fanout         Cap        Slew       Delay        Time   Description
---------------------------------------------------------------------------------------------
                                  0.000000    0.000000   clock clk (rise edge)
                                  0.000000    0.000000   clock network delay (propagated)
                                  0.500000    0.500000 ^ input external delay
     1    0.003072    0.034043    0.017269    0.517269 ^ rst (in)
                                                         rst (net)
                      0.034046    0.000000    0.517269 ^ input8/A (sky130_fd_sc_hd__clkdlybuf4s25_1)
     1    0.005467    0.111834    0.476450    0.993719 ^ input8/X (sky130_fd_sc_hd__clkdlybuf4s25_1)
                                                         net8 (net)
                      0.111834    0.000420    0.994139 ^ _21_/A (sky130_fd_sc_hd__inv_2)
     4    0.014542    0.072223    0.109422    1.103561 v _21_/Y (sky130_fd_sc_hd__inv_2)
                                                         _05_ (net)
                      0.072234    0.000875    1.104436 v _39_/C1 (sky130_fd_sc_hd__o221a_2)
     1    0.002367    0.046741    0.216739    1.321175 v _39_/X (sky130_fd_sc_hd__o221a_2)
                                                         _03_ (net)
                      0.046741    0.000146    1.321321 v hold16/A (sky130_fd_sc_hd__dlygate4sd3_1)
     1    0.001925    0.098536    1.098639    2.419960 v hold16/X (sky130_fd_sc_hd__dlygate4sd3_1)
                                                         net16 (net)
                      0.098536    0.000138    2.420098 v _43_/D (sky130_fd_sc_hd__dfxtp_2)
                                              2.420098   data arrival time

                                  0.000000    0.000000   clock clk (rise edge)
                                  0.000000    0.000000   clock source latency
     1    0.010187    0.082443    0.053501    0.053501 ^ clk (in)
                                                         clk (net)
                      0.082447    0.000000    0.053501 ^ clkbuf_0_clk/A (sky130_fd_sc_hd__clkbuf_16)
     2    0.020059    0.067512    0.226960    0.280461 ^ clkbuf_0_clk/X (sky130_fd_sc_hd__clkbuf_16)
                                                         clknet_0_clk (net)
                      0.067532    0.001287    0.281748 ^ clkbuf_1_0__f_clk/A (sky130_fd_sc_hd__clkbuf_16)
     2    0.005184    0.048062    0.197318    0.479066 ^ clkbuf_1_0__f_clk/X (sky130_fd_sc_hd__clkbuf_16)
                                                         clknet_1_0__leaf_clk (net)
                      0.048063    0.000307    0.479373 ^ _43_/CLK (sky130_fd_sc_hd__dfxtp_2)
                                  0.500000    0.979373   clock uncertainty
                                  0.000000    0.979373   clock reconvergence pessimism
                                 -0.105905    0.873468   library hold time
                                              0.873468   data required time
---------------------------------------------------------------------------------------------
                                              0.873468   data required time
                                             -2.420098   data arrival time
---------------------------------------------------------------------------------------------
                                              1.546630   slack (MET)


Startpoint: rst (input port clocked by clk)
Endpoint: _40_ (rising edge-triggered flip-flop clocked by clk)
Path Group: clk
Path Type: min

Fanout         Cap        Slew       Delay        Time   Description
---------------------------------------------------------------------------------------------
                                  0.000000    0.000000   clock clk (rise edge)
                                  0.000000    0.000000   clock network delay (propagated)
                                  0.500000    0.500000 ^ input external delay
     1    0.003072    0.034043    0.017269    0.517269 ^ rst (in)
                                                         rst (net)
                      0.034046    0.000000    0.517269 ^ input8/A (sky130_fd_sc_hd__clkdlybuf4s25_1)
     1    0.005467    0.111834    0.476450    0.993719 ^ input8/X (sky130_fd_sc_hd__clkdlybuf4s25_1)
                                                         net8 (net)
                      0.111834    0.000420    0.994139 ^ _21_/A (sky130_fd_sc_hd__inv_2)
     4    0.014542    0.072223    0.109422    1.103561 v _21_/Y (sky130_fd_sc_hd__inv_2)
                                                         _05_ (net)
                      0.072241    0.001084    1.104645 v _27_/C1 (sky130_fd_sc_hd__o221a_2)
     1    0.002870    0.049570    0.220589    1.325234 v _27_/X (sky130_fd_sc_hd__o221a_2)
                                                         _00_ (net)
                      0.049570    0.000163    1.325397 v hold14/A (sky130_fd_sc_hd__dlygate4sd3_1)
     1    0.002120    0.100316    1.103130    2.428527 v hold14/X (sky130_fd_sc_hd__dlygate4sd3_1)
                                                         net14 (net)
                      0.100316    0.000151    2.428678 v _40_/D (sky130_fd_sc_hd__dfxtp_2)
                                              2.428678   data arrival time

                                  0.000000    0.000000   clock clk (rise edge)
                                  0.000000    0.000000   clock source latency
     1    0.010187    0.082443    0.053501    0.053501 ^ clk (in)
                                                         clk (net)
                      0.082447    0.000000    0.053501 ^ clkbuf_0_clk/A (sky130_fd_sc_hd__clkbuf_16)
     2    0.020059    0.067512    0.226960    0.280461 ^ clkbuf_0_clk/X (sky130_fd_sc_hd__clkbuf_16)
                                                         clknet_0_clk (net)
                      0.067531    0.001227    0.281688 ^ clkbuf_1_1__f_clk/A (sky130_fd_sc_hd__clkbuf_16)
     2    0.004118    0.046607    0.195306    0.476994 ^ clkbuf_1_1__f_clk/X (sky130_fd_sc_hd__clkbuf_16)
                                                         clknet_1_1__leaf_clk (net)
                      0.046608    0.000226    0.477220 ^ _40_/CLK (sky130_fd_sc_hd__dfxtp_2)
                                  0.500000    0.977220   clock uncertainty
                                  0.000000    0.977220   clock reconvergence pessimism
                                 -0.106906    0.870314   library hold time
                                              0.870314   data required time
---------------------------------------------------------------------------------------------
                                              0.870314   data required time
                                             -2.428678   data arrival time
---------------------------------------------------------------------------------------------
                                              1.558364   slack (MET)


Startpoint: rst (input port clocked by clk)
Endpoint: _41_ (rising edge-triggered flip-flop clocked by clk)
Path Group: clk
Path Type: min

Fanout         Cap        Slew       Delay        Time   Description
---------------------------------------------------------------------------------------------
                                  0.000000    0.000000   clock clk (rise edge)
                                  0.000000    0.000000   clock network delay (propagated)
                                  0.500000    0.500000 ^ input external delay
     1    0.003072    0.034043    0.017269    0.517269 ^ rst (in)
                                                         rst (net)
                      0.034046    0.000000    0.517269 ^ input8/A (sky130_fd_sc_hd__clkdlybuf4s25_1)
     1    0.005467    0.111834    0.476450    0.993719 ^ input8/X (sky130_fd_sc_hd__clkdlybuf4s25_1)
                                                         net8 (net)
                      0.111834    0.000420    0.994139 ^ _21_/A (sky130_fd_sc_hd__inv_2)
     4    0.014542    0.072223    0.109422    1.103561 v _21_/Y (sky130_fd_sc_hd__inv_2)
                                                         _05_ (net)
                      0.072240    0.001058    1.104619 v _31_/C1 (sky130_fd_sc_hd__o221a_2)
     1    0.002533    0.047673    0.218010    1.322629 v _31_/X (sky130_fd_sc_hd__o221a_2)
                                                         _01_ (net)
                      0.047673    0.000153    1.322782 v hold18/A (sky130_fd_sc_hd__dlygate4sd3_1)
     1    0.002410    0.102861    1.107207    2.429989 v hold18/X (sky130_fd_sc_hd__dlygate4sd3_1)
                                                         net18 (net)
                      0.102861    0.000154    2.430143 v _41_/D (sky130_fd_sc_hd__dfxtp_2)
                                              2.430143   data arrival time

                                  0.000000    0.000000   clock clk (rise edge)
                                  0.000000    0.000000   clock source latency
     1    0.010187    0.082443    0.053501    0.053501 ^ clk (in)
                                                         clk (net)
                      0.082447    0.000000    0.053501 ^ clkbuf_0_clk/A (sky130_fd_sc_hd__clkbuf_16)
     2    0.020059    0.067512    0.226960    0.280461 ^ clkbuf_0_clk/X (sky130_fd_sc_hd__clkbuf_16)
                                                         clknet_0_clk (net)
                      0.067531    0.001227    0.281688 ^ clkbuf_1_1__f_clk/A (sky130_fd_sc_hd__clkbuf_16)
     2    0.004118    0.046607    0.195306    0.476994 ^ clkbuf_1_1__f_clk/X (sky130_fd_sc_hd__clkbuf_16)
                                                         clknet_1_1__leaf_clk (net)
                      0.046608    0.000241    0.477235 ^ _41_/CLK (sky130_fd_sc_hd__dfxtp_2)
                                  0.500000    0.977235   clock uncertainty
                                  0.000000    0.977235   clock reconvergence pessimism
                                 -0.107846    0.869389   library hold time
                                              0.869389   data required time
---------------------------------------------------------------------------------------------
                                              0.869389   data required time
                                             -2.430143   data arrival time
---------------------------------------------------------------------------------------------
                                              1.560754   slack (MET)


Startpoint: _40_ (rising edge-triggered flip-flop clocked by clk)
Endpoint: Q[0] (output port clocked by clk)
Path Group: clk
Path Type: min

Fanout         Cap        Slew       Delay        Time   Description
---------------------------------------------------------------------------------------------
                                  0.000000    0.000000   clock clk (rise edge)
                                  0.000000    0.000000   clock source latency
     1    0.010187    0.082443    0.053501    0.053501 ^ clk (in)
                                                         clk (net)
                      0.082447    0.000000    0.053501 ^ clkbuf_0_clk/A (sky130_fd_sc_hd__clkbuf_16)
     2    0.020059    0.067512    0.226960    0.280461 ^ clkbuf_0_clk/X (sky130_fd_sc_hd__clkbuf_16)
                                                         clknet_0_clk (net)
                      0.067531    0.001227    0.281688 ^ clkbuf_1_1__f_clk/A (sky130_fd_sc_hd__clkbuf_16)
     2    0.004118    0.046607    0.195306    0.476994 ^ clkbuf_1_1__f_clk/X (sky130_fd_sc_hd__clkbuf_16)
                                                         clknet_1_1__leaf_clk (net)
                      0.046608    0.000226    0.477220 ^ _40_/CLK (sky130_fd_sc_hd__dfxtp_2)
     2    0.006124    0.052830    0.601695    1.078915 v _40_/Q (sky130_fd_sc_hd__dfxtp_2)
                                                         net9 (net)
                      0.052830    0.000232    1.079147 v output9/A (sky130_fd_sc_hd__clkdlybuf4s25_1)
     1    0.010755    0.170049    0.534153    1.613300 v output9/X (sky130_fd_sc_hd__clkdlybuf4s25_1)
                                                         Q[0] (net)
                      0.170049    0.000497    1.613797 v Q[0] (out)
                                              1.613797   data arrival time

                                  0.000000    0.000000   clock clk (rise edge)
                                  0.000000    0.000000   clock network delay (propagated)
                                  0.500000    0.500000   clock uncertainty
                                  0.000000    0.500000   clock reconvergence pessimism
                                 -0.500000    0.000000   output external delay
                                              0.000000   data required time
---------------------------------------------------------------------------------------------
                                              0.000000   data required time
                                             -1.613797   data arrival time
---------------------------------------------------------------------------------------------
                                              1.613797   slack (MET)


Startpoint: _43_ (rising edge-triggered flip-flop clocked by clk)
Endpoint: Q[3] (output port clocked by clk)
Path Group: clk
Path Type: min

Fanout         Cap        Slew       Delay        Time   Description
---------------------------------------------------------------------------------------------
                                  0.000000    0.000000   clock clk (rise edge)
                                  0.000000    0.000000   clock source latency
     1    0.010187    0.082443    0.053501    0.053501 ^ clk (in)
                                                         clk (net)
                      0.082447    0.000000    0.053501 ^ clkbuf_0_clk/A (sky130_fd_sc_hd__clkbuf_16)
     2    0.020059    0.067512    0.226960    0.280461 ^ clkbuf_0_clk/X (sky130_fd_sc_hd__clkbuf_16)
                                                         clknet_0_clk (net)
                      0.067532    0.001287    0.281748 ^ clkbuf_1_0__f_clk/A (sky130_fd_sc_hd__clkbuf_16)
     2    0.005184    0.048062    0.197318    0.479066 ^ clkbuf_1_0__f_clk/X (sky130_fd_sc_hd__clkbuf_16)
                                                         clknet_1_0__leaf_clk (net)
                      0.048063    0.000307    0.479373 ^ _43_/CLK (sky130_fd_sc_hd__dfxtp_2)
     2    0.007441    0.058252    0.607635    1.087008 v _43_/Q (sky130_fd_sc_hd__dfxtp_2)
                                                         net12 (net)
                      0.058252    0.000502    1.087510 v output12/A (sky130_fd_sc_hd__clkdlybuf4s25_1)
     1    0.010937    0.172289    0.538506    1.626016 v output12/X (sky130_fd_sc_hd__clkdlybuf4s25_1)
                                                         Q[3] (net)
                      0.172289    0.000492    1.626508 v Q[3] (out)
                                              1.626508   data arrival time

                                  0.000000    0.000000   clock clk (rise edge)
                                  0.000000    0.000000   clock network delay (propagated)
                                  0.500000    0.500000   clock uncertainty
                                  0.000000    0.500000   clock reconvergence pessimism
                                 -0.500000    0.000000   output external delay
                                              0.000000   data required time
---------------------------------------------------------------------------------------------
                                              0.000000   data required time
                                             -1.626508   data arrival time
---------------------------------------------------------------------------------------------
                                              1.626508   slack (MET)


Startpoint: _41_ (rising edge-triggered flip-flop clocked by clk)
Endpoint: Q[1] (output port clocked by clk)
Path Group: clk
Path Type: min

Fanout         Cap        Slew       Delay        Time   Description
---------------------------------------------------------------------------------------------
                                  0.000000    0.000000   clock clk (rise edge)
                                  0.000000    0.000000   clock source latency
     1    0.010187    0.082443    0.053501    0.053501 ^ clk (in)
                                                         clk (net)
                      0.082447    0.000000    0.053501 ^ clkbuf_0_clk/A (sky130_fd_sc_hd__clkbuf_16)
     2    0.020059    0.067512    0.226960    0.280461 ^ clkbuf_0_clk/X (sky130_fd_sc_hd__clkbuf_16)
                                                         clknet_0_clk (net)
                      0.067531    0.001227    0.281688 ^ clkbuf_1_1__f_clk/A (sky130_fd_sc_hd__clkbuf_16)
     2    0.004118    0.046607    0.195306    0.476994 ^ clkbuf_1_1__f_clk/X (sky130_fd_sc_hd__clkbuf_16)
                                                         clknet_1_1__leaf_clk (net)
                      0.046608    0.000241    0.477235 ^ _41_/CLK (sky130_fd_sc_hd__dfxtp_2)
     3    0.013050    0.080925    0.629671    1.106906 v _41_/Q (sky130_fd_sc_hd__dfxtp_2)
                                                         net10 (net)
                      0.080925    0.000686    1.107593 v output10/A (sky130_fd_sc_hd__clkdlybuf4s25_1)
     1    0.010767    0.170138    0.546960    1.654553 v output10/X (sky130_fd_sc_hd__clkdlybuf4s25_1)
                                                         Q[1] (net)
                      0.170138    0.000498    1.655051 v Q[1] (out)
                                              1.655051   data arrival time

                                  0.000000    0.000000   clock clk (rise edge)
                                  0.000000    0.000000   clock network delay (propagated)
                                  0.500000    0.500000   clock uncertainty
                                  0.000000    0.500000   clock reconvergence pessimism
                                 -0.500000    0.000000   output external delay
                                              0.000000   data required time
---------------------------------------------------------------------------------------------
                                              0.000000   data required time
                                             -1.655051   data arrival time
---------------------------------------------------------------------------------------------
                                              1.655051   slack (MET)


Startpoint: _42_ (rising edge-triggered flip-flop clocked by clk)
Endpoint: Q[2] (output port clocked by clk)
Path Group: clk
Path Type: min

Fanout         Cap        Slew       Delay        Time   Description
---------------------------------------------------------------------------------------------
                                  0.000000    0.000000   clock clk (rise edge)
                                  0.000000    0.000000   clock source latency
     1    0.010187    0.082443    0.053501    0.053501 ^ clk (in)
                                                         clk (net)
                      0.082447    0.000000    0.053501 ^ clkbuf_0_clk/A (sky130_fd_sc_hd__clkbuf_16)
     2    0.020059    0.067512    0.226960    0.280461 ^ clkbuf_0_clk/X (sky130_fd_sc_hd__clkbuf_16)
                                                         clknet_0_clk (net)
                      0.067532    0.001287    0.281748 ^ clkbuf_1_0__f_clk/A (sky130_fd_sc_hd__clkbuf_16)
     2    0.005184    0.048062    0.197318    0.479066 ^ clkbuf_1_0__f_clk/X (sky130_fd_sc_hd__clkbuf_16)
                                                         clknet_1_0__leaf_clk (net)
                      0.048063    0.000297    0.479363 ^ _42_/CLK (sky130_fd_sc_hd__dfxtp_2)
     4    0.014107    0.085469    0.634511    1.113874 v _42_/Q (sky130_fd_sc_hd__dfxtp_2)
                                                         net11 (net)
                      0.085469    0.000840    1.114714 v output11/A (sky130_fd_sc_hd__clkdlybuf4s25_1)
     1    0.011021    0.173315    0.551689    1.666404 v output11/X (sky130_fd_sc_hd__clkdlybuf4s25_1)
                                                         Q[2] (net)
                      0.173315    0.000523    1.666927 v Q[2] (out)
                                              1.666927   data arrival time

                                  0.000000    0.000000   clock clk (rise edge)
                                  0.000000    0.000000   clock network delay (propagated)
                                  0.500000    0.500000   clock uncertainty
                                  0.000000    0.500000   clock reconvergence pessimism
                                 -0.500000    0.000000   output external delay
                                              0.000000   data required time
---------------------------------------------------------------------------------------------
                                              0.000000   data required time
                                             -1.666927   data arrival time
---------------------------------------------------------------------------------------------
                                              1.666927   slack (MET)



%OL_END_REPORT
%OL_CREATE_REPORT max.rpt

===========================================================================
report_checks -path_delay max (Setup)
============================================================================
======================= max_ss_100C_1v60 Corner ===================================

Startpoint: mode[1] (input port clocked by clk)
Endpoint: _40_ (rising edge-triggered flip-flop clocked by clk)
Path Group: clk
Path Type: max

Fanout         Cap        Slew       Delay        Time   Description
---------------------------------------------------------------------------------------------
                                  0.000000    0.000000   clock clk (rise edge)
                                  0.000000    0.000000   clock network delay (propagated)
                                  2.000000    2.000000 v input external delay
     1    0.003512    0.021216    0.011534    2.011534 v mode[1] (in)
                                                         mode[1] (net)
                      0.021217    0.000000    2.011534 v input7/A (sky130_fd_sc_hd__clkdlybuf4s25_1)
    11    0.033172    0.451339    0.733408    2.744941 v input7/X (sky130_fd_sc_hd__clkdlybuf4s25_1)
                                                         net7 (net)
                      0.451343    0.002039    2.746980 v _22_/B (sky130_fd_sc_hd__and3_2)
     1    0.004159    0.078090    0.602066    3.349046 v _22_/X (sky130_fd_sc_hd__and3_2)
                                                         _06_ (net)
                      0.078090    0.000304    3.349350 v _26_/B1 (sky130_fd_sc_hd__a211o_2)
     1    0.003938    0.086662    0.581586    3.930937 v _26_/X (sky130_fd_sc_hd__a211o_2)
                                                         _10_ (net)
                      0.086662    0.000246    3.931183 v _27_/B1 (sky130_fd_sc_hd__o221a_2)
     1    0.002870    0.079168    0.467082    4.398265 v _27_/X (sky130_fd_sc_hd__o221a_2)
                                                         _00_ (net)
                      0.079168    0.000163    4.398429 v hold14/A (sky130_fd_sc_hd__dlygate4sd3_1)
     1    0.002120    0.099989    1.115783    5.514212 v hold14/X (sky130_fd_sc_hd__dlygate4sd3_1)
                                                         net14 (net)
                      0.099989    0.000151    5.514362 v _40_/D (sky130_fd_sc_hd__dfxtp_2)
                                              5.514362   data arrival time

                                 10.000000   10.000000   clock clk (rise edge)
                                  0.000000   10.000000   clock source latency
     1    0.010187    0.082443    0.053501   10.053501 ^ clk (in)
                                                         clk (net)
                      0.082447    0.000000   10.053501 ^ clkbuf_0_clk/A (sky130_fd_sc_hd__clkbuf_16)
     2    0.020059    0.067512    0.226960   10.280461 ^ clkbuf_0_clk/X (sky130_fd_sc_hd__clkbuf_16)
                                                         clknet_0_clk (net)
                      0.067531    0.001227   10.281688 ^ clkbuf_1_1__f_clk/A (sky130_fd_sc_hd__clkbuf_16)
     2    0.004118    0.046607    0.195306   10.476994 ^ clkbuf_1_1__f_clk/X (sky130_fd_sc_hd__clkbuf_16)
                                                         clknet_1_1__leaf_clk (net)
                      0.046608    0.000226   10.477221 ^ _40_/CLK (sky130_fd_sc_hd__dfxtp_2)
                                 -0.500000    9.977221   clock uncertainty
                                  0.000000    9.977221   clock reconvergence pessimism
                                 -0.293191    9.684030   library setup time
                                              9.684030   data required time
---------------------------------------------------------------------------------------------
                                              9.684030   data required time
                                             -5.514362   data arrival time
---------------------------------------------------------------------------------------------
                                              4.169667   slack (MET)


Startpoint: mode[1] (input port clocked by clk)
Endpoint: _43_ (rising edge-triggered flip-flop clocked by clk)
Path Group: clk
Path Type: max

Fanout         Cap        Slew       Delay        Time   Description
---------------------------------------------------------------------------------------------
                                  0.000000    0.000000   clock clk (rise edge)
                                  0.000000    0.000000   clock network delay (propagated)
                                  2.000000    2.000000 v input external delay
     1    0.003512    0.021216    0.011534    2.011534 v mode[1] (in)
                                                         mode[1] (net)
                      0.021217    0.000000    2.011534 v input7/A (sky130_fd_sc_hd__clkdlybuf4s25_1)
    11    0.033172    0.451339    0.733408    2.744941 v input7/X (sky130_fd_sc_hd__clkdlybuf4s25_1)
                                                         net7 (net)
                      0.451366    0.003740    2.748681 v _36_/B (sky130_fd_sc_hd__and3_2)
     1    0.002943    0.071926    0.591403    3.340085 v _36_/X (sky130_fd_sc_hd__and3_2)
                                                         _17_ (net)
                      0.071926    0.000200    3.340284 v _38_/C1 (sky130_fd_sc_hd__a211o_2)
     1    0.006352    0.101497    0.536373    3.876657 v _38_/X (sky130_fd_sc_hd__a211o_2)
                                                         _19_ (net)
                      0.101497    0.000340    3.876997 v _39_/B2 (sky130_fd_sc_hd__o221a_2)
     1    0.002367    0.076212    0.437366    4.314363 v _39_/X (sky130_fd_sc_hd__o221a_2)
                                                         _03_ (net)
                      0.076212    0.000146    4.314509 v hold16/A (sky130_fd_sc_hd__dlygate4sd3_1)
     1    0.001925    0.098166    1.111223    5.425732 v hold16/X (sky130_fd_sc_hd__dlygate4sd3_1)
                                                         net16 (net)
                      0.098166    0.000138    5.425870 v _43_/D (sky130_fd_sc_hd__dfxtp_2)
                                              5.425870   data arrival time

                                 10.000000   10.000000   clock clk (rise edge)
                                  0.000000   10.000000   clock source latency
     1    0.010187    0.082443    0.053501   10.053501 ^ clk (in)
                                                         clk (net)
                      0.082447    0.000000   10.053501 ^ clkbuf_0_clk/A (sky130_fd_sc_hd__clkbuf_16)
     2    0.020059    0.067512    0.226960   10.280461 ^ clkbuf_0_clk/X (sky130_fd_sc_hd__clkbuf_16)
                                                         clknet_0_clk (net)
                      0.067532    0.001287   10.281748 ^ clkbuf_1_0__f_clk/A (sky130_fd_sc_hd__clkbuf_16)
     2    0.005184    0.048062    0.197319   10.479067 ^ clkbuf_1_0__f_clk/X (sky130_fd_sc_hd__clkbuf_16)
                                                         clknet_1_0__leaf_clk (net)
                      0.048063    0.000306   10.479373 ^ _43_/CLK (sky130_fd_sc_hd__dfxtp_2)
                                 -0.500000    9.979373   clock uncertainty
                                  0.000000    9.979373   clock reconvergence pessimism
                                 -0.292038    9.687335   library setup time
                                              9.687335   data required time
---------------------------------------------------------------------------------------------
                                              9.687335   data required time
                                             -5.425870   data arrival time
---------------------------------------------------------------------------------------------
                                              4.261465   slack (MET)


Startpoint: mode[1] (input port clocked by clk)
Endpoint: _41_ (rising edge-triggered flip-flop clocked by clk)
Path Group: clk
Path Type: max

Fanout         Cap        Slew       Delay        Time   Description
---------------------------------------------------------------------------------------------
                                  0.000000    0.000000   clock clk (rise edge)
                                  0.000000    0.000000   clock network delay (propagated)
                                  2.000000    2.000000 v input external delay
     1    0.003512    0.021216    0.011534    2.011534 v mode[1] (in)
                                                         mode[1] (net)
                      0.021217    0.000000    2.011534 v input7/A (sky130_fd_sc_hd__clkdlybuf4s25_1)
    11    0.033172    0.451339    0.733408    2.744941 v input7/X (sky130_fd_sc_hd__clkdlybuf4s25_1)
                                                         net7 (net)
                      0.451366    0.003773    2.748714 v _25_/B (sky130_fd_sc_hd__or2_2)
     4    0.012847    0.162830    0.861345    3.610059 v _25_/X (sky130_fd_sc_hd__or2_2)
                                                         _09_ (net)
                      0.162830    0.000432    3.610490 v _31_/A2 (sky130_fd_sc_hd__o221a_2)
     1    0.002533    0.077232    0.517917    4.128407 v _31_/X (sky130_fd_sc_hd__o221a_2)
                                                         _01_ (net)
                      0.077232    0.000153    4.128560 v hold18/A (sky130_fd_sc_hd__dlygate4sd3_1)
     1    0.002410    0.102544    1.119864    5.248425 v hold18/X (sky130_fd_sc_hd__dlygate4sd3_1)
                                                         net18 (net)
                      0.102544    0.000154    5.248579 v _41_/D (sky130_fd_sc_hd__dfxtp_2)
                                              5.248579   data arrival time

                                 10.000000   10.000000   clock clk (rise edge)
                                  0.000000   10.000000   clock source latency
     1    0.010187    0.082443    0.053501   10.053501 ^ clk (in)
                                                         clk (net)
                      0.082447    0.000000   10.053501 ^ clkbuf_0_clk/A (sky130_fd_sc_hd__clkbuf_16)
     2    0.020059    0.067512    0.226960   10.280461 ^ clkbuf_0_clk/X (sky130_fd_sc_hd__clkbuf_16)
                                                         clknet_0_clk (net)
                      0.067531    0.001227   10.281688 ^ clkbuf_1_1__f_clk/A (sky130_fd_sc_hd__clkbuf_16)
     2    0.004118    0.046607    0.195306   10.476994 ^ clkbuf_1_1__f_clk/X (sky130_fd_sc_hd__clkbuf_16)
                                                         clknet_1_1__leaf_clk (net)
                      0.046608    0.000242   10.477236 ^ _41_/CLK (sky130_fd_sc_hd__dfxtp_2)
                                 -0.500000    9.977236   clock uncertainty
                                  0.000000    9.977236   clock reconvergence pessimism
                                 -0.294253    9.682981   library setup time
                                              9.682981   data required time
---------------------------------------------------------------------------------------------
                                              9.682981   data required time
                                             -5.248579   data arrival time
---------------------------------------------------------------------------------------------
                                              4.434403   slack (MET)


Startpoint: mode[1] (input port clocked by clk)
Endpoint: _42_ (rising edge-triggered flip-flop clocked by clk)
Path Group: clk
Path Type: max

Fanout         Cap        Slew       Delay        Time   Description
---------------------------------------------------------------------------------------------
                                  0.000000    0.000000   clock clk (rise edge)
                                  0.000000    0.000000   clock network delay (propagated)
                                  2.000000    2.000000 v input external delay
     1    0.003512    0.021216    0.011534    2.011534 v mode[1] (in)
                                                         mode[1] (net)
                      0.021217    0.000000    2.011534 v input7/A (sky130_fd_sc_hd__clkdlybuf4s25_1)
    11    0.033172    0.451339    0.733408    2.744941 v input7/X (sky130_fd_sc_hd__clkdlybuf4s25_1)
                                                         net7 (net)
                      0.451365    0.003729    2.748670 v _32_/B (sky130_fd_sc_hd__and3_2)
     1    0.002750    0.070970    0.589695    3.338366 v _32_/X (sky130_fd_sc_hd__and3_2)
                                                         _14_ (net)
                      0.070970    0.000203    3.338569 v _34_/C1 (sky130_fd_sc_hd__a2111o_2)
     1    0.003659    0.112061    0.776268    4.114837 v _34_/X (sky130_fd_sc_hd__a2111o_2)
                                                         _16_ (net)
                      0.112061    0.000281    4.115117 v _35_/B1 (sky130_fd_sc_hd__o211a_2)
     1    0.002763    0.069038    0.255636    4.370753 v _35_/X (sky130_fd_sc_hd__o211a_2)
                                                         _02_ (net)
                      0.069038    0.000109    4.370862 v _42_/D (sky130_fd_sc_hd__dfxtp_2)
                                              4.370862   data arrival time

                                 10.000000   10.000000   clock clk (rise edge)
                                  0.000000   10.000000   clock source latency
     1    0.010187    0.082443    0.053501   10.053501 ^ clk (in)
                                                         clk (net)
                      0.082447    0.000000   10.053501 ^ clkbuf_0_clk/A (sky130_fd_sc_hd__clkbuf_16)
     2    0.020059    0.067512    0.226960   10.280461 ^ clkbuf_0_clk/X (sky130_fd_sc_hd__clkbuf_16)
                                                         clknet_0_clk (net)
                      0.067532    0.001287   10.281748 ^ clkbuf_1_0__f_clk/A (sky130_fd_sc_hd__clkbuf_16)
     2    0.005184    0.048062    0.197319   10.479067 ^ clkbuf_1_0__f_clk/X (sky130_fd_sc_hd__clkbuf_16)
                                                         clknet_1_0__leaf_clk (net)
                      0.048063    0.000297   10.479363 ^ _42_/CLK (sky130_fd_sc_hd__dfxtp_2)
                                 -0.500000    9.979363   clock uncertainty
                                  0.000000    9.979363   clock reconvergence pessimism
                                 -0.279927    9.699436   library setup time
                                              9.699436   data required time
---------------------------------------------------------------------------------------------
                                              9.699436   data required time
                                             -4.370862   data arrival time
---------------------------------------------------------------------------------------------
                                              5.328574   slack (MET)


Startpoint: _42_ (rising edge-triggered flip-flop clocked by clk)
Endpoint: Q[2] (output port clocked by clk)
Path Group: clk
Path Type: max

Fanout         Cap        Slew       Delay        Time   Description
---------------------------------------------------------------------------------------------
                                  0.000000    0.000000   clock clk (rise edge)
                                  0.000000    0.000000   clock source latency
     1    0.010187    0.082443    0.053501    0.053501 ^ clk (in)
                                                         clk (net)
                      0.082447    0.000000    0.053501 ^ clkbuf_0_clk/A (sky130_fd_sc_hd__clkbuf_16)
     2    0.020059    0.067512    0.226960    0.280461 ^ clkbuf_0_clk/X (sky130_fd_sc_hd__clkbuf_16)
                                                         clknet_0_clk (net)
                      0.067532    0.001287    0.281748 ^ clkbuf_1_0__f_clk/A (sky130_fd_sc_hd__clkbuf_16)
     2    0.005184    0.048062    0.197318    0.479066 ^ clkbuf_1_0__f_clk/X (sky130_fd_sc_hd__clkbuf_16)
                                                         clknet_1_0__leaf_clk (net)
                      0.048063    0.000297    0.479363 ^ _42_/CLK (sky130_fd_sc_hd__dfxtp_2)
     4    0.014871    0.137933    0.700135    1.179498 ^ _42_/Q (sky130_fd_sc_hd__dfxtp_2)
                                                         net11 (net)
                      0.137936    0.000887    1.180385 ^ output11/A (sky130_fd_sc_hd__clkdlybuf4s25_1)
     1    0.011021    0.195593    0.584672    1.765057 ^ output11/X (sky130_fd_sc_hd__clkdlybuf4s25_1)
                                                         Q[2] (net)
                      0.195593    0.000523    1.765581 ^ Q[2] (out)
                                              1.765581   data arrival time

                                 10.000000   10.000000   clock clk (rise edge)
                                  0.000000   10.000000   clock network delay (propagated)
                                 -0.500000    9.500000   clock uncertainty
                                  0.000000    9.500000   clock reconvergence pessimism
                                 -2.000000    7.500000   output external delay
                                              7.500000   data required time
---------------------------------------------------------------------------------------------
                                              7.500000   data required time
                                             -1.765581   data arrival time
---------------------------------------------------------------------------------------------
                                              5.734419   slack (MET)


Startpoint: _41_ (rising edge-triggered flip-flop clocked by clk)
Endpoint: Q[1] (output port clocked by clk)
Path Group: clk
Path Type: max

Fanout         Cap        Slew       Delay        Time   Description
---------------------------------------------------------------------------------------------
                                  0.000000    0.000000   clock clk (rise edge)
                                  0.000000    0.000000   clock source latency
     1    0.010187    0.082443    0.053501    0.053501 ^ clk (in)
                                                         clk (net)
                      0.082447    0.000000    0.053501 ^ clkbuf_0_clk/A (sky130_fd_sc_hd__clkbuf_16)
     2    0.020059    0.067512    0.226960    0.280461 ^ clkbuf_0_clk/X (sky130_fd_sc_hd__clkbuf_16)
                                                         clknet_0_clk (net)
                      0.067531    0.001227    0.281688 ^ clkbuf_1_1__f_clk/A (sky130_fd_sc_hd__clkbuf_16)
     2    0.004118    0.046607    0.195306    0.476994 ^ clkbuf_1_1__f_clk/X (sky130_fd_sc_hd__clkbuf_16)
                                                         clknet_1_1__leaf_clk (net)
                      0.046608    0.000241    0.477235 ^ _41_/CLK (sky130_fd_sc_hd__dfxtp_2)
     3    0.013507    0.127861    0.691412    1.168647 ^ _41_/Q (sky130_fd_sc_hd__dfxtp_2)
                                                         net10 (net)
                      0.127863    0.000715    1.169362 ^ output10/A (sky130_fd_sc_hd__clkdlybuf4s25_1)
     1    0.010767    0.191714    0.577302    1.746664 ^ output10/X (sky130_fd_sc_hd__clkdlybuf4s25_1)
                                                         Q[1] (net)
                      0.191714    0.000498    1.747163 ^ Q[1] (out)
                                              1.747163   data arrival time

                                 10.000000   10.000000   clock clk (rise edge)
                                  0.000000   10.000000   clock network delay (propagated)
                                 -0.500000    9.500000   clock uncertainty
                                  0.000000    9.500000   clock reconvergence pessimism
                                 -2.000000    7.500000   output external delay
                                              7.500000   data required time
---------------------------------------------------------------------------------------------
                                              7.500000   data required time
                                             -1.747163   data arrival time
---------------------------------------------------------------------------------------------
                                              5.752837   slack (MET)


Startpoint: _43_ (rising edge-triggered flip-flop clocked by clk)
Endpoint: Q[3] (output port clocked by clk)
Path Group: clk
Path Type: max

Fanout         Cap        Slew       Delay        Time   Description
---------------------------------------------------------------------------------------------
                                  0.000000    0.000000   clock clk (rise edge)
                                  0.000000    0.000000   clock source latency
     1    0.010187    0.082443    0.053501    0.053501 ^ clk (in)
                                                         clk (net)
                      0.082447    0.000000    0.053501 ^ clkbuf_0_clk/A (sky130_fd_sc_hd__clkbuf_16)
     2    0.020059    0.067512    0.226960    0.280461 ^ clkbuf_0_clk/X (sky130_fd_sc_hd__clkbuf_16)
                                                         clknet_0_clk (net)
                      0.067532    0.001287    0.281748 ^ clkbuf_1_0__f_clk/A (sky130_fd_sc_hd__clkbuf_16)
     2    0.005184    0.048062    0.197318    0.479066 ^ clkbuf_1_0__f_clk/X (sky130_fd_sc_hd__clkbuf_16)
                                                         clknet_1_0__leaf_clk (net)
                      0.048063    0.000307    0.479373 ^ _43_/CLK (sky130_fd_sc_hd__dfxtp_2)
     2    0.007736    0.086163    0.657590    1.136963 ^ _43_/Q (sky130_fd_sc_hd__dfxtp_2)
                                                         net12 (net)
                      0.086163    0.000525    1.137488 ^ output12/A (sky130_fd_sc_hd__clkdlybuf4s25_1)
     1    0.010937    0.194242    0.560518    1.698006 ^ output12/X (sky130_fd_sc_hd__clkdlybuf4s25_1)
                                                         Q[3] (net)
                      0.194242    0.000492    1.698498 ^ Q[3] (out)
                                              1.698498   data arrival time

                                 10.000000   10.000000   clock clk (rise edge)
                                  0.000000   10.000000   clock network delay (propagated)
                                 -0.500000    9.500000   clock uncertainty
                                  0.000000    9.500000   clock reconvergence pessimism
                                 -2.000000    7.500000   output external delay
                                              7.500000   data required time
---------------------------------------------------------------------------------------------
                                              7.500000   data required time
                                             -1.698498   data arrival time
---------------------------------------------------------------------------------------------
                                              5.801503   slack (MET)


Startpoint: _40_ (rising edge-triggered flip-flop clocked by clk)
Endpoint: Q[0] (output port clocked by clk)
Path Group: clk
Path Type: max

Fanout         Cap        Slew       Delay        Time   Description
---------------------------------------------------------------------------------------------
                                  0.000000    0.000000   clock clk (rise edge)
                                  0.000000    0.000000   clock source latency
     1    0.010187    0.082443    0.053501    0.053501 ^ clk (in)
                                                         clk (net)
                      0.082447    0.000000    0.053501 ^ clkbuf_0_clk/A (sky130_fd_sc_hd__clkbuf_16)
     2    0.020059    0.067512    0.226960    0.280461 ^ clkbuf_0_clk/X (sky130_fd_sc_hd__clkbuf_16)
                                                         clknet_0_clk (net)
                      0.067531    0.001227    0.281688 ^ clkbuf_1_1__f_clk/A (sky130_fd_sc_hd__clkbuf_16)
     2    0.004118    0.046607    0.195306    0.476994 ^ clkbuf_1_1__f_clk/X (sky130_fd_sc_hd__clkbuf_16)
                                                         clknet_1_1__leaf_clk (net)
                      0.046608    0.000226    0.477220 ^ _40_/CLK (sky130_fd_sc_hd__dfxtp_2)
     2    0.006419    0.077112    0.649122    1.126342 ^ _40_/Q (sky130_fd_sc_hd__dfxtp_2)
                                                         net9 (net)
                      0.077112    0.000247    1.126589 ^ output9/A (sky130_fd_sc_hd__clkdlybuf4s25_1)
     1    0.010755    0.191472    0.554449    1.681039 ^ output9/X (sky130_fd_sc_hd__clkdlybuf4s25_1)
                                                         Q[0] (net)
                      0.191472    0.000497    1.681536 ^ Q[0] (out)
                                              1.681536   data arrival time

                                 10.000000   10.000000   clock clk (rise edge)
                                  0.000000   10.000000   clock network delay (propagated)
                                 -0.500000    9.500000   clock uncertainty
                                  0.000000    9.500000   clock reconvergence pessimism
                                 -2.000000    7.500000   output external delay
                                              7.500000   data required time
---------------------------------------------------------------------------------------------
                                              7.500000   data required time
                                             -1.681536   data arrival time
---------------------------------------------------------------------------------------------
                                              5.818464   slack (MET)



%OL_END_REPORT
%OL_CREATE_REPORT checks.rpt

===========================================================================
report_checks -unconstrained
===========================================================================
======================= max_ss_100C_1v60 Corner ===================================

Startpoint: mode[1] (input port clocked by clk)
Endpoint: _40_ (rising edge-triggered flip-flop clocked by clk)
Path Group: clk
Path Type: max

Fanout         Cap        Slew       Delay        Time   Description
---------------------------------------------------------------------------------------------
                                  0.000000    0.000000   clock clk (rise edge)
                                  0.000000    0.000000   clock network delay (propagated)
                                  2.000000    2.000000 v input external delay
     1    0.003512    0.021216    0.011534    2.011534 v mode[1] (in)
                                                         mode[1] (net)
                      0.021217    0.000000    2.011534 v input7/A (sky130_fd_sc_hd__clkdlybuf4s25_1)
    11    0.033172    0.451339    0.733408    2.744941 v input7/X (sky130_fd_sc_hd__clkdlybuf4s25_1)
                                                         net7 (net)
                      0.451343    0.002039    2.746980 v _22_/B (sky130_fd_sc_hd__and3_2)
     1    0.004159    0.078090    0.602066    3.349046 v _22_/X (sky130_fd_sc_hd__and3_2)
                                                         _06_ (net)
                      0.078090    0.000304    3.349350 v _26_/B1 (sky130_fd_sc_hd__a211o_2)
     1    0.003938    0.086662    0.581586    3.930937 v _26_/X (sky130_fd_sc_hd__a211o_2)
                                                         _10_ (net)
                      0.086662    0.000246    3.931183 v _27_/B1 (sky130_fd_sc_hd__o221a_2)
     1    0.002870    0.079168    0.467082    4.398265 v _27_/X (sky130_fd_sc_hd__o221a_2)
                                                         _00_ (net)
                      0.079168    0.000163    4.398429 v hold14/A (sky130_fd_sc_hd__dlygate4sd3_1)
     1    0.002120    0.099989    1.115783    5.514212 v hold14/X (sky130_fd_sc_hd__dlygate4sd3_1)
                                                         net14 (net)
                      0.099989    0.000151    5.514362 v _40_/D (sky130_fd_sc_hd__dfxtp_2)
                                              5.514362   data arrival time

                                 10.000000   10.000000   clock clk (rise edge)
                                  0.000000   10.000000   clock source latency
     1    0.010187    0.082443    0.053501   10.053501 ^ clk (in)
                                                         clk (net)
                      0.082447    0.000000   10.053501 ^ clkbuf_0_clk/A (sky130_fd_sc_hd__clkbuf_16)
     2    0.020059    0.067512    0.226960   10.280461 ^ clkbuf_0_clk/X (sky130_fd_sc_hd__clkbuf_16)
                                                         clknet_0_clk (net)
                      0.067531    0.001227   10.281688 ^ clkbuf_1_1__f_clk/A (sky130_fd_sc_hd__clkbuf_16)
     2    0.004118    0.046607    0.195306   10.476994 ^ clkbuf_1_1__f_clk/X (sky130_fd_sc_hd__clkbuf_16)
                                                         clknet_1_1__leaf_clk (net)
                      0.046608    0.000226   10.477221 ^ _40_/CLK (sky130_fd_sc_hd__dfxtp_2)
                                 -0.500000    9.977221   clock uncertainty
                                  0.000000    9.977221   clock reconvergence pessimism
                                 -0.293191    9.684030   library setup time
                                              9.684030   data required time
---------------------------------------------------------------------------------------------
                                              9.684030   data required time
                                             -5.514362   data arrival time
---------------------------------------------------------------------------------------------
                                              4.169667   slack (MET)




===========================================================================
report_checks --slack_max -0.01
============================================================================
======================= max_ss_100C_1v60 Corner ===================================

No paths found.


===========================================================================
 report_check_types -max_slew -max_cap -max_fanout -violators
============================================================================
======================= max_ss_100C_1v60 Corner ===================================



===========================================================================
report_parasitic_annotation -report_unannotated
============================================================================
Found 0 unannotated drivers.
Found 0 partially unannotated drivers.

===========================================================================
max slew violation count 0
%OL_METRIC_I design__max_slew_violation__count__corner:max_ss_100C_1v60 0
max fanout violation count 0
%OL_METRIC_I design__max_fanout_violation__count__corner:max_ss_100C_1v60 0
max cap violation count 0
%OL_METRIC_I design__max_cap_violation__count__corner:max_ss_100C_1v60 0
============================================================================

===========================================================================
check_setup -verbose -unconstrained_endpoints -multiple_clock -no_clock -no_input_delay -loops -generated_clocks
===========================================================================
%OL_END_REPORT
%OL_CREATE_REPORT power.rpt

===========================================================================
 report_power
============================================================================
======================= max_ss_100C_1v60 Corner ===================================

Group                    Internal    Switching      Leakage        Total
                            Power        Power        Power        Power (Watts)
------------------------------------------------------------------------
Sequential           1.387510e-05 7.781016e-07 6.138993e-08 1.471459e-05  19.4%
Combinational        8.109869e-06 4.165132e-06 2.148005e-07 1.248980e-05  16.4%
Clock                4.119956e-05 7.516353e-06 5.923153e-08 4.877514e-05  64.2%
Macro                0.000000e+00 0.000000e+00 0.000000e+00 0.000000e+00   0.0%
Pad                  0.000000e+00 0.000000e+00 0.000000e+00 0.000000e+00   0.0%
------------------------------------------------------------------------
Total                6.318453e-05 1.245959e-05 3.354218e-07 7.597954e-05 100.0%
                            83.2%        16.4%         0.4%
%OL_METRIC_F power__internal__total 6.318452506093308e-5
%OL_METRIC_F power__switching__total 1.245958628715016e-5
%OL_METRIC_F power__leakage__total 3.3542184496582195e-7
%OL_METRIC_F power__total 7.59795366320759e-5

%OL_END_REPORT
%OL_CREATE_REPORT skew.min.rpt

===========================================================================
Clock Skew (Hold)
============================================================================
%OL_METRIC_F clock__skew__worst_hold__corner:max_ss_100C_1v60 -0.5021281865760931
======================= max_ss_100C_1v60 Corner ===================================

Clock clk
0.477235 source latency _41_/CLK ^
-0.479363 target latency _42_/CLK ^
-0.500000 clock uncertainty
0.000000 CRPR
--------------
-0.502128 hold skew

%OL_END_REPORT
%OL_CREATE_REPORT skew.max.rpt

===========================================================================
Clock Skew (Setup)
============================================================================
%OL_METRIC_F clock__skew__worst_setup__corner:max_ss_100C_1v60 0.5021281865760931
======================= max_ss_100C_1v60 Corner ===================================

Clock clk
0.479363 source latency _42_/CLK ^
-0.477235 target latency _41_/CLK ^
0.500000 clock uncertainty
0.000000 CRPR
--------------
0.502128 setup skew

%OL_END_REPORT
%OL_CREATE_REPORT ws.min.rpt

===========================================================================
Worst Slack (Hold)
============================================================================
%OL_METRIC_F timing__hold__ws__corner:max_ss_100C_1v60 0.41745214022694516
max_ss_100C_1v60: 0.41745214022694516
%OL_END_REPORT
%OL_CREATE_REPORT ws.max.rpt

===========================================================================
Worst Slack (Setup)
============================================================================
%OL_METRIC_F timing__setup__ws__corner:max_ss_100C_1v60 4.169667396046207
max_ss_100C_1v60: 4.169667396046207
%OL_END_REPORT
%OL_CREATE_REPORT tns.min.rpt

===========================================================================
Total Negative Slack (Hold)
============================================================================
%OL_METRIC_F timing__hold__tns__corner:max_ss_100C_1v60 0.0
max_ss_100C_1v60: 0.0
%OL_END_REPORT
%OL_CREATE_REPORT tns.max.rpt

===========================================================================
Total Negative Slack (Setup)
============================================================================
%OL_METRIC_F timing__setup__tns__corner:max_ss_100C_1v60 0.0
max_ss_100C_1v60: 0.0
%OL_END_REPORT
%OL_CREATE_REPORT wns.min.rpt

===========================================================================
Worst Negative Slack (Hold)
============================================================================
%OL_METRIC_F timing__hold__wns__corner:max_ss_100C_1v60 0
max_ss_100C_1v60: 0
%OL_END_REPORT
%OL_CREATE_REPORT wns.max.rpt

===========================================================================
Worst Negative Slack (Setup)
============================================================================
%OL_METRIC_F timing__setup__wns__corner:max_ss_100C_1v60 0.0
max_ss_100C_1v60: 0.0
%OL_END_REPORT
%OL_CREATE_REPORT violator_list.rpt

===========================================================================
Violator List
============================================================================
%OL_METRIC_I timing__hold_vio__count__corner:max_ss_100C_1v60 0
%OL_METRIC_F timing__hold_r2r__ws__corner:max_ss_100C_1v60 inf
%OL_METRIC_I timing__hold_r2r_vio__count__corner:max_ss_100C_1v60 0
%OL_METRIC_I timing__setup_vio__count__corner:max_ss_100C_1v60 0
%OL_METRIC_F timing__setup_r2r__ws__corner:max_ss_100C_1v60 inf
%OL_METRIC_I timing__setup_r2r_vio__count__corner:max_ss_100C_1v60 0
%OL_END_REPORT
%OL_CREATE_REPORT unpropagated.rpt
%OL_END_REPORT
%OL_CREATE_REPORT clock.rpt
Clock: clk
Sources: clk 
Generated: no
Virtual: yes
Propagated: no
Period: 10.000000

===========================================================================
report_clock_properties
============================================================================
Clock                   Period          Waveform
----------------------------------------------------
clk                  10.000000    0.000000  5.000000

===========================================================================
report_clock_latency
============================================================================
Clock clk
rise -> rise
    min     max
0.000000 0.000000 source latency
0.477220         network latency _40_/CLK
        0.479373 network latency _43_/CLK
---------------
0.477220 0.479373 latency
        0.002153 skew

fall -> fall
    min     max
0.000000 0.000000 source latency
0.502213         network latency _40_/CLK
        0.504102 network latency _43_/CLK
---------------
0.502213 0.504102 latency
        0.001889 skew



===========================================================================
report_clock_min_period
============================================================================
clk period_min = 4.64 fmax = 215.68
%OL_END_REPORT
Writing SDF files for all corners…
Removing Clock latencies before writing libs…
Writing timing models for all corners…
Writing timing models for the max_ss_100C_1v60 corner to /home/hk/pd_projects/runs/RUN_2026-06-03_20-47-43/55-openroad-stapostpnr/max_ss_100C_1v60/u_s_r__max_ss_100C_1v60.lib…
