
===========================================================================
report_checks -unconstrained
===========================================================================
======================= nom_tt_025C_1v80 Corner ===================================

Startpoint: mode[1] (input port clocked by clk)
Endpoint: _40_ (rising edge-triggered flip-flop clocked by clk)
Path Group: clk
Path Type: max

Fanout         Cap        Slew       Delay        Time   Description
---------------------------------------------------------------------------------------------
                                  0.000000    0.000000   clock clk (rise edge)
                                  0.000000    0.000000   clock network delay (propagated)
                                  2.000000    2.000000 v input external delay
     1    0.003056    0.009214    0.004881    2.004881 v mode[1] (in)
                                                         mode[1] (net)
                      0.009215    0.000000    2.004881 v input7/A (sky130_fd_sc_hd__clkdlybuf4s25_1)
    11    0.029776    0.223774    0.375251    2.380133 v input7/X (sky130_fd_sc_hd__clkdlybuf4s25_1)
                                                         net7 (net)
                      0.223775    0.000851    2.380984 v _22_/B (sky130_fd_sc_hd__and3_2)
     1    0.003649    0.039631    0.273865    2.654848 v _22_/X (sky130_fd_sc_hd__and3_2)
                                                         _06_ (net)
                      0.039631    0.000099    2.654947 v _26_/B1 (sky130_fd_sc_hd__a211o_2)
     1    0.003377    0.048211    0.298032    2.952979 v _26_/X (sky130_fd_sc_hd__a211o_2)
                                                         _10_ (net)
                      0.048211    0.000086    2.953065 v _27_/B1 (sky130_fd_sc_hd__o221a_2)
     1    0.002717    0.042179    0.238416    3.191482 v _27_/X (sky130_fd_sc_hd__o221a_2)
                                                         _00_ (net)
                      0.042179    0.000067    3.191548 v hold14/A (sky130_fd_sc_hd__dlygate4sd3_1)
     1    0.002044    0.049255    0.540210    3.731759 v hold14/X (sky130_fd_sc_hd__dlygate4sd3_1)
                                                         net14 (net)
                      0.049255    0.000043    3.731801 v _40_/D (sky130_fd_sc_hd__dfxtp_2)
                                              3.731801   data arrival time

                                 10.000000   10.000000   clock clk (rise edge)
                                  0.000000   10.000000   clock source latency
     1    0.009843    0.050734    0.033578   10.033579 ^ clk (in)
                                                         clk (net)
                      0.050736    0.000000   10.033579 ^ clkbuf_0_clk/A (sky130_fd_sc_hd__clkbuf_16)
     2    0.019461    0.041381    0.126836   10.160415 ^ clkbuf_0_clk/X (sky130_fd_sc_hd__clkbuf_16)
                                                         clknet_0_clk (net)
                      0.041383    0.000600   10.161015 ^ clkbuf_1_1__f_clk/A (sky130_fd_sc_hd__clkbuf_16)
     2    0.005992    0.029669    0.110380   10.271395 ^ clkbuf_1_1__f_clk/X (sky130_fd_sc_hd__clkbuf_16)
                                                         clknet_1_1__leaf_clk (net)
                      0.029669    0.000220   10.271615 ^ _40_/CLK (sky130_fd_sc_hd__dfxtp_2)
                                 -0.500000    9.771615   clock uncertainty
                                  0.000000    9.771615   clock reconvergence pessimism
                                 -0.118325    9.653290   library setup time
                                              9.653290   data required time
---------------------------------------------------------------------------------------------
                                              9.653290   data required time
                                             -3.731801   data arrival time
---------------------------------------------------------------------------------------------
                                              5.921489   slack (MET)




===========================================================================
report_checks --slack_max -0.01
============================================================================
======================= nom_tt_025C_1v80 Corner ===================================

No paths found.


===========================================================================
 report_check_types -max_slew -max_cap -max_fanout -violators
============================================================================
======================= nom_tt_025C_1v80 Corner ===================================



===========================================================================
report_parasitic_annotation -report_unannotated
============================================================================
Found 0 unannotated drivers.
Found 0 partially unannotated drivers.

===========================================================================
max slew violation count 0
Writing metric design__max_slew_violation__count__corner:nom_tt_025C_1v80: 0
max fanout violation count 0
Writing metric design__max_fanout_violation__count__corner:nom_tt_025C_1v80: 0
max cap violation count 0
Writing metric design__max_cap_violation__count__corner:nom_tt_025C_1v80: 0
============================================================================

===========================================================================
check_setup -verbose -unconstrained_endpoints -multiple_clock -no_clock -no_input_delay -loops -generated_clocks
===========================================================================
