Clock: clk
Sources: clk 
Generated: no
Virtual: yes
Propagated: no
Period: 10.000000

===========================================================================
report_clock_properties
============================================================================
Clock                   Period          Waveform
----------------------------------------------------
clk                  10.000000    0.000000  5.000000

===========================================================================
report_clock_latency
============================================================================
Clock clk
rise -> rise
    min     max
0.000000 0.000000 source latency
0.271144         network latency _43_/CLK
        0.271615 network latency _41_/CLK
---------------
0.271144 0.271615 latency
        0.000471 skew

fall -> fall
    min     max
0.000000 0.000000 source latency
0.279076         network latency _43_/CLK
        0.279508 network latency _41_/CLK
---------------
0.279076 0.279508 latency
        0.000432 skew



===========================================================================
report_clock_min_period
============================================================================
clk period_min = 2.51 fmax = 398.88
