Reading timing models for corner nom_tt_025C_1v80…
Reading timing library for the 'nom_tt_025C_1v80' corner at '/home/hk/.ciel/ciel/sky130/versions/8afc8346a57fe1ab7934ba5a6056ea8b43078e71/sky130A/libs.ref/sky130_fd_sc_hd/lib/sky130_fd_sc_hd__tt_025C_1v80.lib'…
Reading OpenROAD database at '/home/hk/pd_projects/runs/RUN_2026-06-03_20-47-43/42-openroad-repairantennas/1-openroad-diodeinsertion/u_s_r.odb'…
Reading design constraints file at '/home/hk/pd_projects/constraints.sdc'…
[INFO] No information on clock propagation in input SDC file-- propagating all clocks.
%OL_CREATE_REPORT min.rpt

===========================================================================
report_checks -path_delay min (Hold)
============================================================================
======================= nom_tt_025C_1v80 Corner ===================================

Startpoint: rst (input port clocked by clk)
Endpoint: _42_ (rising edge-triggered flip-flop clocked by clk)
Path Group: clk
Path Type: min

Fanout         Cap        Slew       Delay        Time   Description
---------------------------------------------------------------------------------------------
                                  0.000000    0.000000   clock clk (rise edge)
                                  0.000000    0.000000   clock network delay (propagated)
                                  0.500000    0.500000 ^ input external delay
     1    0.002915    0.020226    0.010727    0.510727 ^ rst (in)
                                                         rst (net)
                      0.020226    0.000000    0.510727 ^ input8/A (sky130_fd_sc_hd__clkdlybuf4s25_1)
     1    0.006349    0.076727    0.259326    0.770053 ^ input8/X (sky130_fd_sc_hd__clkdlybuf4s25_1)
                                                         net8 (net)
                      0.076727    0.000247    0.770300 ^ _21_/A (sky130_fd_sc_hd__inv_2)
     4    0.012684    0.037698    0.054847    0.825147 v _21_/Y (sky130_fd_sc_hd__inv_2)
                                                         _05_ (net)
                      0.037701    0.000381    0.825529 v _35_/C1 (sky130_fd_sc_hd__o211a_2)
     1    0.003013    0.024434    0.108558    0.934086 v _35_/X (sky130_fd_sc_hd__o211a_2)
                                                         _02_ (net)
                      0.024434    0.000076    0.934163 v _42_/D (sky130_fd_sc_hd__dfxtp_2)
                                              0.934163   data arrival time

                                  0.000000    0.000000   clock clk (rise edge)
                                  0.000000    0.000000   clock source latency
     1    0.009843    0.050734    0.033579    0.033579 ^ clk (in)
                                                         clk (net)
                      0.050736    0.000000    0.033579 ^ clkbuf_0_clk/A (sky130_fd_sc_hd__clkbuf_16)
     2    0.019461    0.041381    0.126836    0.160415 ^ clkbuf_0_clk/X (sky130_fd_sc_hd__clkbuf_16)
                                                         clknet_0_clk (net)
                      0.041384    0.000633    0.161048 ^ clkbuf_1_0__f_clk/A (sky130_fd_sc_hd__clkbuf_16)
     2    0.005610    0.029322    0.109929    0.270977 ^ clkbuf_1_0__f_clk/X (sky130_fd_sc_hd__clkbuf_16)
                                                         clknet_1_0__leaf_clk (net)
                      0.029323    0.000182    0.271159 ^ _42_/CLK (sky130_fd_sc_hd__dfxtp_2)
                                  0.500000    0.771159   clock uncertainty
                                  0.000000    0.771159   clock reconvergence pessimism
                                 -0.041112    0.730047   library hold time
                                              0.730047   data required time
---------------------------------------------------------------------------------------------
                                              0.730047   data required time
                                             -0.934163   data arrival time
---------------------------------------------------------------------------------------------
                                              0.204116   slack (MET)


Startpoint: _41_ (rising edge-triggered flip-flop clocked by clk)
Endpoint: _40_ (rising edge-triggered flip-flop clocked by clk)
Path Group: clk
Path Type: min

Fanout         Cap        Slew       Delay        Time   Description
---------------------------------------------------------------------------------------------
                                  0.000000    0.000000   clock clk (rise edge)
                                  0.000000    0.000000   clock source latency
     1    0.009843    0.050734    0.033579    0.033579 ^ clk (in)
                                                         clk (net)
                      0.050736    0.000000    0.033579 ^ clkbuf_0_clk/A (sky130_fd_sc_hd__clkbuf_16)
     2    0.019461    0.041381    0.126836    0.160415 ^ clkbuf_0_clk/X (sky130_fd_sc_hd__clkbuf_16)
                                                         clknet_0_clk (net)
                      0.041383    0.000599    0.161015 ^ clkbuf_1_1__f_clk/A (sky130_fd_sc_hd__clkbuf_16)
     2    0.005992    0.029669    0.110380    0.271395 ^ clkbuf_1_1__f_clk/X (sky130_fd_sc_hd__clkbuf_16)
                                                         clknet_1_1__leaf_clk (net)
                      0.029669    0.000221    0.271615 ^ _41_/CLK (sky130_fd_sc_hd__dfxtp_2)
     3    0.010687    0.064679    0.328693    0.600308 ^ _41_/Q (sky130_fd_sc_hd__dfxtp_2)
                                                         net10 (net)
                      0.064679    0.000235    0.600543 ^ _26_/A1 (sky130_fd_sc_hd__a211o_2)
     1    0.003547    0.028514    0.120189    0.720733 ^ _26_/X (sky130_fd_sc_hd__a211o_2)
                                                         _10_ (net)
                      0.028514    0.000091    0.720824 ^ _27_/B1 (sky130_fd_sc_hd__o221a_2)
     1    0.002882    0.040866    0.166979    0.887803 ^ _27_/X (sky130_fd_sc_hd__o221a_2)
                                                         _00_ (net)
                      0.040866    0.000072    0.887875 ^ hold14/A (sky130_fd_sc_hd__dlygate4sd3_1)
     1    0.002037    0.046921    0.526314    1.414188 ^ hold14/X (sky130_fd_sc_hd__dlygate4sd3_1)
                                                         net14 (net)
                      0.046921    0.000043    1.414231 ^ _40_/D (sky130_fd_sc_hd__dfxtp_2)
                                              1.414231   data arrival time

                                  0.000000    0.000000   clock clk (rise edge)
                                  0.000000    0.000000   clock source latency
     1    0.009843    0.050734    0.033579    0.033579 ^ clk (in)
                                                         clk (net)
                      0.050736    0.000000    0.033579 ^ clkbuf_0_clk/A (sky130_fd_sc_hd__clkbuf_16)
     2    0.019461    0.041381    0.126836    0.160415 ^ clkbuf_0_clk/X (sky130_fd_sc_hd__clkbuf_16)
                                                         clknet_0_clk (net)
                      0.041383    0.000599    0.161015 ^ clkbuf_1_1__f_clk/A (sky130_fd_sc_hd__clkbuf_16)
     2    0.005992    0.029669    0.110380    0.271395 ^ clkbuf_1_1__f_clk/X (sky130_fd_sc_hd__clkbuf_16)
                                                         clknet_1_1__leaf_clk (net)
                      0.029669    0.000220    0.271614 ^ _40_/CLK (sky130_fd_sc_hd__dfxtp_2)
                                  0.500000    0.771614   clock uncertainty
                                  0.000000    0.771614   clock reconvergence pessimism
                                 -0.033606    0.738008   library hold time
                                              0.738008   data required time
---------------------------------------------------------------------------------------------
                                              0.738008   data required time
                                             -1.414231   data arrival time
---------------------------------------------------------------------------------------------
                                              0.676223   slack (MET)


Startpoint: rst (input port clocked by clk)
Endpoint: _41_ (rising edge-triggered flip-flop clocked by clk)
Path Group: clk
Path Type: min

Fanout         Cap        Slew       Delay        Time   Description
---------------------------------------------------------------------------------------------
                                  0.000000    0.000000   clock clk (rise edge)
                                  0.000000    0.000000   clock network delay (propagated)
                                  0.500000    0.500000 ^ input external delay
     1    0.002915    0.020226    0.010727    0.510727 ^ rst (in)
                                                         rst (net)
                      0.020226    0.000000    0.510727 ^ input8/A (sky130_fd_sc_hd__clkdlybuf4s25_1)
     1    0.006349    0.076727    0.259326    0.770053 ^ input8/X (sky130_fd_sc_hd__clkdlybuf4s25_1)
                                                         net8 (net)
                      0.076727    0.000247    0.770300 ^ _21_/A (sky130_fd_sc_hd__inv_2)
     4    0.012684    0.037698    0.054847    0.825147 v _21_/Y (sky130_fd_sc_hd__inv_2)
                                                         _05_ (net)
                      0.037721    0.000459    0.825607 v _31_/C1 (sky130_fd_sc_hd__o221a_2)
     1    0.002970    0.026265    0.113455    0.939061 v _31_/X (sky130_fd_sc_hd__o221a_2)
                                                         _01_ (net)
                      0.026265    0.000093    0.939154 v hold18/A (sky130_fd_sc_hd__dlygate4sd3_1)
     1    0.002867    0.053586    0.541476    1.480630 v hold18/X (sky130_fd_sc_hd__dlygate4sd3_1)
                                                         net18 (net)
                      0.053586    0.000093    1.480723 v _41_/D (sky130_fd_sc_hd__dfxtp_2)
                                              1.480723   data arrival time

                                  0.000000    0.000000   clock clk (rise edge)
                                  0.000000    0.000000   clock source latency
     1    0.009843    0.050734    0.033579    0.033579 ^ clk (in)
                                                         clk (net)
                      0.050736    0.000000    0.033579 ^ clkbuf_0_clk/A (sky130_fd_sc_hd__clkbuf_16)
     2    0.019461    0.041381    0.126836    0.160415 ^ clkbuf_0_clk/X (sky130_fd_sc_hd__clkbuf_16)
                                                         clknet_0_clk (net)
                      0.041383    0.000599    0.161015 ^ clkbuf_1_1__f_clk/A (sky130_fd_sc_hd__clkbuf_16)
     2    0.005992    0.029669    0.110380    0.271395 ^ clkbuf_1_1__f_clk/X (sky130_fd_sc_hd__clkbuf_16)
                                                         clknet_1_1__leaf_clk (net)
                      0.029669    0.000221    0.271615 ^ _41_/CLK (sky130_fd_sc_hd__dfxtp_2)
                                  0.500000    0.771615   clock uncertainty
                                  0.000000    0.771615   clock reconvergence pessimism
                                 -0.052984    0.718631   library hold time
                                              0.718631   data required time
---------------------------------------------------------------------------------------------
                                              0.718631   data required time
                                             -1.480723   data arrival time
---------------------------------------------------------------------------------------------
                                              0.762092   slack (MET)


Startpoint: rst (input port clocked by clk)
Endpoint: _43_ (rising edge-triggered flip-flop clocked by clk)
Path Group: clk
Path Type: min

Fanout         Cap        Slew       Delay        Time   Description
---------------------------------------------------------------------------------------------
                                  0.000000    0.000000   clock clk (rise edge)
                                  0.000000    0.000000   clock network delay (propagated)
                                  0.500000    0.500000 ^ input external delay
     1    0.002915    0.020226    0.010727    0.510727 ^ rst (in)
                                                         rst (net)
                      0.020226    0.000000    0.510727 ^ input8/A (sky130_fd_sc_hd__clkdlybuf4s25_1)
     1    0.006349    0.076727    0.259326    0.770053 ^ input8/X (sky130_fd_sc_hd__clkdlybuf4s25_1)
                                                         net8 (net)
                      0.076727    0.000247    0.770300 ^ _21_/A (sky130_fd_sc_hd__inv_2)
     4    0.012684    0.037698    0.054847    0.825147 v _21_/Y (sky130_fd_sc_hd__inv_2)
                                                         _05_ (net)
                      0.037701    0.000384    0.825531 v _39_/C1 (sky130_fd_sc_hd__o221a_2)
     1    0.003322    0.027360    0.114888    0.940420 v _39_/X (sky130_fd_sc_hd__o221a_2)
                                                         _03_ (net)
                      0.027373    0.000110    0.940530 v hold16/A (sky130_fd_sc_hd__dlygate4sd3_1)
     1    0.003132    0.055297    0.544313    1.484843 v hold16/X (sky130_fd_sc_hd__dlygate4sd3_1)
                                                         net16 (net)
                      0.055297    0.000102    1.484945 v _43_/D (sky130_fd_sc_hd__dfxtp_2)
                                              1.484945   data arrival time

                                  0.000000    0.000000   clock clk (rise edge)
                                  0.000000    0.000000   clock source latency
     1    0.009843    0.050734    0.033579    0.033579 ^ clk (in)
                                                         clk (net)
                      0.050736    0.000000    0.033579 ^ clkbuf_0_clk/A (sky130_fd_sc_hd__clkbuf_16)
     2    0.019461    0.041381    0.126836    0.160415 ^ clkbuf_0_clk/X (sky130_fd_sc_hd__clkbuf_16)
                                                         clknet_0_clk (net)
                      0.041384    0.000633    0.161048 ^ clkbuf_1_0__f_clk/A (sky130_fd_sc_hd__clkbuf_16)
     2    0.005610    0.029322    0.109929    0.270977 ^ clkbuf_1_0__f_clk/X (sky130_fd_sc_hd__clkbuf_16)
                                                         clknet_1_0__leaf_clk (net)
                      0.029323    0.000167    0.271144 ^ _43_/CLK (sky130_fd_sc_hd__dfxtp_2)
                                  0.500000    0.771144   clock uncertainty
                                  0.000000    0.771144   clock reconvergence pessimism
                                 -0.053763    0.717381   library hold time
                                              0.717381   data required time
---------------------------------------------------------------------------------------------
                                              0.717381   data required time
                                             -1.484945   data arrival time
---------------------------------------------------------------------------------------------
                                              0.767563   slack (MET)


Startpoint: _43_ (rising edge-triggered flip-flop clocked by clk)
Endpoint: Q[3] (output port clocked by clk)
Path Group: clk
Path Type: min

Fanout         Cap        Slew       Delay        Time   Description
---------------------------------------------------------------------------------------------
                                  0.000000    0.000000   clock clk (rise edge)
                                  0.000000    0.000000   clock source latency
     1    0.009843    0.050734    0.033579    0.033579 ^ clk (in)
                                                         clk (net)
                      0.050736    0.000000    0.033579 ^ clkbuf_0_clk/A (sky130_fd_sc_hd__clkbuf_16)
     2    0.019461    0.041381    0.126836    0.160415 ^ clkbuf_0_clk/X (sky130_fd_sc_hd__clkbuf_16)
                                                         clknet_0_clk (net)
                      0.041384    0.000633    0.161048 ^ clkbuf_1_0__f_clk/A (sky130_fd_sc_hd__clkbuf_16)
     2    0.005610    0.029322    0.109929    0.270977 ^ clkbuf_1_0__f_clk/X (sky130_fd_sc_hd__clkbuf_16)
                                                         clknet_1_0__leaf_clk (net)
                      0.029323    0.000167    0.271144 ^ _43_/CLK (sky130_fd_sc_hd__dfxtp_2)
     2    0.007624    0.033309    0.309806    0.580950 v _43_/Q (sky130_fd_sc_hd__dfxtp_2)
                                                         net12 (net)
                      0.033309    0.000268    0.581218 v output12/A (sky130_fd_sc_hd__clkdlybuf4s25_1)
     1    0.010643    0.090830    0.283462    0.864680 v output12/X (sky130_fd_sc_hd__clkdlybuf4s25_1)
                                                         Q[3] (net)
                      0.090830    0.000247    0.864928 v Q[3] (out)
                                              0.864928   data arrival time

                                  0.000000    0.000000   clock clk (rise edge)
                                  0.000000    0.000000   clock network delay (propagated)
                                  0.500000    0.500000   clock uncertainty
                                  0.000000    0.500000   clock reconvergence pessimism
                                 -0.500000    0.000000   output external delay
                                              0.000000   data required time
---------------------------------------------------------------------------------------------
                                              0.000000   data required time
                                             -0.864928   data arrival time
---------------------------------------------------------------------------------------------
                                              0.864928   slack (MET)


Startpoint: _40_ (rising edge-triggered flip-flop clocked by clk)
Endpoint: Q[0] (output port clocked by clk)
Path Group: clk
Path Type: min

Fanout         Cap        Slew       Delay        Time   Description
---------------------------------------------------------------------------------------------
                                  0.000000    0.000000   clock clk (rise edge)
                                  0.000000    0.000000   clock source latency
     1    0.009843    0.050734    0.033579    0.033579 ^ clk (in)
                                                         clk (net)
                      0.050736    0.000000    0.033579 ^ clkbuf_0_clk/A (sky130_fd_sc_hd__clkbuf_16)
     2    0.019461    0.041381    0.126836    0.160415 ^ clkbuf_0_clk/X (sky130_fd_sc_hd__clkbuf_16)
                                                         clknet_0_clk (net)
                      0.041383    0.000599    0.161015 ^ clkbuf_1_1__f_clk/A (sky130_fd_sc_hd__clkbuf_16)
     2    0.005992    0.029669    0.110380    0.271395 ^ clkbuf_1_1__f_clk/X (sky130_fd_sc_hd__clkbuf_16)
                                                         clknet_1_1__leaf_clk (net)
                      0.029669    0.000220    0.271614 ^ _40_/CLK (sky130_fd_sc_hd__dfxtp_2)
     2    0.006773    0.031429    0.307787    0.579402 v _40_/Q (sky130_fd_sc_hd__dfxtp_2)
                                                         net9 (net)
                      0.031429    0.000181    0.579583 v output9/A (sky130_fd_sc_hd__clkdlybuf4s25_1)
     1    0.011514    0.096756    0.287324    0.866907 v output9/X (sky130_fd_sc_hd__clkdlybuf4s25_1)
                                                         Q[0] (net)
                      0.096756    0.000316    0.867223 v Q[0] (out)
                                              0.867223   data arrival time

                                  0.000000    0.000000   clock clk (rise edge)
                                  0.000000    0.000000   clock network delay (propagated)
                                  0.500000    0.500000   clock uncertainty
                                  0.000000    0.500000   clock reconvergence pessimism
                                 -0.500000    0.000000   output external delay
                                              0.000000   data required time
---------------------------------------------------------------------------------------------
                                              0.000000   data required time
                                             -0.867223   data arrival time
---------------------------------------------------------------------------------------------
                                              0.867223   slack (MET)


Startpoint: _41_ (rising edge-triggered flip-flop clocked by clk)
Endpoint: Q[1] (output port clocked by clk)
Path Group: clk
Path Type: min

Fanout         Cap        Slew       Delay        Time   Description
---------------------------------------------------------------------------------------------
                                  0.000000    0.000000   clock clk (rise edge)
                                  0.000000    0.000000   clock source latency
     1    0.009843    0.050734    0.033579    0.033579 ^ clk (in)
                                                         clk (net)
                      0.050736    0.000000    0.033579 ^ clkbuf_0_clk/A (sky130_fd_sc_hd__clkbuf_16)
     2    0.019461    0.041381    0.126836    0.160415 ^ clkbuf_0_clk/X (sky130_fd_sc_hd__clkbuf_16)
                                                         clknet_0_clk (net)
                      0.041383    0.000599    0.161015 ^ clkbuf_1_1__f_clk/A (sky130_fd_sc_hd__clkbuf_16)
     2    0.005992    0.029669    0.110380    0.271395 ^ clkbuf_1_1__f_clk/X (sky130_fd_sc_hd__clkbuf_16)
                                                         clknet_1_1__leaf_clk (net)
                      0.029669    0.000221    0.271615 ^ _41_/CLK (sky130_fd_sc_hd__dfxtp_2)
     3    0.010083    0.039015    0.316206    0.587822 v _41_/Q (sky130_fd_sc_hd__dfxtp_2)
                                                         net10 (net)
                      0.039015    0.000222    0.588044 v output10/A (sky130_fd_sc_hd__clkdlybuf4s25_1)
     1    0.010687    0.091157    0.286115    0.874159 v output10/X (sky130_fd_sc_hd__clkdlybuf4s25_1)
                                                         Q[1] (net)
                      0.091157    0.000293    0.874452 v Q[1] (out)
                                              0.874452   data arrival time

                                  0.000000    0.000000   clock clk (rise edge)
                                  0.000000    0.000000   clock network delay (propagated)
                                  0.500000    0.500000   clock uncertainty
                                  0.000000    0.500000   clock reconvergence pessimism
                                 -0.500000    0.000000   output external delay
                                              0.000000   data required time
---------------------------------------------------------------------------------------------
                                              0.000000   data required time
                                             -0.874452   data arrival time
---------------------------------------------------------------------------------------------
                                              0.874452   slack (MET)


Startpoint: _42_ (rising edge-triggered flip-flop clocked by clk)
Endpoint: Q[2] (output port clocked by clk)
Path Group: clk
Path Type: min

Fanout         Cap        Slew       Delay        Time   Description
---------------------------------------------------------------------------------------------
                                  0.000000    0.000000   clock clk (rise edge)
                                  0.000000    0.000000   clock source latency
     1    0.009843    0.050734    0.033579    0.033579 ^ clk (in)
                                                         clk (net)
                      0.050736    0.000000    0.033579 ^ clkbuf_0_clk/A (sky130_fd_sc_hd__clkbuf_16)
     2    0.019461    0.041381    0.126836    0.160415 ^ clkbuf_0_clk/X (sky130_fd_sc_hd__clkbuf_16)
                                                         clknet_0_clk (net)
                      0.041384    0.000633    0.161048 ^ clkbuf_1_0__f_clk/A (sky130_fd_sc_hd__clkbuf_16)
     2    0.005610    0.029322    0.109929    0.270977 ^ clkbuf_1_0__f_clk/X (sky130_fd_sc_hd__clkbuf_16)
                                                         clknet_1_0__leaf_clk (net)
                      0.029323    0.000182    0.271159 ^ _42_/CLK (sky130_fd_sc_hd__dfxtp_2)
     4    0.014628    0.047538    0.326068    0.597227 v _42_/Q (sky130_fd_sc_hd__dfxtp_2)
                                                         net11 (net)
                      0.047538    0.000409    0.597635 v output11/A (sky130_fd_sc_hd__clkdlybuf4s25_1)
     1    0.011552    0.097083    0.294419    0.892054 v output11/X (sky130_fd_sc_hd__clkdlybuf4s25_1)
                                                         Q[2] (net)
                      0.097083    0.000329    0.892383 v Q[2] (out)
                                              0.892383   data arrival time

                                  0.000000    0.000000   clock clk (rise edge)
                                  0.000000    0.000000   clock network delay (propagated)
                                  0.500000    0.500000   clock uncertainty
                                  0.000000    0.500000   clock reconvergence pessimism
                                 -0.500000    0.000000   output external delay
                                              0.000000   data required time
---------------------------------------------------------------------------------------------
                                              0.000000   data required time
                                             -0.892383   data arrival time
---------------------------------------------------------------------------------------------
                                              0.892383   slack (MET)



%OL_END_REPORT
%OL_CREATE_REPORT max.rpt

===========================================================================
report_checks -path_delay max (Setup)
============================================================================
======================= nom_tt_025C_1v80 Corner ===================================

Startpoint: mode[1] (input port clocked by clk)
Endpoint: _40_ (rising edge-triggered flip-flop clocked by clk)
Path Group: clk
Path Type: max

Fanout         Cap        Slew       Delay        Time   Description
---------------------------------------------------------------------------------------------
                                  0.000000    0.000000   clock clk (rise edge)
                                  0.000000    0.000000   clock network delay (propagated)
                                  2.000000    2.000000 v input external delay
     1    0.003056    0.009214    0.004881    2.004881 v mode[1] (in)
                                                         mode[1] (net)
                      0.009215    0.000000    2.004881 v input7/A (sky130_fd_sc_hd__clkdlybuf4s25_1)
    11    0.029776    0.223774    0.375251    2.380133 v input7/X (sky130_fd_sc_hd__clkdlybuf4s25_1)
                                                         net7 (net)
                      0.223775    0.000851    2.380984 v _22_/B (sky130_fd_sc_hd__and3_2)
     1    0.003649    0.039631    0.273865    2.654848 v _22_/X (sky130_fd_sc_hd__and3_2)
                                                         _06_ (net)
                      0.039631    0.000099    2.654947 v _26_/B1 (sky130_fd_sc_hd__a211o_2)
     1    0.003377    0.048211    0.298032    2.952979 v _26_/X (sky130_fd_sc_hd__a211o_2)
                                                         _10_ (net)
                      0.048211    0.000086    2.953065 v _27_/B1 (sky130_fd_sc_hd__o221a_2)
     1    0.002717    0.042179    0.238416    3.191482 v _27_/X (sky130_fd_sc_hd__o221a_2)
                                                         _00_ (net)
                      0.042179    0.000067    3.191548 v hold14/A (sky130_fd_sc_hd__dlygate4sd3_1)
     1    0.002044    0.049255    0.540210    3.731759 v hold14/X (sky130_fd_sc_hd__dlygate4sd3_1)
                                                         net14 (net)
                      0.049255    0.000043    3.731801 v _40_/D (sky130_fd_sc_hd__dfxtp_2)
                                              3.731801   data arrival time

                                 10.000000   10.000000   clock clk (rise edge)
                                  0.000000   10.000000   clock source latency
     1    0.009843    0.050734    0.033578   10.033579 ^ clk (in)
                                                         clk (net)
                      0.050736    0.000000   10.033579 ^ clkbuf_0_clk/A (sky130_fd_sc_hd__clkbuf_16)
     2    0.019461    0.041381    0.126836   10.160415 ^ clkbuf_0_clk/X (sky130_fd_sc_hd__clkbuf_16)
                                                         clknet_0_clk (net)
                      0.041383    0.000600   10.161015 ^ clkbuf_1_1__f_clk/A (sky130_fd_sc_hd__clkbuf_16)
     2    0.005992    0.029669    0.110380   10.271395 ^ clkbuf_1_1__f_clk/X (sky130_fd_sc_hd__clkbuf_16)
                                                         clknet_1_1__leaf_clk (net)
                      0.029669    0.000220   10.271615 ^ _40_/CLK (sky130_fd_sc_hd__dfxtp_2)
                                 -0.500000    9.771615   clock uncertainty
                                  0.000000    9.771615   clock reconvergence pessimism
                                 -0.118325    9.653290   library setup time
                                              9.653290   data required time
---------------------------------------------------------------------------------------------
                                              9.653290   data required time
                                             -3.731801   data arrival time
---------------------------------------------------------------------------------------------
                                              5.921489   slack (MET)


Startpoint: mode[1] (input port clocked by clk)
Endpoint: _43_ (rising edge-triggered flip-flop clocked by clk)
Path Group: clk
Path Type: max

Fanout         Cap        Slew       Delay        Time   Description
---------------------------------------------------------------------------------------------
                                  0.000000    0.000000   clock clk (rise edge)
                                  0.000000    0.000000   clock network delay (propagated)
                                  2.000000    2.000000 v input external delay
     1    0.003056    0.009214    0.004881    2.004881 v mode[1] (in)
                                                         mode[1] (net)
                      0.009215    0.000000    2.004881 v input7/A (sky130_fd_sc_hd__clkdlybuf4s25_1)
    11    0.029776    0.223774    0.375251    2.380133 v input7/X (sky130_fd_sc_hd__clkdlybuf4s25_1)
                                                         net7 (net)
                      0.223779    0.001291    2.381423 v _36_/B (sky130_fd_sc_hd__and3_2)
     1    0.003192    0.038257    0.271589    2.653013 v _36_/X (sky130_fd_sc_hd__and3_2)
                                                         _17_ (net)
                      0.038257    0.000105    2.653118 v _38_/C1 (sky130_fd_sc_hd__a211o_2)
     1    0.004679    0.053302    0.267398    2.920516 v _38_/X (sky130_fd_sc_hd__a211o_2)
                                                         _19_ (net)
                      0.053302    0.000177    2.920693 v _39_/B2 (sky130_fd_sc_hd__o221a_2)
     1    0.003322    0.043779    0.225475    3.146168 v _39_/X (sky130_fd_sc_hd__o221a_2)
                                                         _03_ (net)
                      0.043779    0.000110    3.146278 v hold16/A (sky130_fd_sc_hd__dlygate4sd3_1)
     1    0.003132    0.055156    0.550706    3.696984 v hold16/X (sky130_fd_sc_hd__dlygate4sd3_1)
                                                         net16 (net)
                      0.055156    0.000102    3.697086 v _43_/D (sky130_fd_sc_hd__dfxtp_2)
                                              3.697086   data arrival time

                                 10.000000   10.000000   clock clk (rise edge)
                                  0.000000   10.000000   clock source latency
     1    0.009843    0.050734    0.033578   10.033579 ^ clk (in)
                                                         clk (net)
                      0.050736    0.000000   10.033579 ^ clkbuf_0_clk/A (sky130_fd_sc_hd__clkbuf_16)
     2    0.019461    0.041381    0.126836   10.160415 ^ clkbuf_0_clk/X (sky130_fd_sc_hd__clkbuf_16)
                                                         clknet_0_clk (net)
                      0.041384    0.000633   10.161048 ^ clkbuf_1_0__f_clk/A (sky130_fd_sc_hd__clkbuf_16)
     2    0.005610    0.029322    0.109929   10.270977 ^ clkbuf_1_0__f_clk/X (sky130_fd_sc_hd__clkbuf_16)
                                                         clknet_1_0__leaf_clk (net)
                      0.029323    0.000167   10.271144 ^ _43_/CLK (sky130_fd_sc_hd__dfxtp_2)
                                 -0.500000    9.771144   clock uncertainty
                                  0.000000    9.771144   clock reconvergence pessimism
                                 -0.120984    9.650160   library setup time
                                              9.650160   data required time
---------------------------------------------------------------------------------------------
                                              9.650160   data required time
                                             -3.697086   data arrival time
---------------------------------------------------------------------------------------------
                                              5.953074   slack (MET)


Startpoint: mode[1] (input port clocked by clk)
Endpoint: _41_ (rising edge-triggered flip-flop clocked by clk)
Path Group: clk
Path Type: max

Fanout         Cap        Slew       Delay        Time   Description
---------------------------------------------------------------------------------------------
                                  0.000000    0.000000   clock clk (rise edge)
                                  0.000000    0.000000   clock network delay (propagated)
                                  2.000000    2.000000 ^ input external delay
     1    0.003281    0.021812    0.012018    2.012018 ^ mode[1] (in)
                                                         mode[1] (net)
                      0.021812    0.000000    2.012018 ^ input7/A (sky130_fd_sc_hd__clkdlybuf4s25_1)
    11    0.031468    0.319381    0.431552    2.443570 ^ input7/X (sky130_fd_sc_hd__clkdlybuf4s25_1)
                                                         net7 (net)
                      0.319383    0.001410    2.444980 ^ _29_/A_N (sky130_fd_sc_hd__nand2b_2)
     1    0.002885    0.039899    0.178700    2.623680 ^ _29_/Y (sky130_fd_sc_hd__nand2b_2)
                                                         _12_ (net)
                      0.039899    0.000090    2.623771 ^ _30_/A2_N (sky130_fd_sc_hd__o2bb2a_2)
     1    0.002409    0.042082    0.194188    2.817958 v _30_/X (sky130_fd_sc_hd__o2bb2a_2)
                                                         _13_ (net)
                      0.042082    0.000048    2.818006 v _31_/B2 (sky130_fd_sc_hd__o221a_2)
     1    0.002970    0.042780    0.219523    3.037529 v _31_/X (sky130_fd_sc_hd__o221a_2)
                                                         _01_ (net)
                      0.042780    0.000093    3.037623 v hold18/A (sky130_fd_sc_hd__dlygate4sd3_1)
     1    0.002867    0.053444    0.547908    3.585531 v hold18/X (sky130_fd_sc_hd__dlygate4sd3_1)
                                                         net18 (net)
                      0.053444    0.000093    3.585624 v _41_/D (sky130_fd_sc_hd__dfxtp_2)
                                              3.585624   data arrival time

                                 10.000000   10.000000   clock clk (rise edge)
                                  0.000000   10.000000   clock source latency
     1    0.009843    0.050734    0.033578   10.033579 ^ clk (in)
                                                         clk (net)
                      0.050736    0.000000   10.033579 ^ clkbuf_0_clk/A (sky130_fd_sc_hd__clkbuf_16)
     2    0.019461    0.041381    0.126836   10.160415 ^ clkbuf_0_clk/X (sky130_fd_sc_hd__clkbuf_16)
                                                         clknet_0_clk (net)
                      0.041383    0.000600   10.161015 ^ clkbuf_1_1__f_clk/A (sky130_fd_sc_hd__clkbuf_16)
     2    0.005992    0.029669    0.110380   10.271395 ^ clkbuf_1_1__f_clk/X (sky130_fd_sc_hd__clkbuf_16)
                                                         clknet_1_1__leaf_clk (net)
                      0.029669    0.000221   10.271616 ^ _41_/CLK (sky130_fd_sc_hd__dfxtp_2)
                                 -0.500000    9.771616   clock uncertainty
                                  0.000000    9.771616   clock reconvergence pessimism
                                 -0.120155    9.651462   library setup time
                                              9.651462   data required time
---------------------------------------------------------------------------------------------
                                              9.651462   data required time
                                             -3.585624   data arrival time
---------------------------------------------------------------------------------------------
                                              6.065838   slack (MET)


Startpoint: mode[1] (input port clocked by clk)
Endpoint: _42_ (rising edge-triggered flip-flop clocked by clk)
Path Group: clk
Path Type: max

Fanout         Cap        Slew       Delay        Time   Description
---------------------------------------------------------------------------------------------
                                  0.000000    0.000000   clock clk (rise edge)
                                  0.000000    0.000000   clock network delay (propagated)
                                  2.000000    2.000000 v input external delay
     1    0.003056    0.009214    0.004881    2.004881 v mode[1] (in)
                                                         mode[1] (net)
                      0.009215    0.000000    2.004881 v input7/A (sky130_fd_sc_hd__clkdlybuf4s25_1)
    11    0.029776    0.223774    0.375251    2.380133 v input7/X (sky130_fd_sc_hd__clkdlybuf4s25_1)
                                                         net7 (net)
                      0.223779    0.001290    2.381422 v _32_/B (sky130_fd_sc_hd__and3_2)
     1    0.002974    0.037647    0.270516    2.651938 v _32_/X (sky130_fd_sc_hd__and3_2)
                                                         _14_ (net)
                      0.037647    0.000068    2.652006 v _34_/C1 (sky130_fd_sc_hd__a2111o_2)
     1    0.003247    0.061961    0.390307    3.042313 v _34_/X (sky130_fd_sc_hd__a2111o_2)
                                                         _16_ (net)
                      0.061961    0.000079    3.042393 v _35_/B1 (sky130_fd_sc_hd__o211a_2)
     1    0.003013    0.040749    0.135673    3.178066 v _35_/X (sky130_fd_sc_hd__o211a_2)
                                                         _02_ (net)
                      0.040749    0.000076    3.178142 v _42_/D (sky130_fd_sc_hd__dfxtp_2)
                                              3.178142   data arrival time

                                 10.000000   10.000000   clock clk (rise edge)
                                  0.000000   10.000000   clock source latency
     1    0.009843    0.050734    0.033578   10.033579 ^ clk (in)
                                                         clk (net)
                      0.050736    0.000000   10.033579 ^ clkbuf_0_clk/A (sky130_fd_sc_hd__clkbuf_16)
     2    0.019461    0.041381    0.126836   10.160415 ^ clkbuf_0_clk/X (sky130_fd_sc_hd__clkbuf_16)
                                                         clknet_0_clk (net)
                      0.041384    0.000633   10.161048 ^ clkbuf_1_0__f_clk/A (sky130_fd_sc_hd__clkbuf_16)
     2    0.005610    0.029322    0.109929   10.270977 ^ clkbuf_1_0__f_clk/X (sky130_fd_sc_hd__clkbuf_16)
                                                         clknet_1_0__leaf_clk (net)
                      0.029323    0.000182   10.271159 ^ _42_/CLK (sky130_fd_sc_hd__dfxtp_2)
                                 -0.500000    9.771159   clock uncertainty
                                  0.000000    9.771159   clock reconvergence pessimism
                                 -0.114690    9.656468   library setup time
                                              9.656468   data required time
---------------------------------------------------------------------------------------------
                                              9.656468   data required time
                                             -3.178142   data arrival time
---------------------------------------------------------------------------------------------
                                              6.478327   slack (MET)


Startpoint: _42_ (rising edge-triggered flip-flop clocked by clk)
Endpoint: Q[2] (output port clocked by clk)
Path Group: clk
Path Type: max

Fanout         Cap        Slew       Delay        Time   Description
---------------------------------------------------------------------------------------------
                                  0.000000    0.000000   clock clk (rise edge)
                                  0.000000    0.000000   clock source latency
     1    0.009843    0.050734    0.033579    0.033579 ^ clk (in)
                                                         clk (net)
                      0.050736    0.000000    0.033579 ^ clkbuf_0_clk/A (sky130_fd_sc_hd__clkbuf_16)
     2    0.019461    0.041381    0.126836    0.160415 ^ clkbuf_0_clk/X (sky130_fd_sc_hd__clkbuf_16)
                                                         clknet_0_clk (net)
                      0.041384    0.000633    0.161048 ^ clkbuf_1_0__f_clk/A (sky130_fd_sc_hd__clkbuf_16)
     2    0.005610    0.029322    0.109929    0.270977 ^ clkbuf_1_0__f_clk/X (sky130_fd_sc_hd__clkbuf_16)
                                                         clknet_1_0__leaf_clk (net)
                      0.029323    0.000182    0.271159 ^ _42_/CLK (sky130_fd_sc_hd__dfxtp_2)
     4    0.015584    0.087208    0.345869    0.617028 ^ _42_/Q (sky130_fd_sc_hd__dfxtp_2)
                                                         net11 (net)
                      0.087208    0.000437    0.617465 ^ output11/A (sky130_fd_sc_hd__clkdlybuf4s25_1)
     1    0.011552    0.126062    0.318556    0.936021 ^ output11/X (sky130_fd_sc_hd__clkdlybuf4s25_1)
                                                         Q[2] (net)
                      0.126062    0.000329    0.936350 ^ Q[2] (out)
                                              0.936350   data arrival time

                                 10.000000   10.000000   clock clk (rise edge)
                                  0.000000   10.000000   clock network delay (propagated)
                                 -0.500000    9.500000   clock uncertainty
                                  0.000000    9.500000   clock reconvergence pessimism
                                 -2.000000    7.500000   output external delay
                                              7.500000   data required time
---------------------------------------------------------------------------------------------
                                              7.500000   data required time
                                             -0.936350   data arrival time
---------------------------------------------------------------------------------------------
                                              6.563650   slack (MET)


Startpoint: _41_ (rising edge-triggered flip-flop clocked by clk)
Endpoint: Q[1] (output port clocked by clk)
Path Group: clk
Path Type: max

Fanout         Cap        Slew       Delay        Time   Description
---------------------------------------------------------------------------------------------
                                  0.000000    0.000000   clock clk (rise edge)
                                  0.000000    0.000000   clock source latency
     1    0.009843    0.050734    0.033579    0.033579 ^ clk (in)
                                                         clk (net)
                      0.050736    0.000000    0.033579 ^ clkbuf_0_clk/A (sky130_fd_sc_hd__clkbuf_16)
     2    0.019461    0.041381    0.126836    0.160415 ^ clkbuf_0_clk/X (sky130_fd_sc_hd__clkbuf_16)
                                                         clknet_0_clk (net)
                      0.041383    0.000599    0.161015 ^ clkbuf_1_1__f_clk/A (sky130_fd_sc_hd__clkbuf_16)
     2    0.005992    0.029669    0.110380    0.271395 ^ clkbuf_1_1__f_clk/X (sky130_fd_sc_hd__clkbuf_16)
                                                         clknet_1_1__leaf_clk (net)
                      0.029669    0.000221    0.271615 ^ _41_/CLK (sky130_fd_sc_hd__dfxtp_2)
     3    0.010687    0.064679    0.328693    0.600308 ^ _41_/Q (sky130_fd_sc_hd__dfxtp_2)
                                                         net10 (net)
                      0.064679    0.000238    0.600546 ^ output10/A (sky130_fd_sc_hd__clkdlybuf4s25_1)
     1    0.010687    0.117744    0.304822    0.905368 ^ output10/X (sky130_fd_sc_hd__clkdlybuf4s25_1)
                                                         Q[1] (net)
                      0.117744    0.000293    0.905661 ^ Q[1] (out)
                                              0.905661   data arrival time

                                 10.000000   10.000000   clock clk (rise edge)
                                  0.000000   10.000000   clock network delay (propagated)
                                 -0.500000    9.500000   clock uncertainty
                                  0.000000    9.500000   clock reconvergence pessimism
                                 -2.000000    7.500000   output external delay
                                              7.500000   data required time
---------------------------------------------------------------------------------------------
                                              7.500000   data required time
                                             -0.905661   data arrival time
---------------------------------------------------------------------------------------------
                                              6.594339   slack (MET)


Startpoint: _40_ (rising edge-triggered flip-flop clocked by clk)
Endpoint: Q[0] (output port clocked by clk)
Path Group: clk
Path Type: max

Fanout         Cap        Slew       Delay        Time   Description
---------------------------------------------------------------------------------------------
                                  0.000000    0.000000   clock clk (rise edge)
                                  0.000000    0.000000   clock source latency
     1    0.009843    0.050734    0.033579    0.033579 ^ clk (in)
                                                         clk (net)
                      0.050736    0.000000    0.033579 ^ clkbuf_0_clk/A (sky130_fd_sc_hd__clkbuf_16)
     2    0.019461    0.041381    0.126836    0.160415 ^ clkbuf_0_clk/X (sky130_fd_sc_hd__clkbuf_16)
                                                         clknet_0_clk (net)
                      0.041383    0.000599    0.161015 ^ clkbuf_1_1__f_clk/A (sky130_fd_sc_hd__clkbuf_16)
     2    0.005992    0.029669    0.110380    0.271395 ^ clkbuf_1_1__f_clk/X (sky130_fd_sc_hd__clkbuf_16)
                                                         clknet_1_1__leaf_clk (net)
                      0.029669    0.000220    0.271614 ^ _40_/CLK (sky130_fd_sc_hd__dfxtp_2)
     2    0.007163    0.048692    0.315521    0.587135 ^ _40_/Q (sky130_fd_sc_hd__dfxtp_2)
                                                         net9 (net)
                      0.048692    0.000194    0.587329 ^ output9/A (sky130_fd_sc_hd__clkdlybuf4s25_1)
     1    0.011514    0.125698    0.304935    0.892264 ^ output9/X (sky130_fd_sc_hd__clkdlybuf4s25_1)
                                                         Q[0] (net)
                      0.125698    0.000316    0.892580 ^ Q[0] (out)
                                              0.892580   data arrival time

                                 10.000000   10.000000   clock clk (rise edge)
                                  0.000000   10.000000   clock network delay (propagated)
                                 -0.500000    9.500000   clock uncertainty
                                  0.000000    9.500000   clock reconvergence pessimism
                                 -2.000000    7.500000   output external delay
                                              7.500000   data required time
---------------------------------------------------------------------------------------------
                                              7.500000   data required time
                                             -0.892580   data arrival time
---------------------------------------------------------------------------------------------
                                              6.607419   slack (MET)


Startpoint: _43_ (rising edge-triggered flip-flop clocked by clk)
Endpoint: Q[3] (output port clocked by clk)
Path Group: clk
Path Type: max

Fanout         Cap        Slew       Delay        Time   Description
---------------------------------------------------------------------------------------------
                                  0.000000    0.000000   clock clk (rise edge)
                                  0.000000    0.000000   clock source latency
     1    0.009843    0.050734    0.033579    0.033579 ^ clk (in)
                                                         clk (net)
                      0.050736    0.000000    0.033579 ^ clkbuf_0_clk/A (sky130_fd_sc_hd__clkbuf_16)
     2    0.019461    0.041381    0.126836    0.160415 ^ clkbuf_0_clk/X (sky130_fd_sc_hd__clkbuf_16)
                                                         clknet_0_clk (net)
                      0.041384    0.000633    0.161048 ^ clkbuf_1_0__f_clk/A (sky130_fd_sc_hd__clkbuf_16)
     2    0.005610    0.029322    0.109929    0.270977 ^ clkbuf_1_0__f_clk/X (sky130_fd_sc_hd__clkbuf_16)
                                                         clknet_1_0__leaf_clk (net)
                      0.029323    0.000167    0.271144 ^ _43_/CLK (sky130_fd_sc_hd__dfxtp_2)
     2    0.008014    0.052491    0.318555    0.589699 ^ _43_/Q (sky130_fd_sc_hd__dfxtp_2)
                                                         net12 (net)
                      0.052491    0.000285    0.589984 ^ output12/A (sky130_fd_sc_hd__clkdlybuf4s25_1)
     1    0.010643    0.117315    0.300314    0.890297 ^ output12/X (sky130_fd_sc_hd__clkdlybuf4s25_1)
                                                         Q[3] (net)
                      0.117315    0.000247    0.890545 ^ Q[3] (out)
                                              0.890545   data arrival time

                                 10.000000   10.000000   clock clk (rise edge)
                                  0.000000   10.000000   clock network delay (propagated)
                                 -0.500000    9.500000   clock uncertainty
                                  0.000000    9.500000   clock reconvergence pessimism
                                 -2.000000    7.500000   output external delay
                                              7.500000   data required time
---------------------------------------------------------------------------------------------
                                              7.500000   data required time
                                             -0.890545   data arrival time
---------------------------------------------------------------------------------------------
                                              6.609456   slack (MET)



%OL_END_REPORT
%OL_CREATE_REPORT checks.rpt

===========================================================================
report_checks -unconstrained
===========================================================================
======================= nom_tt_025C_1v80 Corner ===================================

Startpoint: mode[1] (input port clocked by clk)
Endpoint: _40_ (rising edge-triggered flip-flop clocked by clk)
Path Group: clk
Path Type: max

Fanout         Cap        Slew       Delay        Time   Description
---------------------------------------------------------------------------------------------
                                  0.000000    0.000000   clock clk (rise edge)
                                  0.000000    0.000000   clock network delay (propagated)
                                  2.000000    2.000000 v input external delay
     1    0.003056    0.009214    0.004881    2.004881 v mode[1] (in)
                                                         mode[1] (net)
                      0.009215    0.000000    2.004881 v input7/A (sky130_fd_sc_hd__clkdlybuf4s25_1)
    11    0.029776    0.223774    0.375251    2.380133 v input7/X (sky130_fd_sc_hd__clkdlybuf4s25_1)
                                                         net7 (net)
                      0.223775    0.000851    2.380984 v _22_/B (sky130_fd_sc_hd__and3_2)
     1    0.003649    0.039631    0.273865    2.654848 v _22_/X (sky130_fd_sc_hd__and3_2)
                                                         _06_ (net)
                      0.039631    0.000099    2.654947 v _26_/B1 (sky130_fd_sc_hd__a211o_2)
     1    0.003377    0.048211    0.298032    2.952979 v _26_/X (sky130_fd_sc_hd__a211o_2)
                                                         _10_ (net)
                      0.048211    0.000086    2.953065 v _27_/B1 (sky130_fd_sc_hd__o221a_2)
     1    0.002717    0.042179    0.238416    3.191482 v _27_/X (sky130_fd_sc_hd__o221a_2)
                                                         _00_ (net)
                      0.042179    0.000067    3.191548 v hold14/A (sky130_fd_sc_hd__dlygate4sd3_1)
     1    0.002044    0.049255    0.540210    3.731759 v hold14/X (sky130_fd_sc_hd__dlygate4sd3_1)
                                                         net14 (net)
                      0.049255    0.000043    3.731801 v _40_/D (sky130_fd_sc_hd__dfxtp_2)
                                              3.731801   data arrival time

                                 10.000000   10.000000   clock clk (rise edge)
                                  0.000000   10.000000   clock source latency
     1    0.009843    0.050734    0.033578   10.033579 ^ clk (in)
                                                         clk (net)
                      0.050736    0.000000   10.033579 ^ clkbuf_0_clk/A (sky130_fd_sc_hd__clkbuf_16)
     2    0.019461    0.041381    0.126836   10.160415 ^ clkbuf_0_clk/X (sky130_fd_sc_hd__clkbuf_16)
                                                         clknet_0_clk (net)
                      0.041383    0.000600   10.161015 ^ clkbuf_1_1__f_clk/A (sky130_fd_sc_hd__clkbuf_16)
     2    0.005992    0.029669    0.110380   10.271395 ^ clkbuf_1_1__f_clk/X (sky130_fd_sc_hd__clkbuf_16)
                                                         clknet_1_1__leaf_clk (net)
                      0.029669    0.000220   10.271615 ^ _40_/CLK (sky130_fd_sc_hd__dfxtp_2)
                                 -0.500000    9.771615   clock uncertainty
                                  0.000000    9.771615   clock reconvergence pessimism
                                 -0.118325    9.653290   library setup time
                                              9.653290   data required time
---------------------------------------------------------------------------------------------
                                              9.653290   data required time
                                             -3.731801   data arrival time
---------------------------------------------------------------------------------------------
                                              5.921489   slack (MET)




===========================================================================
report_checks --slack_max -0.01
============================================================================
======================= nom_tt_025C_1v80 Corner ===================================

No paths found.


===========================================================================
 report_check_types -max_slew -max_cap -max_fanout -violators
============================================================================
======================= nom_tt_025C_1v80 Corner ===================================



===========================================================================
report_parasitic_annotation -report_unannotated
============================================================================
Found 0 unannotated drivers.
Found 0 partially unannotated drivers.

===========================================================================
max slew violation count 0
Writing metric design__max_slew_violation__count__corner:nom_tt_025C_1v80: 0
max fanout violation count 0
Writing metric design__max_fanout_violation__count__corner:nom_tt_025C_1v80: 0
max cap violation count 0
Writing metric design__max_cap_violation__count__corner:nom_tt_025C_1v80: 0
============================================================================

===========================================================================
check_setup -verbose -unconstrained_endpoints -multiple_clock -no_clock -no_input_delay -loops -generated_clocks
===========================================================================
%OL_END_REPORT
%OL_CREATE_REPORT power.rpt

===========================================================================
 report_power
============================================================================
======================= nom_tt_025C_1v80 Corner ===================================

Group                    Internal    Switching      Leakage        Total
                            Power        Power        Power        Power (Watts)
------------------------------------------------------------------------
Sequential           1.761417e-05 9.653369e-07 3.442982e-11 1.857955e-05  19.6%
Combinational        1.007048e-05 5.040371e-06 1.771708e-10 1.511103e-05  16.0%
Clock                5.080538e-05 1.006478e-05 1.730509e-10 6.087033e-05  64.4%
Macro                0.000000e+00 0.000000e+00 0.000000e+00 0.000000e+00   0.0%
Pad                  0.000000e+00 0.000000e+00 0.000000e+00 0.000000e+00   0.0%
------------------------------------------------------------------------
Total                7.849003e-05 1.607049e-05 3.846513e-10 9.456090e-05 100.0%
                            83.0%        17.0%         0.0%
Writing metric power__internal__total: 7.849002577131614e-5
Writing metric power__switching__total: 1.6070485798991285e-5
Writing metric power__leakage__total: 3.846513385585837e-10
Writing metric power__total: 9.456089901505038e-5

%OL_END_REPORT
%OL_CREATE_REPORT skew.min.rpt

===========================================================================
Clock Skew (Hold)
============================================================================
Writing metric clock__skew__worst_hold__corner:nom_tt_025C_1v80: -0.5004563016760261
======================= nom_tt_025C_1v80 Corner ===================================

Clock clk
0.271159 source latency _42_/CLK ^
-0.271615 target latency _41_/CLK ^
-0.500000 clock uncertainty
0.000000 CRPR
--------------
-0.500456 hold skew

%OL_END_REPORT
%OL_CREATE_REPORT skew.max.rpt

===========================================================================
Clock Skew (Setup)
============================================================================
Writing metric clock__skew__worst_setup__corner:nom_tt_025C_1v80: 0.5004563016760261
======================= nom_tt_025C_1v80 Corner ===================================

Clock clk
0.271615 source latency _41_/CLK ^
-0.271159 target latency _42_/CLK ^
0.500000 clock uncertainty
0.000000 CRPR
--------------
0.500456 setup skew

%OL_END_REPORT
%OL_CREATE_REPORT ws.min.rpt

===========================================================================
Worst Slack (Hold)
============================================================================
Writing metric timing__hold__ws__corner:nom_tt_025C_1v80: 0.2041160076512132
nom_tt_025C_1v80: 0.2041160076512132
%OL_END_REPORT
%OL_CREATE_REPORT ws.max.rpt

===========================================================================
Worst Slack (Setup)
============================================================================
Writing metric timing__setup__ws__corner:nom_tt_025C_1v80: 5.921488800236344
nom_tt_025C_1v80: 5.921488800236344
%OL_END_REPORT
%OL_CREATE_REPORT tns.min.rpt

===========================================================================
Total Negative Slack (Hold)
============================================================================
Writing metric timing__hold__tns__corner:nom_tt_025C_1v80: 0.0
nom_tt_025C_1v80: 0.0
%OL_END_REPORT
%OL_CREATE_REPORT tns.max.rpt

===========================================================================
Total Negative Slack (Setup)
============================================================================
Writing metric timing__setup__tns__corner:nom_tt_025C_1v80: 0.0
nom_tt_025C_1v80: 0.0
%OL_END_REPORT
%OL_CREATE_REPORT wns.min.rpt

===========================================================================
Worst Negative Slack (Hold)
============================================================================
Writing metric timing__hold__wns__corner:nom_tt_025C_1v80: 0
nom_tt_025C_1v80: 0
%OL_END_REPORT
%OL_CREATE_REPORT wns.max.rpt

===========================================================================
Worst Negative Slack (Setup)
============================================================================
Writing metric timing__setup__wns__corner:nom_tt_025C_1v80: 0.0
nom_tt_025C_1v80: 0.0
%OL_END_REPORT
%OL_CREATE_REPORT violator_list.rpt

===========================================================================
Violator List
============================================================================
Writing metric timing__hold_vio__count__corner:nom_tt_025C_1v80: 0
Writing metric timing__hold_r2r__ws__corner:nom_tt_025C_1v80: 0.676223
Writing metric timing__hold_r2r_vio__count__corner:nom_tt_025C_1v80: 0
Writing metric timing__setup_vio__count__corner:nom_tt_025C_1v80: 0
Writing metric timing__setup_r2r__ws__corner:nom_tt_025C_1v80: 1e30
Writing metric timing__setup_r2r_vio__count__corner:nom_tt_025C_1v80: 0
%OL_END_REPORT
%OL_CREATE_REPORT unpropagated.rpt
%OL_END_REPORT
%OL_CREATE_REPORT clock.rpt
Clock: clk
Sources: clk 
Generated: no
Virtual: yes
Propagated: no
Period: 10.000000

===========================================================================
report_clock_properties
============================================================================
Clock                   Period          Waveform
----------------------------------------------------
clk                  10.000000    0.000000  5.000000

===========================================================================
report_clock_latency
============================================================================
Clock clk
rise -> rise
    min     max
0.000000 0.000000 source latency
0.271144         network latency _43_/CLK
        0.271615 network latency _41_/CLK
---------------
0.271144 0.271615 latency
        0.000471 skew

fall -> fall
    min     max
0.000000 0.000000 source latency
0.279076         network latency _43_/CLK
        0.279508 network latency _41_/CLK
---------------
0.279076 0.279508 latency
        0.000432 skew



===========================================================================
report_clock_min_period
============================================================================
clk period_min = 2.51 fmax = 398.88
%OL_END_REPORT
