
===========================================================================
 report_power
============================================================================
======================= nom_tt_025C_1v80 Corner ===================================

Group                    Internal    Switching      Leakage        Total
                            Power        Power        Power        Power (Watts)
------------------------------------------------------------------------
Sequential           1.761417e-05 9.653369e-07 3.442982e-11 1.857955e-05  19.6%
Combinational        1.007048e-05 5.040371e-06 1.771708e-10 1.511103e-05  16.0%
Clock                5.080538e-05 1.006478e-05 1.730509e-10 6.087033e-05  64.4%
Macro                0.000000e+00 0.000000e+00 0.000000e+00 0.000000e+00   0.0%
Pad                  0.000000e+00 0.000000e+00 0.000000e+00 0.000000e+00   0.0%
------------------------------------------------------------------------
Total                7.849003e-05 1.607049e-05 3.846513e-10 9.456090e-05 100.0%
                            83.0%        17.0%         0.0%
Writing metric power__internal__total: 7.849002577131614e-5
Writing metric power__switching__total: 1.6070485798991285e-5
Writing metric power__leakage__total: 3.846513385585837e-10
Writing metric power__total: 9.456089901505038e-5

