
===========================================================================
report_checks -unconstrained
===========================================================================
======================= nom_tt_025C_1v80 Corner ===================================

Startpoint: mode[1] (input port clocked by clk)
Endpoint: _40_ (rising edge-triggered flip-flop clocked by clk)
Path Group: clk
Path Type: max

Fanout         Cap        Slew       Delay        Time   Description
---------------------------------------------------------------------------------------------
                                  0.000000    0.000000   clock clk (rise edge)
                                  0.000000    0.000000   clock network delay (propagated)
                                  2.000000    2.000000 v input external delay
     1    0.004172    0.011796    0.006766    2.006766 v mode[1] (in)
                                                         mode[1] (net)
                      0.011797    0.000000    2.006766 v input7/A (sky130_fd_sc_hd__clkdlybuf4s25_1)
    11    0.031646    0.236758    0.386714    2.393481 v input7/X (sky130_fd_sc_hd__clkdlybuf4s25_1)
                                                         net7 (net)
                      0.236758    0.000463    2.393944 v _22_/B (sky130_fd_sc_hd__and3_2)
     1    0.004520    0.042487    0.283940    2.677884 v _22_/X (sky130_fd_sc_hd__and3_2)
                                                         _06_ (net)
                      0.042487    0.000159    2.678043 v _26_/B1 (sky130_fd_sc_hd__a211o_2)
     1    0.002781    0.046159    0.295282    2.973325 v _26_/X (sky130_fd_sc_hd__a211o_2)
                                                         _10_ (net)
                      0.046159    0.000081    2.973406 v _27_/B1 (sky130_fd_sc_hd__o221a_2)
     1    0.001925    0.040039    0.233106    3.206512 v _27_/X (sky130_fd_sc_hd__o221a_2)
                                                         _00_ (net)
                      0.040039    0.000055    3.206567 v hold16/A (sky130_fd_sc_hd__dlygate4sd3_1)
     1    0.002423    0.050836    0.542816    3.749383 v hold16/X (sky130_fd_sc_hd__dlygate4sd3_1)
                                                         net16 (net)
                      0.050836    0.000071    3.749455 v _40_/D (sky130_fd_sc_hd__dfxtp_2)
                                              3.749455   data arrival time

                                 10.000000   10.000000   clock clk (rise edge)
                                  0.000000   10.000000   clock source latency
     1    0.010575    0.054004    0.035956   10.035956 ^ clk (in)
                                                         clk (net)
                      0.054006    0.000000   10.035956 ^ clkbuf_0_clk/A (sky130_fd_sc_hd__clkbuf_16)
     2    0.019204    0.041164    0.127803   10.163759 ^ clkbuf_0_clk/X (sky130_fd_sc_hd__clkbuf_16)
                                                         clknet_0_clk (net)
                      0.041167    0.000562   10.164321 ^ clkbuf_1_0__f_clk/A (sky130_fd_sc_hd__clkbuf_16)
     2    0.005559    0.029274    0.109797   10.274117 ^ clkbuf_1_0__f_clk/X (sky130_fd_sc_hd__clkbuf_16)
                                                         clknet_1_0__leaf_clk (net)
                      0.029274    0.000100   10.274219 ^ _40_/CLK (sky130_fd_sc_hd__dfxtp_2)
                                 -0.500000    9.774219   clock uncertainty
                                  0.000000    9.774219   clock reconvergence pessimism
                                 -0.119108    9.655109   library setup time
                                              9.655109   data required time
---------------------------------------------------------------------------------------------
                                              9.655109   data required time
                                             -3.749455   data arrival time
---------------------------------------------------------------------------------------------
                                              5.905655   slack (MET)




===========================================================================
report_checks --slack_max -0.01
============================================================================
======================= nom_tt_025C_1v80 Corner ===================================

No paths found.


===========================================================================
 report_check_types -max_slew -max_cap -max_fanout -violators
============================================================================
======================= nom_tt_025C_1v80 Corner ===================================



===========================================================================
report_parasitic_annotation -report_unannotated
============================================================================
Found 0 unannotated drivers.
Found 0 partially unannotated drivers.

===========================================================================
max slew violation count 0
max fanout violation count 0
max cap violation count 0
============================================================================

===========================================================================
check_setup -verbose -unconstrained_endpoints -multiple_clock -no_clock -no_input_delay -loops -generated_clocks
===========================================================================
