Clock: clk
Sources: clk 
Generated: no
Virtual: yes
Propagated: no
Period: 10.000000

===========================================================================
report_clock_properties
============================================================================
Clock                   Period          Waveform
----------------------------------------------------
clk                  10.000000    0.000000  5.000000

===========================================================================
report_clock_latency
============================================================================
Clock clk
rise -> rise
    min     max
0.000000 0.000000 source latency
0.273652         network latency _42_/CLK
        0.274255 network latency _43_/CLK
---------------
0.273652 0.274255 latency
        0.000603 skew

fall -> fall
    min     max
0.000000 0.000000 source latency
0.280015         network latency _42_/CLK
        0.280565 network latency _43_/CLK
---------------
0.280015 0.280565 latency
        0.000551 skew



===========================================================================
report_clock_min_period
============================================================================
clk period_min = 2.51 fmax = 398.12
