
===========================================================================
report_checks -path_delay min (Hold)
============================================================================
======================= nom_tt_025C_1v80 Corner ===================================

Startpoint: rst (input port clocked by clk)
Endpoint: _42_ (rising edge-triggered flip-flop clocked by clk)
Path Group: clk
Path Type: min

Fanout         Cap        Slew       Delay        Time   Description
---------------------------------------------------------------------------------------------
                                  0.000000    0.000000   clock clk (rise edge)
                                  0.000000    0.000000   clock network delay (propagated)
                                  0.500000    0.500000 ^ input external delay
     1    0.003223    0.021561    0.011803    0.511803 ^ rst (in)
                                                         rst (net)
                      0.021561    0.000000    0.511803 ^ input8/A (sky130_fd_sc_hd__clkdlybuf4s25_1)
     1    0.005394    0.067765    0.253066    0.764869 ^ input8/X (sky130_fd_sc_hd__clkdlybuf4s25_1)
                                                         net8 (net)
                      0.067765    0.000167    0.765036 ^ _21_/A (sky130_fd_sc_hd__inv_2)
     4    0.015101    0.040306    0.056483    0.821519 v _21_/Y (sky130_fd_sc_hd__inv_2)
                                                         _05_ (net)
                      0.040307    0.000257    0.821776 v _35_/C1 (sky130_fd_sc_hd__o211a_2)
     1    0.003206    0.024972    0.110414    0.932189 v _35_/X (sky130_fd_sc_hd__o211a_2)
                                                         _02_ (net)
                      0.024972    0.000102    0.932291 v _42_/D (sky130_fd_sc_hd__dfxtp_2)
                                              0.932291   data arrival time

                                  0.000000    0.000000   clock clk (rise edge)
                                  0.000000    0.000000   clock source latency
     1    0.010575    0.054004    0.035956    0.035956 ^ clk (in)
                                                         clk (net)
                      0.054006    0.000000    0.035956 ^ clkbuf_0_clk/A (sky130_fd_sc_hd__clkbuf_16)
     2    0.019204    0.041164    0.127802    0.163758 ^ clkbuf_0_clk/X (sky130_fd_sc_hd__clkbuf_16)
                                                         clknet_0_clk (net)
                      0.041167    0.000554    0.164313 ^ clkbuf_1_1__f_clk/A (sky130_fd_sc_hd__clkbuf_16)
     2    0.005080    0.028838    0.109223    0.273535 ^ clkbuf_1_1__f_clk/X (sky130_fd_sc_hd__clkbuf_16)
                                                         clknet_1_1__leaf_clk (net)
                      0.028838    0.000116    0.273652 ^ _42_/CLK (sky130_fd_sc_hd__dfxtp_2)
                                  0.500000    0.773652   clock uncertainty
                                  0.000000    0.773652   clock reconvergence pessimism
                                 -0.041441    0.732211   library hold time
                                              0.732211   data required time
---------------------------------------------------------------------------------------------
                                              0.732211   data required time
                                             -0.932291   data arrival time
---------------------------------------------------------------------------------------------
                                              0.200080   slack (MET)


Startpoint: _41_ (rising edge-triggered flip-flop clocked by clk)
Endpoint: _40_ (rising edge-triggered flip-flop clocked by clk)
Path Group: clk
Path Type: min

Fanout         Cap        Slew       Delay        Time   Description
---------------------------------------------------------------------------------------------
                                  0.000000    0.000000   clock clk (rise edge)
                                  0.000000    0.000000   clock source latency
     1    0.010575    0.054004    0.035956    0.035956 ^ clk (in)
                                                         clk (net)
                      0.054006    0.000000    0.035956 ^ clkbuf_0_clk/A (sky130_fd_sc_hd__clkbuf_16)
     2    0.019204    0.041164    0.127802    0.163758 ^ clkbuf_0_clk/X (sky130_fd_sc_hd__clkbuf_16)
                                                         clknet_0_clk (net)
                      0.041167    0.000554    0.164313 ^ clkbuf_1_1__f_clk/A (sky130_fd_sc_hd__clkbuf_16)
     2    0.005080    0.028838    0.109223    0.273535 ^ clkbuf_1_1__f_clk/X (sky130_fd_sc_hd__clkbuf_16)
                                                         clknet_1_1__leaf_clk (net)
                      0.028838    0.000129    0.273664 ^ _41_/CLK (sky130_fd_sc_hd__dfxtp_2)
     3    0.011652    0.068930    0.331907    0.605571 ^ _41_/Q (sky130_fd_sc_hd__dfxtp_2)
                                                         net10 (net)
                      0.068932    0.000487    0.606058 ^ _26_/A1 (sky130_fd_sc_hd__a211o_2)
     1    0.002951    0.026148    0.118867    0.724925 ^ _26_/X (sky130_fd_sc_hd__a211o_2)
                                                         _10_ (net)
                      0.026148    0.000086    0.725012 ^ _27_/B1 (sky130_fd_sc_hd__o221a_2)
     1    0.002090    0.037011    0.161374    0.886386 ^ _27_/X (sky130_fd_sc_hd__o221a_2)
                                                         _00_ (net)
                      0.037011    0.000060    0.886445 ^ hold16/A (sky130_fd_sc_hd__dlygate4sd3_1)
     1    0.002416    0.049658    0.528624    1.415069 ^ hold16/X (sky130_fd_sc_hd__dlygate4sd3_1)
                                                         net16 (net)
                      0.049658    0.000071    1.415140 ^ _40_/D (sky130_fd_sc_hd__dfxtp_2)
                                              1.415140   data arrival time

                                  0.000000    0.000000   clock clk (rise edge)
                                  0.000000    0.000000   clock source latency
     1    0.010575    0.054004    0.035956    0.035956 ^ clk (in)
                                                         clk (net)
                      0.054006    0.000000    0.035956 ^ clkbuf_0_clk/A (sky130_fd_sc_hd__clkbuf_16)
     2    0.019204    0.041164    0.127802    0.163758 ^ clkbuf_0_clk/X (sky130_fd_sc_hd__clkbuf_16)
                                                         clknet_0_clk (net)
                      0.041167    0.000563    0.164321 ^ clkbuf_1_0__f_clk/A (sky130_fd_sc_hd__clkbuf_16)
     2    0.005559    0.029274    0.109797    0.274118 ^ clkbuf_1_0__f_clk/X (sky130_fd_sc_hd__clkbuf_16)
                                                         clknet_1_0__leaf_clk (net)
                      0.029274    0.000100    0.274218 ^ _40_/CLK (sky130_fd_sc_hd__dfxtp_2)
                                  0.500000    0.774218   clock uncertainty
                                  0.000000    0.774218   clock reconvergence pessimism
                                 -0.034226    0.739992   library hold time
                                              0.739992   data required time
---------------------------------------------------------------------------------------------
                                              0.739992   data required time
                                             -1.415140   data arrival time
---------------------------------------------------------------------------------------------
                                              0.675149   slack (MET)


Startpoint: rst (input port clocked by clk)
Endpoint: _43_ (rising edge-triggered flip-flop clocked by clk)
Path Group: clk
Path Type: min

Fanout         Cap        Slew       Delay        Time   Description
---------------------------------------------------------------------------------------------
                                  0.000000    0.000000   clock clk (rise edge)
                                  0.000000    0.000000   clock network delay (propagated)
                                  0.500000    0.500000 ^ input external delay
     1    0.003223    0.021561    0.011803    0.511803 ^ rst (in)
                                                         rst (net)
                      0.021561    0.000000    0.511803 ^ input8/A (sky130_fd_sc_hd__clkdlybuf4s25_1)
     1    0.005394    0.067765    0.253066    0.764869 ^ input8/X (sky130_fd_sc_hd__clkdlybuf4s25_1)
                                                         net8 (net)
                      0.067765    0.000167    0.765036 ^ _21_/A (sky130_fd_sc_hd__inv_2)
     4    0.015101    0.040306    0.056483    0.821519 v _21_/Y (sky130_fd_sc_hd__inv_2)
                                                         _05_ (net)
                      0.040309    0.000369    0.821888 v _39_/C1 (sky130_fd_sc_hd__o221a_2)
     1    0.002753    0.025637    0.113717    0.935605 v _39_/X (sky130_fd_sc_hd__o221a_2)
                                                         _03_ (net)
                      0.025637    0.000076    0.935681 v hold14/A (sky130_fd_sc_hd__dlygate4sd3_1)
     1    0.001992    0.049126    0.533300    1.468981 v hold14/X (sky130_fd_sc_hd__dlygate4sd3_1)
                                                         net14 (net)
                      0.049126    0.000057    1.469037 v _43_/D (sky130_fd_sc_hd__dfxtp_2)
                                              1.469037   data arrival time

                                  0.000000    0.000000   clock clk (rise edge)
                                  0.000000    0.000000   clock source latency
     1    0.010575    0.054004    0.035956    0.035956 ^ clk (in)
                                                         clk (net)
                      0.054006    0.000000    0.035956 ^ clkbuf_0_clk/A (sky130_fd_sc_hd__clkbuf_16)
     2    0.019204    0.041164    0.127802    0.163758 ^ clkbuf_0_clk/X (sky130_fd_sc_hd__clkbuf_16)
                                                         clknet_0_clk (net)
                      0.041167    0.000563    0.164321 ^ clkbuf_1_0__f_clk/A (sky130_fd_sc_hd__clkbuf_16)
     2    0.005559    0.029274    0.109797    0.274118 ^ clkbuf_1_0__f_clk/X (sky130_fd_sc_hd__clkbuf_16)
                                                         clknet_1_0__leaf_clk (net)
                      0.029274    0.000137    0.274255 ^ _43_/CLK (sky130_fd_sc_hd__dfxtp_2)
                                  0.500000    0.774255   clock uncertainty
                                  0.000000    0.774255   clock reconvergence pessimism
                                 -0.051244    0.723011   library hold time
                                              0.723011   data required time
---------------------------------------------------------------------------------------------
                                              0.723011   data required time
                                             -1.469037   data arrival time
---------------------------------------------------------------------------------------------
                                              0.746026   slack (MET)


Startpoint: rst (input port clocked by clk)
Endpoint: _41_ (rising edge-triggered flip-flop clocked by clk)
Path Group: clk
Path Type: min

Fanout         Cap        Slew       Delay        Time   Description
---------------------------------------------------------------------------------------------
                                  0.000000    0.000000   clock clk (rise edge)
                                  0.000000    0.000000   clock network delay (propagated)
                                  0.500000    0.500000 ^ input external delay
     1    0.003223    0.021561    0.011803    0.511803 ^ rst (in)
                                                         rst (net)
                      0.021561    0.000000    0.511803 ^ input8/A (sky130_fd_sc_hd__clkdlybuf4s25_1)
     1    0.005394    0.067765    0.253066    0.764869 ^ input8/X (sky130_fd_sc_hd__clkdlybuf4s25_1)
                                                         net8 (net)
                      0.067765    0.000167    0.765036 ^ _21_/A (sky130_fd_sc_hd__inv_2)
     4    0.015101    0.040306    0.056483    0.821519 v _21_/Y (sky130_fd_sc_hd__inv_2)
                                                         _05_ (net)
                      0.040307    0.000262    0.821781 v _31_/C1 (sky130_fd_sc_hd__o221a_2)
     1    0.003002    0.026355    0.114736    0.936517 v _31_/X (sky130_fd_sc_hd__o221a_2)
                                                         _01_ (net)
                      0.026355    0.000086    0.936602 v hold18/A (sky130_fd_sc_hd__dlygate4sd3_1)
     1    0.001953    0.048925    0.533223    1.469825 v hold18/X (sky130_fd_sc_hd__dlygate4sd3_1)
                                                         net18 (net)
                      0.048925    0.000055    1.469880 v _41_/D (sky130_fd_sc_hd__dfxtp_2)
                                              1.469880   data arrival time

                                  0.000000    0.000000   clock clk (rise edge)
                                  0.000000    0.000000   clock source latency
     1    0.010575    0.054004    0.035956    0.035956 ^ clk (in)
                                                         clk (net)
                      0.054006    0.000000    0.035956 ^ clkbuf_0_clk/A (sky130_fd_sc_hd__clkbuf_16)
     2    0.019204    0.041164    0.127802    0.163758 ^ clkbuf_0_clk/X (sky130_fd_sc_hd__clkbuf_16)
                                                         clknet_0_clk (net)
                      0.041167    0.000554    0.164313 ^ clkbuf_1_1__f_clk/A (sky130_fd_sc_hd__clkbuf_16)
     2    0.005080    0.028838    0.109223    0.273535 ^ clkbuf_1_1__f_clk/X (sky130_fd_sc_hd__clkbuf_16)
                                                         clknet_1_1__leaf_clk (net)
                      0.028838    0.000129    0.273664 ^ _41_/CLK (sky130_fd_sc_hd__dfxtp_2)
                                  0.500000    0.773664   clock uncertainty
                                  0.000000    0.773664   clock reconvergence pessimism
                                 -0.051259    0.722405   library hold time
                                              0.722405   data required time
---------------------------------------------------------------------------------------------
                                              0.722405   data required time
                                             -1.469880   data arrival time
---------------------------------------------------------------------------------------------
                                              0.747475   slack (MET)


Startpoint: _43_ (rising edge-triggered flip-flop clocked by clk)
Endpoint: Q[3] (output port clocked by clk)
Path Group: clk
Path Type: min

Fanout         Cap        Slew       Delay        Time   Description
---------------------------------------------------------------------------------------------
                                  0.000000    0.000000   clock clk (rise edge)
                                  0.000000    0.000000   clock source latency
     1    0.010575    0.054004    0.035956    0.035956 ^ clk (in)
                                                         clk (net)
                      0.054006    0.000000    0.035956 ^ clkbuf_0_clk/A (sky130_fd_sc_hd__clkbuf_16)
     2    0.019204    0.041164    0.127802    0.163758 ^ clkbuf_0_clk/X (sky130_fd_sc_hd__clkbuf_16)
                                                         clknet_0_clk (net)
                      0.041167    0.000563    0.164321 ^ clkbuf_1_0__f_clk/A (sky130_fd_sc_hd__clkbuf_16)
     2    0.005559    0.029274    0.109797    0.274118 ^ clkbuf_1_0__f_clk/X (sky130_fd_sc_hd__clkbuf_16)
                                                         clknet_1_0__leaf_clk (net)
                      0.029274    0.000137    0.274255 ^ _43_/CLK (sky130_fd_sc_hd__dfxtp_2)
     2    0.005225    0.027896    0.303708    0.577963 v _43_/Q (sky130_fd_sc_hd__dfxtp_2)
                                                         net12 (net)
                      0.027896    0.000147    0.578110 v output12/A (sky130_fd_sc_hd__clkdlybuf4s25_1)
     1    0.011990    0.099983    0.288394    0.866503 v output12/X (sky130_fd_sc_hd__clkdlybuf4s25_1)
                                                         Q[3] (net)
                      0.099983    0.000312    0.866815 v Q[3] (out)
                                              0.866815   data arrival time

                                  0.000000    0.000000   clock clk (rise edge)
                                  0.000000    0.000000   clock network delay (propagated)
                                  0.500000    0.500000   clock uncertainty
                                  0.000000    0.500000   clock reconvergence pessimism
                                 -0.500000    0.000000   output external delay
                                              0.000000   data required time
---------------------------------------------------------------------------------------------
                                              0.000000   data required time
                                             -0.866815   data arrival time
---------------------------------------------------------------------------------------------
                                              0.866815   slack (MET)


Startpoint: _40_ (rising edge-triggered flip-flop clocked by clk)
Endpoint: Q[0] (output port clocked by clk)
Path Group: clk
Path Type: min

Fanout         Cap        Slew       Delay        Time   Description
---------------------------------------------------------------------------------------------
                                  0.000000    0.000000   clock clk (rise edge)
                                  0.000000    0.000000   clock source latency
     1    0.010575    0.054004    0.035956    0.035956 ^ clk (in)
                                                         clk (net)
                      0.054006    0.000000    0.035956 ^ clkbuf_0_clk/A (sky130_fd_sc_hd__clkbuf_16)
     2    0.019204    0.041164    0.127802    0.163758 ^ clkbuf_0_clk/X (sky130_fd_sc_hd__clkbuf_16)
                                                         clknet_0_clk (net)
                      0.041167    0.000563    0.164321 ^ clkbuf_1_0__f_clk/A (sky130_fd_sc_hd__clkbuf_16)
     2    0.005559    0.029274    0.109797    0.274118 ^ clkbuf_1_0__f_clk/X (sky130_fd_sc_hd__clkbuf_16)
                                                         clknet_1_0__leaf_clk (net)
                      0.029274    0.000100    0.274218 ^ _40_/CLK (sky130_fd_sc_hd__dfxtp_2)
     2    0.007414    0.032810    0.309299    0.583517 v _40_/Q (sky130_fd_sc_hd__dfxtp_2)
                                                         net9 (net)
                      0.032810    0.000185    0.583702 v output9/A (sky130_fd_sc_hd__clkdlybuf4s25_1)
     1    0.011178    0.094461    0.286155    0.869857 v output9/X (sky130_fd_sc_hd__clkdlybuf4s25_1)
                                                         Q[0] (net)
                      0.094461    0.000237    0.870094 v Q[0] (out)
                                              0.870094   data arrival time

                                  0.000000    0.000000   clock clk (rise edge)
                                  0.000000    0.000000   clock network delay (propagated)
                                  0.500000    0.500000   clock uncertainty
                                  0.000000    0.500000   clock reconvergence pessimism
                                 -0.500000    0.000000   output external delay
                                              0.000000   data required time
---------------------------------------------------------------------------------------------
                                              0.000000   data required time
                                             -0.870094   data arrival time
---------------------------------------------------------------------------------------------
                                              0.870094   slack (MET)


Startpoint: _42_ (rising edge-triggered flip-flop clocked by clk)
Endpoint: Q[2] (output port clocked by clk)
Path Group: clk
Path Type: min

Fanout         Cap        Slew       Delay        Time   Description
---------------------------------------------------------------------------------------------
                                  0.000000    0.000000   clock clk (rise edge)
                                  0.000000    0.000000   clock source latency
     1    0.010575    0.054004    0.035956    0.035956 ^ clk (in)
                                                         clk (net)
                      0.054006    0.000000    0.035956 ^ clkbuf_0_clk/A (sky130_fd_sc_hd__clkbuf_16)
     2    0.019204    0.041164    0.127802    0.163758 ^ clkbuf_0_clk/X (sky130_fd_sc_hd__clkbuf_16)
                                                         clknet_0_clk (net)
                      0.041167    0.000554    0.164313 ^ clkbuf_1_1__f_clk/A (sky130_fd_sc_hd__clkbuf_16)
     2    0.005080    0.028838    0.109223    0.273535 ^ clkbuf_1_1__f_clk/X (sky130_fd_sc_hd__clkbuf_16)
                                                         clknet_1_1__leaf_clk (net)
                      0.028838    0.000116    0.273652 ^ _42_/CLK (sky130_fd_sc_hd__dfxtp_2)
     4    0.011972    0.042390    0.320698    0.594350 v _42_/Q (sky130_fd_sc_hd__dfxtp_2)
                                                         net11 (net)
                      0.042390    0.000276    0.594626 v output11/A (sky130_fd_sc_hd__clkdlybuf4s25_1)
     1    0.011568    0.097155    0.292337    0.886962 v output11/X (sky130_fd_sc_hd__clkdlybuf4s25_1)
                                                         Q[2] (net)
                      0.097155    0.000273    0.887236 v Q[2] (out)
                                              0.887236   data arrival time

                                  0.000000    0.000000   clock clk (rise edge)
                                  0.000000    0.000000   clock network delay (propagated)
                                  0.500000    0.500000   clock uncertainty
                                  0.000000    0.500000   clock reconvergence pessimism
                                 -0.500000    0.000000   output external delay
                                              0.000000   data required time
---------------------------------------------------------------------------------------------
                                              0.000000   data required time
                                             -0.887236   data arrival time
---------------------------------------------------------------------------------------------
                                              0.887236   slack (MET)


Startpoint: _41_ (rising edge-triggered flip-flop clocked by clk)
Endpoint: Q[1] (output port clocked by clk)
Path Group: clk
Path Type: min

Fanout         Cap        Slew       Delay        Time   Description
---------------------------------------------------------------------------------------------
                                  0.000000    0.000000   clock clk (rise edge)
                                  0.000000    0.000000   clock source latency
     1    0.010575    0.054004    0.035956    0.035956 ^ clk (in)
                                                         clk (net)
                      0.054006    0.000000    0.035956 ^ clkbuf_0_clk/A (sky130_fd_sc_hd__clkbuf_16)
     2    0.019204    0.041164    0.127802    0.163758 ^ clkbuf_0_clk/X (sky130_fd_sc_hd__clkbuf_16)
                                                         clknet_0_clk (net)
                      0.041167    0.000554    0.164313 ^ clkbuf_1_1__f_clk/A (sky130_fd_sc_hd__clkbuf_16)
     2    0.005080    0.028838    0.109223    0.273535 ^ clkbuf_1_1__f_clk/X (sky130_fd_sc_hd__clkbuf_16)
                                                         clknet_1_1__leaf_clk (net)
                      0.028838    0.000129    0.273664 ^ _41_/CLK (sky130_fd_sc_hd__dfxtp_2)
     3    0.011048    0.041419    0.318253    0.591917 v _41_/Q (sky130_fd_sc_hd__dfxtp_2)
                                                         net10 (net)
                      0.041419    0.000337    0.592254 v output10/A (sky130_fd_sc_hd__clkdlybuf4s25_1)
     1    0.012633    0.104425    0.297684    0.889938 v output10/X (sky130_fd_sc_hd__clkdlybuf4s25_1)
                                                         Q[1] (net)
                      0.104425    0.000275    0.890213 v Q[1] (out)
                                              0.890213   data arrival time

                                  0.000000    0.000000   clock clk (rise edge)
                                  0.000000    0.000000   clock network delay (propagated)
                                  0.500000    0.500000   clock uncertainty
                                  0.000000    0.500000   clock reconvergence pessimism
                                 -0.500000    0.000000   output external delay
                                              0.000000   data required time
---------------------------------------------------------------------------------------------
                                              0.000000   data required time
                                             -0.890213   data arrival time
---------------------------------------------------------------------------------------------
                                              0.890213   slack (MET)



