
===========================================================================
 report_power
============================================================================
======================= nom_tt_025C_1v80 Corner ===================================

Group                    Internal    Switching      Leakage        Total
                            Power        Power        Power        Power (Watts)
------------------------------------------------------------------------
Sequential           1.761498e-05 8.806263e-07 3.442982e-11 1.849564e-05  19.6%
Combinational        1.007434e-05 5.412298e-06 1.771707e-10 1.548682e-05  16.4%
Clock                5.075700e-05 9.669029e-06 4.873350e-10 6.042652e-05  64.0%
Macro                0.000000e+00 0.000000e+00 0.000000e+00 0.000000e+00   0.0%
Pad                  0.000000e+00 0.000000e+00 0.000000e+00 0.000000e+00   0.0%
------------------------------------------------------------------------
Total                7.844633e-05 1.596196e-05 6.989357e-10 9.440898e-05 100.0%
                            83.1%        16.9%         0.0%

