
===========================================================================
report_checks -unconstrained
===========================================================================
======================= min_ss_100C_1v60 Corner ===================================

Startpoint: mode[1] (input port clocked by clk)
Endpoint: _40_ (rising edge-triggered flip-flop clocked by clk)
Path Group: clk
Path Type: max

Fanout         Cap        Slew       Delay        Time   Description
---------------------------------------------------------------------------------------------
                                  0.000000    0.000000   clock clk (rise edge)
                                  0.000000    0.000000   clock network delay (propagated)
                                  2.000000    2.000000 v input external delay
     1    0.003335    0.020522    0.010903    2.010903 v mode[1] (in)
                                                         mode[1] (net)
                      0.020522    0.000000    2.010903 v input7/A (sky130_fd_sc_hd__clkdlybuf4s25_1)
    11    0.031082    0.424073    0.715139    2.726042 v input7/X (sky130_fd_sc_hd__clkdlybuf4s25_1)
                                                         net7 (net)
                      0.424073    0.000361    2.726403 v _22_/B (sky130_fd_sc_hd__and3_2)
     1    0.003890    0.076700    0.585777    3.312180 v _22_/X (sky130_fd_sc_hd__and3_2)
                                                         _06_ (net)
                      0.076700    0.000057    3.312237 v _26_/B1 (sky130_fd_sc_hd__a211o_2)
     1    0.003682    0.085228    0.578428    3.890665 v _26_/X (sky130_fd_sc_hd__a211o_2)
                                                         _10_ (net)
                      0.085228    0.000045    3.890710 v _27_/B1 (sky130_fd_sc_hd__o221a_2)
     1    0.002640    0.077874    0.464162    4.354873 v _27_/X (sky130_fd_sc_hd__o221a_2)
                                                         _00_ (net)
                      0.077874    0.000028    4.354901 v hold14/A (sky130_fd_sc_hd__dlygate4sd3_1)
     1    0.002013    0.100893    1.113449    5.468349 v hold14/X (sky130_fd_sc_hd__dlygate4sd3_1)
                                                         net14 (net)
                      0.100893    0.000018    5.468368 v _40_/D (sky130_fd_sc_hd__dfxtp_2)
                                              5.468368   data arrival time

                                 10.000000   10.000000   clock clk (rise edge)
                                  0.000000   10.000000   clock source latency
     1    0.009885    0.080334    0.051817   10.051818 ^ clk (in)
                                                         clk (net)
                      0.080334    0.000000   10.051818 ^ clkbuf_0_clk/A (sky130_fd_sc_hd__clkbuf_16)
     2    0.019421    0.066704    0.225442   10.277259 ^ clkbuf_0_clk/X (sky130_fd_sc_hd__clkbuf_16)
                                                         clknet_0_clk (net)
                      0.066704    0.000206   10.277466 ^ clkbuf_1_1__f_clk/A (sky130_fd_sc_hd__clkbuf_16)
     2    0.003995    0.046415    0.194725   10.472191 ^ clkbuf_1_1__f_clk/X (sky130_fd_sc_hd__clkbuf_16)
                                                         clknet_1_1__leaf_clk (net)
                      0.046415    0.000028   10.472219 ^ _40_/CLK (sky130_fd_sc_hd__dfxtp_2)
                                 -0.500000    9.972218   clock uncertainty
                                  0.000000    9.972218   clock reconvergence pessimism
                                 -0.293619    9.678598   library setup time
                                              9.678598   data required time
---------------------------------------------------------------------------------------------
                                              9.678598   data required time
                                             -5.468368   data arrival time
---------------------------------------------------------------------------------------------
                                              4.210231   slack (MET)




===========================================================================
report_checks --slack_max -0.01
============================================================================
======================= min_ss_100C_1v60 Corner ===================================

No paths found.


===========================================================================
 report_check_types -max_slew -max_cap -max_fanout -violators
============================================================================
======================= min_ss_100C_1v60 Corner ===================================



===========================================================================
report_parasitic_annotation -report_unannotated
============================================================================
Found 0 unannotated drivers.
Found 0 partially unannotated drivers.

===========================================================================
max slew violation count 0
max fanout violation count 0
max cap violation count 0
============================================================================

===========================================================================
check_setup -verbose -unconstrained_endpoints -multiple_clock -no_clock -no_input_delay -loops -generated_clocks
===========================================================================
