Clock: clk
Sources: clk 
Generated: no
Virtual: yes
Propagated: no
Period: 10.000000

===========================================================================
report_clock_properties
============================================================================
Clock                   Period          Waveform
----------------------------------------------------
clk                  10.000000    0.000000  5.000000

===========================================================================
report_clock_latency
============================================================================
Clock clk
rise -> rise
    min     max
0.000000 0.000000 source latency
0.472218         network latency _40_/CLK
        0.473996 network latency _43_/CLK
---------------
0.472218 0.473996 latency
        0.001778 skew

fall -> fall
    min     max
0.000000 0.000000 source latency
0.498479         network latency _40_/CLK
        0.500035 network latency _43_/CLK
---------------
0.498479 0.500035 latency
        0.001556 skew



===========================================================================
report_clock_min_period
============================================================================
clk period_min = 4.62 fmax = 216.40
