
===========================================================================
report_checks -path_delay max (Setup)
============================================================================
======================= min_ss_100C_1v60 Corner ===================================

Startpoint: mode[1] (input port clocked by clk)
Endpoint: _40_ (rising edge-triggered flip-flop clocked by clk)
Path Group: clk
Path Type: max

Fanout         Cap        Slew       Delay        Time   Description
---------------------------------------------------------------------------------------------
                                  0.000000    0.000000   clock clk (rise edge)
                                  0.000000    0.000000   clock network delay (propagated)
                                  2.000000    2.000000 v input external delay
     1    0.003335    0.020522    0.010903    2.010903 v mode[1] (in)
                                                         mode[1] (net)
                      0.020522    0.000000    2.010903 v input7/A (sky130_fd_sc_hd__clkdlybuf4s25_1)
    11    0.031082    0.424073    0.715139    2.726042 v input7/X (sky130_fd_sc_hd__clkdlybuf4s25_1)
                                                         net7 (net)
                      0.424073    0.000361    2.726403 v _22_/B (sky130_fd_sc_hd__and3_2)
     1    0.003890    0.076700    0.585777    3.312180 v _22_/X (sky130_fd_sc_hd__and3_2)
                                                         _06_ (net)
                      0.076700    0.000057    3.312237 v _26_/B1 (sky130_fd_sc_hd__a211o_2)
     1    0.003682    0.085228    0.578428    3.890665 v _26_/X (sky130_fd_sc_hd__a211o_2)
                                                         _10_ (net)
                      0.085228    0.000045    3.890710 v _27_/B1 (sky130_fd_sc_hd__o221a_2)
     1    0.002640    0.077874    0.464162    4.354873 v _27_/X (sky130_fd_sc_hd__o221a_2)
                                                         _00_ (net)
                      0.077874    0.000028    4.354901 v hold14/A (sky130_fd_sc_hd__dlygate4sd3_1)
     1    0.002013    0.100893    1.113449    5.468349 v hold14/X (sky130_fd_sc_hd__dlygate4sd3_1)
                                                         net14 (net)
                      0.100893    0.000018    5.468368 v _40_/D (sky130_fd_sc_hd__dfxtp_2)
                                              5.468368   data arrival time

                                 10.000000   10.000000   clock clk (rise edge)
                                  0.000000   10.000000   clock source latency
     1    0.009885    0.080334    0.051817   10.051818 ^ clk (in)
                                                         clk (net)
                      0.080334    0.000000   10.051818 ^ clkbuf_0_clk/A (sky130_fd_sc_hd__clkbuf_16)
     2    0.019421    0.066704    0.225442   10.277259 ^ clkbuf_0_clk/X (sky130_fd_sc_hd__clkbuf_16)
                                                         clknet_0_clk (net)
                      0.066704    0.000206   10.277466 ^ clkbuf_1_1__f_clk/A (sky130_fd_sc_hd__clkbuf_16)
     2    0.003995    0.046415    0.194725   10.472191 ^ clkbuf_1_1__f_clk/X (sky130_fd_sc_hd__clkbuf_16)
                                                         clknet_1_1__leaf_clk (net)
                      0.046415    0.000028   10.472219 ^ _40_/CLK (sky130_fd_sc_hd__dfxtp_2)
                                 -0.500000    9.972218   clock uncertainty
                                  0.000000    9.972218   clock reconvergence pessimism
                                 -0.293619    9.678598   library setup time
                                              9.678598   data required time
---------------------------------------------------------------------------------------------
                                              9.678598   data required time
                                             -5.468368   data arrival time
---------------------------------------------------------------------------------------------
                                              4.210231   slack (MET)


Startpoint: mode[1] (input port clocked by clk)
Endpoint: _43_ (rising edge-triggered flip-flop clocked by clk)
Path Group: clk
Path Type: max

Fanout         Cap        Slew       Delay        Time   Description
---------------------------------------------------------------------------------------------
                                  0.000000    0.000000   clock clk (rise edge)
                                  0.000000    0.000000   clock network delay (propagated)
                                  2.000000    2.000000 v input external delay
     1    0.003335    0.020522    0.010903    2.010903 v mode[1] (in)
                                                         mode[1] (net)
                      0.020522    0.000000    2.010903 v input7/A (sky130_fd_sc_hd__clkdlybuf4s25_1)
    11    0.031082    0.424073    0.715139    2.726042 v input7/X (sky130_fd_sc_hd__clkdlybuf4s25_1)
                                                         net7 (net)
                      0.424073    0.000939    2.726981 v _36_/B (sky130_fd_sc_hd__and3_2)
     1    0.002783    0.071083    0.576012    3.302994 v _36_/X (sky130_fd_sc_hd__and3_2)
                                                         _17_ (net)
                      0.071083    0.000028    3.303021 v _38_/C1 (sky130_fd_sc_hd__a211o_2)
     1    0.005651    0.098542    0.531595    3.834617 v _38_/X (sky130_fd_sc_hd__a211o_2)
                                                         _19_ (net)
                      0.098542    0.000100    3.834717 v _39_/B2 (sky130_fd_sc_hd__o221a_2)
     1    0.002237    0.075397    0.434825    4.269541 v _39_/X (sky130_fd_sc_hd__o221a_2)
                                                         _03_ (net)
                      0.075397    0.000024    4.269565 v hold16/A (sky130_fd_sc_hd__dlygate4sd3_1)
     1    0.001859    0.099178    1.109782    5.379347 v hold16/X (sky130_fd_sc_hd__dlygate4sd3_1)
                                                         net16 (net)
                      0.099178    0.000016    5.379363 v _43_/D (sky130_fd_sc_hd__dfxtp_2)
                                              5.379363   data arrival time

                                 10.000000   10.000000   clock clk (rise edge)
                                  0.000000   10.000000   clock source latency
     1    0.009885    0.080334    0.051817   10.051818 ^ clk (in)
                                                         clk (net)
                      0.080334    0.000000   10.051818 ^ clkbuf_0_clk/A (sky130_fd_sc_hd__clkbuf_16)
     2    0.019421    0.066704    0.225442   10.277259 ^ clkbuf_0_clk/X (sky130_fd_sc_hd__clkbuf_16)
                                                         clknet_0_clk (net)
                      0.066704    0.000244   10.277504 ^ clkbuf_1_0__f_clk/A (sky130_fd_sc_hd__clkbuf_16)
     2    0.004900    0.047665    0.196442   10.473946 ^ clkbuf_1_0__f_clk/X (sky130_fd_sc_hd__clkbuf_16)
                                                         clknet_1_0__leaf_clk (net)
                      0.047666    0.000051   10.473996 ^ _43_/CLK (sky130_fd_sc_hd__dfxtp_2)
                                 -0.500000    9.973996   clock uncertainty
                                  0.000000    9.973996   clock reconvergence pessimism
                                 -0.292567    9.681429   library setup time
                                              9.681429   data required time
---------------------------------------------------------------------------------------------
                                              9.681429   data required time
                                             -5.379363   data arrival time
---------------------------------------------------------------------------------------------
                                              4.302066   slack (MET)


Startpoint: mode[1] (input port clocked by clk)
Endpoint: _41_ (rising edge-triggered flip-flop clocked by clk)
Path Group: clk
Path Type: max

Fanout         Cap        Slew       Delay        Time   Description
---------------------------------------------------------------------------------------------
                                  0.000000    0.000000   clock clk (rise edge)
                                  0.000000    0.000000   clock network delay (propagated)
                                  2.000000    2.000000 v input external delay
     1    0.003335    0.020522    0.010903    2.010903 v mode[1] (in)
                                                         mode[1] (net)
                      0.020522    0.000000    2.010903 v input7/A (sky130_fd_sc_hd__clkdlybuf4s25_1)
    11    0.031082    0.424073    0.715139    2.726042 v input7/X (sky130_fd_sc_hd__clkdlybuf4s25_1)
                                                         net7 (net)
                      0.424073    0.000921    2.726963 v _25_/B (sky130_fd_sc_hd__or2_2)
     4    0.012134    0.158651    0.844250    3.571213 v _25_/X (sky130_fd_sc_hd__or2_2)
                                                         _09_ (net)
                      0.158651    0.000082    3.571295 v _31_/A2 (sky130_fd_sc_hd__o221a_2)
     1    0.002382    0.076291    0.514546    4.085842 v _31_/X (sky130_fd_sc_hd__o221a_2)
                                                         _01_ (net)
                      0.076291    0.000027    4.085869 v hold18/A (sky130_fd_sc_hd__dlygate4sd3_1)
     1    0.002264    0.101370    1.117021    5.202890 v hold18/X (sky130_fd_sc_hd__dlygate4sd3_1)
                                                         net18 (net)
                      0.101370    0.000025    5.202915 v _41_/D (sky130_fd_sc_hd__dfxtp_2)
                                              5.202915   data arrival time

                                 10.000000   10.000000   clock clk (rise edge)
                                  0.000000   10.000000   clock source latency
     1    0.009885    0.080334    0.051817   10.051818 ^ clk (in)
                                                         clk (net)
                      0.080334    0.000000   10.051818 ^ clkbuf_0_clk/A (sky130_fd_sc_hd__clkbuf_16)
     2    0.019421    0.066704    0.225442   10.277259 ^ clkbuf_0_clk/X (sky130_fd_sc_hd__clkbuf_16)
                                                         clknet_0_clk (net)
                      0.066704    0.000206   10.277466 ^ clkbuf_1_1__f_clk/A (sky130_fd_sc_hd__clkbuf_16)
     2    0.003995    0.046415    0.194725   10.472191 ^ clkbuf_1_1__f_clk/X (sky130_fd_sc_hd__clkbuf_16)
                                                         clknet_1_1__leaf_clk (net)
                      0.046415    0.000032   10.472222 ^ _41_/CLK (sky130_fd_sc_hd__dfxtp_2)
                                 -0.500000    9.972222   clock uncertainty
                                  0.000000    9.972222   clock reconvergence pessimism
                                 -0.293817    9.678405   library setup time
                                              9.678405   data required time
---------------------------------------------------------------------------------------------
                                              9.678405   data required time
                                             -5.202915   data arrival time
---------------------------------------------------------------------------------------------
                                              4.475490   slack (MET)


Startpoint: mode[1] (input port clocked by clk)
Endpoint: _42_ (rising edge-triggered flip-flop clocked by clk)
Path Group: clk
Path Type: max

Fanout         Cap        Slew       Delay        Time   Description
---------------------------------------------------------------------------------------------
                                  0.000000    0.000000   clock clk (rise edge)
                                  0.000000    0.000000   clock network delay (propagated)
                                  2.000000    2.000000 v input external delay
     1    0.003335    0.020522    0.010903    2.010903 v mode[1] (in)
                                                         mode[1] (net)
                      0.020522    0.000000    2.010903 v input7/A (sky130_fd_sc_hd__clkdlybuf4s25_1)
    11    0.031082    0.424073    0.715139    2.726042 v input7/X (sky130_fd_sc_hd__clkdlybuf4s25_1)
                                                         net7 (net)
                      0.424073    0.000935    2.726977 v _32_/B (sky130_fd_sc_hd__and3_2)
     1    0.002666    0.070499    0.574979    3.301957 v _32_/X (sky130_fd_sc_hd__and3_2)
                                                         _14_ (net)
                      0.070499    0.000023    3.301979 v _34_/C1 (sky130_fd_sc_hd__a2111o_2)
     1    0.003489    0.110738    0.774008    4.075988 v _34_/X (sky130_fd_sc_hd__a2111o_2)
                                                         _16_ (net)
                      0.110738    0.000047    4.076035 v _35_/B1 (sky130_fd_sc_hd__o211a_2)
     1    0.002572    0.068089    0.253694    4.329728 v _35_/X (sky130_fd_sc_hd__o211a_2)
                                                         _02_ (net)
                      0.068089    0.000019    4.329747 v _42_/D (sky130_fd_sc_hd__dfxtp_2)
                                              4.329747   data arrival time

                                 10.000000   10.000000   clock clk (rise edge)
                                  0.000000   10.000000   clock source latency
     1    0.009885    0.080334    0.051817   10.051818 ^ clk (in)
                                                         clk (net)
                      0.080334    0.000000   10.051818 ^ clkbuf_0_clk/A (sky130_fd_sc_hd__clkbuf_16)
     2    0.019421    0.066704    0.225442   10.277259 ^ clkbuf_0_clk/X (sky130_fd_sc_hd__clkbuf_16)
                                                         clknet_0_clk (net)
                      0.066704    0.000244   10.277504 ^ clkbuf_1_0__f_clk/A (sky130_fd_sc_hd__clkbuf_16)
     2    0.004900    0.047665    0.196442   10.473946 ^ clkbuf_1_0__f_clk/X (sky130_fd_sc_hd__clkbuf_16)
                                                         clknet_1_0__leaf_clk (net)
                      0.047665    0.000047   10.473992 ^ _42_/CLK (sky130_fd_sc_hd__dfxtp_2)
                                 -0.500000    9.973992   clock uncertainty
                                  0.000000    9.973992   clock reconvergence pessimism
                                 -0.279640    9.694353   library setup time
                                              9.694353   data required time
---------------------------------------------------------------------------------------------
                                              9.694353   data required time
                                             -4.329747   data arrival time
---------------------------------------------------------------------------------------------
                                              5.364606   slack (MET)


Startpoint: _42_ (rising edge-triggered flip-flop clocked by clk)
Endpoint: Q[2] (output port clocked by clk)
Path Group: clk
Path Type: max

Fanout         Cap        Slew       Delay        Time   Description
---------------------------------------------------------------------------------------------
                                  0.000000    0.000000   clock clk (rise edge)
                                  0.000000    0.000000   clock source latency
     1    0.009885    0.080334    0.051817    0.051817 ^ clk (in)
                                                         clk (net)
                      0.080334    0.000000    0.051817 ^ clkbuf_0_clk/A (sky130_fd_sc_hd__clkbuf_16)
     2    0.019421    0.066704    0.225442    0.277259 ^ clkbuf_0_clk/X (sky130_fd_sc_hd__clkbuf_16)
                                                         clknet_0_clk (net)
                      0.066704    0.000244    0.277504 ^ clkbuf_1_0__f_clk/A (sky130_fd_sc_hd__clkbuf_16)
     2    0.004900    0.047665    0.196442    0.473946 ^ clkbuf_1_0__f_clk/X (sky130_fd_sc_hd__clkbuf_16)
                                                         clknet_1_0__leaf_clk (net)
                      0.047665    0.000047    0.473992 ^ _42_/CLK (sky130_fd_sc_hd__dfxtp_2)
     4    0.014169    0.132563    0.696229    1.170221 ^ _42_/Q (sky130_fd_sc_hd__dfxtp_2)
                                                         net11 (net)
                      0.132563    0.000132    1.170354 ^ output11/A (sky130_fd_sc_hd__clkdlybuf4s25_1)
     1    0.010909    0.198413    0.581331    1.751685 ^ output11/X (sky130_fd_sc_hd__clkdlybuf4s25_1)
                                                         Q[2] (net)
                      0.198413    0.000066    1.751751 ^ Q[2] (out)
                                              1.751751   data arrival time

                                 10.000000   10.000000   clock clk (rise edge)
                                  0.000000   10.000000   clock network delay (propagated)
                                 -0.500000    9.500000   clock uncertainty
                                  0.000000    9.500000   clock reconvergence pessimism
                                 -2.000000    7.500000   output external delay
                                              7.500000   data required time
---------------------------------------------------------------------------------------------
                                              7.500000   data required time
                                             -1.751751   data arrival time
---------------------------------------------------------------------------------------------
                                              5.748249   slack (MET)


Startpoint: _41_ (rising edge-triggered flip-flop clocked by clk)
Endpoint: Q[1] (output port clocked by clk)
Path Group: clk
Path Type: max

Fanout         Cap        Slew       Delay        Time   Description
---------------------------------------------------------------------------------------------
                                  0.000000    0.000000   clock clk (rise edge)
                                  0.000000    0.000000   clock source latency
     1    0.009885    0.080334    0.051817    0.051817 ^ clk (in)
                                                         clk (net)
                      0.080334    0.000000    0.051817 ^ clkbuf_0_clk/A (sky130_fd_sc_hd__clkbuf_16)
     2    0.019421    0.066704    0.225442    0.277259 ^ clkbuf_0_clk/X (sky130_fd_sc_hd__clkbuf_16)
                                                         clknet_0_clk (net)
                      0.066704    0.000205    0.277465 ^ clkbuf_1_1__f_clk/A (sky130_fd_sc_hd__clkbuf_16)
     2    0.003995    0.046415    0.194726    0.472190 ^ clkbuf_1_1__f_clk/X (sky130_fd_sc_hd__clkbuf_16)
                                                         clknet_1_1__leaf_clk (net)
                      0.046415    0.000032    0.472223 ^ _41_/CLK (sky130_fd_sc_hd__dfxtp_2)
     3    0.012459    0.120068    0.685389    1.157611 ^ _41_/Q (sky130_fd_sc_hd__dfxtp_2)
                                                         net10 (net)
                      0.120068    0.000116    1.157727 ^ output10/A (sky130_fd_sc_hd__clkdlybuf4s25_1)
     1    0.010677    0.194871    0.573104    1.730832 ^ output10/X (sky130_fd_sc_hd__clkdlybuf4s25_1)
                                                         Q[1] (net)
                      0.194871    0.000054    1.730886 ^ Q[1] (out)
                                              1.730886   data arrival time

                                 10.000000   10.000000   clock clk (rise edge)
                                  0.000000   10.000000   clock network delay (propagated)
                                 -0.500000    9.500000   clock uncertainty
                                  0.000000    9.500000   clock reconvergence pessimism
                                 -2.000000    7.500000   output external delay
                                              7.500000   data required time
---------------------------------------------------------------------------------------------
                                              7.500000   data required time
                                             -1.730886   data arrival time
---------------------------------------------------------------------------------------------
                                              5.769114   slack (MET)


Startpoint: _43_ (rising edge-triggered flip-flop clocked by clk)
Endpoint: Q[3] (output port clocked by clk)
Path Group: clk
Path Type: max

Fanout         Cap        Slew       Delay        Time   Description
---------------------------------------------------------------------------------------------
                                  0.000000    0.000000   clock clk (rise edge)
                                  0.000000    0.000000   clock source latency
     1    0.009885    0.080334    0.051817    0.051817 ^ clk (in)
                                                         clk (net)
                      0.080334    0.000000    0.051817 ^ clkbuf_0_clk/A (sky130_fd_sc_hd__clkbuf_16)
     2    0.019421    0.066704    0.225442    0.277259 ^ clkbuf_0_clk/X (sky130_fd_sc_hd__clkbuf_16)
                                                         clknet_0_clk (net)
                      0.066704    0.000244    0.277504 ^ clkbuf_1_0__f_clk/A (sky130_fd_sc_hd__clkbuf_16)
     2    0.004900    0.047665    0.196442    0.473946 ^ clkbuf_1_0__f_clk/X (sky130_fd_sc_hd__clkbuf_16)
                                                         clknet_1_0__leaf_clk (net)
                      0.047666    0.000051    0.473996 ^ _43_/CLK (sky130_fd_sc_hd__dfxtp_2)
     2    0.007171    0.082278    0.654179    1.128176 ^ _43_/Q (sky130_fd_sc_hd__dfxtp_2)
                                                         net12 (net)
                      0.082278    0.000120    1.128296 ^ output12/A (sky130_fd_sc_hd__clkdlybuf4s25_1)
     1    0.010806    0.192176    0.557542    1.685838 ^ output12/X (sky130_fd_sc_hd__clkdlybuf4s25_1)
                                                         Q[3] (net)
                      0.192176    0.000104    1.685942 ^ Q[3] (out)
                                              1.685942   data arrival time

                                 10.000000   10.000000   clock clk (rise edge)
                                  0.000000   10.000000   clock network delay (propagated)
                                 -0.500000    9.500000   clock uncertainty
                                  0.000000    9.500000   clock reconvergence pessimism
                                 -2.000000    7.500000   output external delay
                                              7.500000   data required time
---------------------------------------------------------------------------------------------
                                              7.500000   data required time
                                             -1.685942   data arrival time
---------------------------------------------------------------------------------------------
                                              5.814058   slack (MET)


Startpoint: _40_ (rising edge-triggered flip-flop clocked by clk)
Endpoint: Q[0] (output port clocked by clk)
Path Group: clk
Path Type: max

Fanout         Cap        Slew       Delay        Time   Description
---------------------------------------------------------------------------------------------
                                  0.000000    0.000000   clock clk (rise edge)
                                  0.000000    0.000000   clock source latency
     1    0.009885    0.080334    0.051817    0.051817 ^ clk (in)
                                                         clk (net)
                      0.080334    0.000000    0.051817 ^ clkbuf_0_clk/A (sky130_fd_sc_hd__clkbuf_16)
     2    0.019421    0.066704    0.225442    0.277259 ^ clkbuf_0_clk/X (sky130_fd_sc_hd__clkbuf_16)
                                                         clknet_0_clk (net)
                      0.066704    0.000205    0.277465 ^ clkbuf_1_1__f_clk/A (sky130_fd_sc_hd__clkbuf_16)
     2    0.003995    0.046415    0.194726    0.472190 ^ clkbuf_1_1__f_clk/X (sky130_fd_sc_hd__clkbuf_16)
                                                         clknet_1_1__leaf_clk (net)
                      0.046415    0.000027    0.472218 ^ _40_/CLK (sky130_fd_sc_hd__dfxtp_2)
     2    0.006031    0.074502    0.646767    1.118985 ^ _40_/Q (sky130_fd_sc_hd__dfxtp_2)
                                                         net9 (net)
                      0.074502    0.000040    1.119025 ^ output9/A (sky130_fd_sc_hd__clkdlybuf4s25_1)
     1    0.010672    0.194737    0.552702    1.671727 ^ output9/X (sky130_fd_sc_hd__clkdlybuf4s25_1)
                                                         Q[0] (net)
                      0.194737    0.000056    1.671783 ^ Q[0] (out)
                                              1.671783   data arrival time

                                 10.000000   10.000000   clock clk (rise edge)
                                  0.000000   10.000000   clock network delay (propagated)
                                 -0.500000    9.500000   clock uncertainty
                                  0.000000    9.500000   clock reconvergence pessimism
                                 -2.000000    7.500000   output external delay
                                              7.500000   data required time
---------------------------------------------------------------------------------------------
                                              7.500000   data required time
                                             -1.671783   data arrival time
---------------------------------------------------------------------------------------------
                                              5.828217   slack (MET)



