
===========================================================================
 report_power
============================================================================
======================= nom_tt_025C_1v80 Corner ===================================

Group                    Internal    Switching      Leakage        Total
                            Power        Power        Power        Power (Watts)
------------------------------------------------------------------------
Sequential           1.763444e-05 1.099214e-06 3.442982e-11 1.873368e-05  20.9%
Combinational        7.456579e-06 3.851638e-06 1.355759e-10 1.130835e-05  12.6%
Clock                5.069889e-05 8.915176e-06 1.730509e-10 5.961425e-05  66.5%
Macro                0.000000e+00 0.000000e+00 0.000000e+00 0.000000e+00   0.0%
Pad                  0.000000e+00 0.000000e+00 0.000000e+00 0.000000e+00   0.0%
------------------------------------------------------------------------
Total                7.578991e-05 1.386603e-05 3.430565e-10 8.965628e-05 100.0%
                            84.5%        15.5%         0.0%
Writing metric power__internal__total: 7.578991062473506e-5
Writing metric power__switching__total: 1.3866028893971816e-5
Writing metric power__leakage__total: 3.430564998740948e-10
Writing metric power__total: 8.965627785073593e-5

