Clock: clk
Sources: clk 
Generated: no
Virtual: yes
Propagated: no
Period: 10.000000

===========================================================================
report_clock_properties
============================================================================
Clock                   Period          Waveform
----------------------------------------------------
clk                  10.000000    0.000000  5.000000

===========================================================================
report_clock_latency
============================================================================
Clock clk
rise -> rise
    min     max
0.000000 0.000000 source latency
0.479253         network latency _42_/CLK
        0.480191 network latency _43_/CLK
---------------
0.479253 0.480191 latency
        0.000938 skew

fall -> fall
    min     max
0.000000 0.000000 source latency
0.503199         network latency _42_/CLK
        0.504020 network latency _43_/CLK
---------------
0.503199 0.504020 latency
        0.000821 skew



===========================================================================
report_clock_min_period
============================================================================
clk period_min = 4.65 fmax = 215.02
