
===========================================================================
 report_power
============================================================================
======================= nom_ss_100C_1v60 Corner ===================================

Group                    Internal    Switching      Leakage        Total
                            Power        Power        Power        Power (Watts)
------------------------------------------------------------------------
Sequential           1.386635e-05 6.817652e-07 6.138993e-08 1.460950e-05  19.2%
Combinational        8.116736e-06 4.235088e-06 2.148005e-07 1.256663e-05  16.6%
Clock                4.120049e-05 7.476912e-06 5.746629e-08 4.873487e-05  64.2%
Macro                0.000000e+00 0.000000e+00 0.000000e+00 0.000000e+00   0.0%
Pad                  0.000000e+00 0.000000e+00 0.000000e+00 0.000000e+00   0.0%
------------------------------------------------------------------------
Total                6.318357e-05 1.239376e-05 3.336566e-07 7.591099e-05 100.0%
                            83.2%        16.3%         0.4%

