+ define_corners nom_ss_100C_1v60
Reading timing models for corner nom_ss_100C_1v60…
Reading cell library for the 'nom_ss_100C_1v60' corner at '/home/hk/.ciel/ciel/sky130/versions/8afc8346a57fe1ab7934ba5a6056ea8b43078e71/sky130A/libs.ref/sky130_fd_sc_hd/lib/sky130_fd_sc_hd__ss_100C_1v60.lib'…
Reading top-level netlist at '/home/hk/pd_projects/runs/RUN_2026-06-03_20-26-11/52-openroad-fillinsertion/u_s_r.nl.v'…
Linking design 'u_s_r' from netlist…
Warning: /home/hk/pd_projects/runs/RUN_2026-06-03_20-26-11/52-openroad-fillinsertion/u_s_r.nl.v line 60, module sky130_fd_sc_hd__fill_2 not found. Creating black box for FILLER_0_62.
Warning: /home/hk/pd_projects/runs/RUN_2026-06-03_20-26-11/52-openroad-fillinsertion/u_s_r.nl.v line 67, module sky130_fd_sc_hd__fill_1 not found. Creating black box for FILLER_10_27.
Warning: /home/hk/pd_projects/runs/RUN_2026-06-03_20-26-11/52-openroad-fillinsertion/u_s_r.nl.v line 229, module sky130_fd_sc_hd__tapvpwrvgnd_1 not found. Creating black box for TAP_TAPCELL_ROW_0_24.
Reading design constraints file at '/home/hk/pd_projects/constraints.sdc'…
[INFO] No information on clock propagation in input SDC file-- propagating all clocks.
Reading top-level design parasitics for the 'nom_ss_100C_1v60' corner at '/home/hk/pd_projects/runs/RUN_2026-06-03_20-26-11/54-openroad-rcx/nom/u_s_r.nom.spef'…
%OL_CREATE_REPORT min.rpt

===========================================================================
report_checks -path_delay min (Hold)
============================================================================
======================= nom_ss_100C_1v60 Corner ===================================

Startpoint: rst (input port clocked by clk)
Endpoint: _42_ (rising edge-triggered flip-flop clocked by clk)
Path Group: clk
Path Type: min

Fanout         Cap        Slew       Delay        Time   Description
---------------------------------------------------------------------------------------------
                                  0.000000    0.000000   clock clk (rise edge)
                                  0.000000    0.000000   clock network delay (propagated)
                                  0.500000    0.500000 ^ input external delay
     1    0.003193    0.034861    0.017869    0.517869 ^ rst (in)
                                                         rst (net)
                      0.034861    0.000000    0.517869 ^ input8/A (sky130_fd_sc_hd__clkdlybuf4s25_1)
     1    0.005361    0.110257    0.475728    0.993597 ^ input8/X (sky130_fd_sc_hd__clkdlybuf4s25_1)
                                                         net8 (net)
                      0.110257    0.000166    0.993763 ^ _21_/A (sky130_fd_sc_hd__inv_2)
     4    0.015239    0.074468    0.111526    1.105290 v _21_/Y (sky130_fd_sc_hd__inv_2)
                                                         _05_ (net)
                      0.074468    0.000259    1.105549 v _35_/C1 (sky130_fd_sc_hd__o211a_2)
     1    0.003102    0.045242    0.209945    1.315493 v _35_/X (sky130_fd_sc_hd__o211a_2)
                                                         _02_ (net)
                      0.045242    0.000098    1.315591 v _42_/D (sky130_fd_sc_hd__dfxtp_2)
                                              1.315591   data arrival time

                                  0.000000    0.000000   clock clk (rise edge)
                                  0.000000    0.000000   clock source latency
     1    0.010575    0.085074    0.055331    0.055331 ^ clk (in)
                                                         clk (net)
                      0.085076    0.000000    0.055331 ^ clkbuf_0_clk/A (sky130_fd_sc_hd__clkbuf_16)
     2    0.019204    0.066439    0.227201    0.282532 ^ clkbuf_0_clk/X (sky130_fd_sc_hd__clkbuf_16)
                                                         clknet_0_clk (net)
                      0.066452    0.000555    0.283086 ^ clkbuf_1_1__f_clk/A (sky130_fd_sc_hd__clkbuf_16)
     2    0.004762    0.047476    0.196059    0.479145 ^ clkbuf_1_1__f_clk/X (sky130_fd_sc_hd__clkbuf_16)
                                                         clknet_1_1__leaf_clk (net)
                      0.047476    0.000108    0.479253 ^ _42_/CLK (sky130_fd_sc_hd__dfxtp_2)
                                  0.500000    0.979253   clock uncertainty
                                  0.000000    0.979253   clock reconvergence pessimism
                                 -0.086370    0.892883   library hold time
                                              0.892883   data required time
---------------------------------------------------------------------------------------------
                                              0.892883   data required time
                                             -1.315591   data arrival time
---------------------------------------------------------------------------------------------
                                              0.422709   slack (MET)


Startpoint: rst (input port clocked by clk)
Endpoint: _43_ (rising edge-triggered flip-flop clocked by clk)
Path Group: clk
Path Type: min

Fanout         Cap        Slew       Delay        Time   Description
---------------------------------------------------------------------------------------------
                                  0.000000    0.000000   clock clk (rise edge)
                                  0.000000    0.000000   clock network delay (propagated)
                                  0.500000    0.500000 ^ input external delay
     1    0.003193    0.034861    0.017869    0.517869 ^ rst (in)
                                                         rst (net)
                      0.034861    0.000000    0.517869 ^ input8/A (sky130_fd_sc_hd__clkdlybuf4s25_1)
     1    0.005361    0.110257    0.475728    0.993597 ^ input8/X (sky130_fd_sc_hd__clkdlybuf4s25_1)
                                                         net8 (net)
                      0.110257    0.000166    0.993763 ^ _21_/A (sky130_fd_sc_hd__inv_2)
     4    0.015239    0.074468    0.111526    1.105290 v _21_/Y (sky130_fd_sc_hd__inv_2)
                                                         _05_ (net)
                      0.074469    0.000373    1.105662 v _39_/C1 (sky130_fd_sc_hd__o221a_2)
     1    0.002702    0.048619    0.220374    1.326036 v _39_/X (sky130_fd_sc_hd__o221a_2)
                                                         _03_ (net)
                      0.048619    0.000074    1.326110 v hold14/A (sky130_fd_sc_hd__dlygate4sd3_1)
     1    0.001888    0.098154    1.098829    2.424939 v hold14/X (sky130_fd_sc_hd__dlygate4sd3_1)
                                                         net14 (net)
                      0.098154    0.000054    2.424993 v _43_/D (sky130_fd_sc_hd__dfxtp_2)
                                              2.424993   data arrival time

                                  0.000000    0.000000   clock clk (rise edge)
                                  0.000000    0.000000   clock source latency
     1    0.010575    0.085074    0.055331    0.055331 ^ clk (in)
                                                         clk (net)
                      0.085076    0.000000    0.055331 ^ clkbuf_0_clk/A (sky130_fd_sc_hd__clkbuf_16)
     2    0.019204    0.066439    0.227201    0.282532 ^ clkbuf_0_clk/X (sky130_fd_sc_hd__clkbuf_16)
                                                         clknet_0_clk (net)
                      0.066452    0.000563    0.283095 ^ clkbuf_1_0__f_clk/A (sky130_fd_sc_hd__clkbuf_16)
     2    0.005241    0.048135    0.196968    0.480063 ^ clkbuf_1_0__f_clk/X (sky130_fd_sc_hd__clkbuf_16)
                                                         clknet_1_0__leaf_clk (net)
                      0.048136    0.000129    0.480191 ^ _43_/CLK (sky130_fd_sc_hd__dfxtp_2)
                                  0.500000    0.980191   clock uncertainty
                                  0.000000    0.980191   clock reconvergence pessimism
                                 -0.105747    0.874444   library hold time
                                              0.874444   data required time
---------------------------------------------------------------------------------------------
                                              0.874444   data required time
                                             -2.424993   data arrival time
---------------------------------------------------------------------------------------------
                                              1.550549   slack (MET)


Startpoint: rst (input port clocked by clk)
Endpoint: _40_ (rising edge-triggered flip-flop clocked by clk)
Path Group: clk
Path Type: min

Fanout         Cap        Slew       Delay        Time   Description
---------------------------------------------------------------------------------------------
                                  0.000000    0.000000   clock clk (rise edge)
                                  0.000000    0.000000   clock network delay (propagated)
                                  0.500000    0.500000 ^ input external delay
     1    0.003193    0.034861    0.017869    0.517869 ^ rst (in)
                                                         rst (net)
                      0.034861    0.000000    0.517869 ^ input8/A (sky130_fd_sc_hd__clkdlybuf4s25_1)
     1    0.005361    0.110257    0.475728    0.993597 ^ input8/X (sky130_fd_sc_hd__clkdlybuf4s25_1)
                                                         net8 (net)
                      0.110257    0.000166    0.993763 ^ _21_/A (sky130_fd_sc_hd__inv_2)
     4    0.015239    0.074468    0.111526    1.105290 v _21_/Y (sky130_fd_sc_hd__inv_2)
                                                         _05_ (net)
                      0.074469    0.000430    1.105720 v _27_/C1 (sky130_fd_sc_hd__o221a_2)
     1    0.001874    0.043959    0.214038    1.319758 v _27_/X (sky130_fd_sc_hd__o221a_2)
                                                         _00_ (net)
                      0.043959    0.000053    1.319811 v hold16/A (sky130_fd_sc_hd__dlygate4sd3_1)
     1    0.002319    0.102206    1.104104    2.423915 v hold16/X (sky130_fd_sc_hd__dlygate4sd3_1)
                                                         net16 (net)
                      0.102206    0.000068    2.423983 v _40_/D (sky130_fd_sc_hd__dfxtp_2)
                                              2.423983   data arrival time

                                  0.000000    0.000000   clock clk (rise edge)
                                  0.000000    0.000000   clock source latency
     1    0.010575    0.085074    0.055331    0.055331 ^ clk (in)
                                                         clk (net)
                      0.085076    0.000000    0.055331 ^ clkbuf_0_clk/A (sky130_fd_sc_hd__clkbuf_16)
     2    0.019204    0.066439    0.227201    0.282532 ^ clkbuf_0_clk/X (sky130_fd_sc_hd__clkbuf_16)
                                                         clknet_0_clk (net)
                      0.066452    0.000563    0.283095 ^ clkbuf_1_0__f_clk/A (sky130_fd_sc_hd__clkbuf_16)
     2    0.005241    0.048135    0.196968    0.480063 ^ clkbuf_1_0__f_clk/X (sky130_fd_sc_hd__clkbuf_16)
                                                         clknet_1_0__leaf_clk (net)
                      0.048136    0.000094    0.480156 ^ _40_/CLK (sky130_fd_sc_hd__dfxtp_2)
                                  0.500000    0.980156   clock uncertainty
                                  0.000000    0.980156   clock reconvergence pessimism
                                 -0.107243    0.872913   library hold time
                                              0.872913   data required time
---------------------------------------------------------------------------------------------
                                              0.872913   data required time
                                             -2.423983   data arrival time
---------------------------------------------------------------------------------------------
                                              1.551070   slack (MET)


Startpoint: rst (input port clocked by clk)
Endpoint: _41_ (rising edge-triggered flip-flop clocked by clk)
Path Group: clk
Path Type: min

Fanout         Cap        Slew       Delay        Time   Description
---------------------------------------------------------------------------------------------
                                  0.000000    0.000000   clock clk (rise edge)
                                  0.000000    0.000000   clock network delay (propagated)
                                  0.500000    0.500000 ^ input external delay
     1    0.003193    0.034861    0.017869    0.517869 ^ rst (in)
                                                         rst (net)
                      0.034861    0.000000    0.517869 ^ input8/A (sky130_fd_sc_hd__clkdlybuf4s25_1)
     1    0.005361    0.110257    0.475728    0.993597 ^ input8/X (sky130_fd_sc_hd__clkdlybuf4s25_1)
                                                         net8 (net)
                      0.110257    0.000166    0.993763 ^ _21_/A (sky130_fd_sc_hd__inv_2)
     4    0.015239    0.074468    0.111526    1.105290 v _21_/Y (sky130_fd_sc_hd__inv_2)
                                                         _05_ (net)
                      0.074468    0.000265    1.105554 v _31_/C1 (sky130_fd_sc_hd__o221a_2)
     1    0.002951    0.050019    0.222274    1.327829 v _31_/X (sky130_fd_sc_hd__o221a_2)
                                                         _01_ (net)
                      0.050019    0.000084    1.327912 v hold18/A (sky130_fd_sc_hd__dlygate4sd3_1)
     1    0.001849    0.097768    1.098764    2.426677 v hold18/X (sky130_fd_sc_hd__dlygate4sd3_1)
                                                         net18 (net)
                      0.097768    0.000052    2.426728 v _41_/D (sky130_fd_sc_hd__dfxtp_2)
                                              2.426728   data arrival time

                                  0.000000    0.000000   clock clk (rise edge)
                                  0.000000    0.000000   clock source latency
     1    0.010575    0.085074    0.055331    0.055331 ^ clk (in)
                                                         clk (net)
                      0.085076    0.000000    0.055331 ^ clkbuf_0_clk/A (sky130_fd_sc_hd__clkbuf_16)
     2    0.019204    0.066439    0.227201    0.282532 ^ clkbuf_0_clk/X (sky130_fd_sc_hd__clkbuf_16)
                                                         clknet_0_clk (net)
                      0.066452    0.000555    0.283086 ^ clkbuf_1_1__f_clk/A (sky130_fd_sc_hd__clkbuf_16)
     2    0.004762    0.047476    0.196059    0.479145 ^ clkbuf_1_1__f_clk/X (sky130_fd_sc_hd__clkbuf_16)
                                                         clknet_1_1__leaf_clk (net)
                      0.047476    0.000120    0.479265 ^ _41_/CLK (sky130_fd_sc_hd__dfxtp_2)
                                  0.500000    0.979265   clock uncertainty
                                  0.000000    0.979265   clock reconvergence pessimism
                                 -0.105761    0.873504   library hold time
                                              0.873504   data required time
---------------------------------------------------------------------------------------------
                                              0.873504   data required time
                                             -2.426728   data arrival time
---------------------------------------------------------------------------------------------
                                              1.553224   slack (MET)


Startpoint: _43_ (rising edge-triggered flip-flop clocked by clk)
Endpoint: Q[3] (output port clocked by clk)
Path Group: clk
Path Type: min

Fanout         Cap        Slew       Delay        Time   Description
---------------------------------------------------------------------------------------------
                                  0.000000    0.000000   clock clk (rise edge)
                                  0.000000    0.000000   clock source latency
     1    0.010575    0.085074    0.055331    0.055331 ^ clk (in)
                                                         clk (net)
                      0.085076    0.000000    0.055331 ^ clkbuf_0_clk/A (sky130_fd_sc_hd__clkbuf_16)
     2    0.019204    0.066439    0.227201    0.282532 ^ clkbuf_0_clk/X (sky130_fd_sc_hd__clkbuf_16)
                                                         clknet_0_clk (net)
                      0.066452    0.000563    0.283095 ^ clkbuf_1_0__f_clk/A (sky130_fd_sc_hd__clkbuf_16)
     2    0.005241    0.048135    0.196968    0.480063 ^ clkbuf_1_0__f_clk/X (sky130_fd_sc_hd__clkbuf_16)
                                                         clknet_1_0__leaf_clk (net)
                      0.048136    0.000129    0.480191 ^ _43_/CLK (sky130_fd_sc_hd__dfxtp_2)
     2    0.005192    0.049214    0.598117    1.078308 v _43_/Q (sky130_fd_sc_hd__dfxtp_2)
                                                         net12 (net)
                      0.049214    0.000146    1.078454 v output12/A (sky130_fd_sc_hd__clkdlybuf4s25_1)
     1    0.011990    0.184386    0.545626    1.624080 v output12/X (sky130_fd_sc_hd__clkdlybuf4s25_1)
                                                         Q[3] (net)
                      0.184386    0.000312    1.624392 v Q[3] (out)
                                              1.624392   data arrival time

                                  0.000000    0.000000   clock clk (rise edge)
                                  0.000000    0.000000   clock network delay (propagated)
                                  0.500000    0.500000   clock uncertainty
                                  0.000000    0.500000   clock reconvergence pessimism
                                 -0.500000    0.000000   output external delay
                                              0.000000   data required time
---------------------------------------------------------------------------------------------
                                              0.000000   data required time
                                             -1.624392   data arrival time
---------------------------------------------------------------------------------------------
                                              1.624392   slack (MET)


Startpoint: _40_ (rising edge-triggered flip-flop clocked by clk)
Endpoint: Q[0] (output port clocked by clk)
Path Group: clk
Path Type: min

Fanout         Cap        Slew       Delay        Time   Description
---------------------------------------------------------------------------------------------
                                  0.000000    0.000000   clock clk (rise edge)
                                  0.000000    0.000000   clock source latency
     1    0.010575    0.085074    0.055331    0.055331 ^ clk (in)
                                                         clk (net)
                      0.085076    0.000000    0.055331 ^ clkbuf_0_clk/A (sky130_fd_sc_hd__clkbuf_16)
     2    0.019204    0.066439    0.227201    0.282532 ^ clkbuf_0_clk/X (sky130_fd_sc_hd__clkbuf_16)
                                                         clknet_0_clk (net)
                      0.066452    0.000563    0.283095 ^ clkbuf_1_0__f_clk/A (sky130_fd_sc_hd__clkbuf_16)
     2    0.005241    0.048135    0.196968    0.480063 ^ clkbuf_1_0__f_clk/X (sky130_fd_sc_hd__clkbuf_16)
                                                         clknet_1_0__leaf_clk (net)
                      0.048136    0.000094    0.480156 ^ _40_/CLK (sky130_fd_sc_hd__dfxtp_2)
     2    0.007381    0.058016    0.607560    1.087716 v _40_/Q (sky130_fd_sc_hd__dfxtp_2)
                                                         net9 (net)
                      0.058016    0.000186    1.087902 v output9/A (sky130_fd_sc_hd__clkdlybuf4s25_1)
     1    0.011178    0.175213    0.541114    1.629015 v output9/X (sky130_fd_sc_hd__clkdlybuf4s25_1)
                                                         Q[0] (net)
                      0.175213    0.000237    1.629252 v Q[0] (out)
                                              1.629252   data arrival time

                                  0.000000    0.000000   clock clk (rise edge)
                                  0.000000    0.000000   clock network delay (propagated)
                                  0.500000    0.500000   clock uncertainty
                                  0.000000    0.500000   clock reconvergence pessimism
                                 -0.500000    0.000000   output external delay
                                              0.000000   data required time
---------------------------------------------------------------------------------------------
                                              0.000000   data required time
                                             -1.629252   data arrival time
---------------------------------------------------------------------------------------------
                                              1.629252   slack (MET)


Startpoint: _42_ (rising edge-triggered flip-flop clocked by clk)
Endpoint: Q[2] (output port clocked by clk)
Path Group: clk
Path Type: min

Fanout         Cap        Slew       Delay        Time   Description
---------------------------------------------------------------------------------------------
                                  0.000000    0.000000   clock clk (rise edge)
                                  0.000000    0.000000   clock source latency
     1    0.010575    0.085074    0.055331    0.055331 ^ clk (in)
                                                         clk (net)
                      0.085076    0.000000    0.055331 ^ clkbuf_0_clk/A (sky130_fd_sc_hd__clkbuf_16)
     2    0.019204    0.066439    0.227201    0.282532 ^ clkbuf_0_clk/X (sky130_fd_sc_hd__clkbuf_16)
                                                         clknet_0_clk (net)
                      0.066452    0.000555    0.283086 ^ clkbuf_1_1__f_clk/A (sky130_fd_sc_hd__clkbuf_16)
     2    0.004762    0.047476    0.196059    0.479145 ^ clkbuf_1_1__f_clk/X (sky130_fd_sc_hd__clkbuf_16)
                                                         clknet_1_1__leaf_clk (net)
                      0.047476    0.000108    0.479253 ^ _42_/CLK (sky130_fd_sc_hd__dfxtp_2)
     4    0.011789    0.075492    0.625217    1.104470 v _42_/Q (sky130_fd_sc_hd__dfxtp_2)
                                                         net11 (net)
                      0.075492    0.000274    1.104744 v output11/A (sky130_fd_sc_hd__clkdlybuf4s25_1)
     1    0.011568    0.180051    0.553046    1.657790 v output11/X (sky130_fd_sc_hd__clkdlybuf4s25_1)
                                                         Q[2] (net)
                      0.180051    0.000273    1.658063 v Q[2] (out)
                                              1.658063   data arrival time

                                  0.000000    0.000000   clock clk (rise edge)
                                  0.000000    0.000000   clock network delay (propagated)
                                  0.500000    0.500000   clock uncertainty
                                  0.000000    0.500000   clock reconvergence pessimism
                                 -0.500000    0.000000   output external delay
                                              0.000000   data required time
---------------------------------------------------------------------------------------------
                                              0.000000   data required time
                                             -1.658063   data arrival time
---------------------------------------------------------------------------------------------
                                              1.658063   slack (MET)


Startpoint: _41_ (rising edge-triggered flip-flop clocked by clk)
Endpoint: Q[1] (output port clocked by clk)
Path Group: clk
Path Type: min

Fanout         Cap        Slew       Delay        Time   Description
---------------------------------------------------------------------------------------------
                                  0.000000    0.000000   clock clk (rise edge)
                                  0.000000    0.000000   clock source latency
     1    0.010575    0.085074    0.055331    0.055331 ^ clk (in)
                                                         clk (net)
                      0.085076    0.000000    0.055331 ^ clkbuf_0_clk/A (sky130_fd_sc_hd__clkbuf_16)
     2    0.019204    0.066439    0.227201    0.282532 ^ clkbuf_0_clk/X (sky130_fd_sc_hd__clkbuf_16)
                                                         clknet_0_clk (net)
                      0.066452    0.000555    0.283086 ^ clkbuf_1_1__f_clk/A (sky130_fd_sc_hd__clkbuf_16)
     2    0.004762    0.047476    0.196059    0.479145 ^ clkbuf_1_1__f_clk/X (sky130_fd_sc_hd__clkbuf_16)
                                                         clknet_1_1__leaf_clk (net)
                      0.047476    0.000120    0.479265 ^ _41_/CLK (sky130_fd_sc_hd__dfxtp_2)
     3    0.011068    0.072573    0.622201    1.101466 v _41_/Q (sky130_fd_sc_hd__dfxtp_2)
                                                         net10 (net)
                      0.072573    0.000339    1.101805 v output10/A (sky130_fd_sc_hd__clkdlybuf4s25_1)
     1    0.012633    0.190526    0.562913    1.664718 v output10/X (sky130_fd_sc_hd__clkdlybuf4s25_1)
                                                         Q[1] (net)
                      0.190526    0.000275    1.664993 v Q[1] (out)
                                              1.664993   data arrival time

                                  0.000000    0.000000   clock clk (rise edge)
                                  0.000000    0.000000   clock network delay (propagated)
                                  0.500000    0.500000   clock uncertainty
                                  0.000000    0.500000   clock reconvergence pessimism
                                 -0.500000    0.000000   output external delay
                                              0.000000   data required time
---------------------------------------------------------------------------------------------
                                              0.000000   data required time
                                             -1.664993   data arrival time
---------------------------------------------------------------------------------------------
                                              1.664993   slack (MET)



%OL_END_REPORT
%OL_CREATE_REPORT max.rpt

===========================================================================
report_checks -path_delay max (Setup)
============================================================================
======================= nom_ss_100C_1v60 Corner ===================================

Startpoint: mode[1] (input port clocked by clk)
Endpoint: _40_ (rising edge-triggered flip-flop clocked by clk)
Path Group: clk
Path Type: max

Fanout         Cap        Slew       Delay        Time   Description
---------------------------------------------------------------------------------------------
                                  0.000000    0.000000   clock clk (rise edge)
                                  0.000000    0.000000   clock network delay (propagated)
                                  2.000000    2.000000 v input external delay
     1    0.004190    0.023893    0.013625    2.013625 v mode[1] (in)
                                                         mode[1] (net)
                      0.023901    0.000000    2.013625 v input7/A (sky130_fd_sc_hd__clkdlybuf4s25_1)
    11    0.031201    0.425406    0.717891    2.731516 v input7/X (sky130_fd_sc_hd__clkdlybuf4s25_1)
                                                         net7 (net)
                      0.425406    0.000455    2.731971 v _22_/B (sky130_fd_sc_hd__and3_2)
     1    0.004583    0.080492    0.592539    3.324510 v _22_/X (sky130_fd_sc_hd__and3_2)
                                                         _06_ (net)
                      0.080492    0.000162    3.324672 v _26_/B1 (sky130_fd_sc_hd__a211o_2)
     1    0.002817    0.080584    0.570659    3.895330 v _26_/X (sky130_fd_sc_hd__a211o_2)
                                                         _10_ (net)
                      0.080584    0.000082    3.895412 v _27_/B1 (sky130_fd_sc_hd__o221a_2)
     1    0.001874    0.073152    0.454410    4.349823 v _27_/X (sky130_fd_sc_hd__o221a_2)
                                                         _00_ (net)
                      0.073152    0.000053    4.349876 v hold16/A (sky130_fd_sc_hd__dlygate4sd3_1)
     1    0.002319    0.101929    1.116598    5.466474 v hold16/X (sky130_fd_sc_hd__dlygate4sd3_1)
                                                         net16 (net)
                      0.101929    0.000068    5.466542 v _40_/D (sky130_fd_sc_hd__dfxtp_2)
                                              5.466542   data arrival time

                                 10.000000   10.000000   clock clk (rise edge)
                                  0.000000   10.000000   clock source latency
     1    0.010575    0.085074    0.055331   10.055331 ^ clk (in)
                                                         clk (net)
                      0.085076    0.000000   10.055331 ^ clkbuf_0_clk/A (sky130_fd_sc_hd__clkbuf_16)
     2    0.019204    0.066439    0.227201   10.282533 ^ clkbuf_0_clk/X (sky130_fd_sc_hd__clkbuf_16)
                                                         clknet_0_clk (net)
                      0.066452    0.000563   10.283095 ^ clkbuf_1_0__f_clk/A (sky130_fd_sc_hd__clkbuf_16)
     2    0.005241    0.048135    0.196967   10.480062 ^ clkbuf_1_0__f_clk/X (sky130_fd_sc_hd__clkbuf_16)
                                                         clknet_1_0__leaf_clk (net)
                      0.048136    0.000094   10.480157 ^ _40_/CLK (sky130_fd_sc_hd__dfxtp_2)
                                 -0.500000    9.980157   clock uncertainty
                                  0.000000    9.980157   clock reconvergence pessimism
                                 -0.293583    9.686574   library setup time
                                              9.686574   data required time
---------------------------------------------------------------------------------------------
                                              9.686574   data required time
                                             -5.466542   data arrival time
---------------------------------------------------------------------------------------------
                                              4.220032   slack (MET)


Startpoint: mode[1] (input port clocked by clk)
Endpoint: _43_ (rising edge-triggered flip-flop clocked by clk)
Path Group: clk
Path Type: max

Fanout         Cap        Slew       Delay        Time   Description
---------------------------------------------------------------------------------------------
                                  0.000000    0.000000   clock clk (rise edge)
                                  0.000000    0.000000   clock network delay (propagated)
                                  2.000000    2.000000 v input external delay
     1    0.004190    0.023893    0.013625    2.013625 v mode[1] (in)
                                                         mode[1] (net)
                      0.023901    0.000000    2.013625 v input7/A (sky130_fd_sc_hd__clkdlybuf4s25_1)
    11    0.031201    0.425406    0.717891    2.731516 v input7/X (sky130_fd_sc_hd__clkdlybuf4s25_1)
                                                         net7 (net)
                      0.425406    0.000454    2.731970 v _36_/B (sky130_fd_sc_hd__and3_2)
     1    0.003653    0.075476    0.584350    3.316320 v _36_/X (sky130_fd_sc_hd__and3_2)
                                                         _17_ (net)
                      0.075476    0.000119    3.316439 v _38_/C1 (sky130_fd_sc_hd__a211o_2)
     1    0.005235    0.095337    0.528635    3.845074 v _38_/X (sky130_fd_sc_hd__a211o_2)
                                                         _19_ (net)
                      0.095337    0.000188    3.845262 v _39_/B2 (sky130_fd_sc_hd__o221a_2)
     1    0.002702    0.078262    0.438191    4.283453 v _39_/X (sky130_fd_sc_hd__o221a_2)
                                                         _03_ (net)
                      0.078262    0.000074    4.283526 v hold14/A (sky130_fd_sc_hd__dlygate4sd3_1)
     1    0.001888    0.097773    1.111484    5.395010 v hold14/X (sky130_fd_sc_hd__dlygate4sd3_1)
                                                         net14 (net)
                      0.097773    0.000054    5.395064 v _43_/D (sky130_fd_sc_hd__dfxtp_2)
                                              5.395064   data arrival time

                                 10.000000   10.000000   clock clk (rise edge)
                                  0.000000   10.000000   clock source latency
     1    0.010575    0.085074    0.055331   10.055331 ^ clk (in)
                                                         clk (net)
                      0.085076    0.000000   10.055331 ^ clkbuf_0_clk/A (sky130_fd_sc_hd__clkbuf_16)
     2    0.019204    0.066439    0.227201   10.282533 ^ clkbuf_0_clk/X (sky130_fd_sc_hd__clkbuf_16)
                                                         clknet_0_clk (net)
                      0.066452    0.000563   10.283095 ^ clkbuf_1_0__f_clk/A (sky130_fd_sc_hd__clkbuf_16)
     2    0.005241    0.048135    0.196967   10.480062 ^ clkbuf_1_0__f_clk/X (sky130_fd_sc_hd__clkbuf_16)
                                                         clknet_1_0__leaf_clk (net)
                      0.048136    0.000129   10.480191 ^ _43_/CLK (sky130_fd_sc_hd__dfxtp_2)
                                 -0.500000    9.980191   clock uncertainty
                                  0.000000    9.980191   clock reconvergence pessimism
                                 -0.291855    9.688335   library setup time
                                              9.688335   data required time
---------------------------------------------------------------------------------------------
                                              9.688335   data required time
                                             -5.395064   data arrival time
---------------------------------------------------------------------------------------------
                                              4.293272   slack (MET)


Startpoint: mode[1] (input port clocked by clk)
Endpoint: _41_ (rising edge-triggered flip-flop clocked by clk)
Path Group: clk
Path Type: max

Fanout         Cap        Slew       Delay        Time   Description
---------------------------------------------------------------------------------------------
                                  0.000000    0.000000   clock clk (rise edge)
                                  0.000000    0.000000   clock network delay (propagated)
                                  2.000000    2.000000 v input external delay
     1    0.004190    0.023893    0.013625    2.013625 v mode[1] (in)
                                                         mode[1] (net)
                      0.023901    0.000000    2.013625 v input7/A (sky130_fd_sc_hd__clkdlybuf4s25_1)
    11    0.031201    0.425406    0.717891    2.731516 v input7/X (sky130_fd_sc_hd__clkdlybuf4s25_1)
                                                         net7 (net)
                      0.425406    0.000471    2.731987 v _25_/B (sky130_fd_sc_hd__or2_2)
     4    0.013403    0.165808    0.854334    3.586320 v _25_/X (sky130_fd_sc_hd__or2_2)
                                                         _09_ (net)
                      0.165808    0.000260    3.586581 v _31_/A2 (sky130_fd_sc_hd__o221a_2)
     1    0.002951    0.079541    0.523730    4.110311 v _31_/X (sky130_fd_sc_hd__o221a_2)
                                                         _01_ (net)
                      0.079541    0.000084    4.110394 v hold18/A (sky130_fd_sc_hd__dlygate4sd3_1)
     1    0.001849    0.097383    1.111375    5.221769 v hold18/X (sky130_fd_sc_hd__dlygate4sd3_1)
                                                         net18 (net)
                      0.097383    0.000052    5.221821 v _41_/D (sky130_fd_sc_hd__dfxtp_2)
                                              5.221821   data arrival time

                                 10.000000   10.000000   clock clk (rise edge)
                                  0.000000   10.000000   clock source latency
     1    0.010575    0.085074    0.055331   10.055331 ^ clk (in)
                                                         clk (net)
                      0.085076    0.000000   10.055331 ^ clkbuf_0_clk/A (sky130_fd_sc_hd__clkbuf_16)
     2    0.019204    0.066439    0.227201   10.282533 ^ clkbuf_0_clk/X (sky130_fd_sc_hd__clkbuf_16)
                                                         clknet_0_clk (net)
                      0.066452    0.000554   10.283087 ^ clkbuf_1_1__f_clk/A (sky130_fd_sc_hd__clkbuf_16)
     2    0.004762    0.047476    0.196058   10.479145 ^ clkbuf_1_1__f_clk/X (sky130_fd_sc_hd__clkbuf_16)
                                                         clknet_1_1__leaf_clk (net)
                      0.047476    0.000120   10.479265 ^ _41_/CLK (sky130_fd_sc_hd__dfxtp_2)
                                 -0.500000    9.979265   clock uncertainty
                                  0.000000    9.979265   clock reconvergence pessimism
                                 -0.291872    9.687393   library setup time
                                              9.687393   data required time
---------------------------------------------------------------------------------------------
                                              9.687393   data required time
                                             -5.221821   data arrival time
---------------------------------------------------------------------------------------------
                                              4.465572   slack (MET)


Startpoint: mode[1] (input port clocked by clk)
Endpoint: _42_ (rising edge-triggered flip-flop clocked by clk)
Path Group: clk
Path Type: max

Fanout         Cap        Slew       Delay        Time   Description
---------------------------------------------------------------------------------------------
                                  0.000000    0.000000   clock clk (rise edge)
                                  0.000000    0.000000   clock network delay (propagated)
                                  2.000000    2.000000 v input external delay
     1    0.004190    0.023893    0.013625    2.013625 v mode[1] (in)
                                                         mode[1] (net)
                      0.023901    0.000000    2.013625 v input7/A (sky130_fd_sc_hd__clkdlybuf4s25_1)
    11    0.031201    0.425406    0.717891    2.731516 v input7/X (sky130_fd_sc_hd__clkdlybuf4s25_1)
                                                         net7 (net)
                      0.425406    0.000325    2.731841 v _32_/B (sky130_fd_sc_hd__and3_2)
     1    0.004326    0.078984    0.590284    3.322125 v _32_/X (sky130_fd_sc_hd__and3_2)
                                                         _14_ (net)
                      0.078984    0.000115    3.322240 v _34_/C1 (sky130_fd_sc_hd__a2111o_2)
     1    0.006984    0.133119    0.814567    4.136807 v _34_/X (sky130_fd_sc_hd__a2111o_2)
                                                         _16_ (net)
                      0.133119    0.000221    4.137028 v _35_/B1 (sky130_fd_sc_hd__o211a_2)
     1    0.003102    0.070607    0.268224    4.405252 v _35_/X (sky130_fd_sc_hd__o211a_2)
                                                         _02_ (net)
                      0.070607    0.000098    4.405350 v _42_/D (sky130_fd_sc_hd__dfxtp_2)
                                              4.405350   data arrival time

                                 10.000000   10.000000   clock clk (rise edge)
                                  0.000000   10.000000   clock source latency
     1    0.010575    0.085074    0.055331   10.055331 ^ clk (in)
                                                         clk (net)
                      0.085076    0.000000   10.055331 ^ clkbuf_0_clk/A (sky130_fd_sc_hd__clkbuf_16)
     2    0.019204    0.066439    0.227201   10.282533 ^ clkbuf_0_clk/X (sky130_fd_sc_hd__clkbuf_16)
                                                         clknet_0_clk (net)
                      0.066452    0.000554   10.283087 ^ clkbuf_1_1__f_clk/A (sky130_fd_sc_hd__clkbuf_16)
     2    0.004762    0.047476    0.196058   10.479145 ^ clkbuf_1_1__f_clk/X (sky130_fd_sc_hd__clkbuf_16)
                                                         clknet_1_1__leaf_clk (net)
                      0.047476    0.000108   10.479254 ^ _42_/CLK (sky130_fd_sc_hd__dfxtp_2)
                                 -0.500000    9.979253   clock uncertainty
                                  0.000000    9.979253   clock reconvergence pessimism
                                 -0.280738    9.698515   library setup time
                                              9.698515   data required time
---------------------------------------------------------------------------------------------
                                              9.698515   data required time
                                             -4.405350   data arrival time
---------------------------------------------------------------------------------------------
                                              5.293166   slack (MET)


Startpoint: _41_ (rising edge-triggered flip-flop clocked by clk)
Endpoint: Q[1] (output port clocked by clk)
Path Group: clk
Path Type: max

Fanout         Cap        Slew       Delay        Time   Description
---------------------------------------------------------------------------------------------
                                  0.000000    0.000000   clock clk (rise edge)
                                  0.000000    0.000000   clock source latency
     1    0.010575    0.085074    0.055331    0.055331 ^ clk (in)
                                                         clk (net)
                      0.085076    0.000000    0.055331 ^ clkbuf_0_clk/A (sky130_fd_sc_hd__clkbuf_16)
     2    0.019204    0.066439    0.227201    0.282532 ^ clkbuf_0_clk/X (sky130_fd_sc_hd__clkbuf_16)
                                                         clknet_0_clk (net)
                      0.066452    0.000555    0.283086 ^ clkbuf_1_1__f_clk/A (sky130_fd_sc_hd__clkbuf_16)
     2    0.004762    0.047476    0.196059    0.479145 ^ clkbuf_1_1__f_clk/X (sky130_fd_sc_hd__clkbuf_16)
                                                         clknet_1_1__leaf_clk (net)
                      0.047476    0.000120    0.479265 ^ _41_/CLK (sky130_fd_sc_hd__dfxtp_2)
     3    0.011525    0.113338    0.680120    1.159385 ^ _41_/Q (sky130_fd_sc_hd__dfxtp_2)
                                                         net10 (net)
                      0.113338    0.000354    1.159739 ^ output10/A (sky130_fd_sc_hd__clkdlybuf4s25_1)
     1    0.012633    0.219421    0.592008    1.751747 ^ output10/X (sky130_fd_sc_hd__clkdlybuf4s25_1)
                                                         Q[1] (net)
                      0.219421    0.000275    1.752022 ^ Q[1] (out)
                                              1.752022   data arrival time

                                 10.000000   10.000000   clock clk (rise edge)
                                  0.000000   10.000000   clock network delay (propagated)
                                 -0.500000    9.500000   clock uncertainty
                                  0.000000    9.500000   clock reconvergence pessimism
                                 -2.000000    7.500000   output external delay
                                              7.500000   data required time
---------------------------------------------------------------------------------------------
                                              7.500000   data required time
                                             -1.752022   data arrival time
---------------------------------------------------------------------------------------------
                                              5.747978   slack (MET)


Startpoint: _42_ (rising edge-triggered flip-flop clocked by clk)
Endpoint: Q[2] (output port clocked by clk)
Path Group: clk
Path Type: max

Fanout         Cap        Slew       Delay        Time   Description
---------------------------------------------------------------------------------------------
                                  0.000000    0.000000   clock clk (rise edge)
                                  0.000000    0.000000   clock source latency
     1    0.010575    0.085074    0.055331    0.055331 ^ clk (in)
                                                         clk (net)
                      0.085076    0.000000    0.055331 ^ clkbuf_0_clk/A (sky130_fd_sc_hd__clkbuf_16)
     2    0.019204    0.066439    0.227201    0.282532 ^ clkbuf_0_clk/X (sky130_fd_sc_hd__clkbuf_16)
                                                         clknet_0_clk (net)
                      0.066452    0.000555    0.283086 ^ clkbuf_1_1__f_clk/A (sky130_fd_sc_hd__clkbuf_16)
     2    0.004762    0.047476    0.196059    0.479145 ^ clkbuf_1_1__f_clk/X (sky130_fd_sc_hd__clkbuf_16)
                                                         clknet_1_1__leaf_clk (net)
                      0.047476    0.000108    0.479253 ^ _42_/CLK (sky130_fd_sc_hd__dfxtp_2)
     4    0.012553    0.120783    0.686368    1.165621 ^ _42_/Q (sky130_fd_sc_hd__dfxtp_2)
                                                         net11 (net)
                      0.120783    0.000292    1.165913 ^ output11/A (sky130_fd_sc_hd__clkdlybuf4s25_1)
     1    0.011568    0.203843    0.583313    1.749225 ^ output11/X (sky130_fd_sc_hd__clkdlybuf4s25_1)
                                                         Q[2] (net)
                      0.203843    0.000273    1.749498 ^ Q[2] (out)
                                              1.749498   data arrival time

                                 10.000000   10.000000   clock clk (rise edge)
                                  0.000000   10.000000   clock network delay (propagated)
                                 -0.500000    9.500000   clock uncertainty
                                  0.000000    9.500000   clock reconvergence pessimism
                                 -2.000000    7.500000   output external delay
                                              7.500000   data required time
---------------------------------------------------------------------------------------------
                                              7.500000   data required time
                                             -1.749498   data arrival time
---------------------------------------------------------------------------------------------
                                              5.750502   slack (MET)


Startpoint: _40_ (rising edge-triggered flip-flop clocked by clk)
Endpoint: Q[0] (output port clocked by clk)
Path Group: clk
Path Type: max

Fanout         Cap        Slew       Delay        Time   Description
---------------------------------------------------------------------------------------------
                                  0.000000    0.000000   clock clk (rise edge)
                                  0.000000    0.000000   clock source latency
     1    0.010575    0.085074    0.055331    0.055331 ^ clk (in)
                                                         clk (net)
                      0.085076    0.000000    0.055331 ^ clkbuf_0_clk/A (sky130_fd_sc_hd__clkbuf_16)
     2    0.019204    0.066439    0.227201    0.282532 ^ clkbuf_0_clk/X (sky130_fd_sc_hd__clkbuf_16)
                                                         clknet_0_clk (net)
                      0.066452    0.000563    0.283095 ^ clkbuf_1_0__f_clk/A (sky130_fd_sc_hd__clkbuf_16)
     2    0.005241    0.048135    0.196968    0.480063 ^ clkbuf_1_0__f_clk/X (sky130_fd_sc_hd__clkbuf_16)
                                                         clknet_1_0__leaf_clk (net)
                      0.048136    0.000094    0.480156 ^ _40_/CLK (sky130_fd_sc_hd__dfxtp_2)
     2    0.007676    0.085778    0.657411    1.137567 ^ _40_/Q (sky130_fd_sc_hd__dfxtp_2)
                                                         net9 (net)
                      0.085778    0.000194    1.137761 ^ output9/A (sky130_fd_sc_hd__clkdlybuf4s25_1)
     1    0.011178    0.197872    0.563238    1.700999 ^ output9/X (sky130_fd_sc_hd__clkdlybuf4s25_1)
                                                         Q[0] (net)
                      0.197872    0.000237    1.701236 ^ Q[0] (out)
                                              1.701236   data arrival time

                                 10.000000   10.000000   clock clk (rise edge)
                                  0.000000   10.000000   clock network delay (propagated)
                                 -0.500000    9.500000   clock uncertainty
                                  0.000000    9.500000   clock reconvergence pessimism
                                 -2.000000    7.500000   output external delay
                                              7.500000   data required time
---------------------------------------------------------------------------------------------
                                              7.500000   data required time
                                             -1.701236   data arrival time
---------------------------------------------------------------------------------------------
                                              5.798764   slack (MET)


Startpoint: _43_ (rising edge-triggered flip-flop clocked by clk)
Endpoint: Q[3] (output port clocked by clk)
Path Group: clk
Path Type: max

Fanout         Cap        Slew       Delay        Time   Description
---------------------------------------------------------------------------------------------
                                  0.000000    0.000000   clock clk (rise edge)
                                  0.000000    0.000000   clock source latency
     1    0.010575    0.085074    0.055331    0.055331 ^ clk (in)
                                                         clk (net)
                      0.085076    0.000000    0.055331 ^ clkbuf_0_clk/A (sky130_fd_sc_hd__clkbuf_16)
     2    0.019204    0.066439    0.227201    0.282532 ^ clkbuf_0_clk/X (sky130_fd_sc_hd__clkbuf_16)
                                                         clknet_0_clk (net)
                      0.066452    0.000563    0.283095 ^ clkbuf_1_0__f_clk/A (sky130_fd_sc_hd__clkbuf_16)
     2    0.005241    0.048135    0.196968    0.480063 ^ clkbuf_1_0__f_clk/X (sky130_fd_sc_hd__clkbuf_16)
                                                         clknet_1_0__leaf_clk (net)
                      0.048136    0.000129    0.480191 ^ _43_/CLK (sky130_fd_sc_hd__dfxtp_2)
     2    0.005487    0.070088    0.644239    1.124430 ^ _43_/Q (sky130_fd_sc_hd__dfxtp_2)
                                                         net12 (net)
                      0.070088    0.000156    1.124586 ^ output12/A (sky130_fd_sc_hd__clkdlybuf4s25_1)
     1    0.011990    0.210000    0.565489    1.690075 ^ output12/X (sky130_fd_sc_hd__clkdlybuf4s25_1)
                                                         Q[3] (net)
                      0.210000    0.000312    1.690386 ^ Q[3] (out)
                                              1.690386   data arrival time

                                 10.000000   10.000000   clock clk (rise edge)
                                  0.000000   10.000000   clock network delay (propagated)
                                 -0.500000    9.500000   clock uncertainty
                                  0.000000    9.500000   clock reconvergence pessimism
                                 -2.000000    7.500000   output external delay
                                              7.500000   data required time
---------------------------------------------------------------------------------------------
                                              7.500000   data required time
                                             -1.690386   data arrival time
---------------------------------------------------------------------------------------------
                                              5.809613   slack (MET)



%OL_END_REPORT
%OL_CREATE_REPORT checks.rpt

===========================================================================
report_checks -unconstrained
===========================================================================
======================= nom_ss_100C_1v60 Corner ===================================

Startpoint: mode[1] (input port clocked by clk)
Endpoint: _40_ (rising edge-triggered flip-flop clocked by clk)
Path Group: clk
Path Type: max

Fanout         Cap        Slew       Delay        Time   Description
---------------------------------------------------------------------------------------------
                                  0.000000    0.000000   clock clk (rise edge)
                                  0.000000    0.000000   clock network delay (propagated)
                                  2.000000    2.000000 v input external delay
     1    0.004190    0.023893    0.013625    2.013625 v mode[1] (in)
                                                         mode[1] (net)
                      0.023901    0.000000    2.013625 v input7/A (sky130_fd_sc_hd__clkdlybuf4s25_1)
    11    0.031201    0.425406    0.717891    2.731516 v input7/X (sky130_fd_sc_hd__clkdlybuf4s25_1)
                                                         net7 (net)
                      0.425406    0.000455    2.731971 v _22_/B (sky130_fd_sc_hd__and3_2)
     1    0.004583    0.080492    0.592539    3.324510 v _22_/X (sky130_fd_sc_hd__and3_2)
                                                         _06_ (net)
                      0.080492    0.000162    3.324672 v _26_/B1 (sky130_fd_sc_hd__a211o_2)
     1    0.002817    0.080584    0.570659    3.895330 v _26_/X (sky130_fd_sc_hd__a211o_2)
                                                         _10_ (net)
                      0.080584    0.000082    3.895412 v _27_/B1 (sky130_fd_sc_hd__o221a_2)
     1    0.001874    0.073152    0.454410    4.349823 v _27_/X (sky130_fd_sc_hd__o221a_2)
                                                         _00_ (net)
                      0.073152    0.000053    4.349876 v hold16/A (sky130_fd_sc_hd__dlygate4sd3_1)
     1    0.002319    0.101929    1.116598    5.466474 v hold16/X (sky130_fd_sc_hd__dlygate4sd3_1)
                                                         net16 (net)
                      0.101929    0.000068    5.466542 v _40_/D (sky130_fd_sc_hd__dfxtp_2)
                                              5.466542   data arrival time

                                 10.000000   10.000000   clock clk (rise edge)
                                  0.000000   10.000000   clock source latency
     1    0.010575    0.085074    0.055331   10.055331 ^ clk (in)
                                                         clk (net)
                      0.085076    0.000000   10.055331 ^ clkbuf_0_clk/A (sky130_fd_sc_hd__clkbuf_16)
     2    0.019204    0.066439    0.227201   10.282533 ^ clkbuf_0_clk/X (sky130_fd_sc_hd__clkbuf_16)
                                                         clknet_0_clk (net)
                      0.066452    0.000563   10.283095 ^ clkbuf_1_0__f_clk/A (sky130_fd_sc_hd__clkbuf_16)
     2    0.005241    0.048135    0.196967   10.480062 ^ clkbuf_1_0__f_clk/X (sky130_fd_sc_hd__clkbuf_16)
                                                         clknet_1_0__leaf_clk (net)
                      0.048136    0.000094   10.480157 ^ _40_/CLK (sky130_fd_sc_hd__dfxtp_2)
                                 -0.500000    9.980157   clock uncertainty
                                  0.000000    9.980157   clock reconvergence pessimism
                                 -0.293583    9.686574   library setup time
                                              9.686574   data required time
---------------------------------------------------------------------------------------------
                                              9.686574   data required time
                                             -5.466542   data arrival time
---------------------------------------------------------------------------------------------
                                              4.220032   slack (MET)




===========================================================================
report_checks --slack_max -0.01
============================================================================
======================= nom_ss_100C_1v60 Corner ===================================

No paths found.


===========================================================================
 report_check_types -max_slew -max_cap -max_fanout -violators
============================================================================
======================= nom_ss_100C_1v60 Corner ===================================



===========================================================================
report_parasitic_annotation -report_unannotated
============================================================================
Found 0 unannotated drivers.
Found 0 partially unannotated drivers.

===========================================================================
max slew violation count 0
%OL_METRIC_I design__max_slew_violation__count__corner:nom_ss_100C_1v60 0
max fanout violation count 0
%OL_METRIC_I design__max_fanout_violation__count__corner:nom_ss_100C_1v60 0
max cap violation count 0
%OL_METRIC_I design__max_cap_violation__count__corner:nom_ss_100C_1v60 0
============================================================================

===========================================================================
check_setup -verbose -unconstrained_endpoints -multiple_clock -no_clock -no_input_delay -loops -generated_clocks
===========================================================================
%OL_END_REPORT
%OL_CREATE_REPORT power.rpt

===========================================================================
 report_power
============================================================================
======================= nom_ss_100C_1v60 Corner ===================================

Group                    Internal    Switching      Leakage        Total
                            Power        Power        Power        Power (Watts)
------------------------------------------------------------------------
Sequential           1.386635e-05 6.817652e-07 6.138993e-08 1.460950e-05  19.2%
Combinational        8.116736e-06 4.235088e-06 2.148005e-07 1.256663e-05  16.6%
Clock                4.120049e-05 7.476912e-06 5.746629e-08 4.873487e-05  64.2%
Macro                0.000000e+00 0.000000e+00 0.000000e+00 0.000000e+00   0.0%
Pad                  0.000000e+00 0.000000e+00 0.000000e+00 0.000000e+00   0.0%
------------------------------------------------------------------------
Total                6.318357e-05 1.239376e-05 3.336566e-07 7.591099e-05 100.0%
                            83.2%        16.3%         0.4%
%OL_METRIC_F power__internal__total 6.318357191048563e-5
%OL_METRIC_F power__switching__total 1.2393764336593449e-5
%OL_METRIC_F power__leakage__total 3.3365657259309955e-7
%OL_METRIC_F power__total 7.591098983539268e-5

%OL_END_REPORT
%OL_CREATE_REPORT skew.min.rpt

===========================================================================
Clock Skew (Hold)
============================================================================
%OL_METRIC_F clock__skew__worst_hold__corner:nom_ss_100C_1v60 -0.5009380829711878
======================= nom_ss_100C_1v60 Corner ===================================

Clock clk
0.479253 source latency _42_/CLK ^
-0.480191 target latency _43_/CLK ^
-0.500000 clock uncertainty
0.000000 CRPR
--------------
-0.500938 hold skew

%OL_END_REPORT
%OL_CREATE_REPORT skew.max.rpt

===========================================================================
Clock Skew (Setup)
============================================================================
%OL_METRIC_F clock__skew__worst_setup__corner:nom_ss_100C_1v60 0.5009380829711878
======================= nom_ss_100C_1v60 Corner ===================================

Clock clk
0.480191 source latency _43_/CLK ^
-0.479253 target latency _42_/CLK ^
0.500000 clock uncertainty
0.000000 CRPR
--------------
0.500938 setup skew

%OL_END_REPORT
%OL_CREATE_REPORT ws.min.rpt

===========================================================================
Worst Slack (Hold)
============================================================================
%OL_METRIC_F timing__hold__ws__corner:nom_ss_100C_1v60 0.4227085467968455
nom_ss_100C_1v60: 0.4227085467968455
%OL_END_REPORT
%OL_CREATE_REPORT ws.max.rpt

===========================================================================
Worst Slack (Setup)
============================================================================
%OL_METRIC_F timing__setup__ws__corner:nom_ss_100C_1v60 4.220031554759698
nom_ss_100C_1v60: 4.220031554759698
%OL_END_REPORT
%OL_CREATE_REPORT tns.min.rpt

===========================================================================
Total Negative Slack (Hold)
============================================================================
%OL_METRIC_F timing__hold__tns__corner:nom_ss_100C_1v60 0.0
nom_ss_100C_1v60: 0.0
%OL_END_REPORT
%OL_CREATE_REPORT tns.max.rpt

===========================================================================
Total Negative Slack (Setup)
============================================================================
%OL_METRIC_F timing__setup__tns__corner:nom_ss_100C_1v60 0.0
nom_ss_100C_1v60: 0.0
%OL_END_REPORT
%OL_CREATE_REPORT wns.min.rpt

===========================================================================
Worst Negative Slack (Hold)
============================================================================
%OL_METRIC_F timing__hold__wns__corner:nom_ss_100C_1v60 0
nom_ss_100C_1v60: 0
%OL_END_REPORT
%OL_CREATE_REPORT wns.max.rpt

===========================================================================
Worst Negative Slack (Setup)
============================================================================
%OL_METRIC_F timing__setup__wns__corner:nom_ss_100C_1v60 0.0
nom_ss_100C_1v60: 0.0
%OL_END_REPORT
%OL_CREATE_REPORT violator_list.rpt

===========================================================================
Violator List
============================================================================
%OL_METRIC_I timing__hold_vio__count__corner:nom_ss_100C_1v60 0
%OL_METRIC_F timing__hold_r2r__ws__corner:nom_ss_100C_1v60 inf
%OL_METRIC_I timing__hold_r2r_vio__count__corner:nom_ss_100C_1v60 0
%OL_METRIC_I timing__setup_vio__count__corner:nom_ss_100C_1v60 0
%OL_METRIC_F timing__setup_r2r__ws__corner:nom_ss_100C_1v60 inf
%OL_METRIC_I timing__setup_r2r_vio__count__corner:nom_ss_100C_1v60 0
%OL_END_REPORT
%OL_CREATE_REPORT unpropagated.rpt
%OL_END_REPORT
%OL_CREATE_REPORT clock.rpt
Clock: clk
Sources: clk 
Generated: no
Virtual: yes
Propagated: no
Period: 10.000000

===========================================================================
report_clock_properties
============================================================================
Clock                   Period          Waveform
----------------------------------------------------
clk                  10.000000    0.000000  5.000000

===========================================================================
report_clock_latency
============================================================================
Clock clk
rise -> rise
    min     max
0.000000 0.000000 source latency
0.479253         network latency _42_/CLK
        0.480191 network latency _43_/CLK
---------------
0.479253 0.480191 latency
        0.000938 skew

fall -> fall
    min     max
0.000000 0.000000 source latency
0.503199         network latency _42_/CLK
        0.504020 network latency _43_/CLK
---------------
0.503199 0.504020 latency
        0.000821 skew



===========================================================================
report_clock_min_period
============================================================================
clk period_min = 4.65 fmax = 215.02
%OL_END_REPORT
Writing SDF files for all corners…
Removing Clock latencies before writing libs…
Writing timing models for all corners…
Writing timing models for the nom_ss_100C_1v60 corner to /home/hk/pd_projects/runs/RUN_2026-06-03_20-26-11/55-openroad-stapostpnr/nom_ss_100C_1v60/u_s_r__nom_ss_100C_1v60.lib…
