
===========================================================================
report_checks -path_delay max (Setup)
============================================================================
======================= nom_tt_025C_1v80 Corner ===================================

Startpoint: mode[1] (input port clocked by clk)
Endpoint: _40_ (rising edge-triggered flip-flop clocked by clk)
Path Group: clk
Path Type: max

Fanout         Cap        Slew       Delay        Time   Description
---------------------------------------------------------------------------------------------
                                  0.000000    0.000000   clock clk (rise edge)
                                  0.000000    0.000000   clock network delay (propagated)
                                  2.000000    2.000000 v input external delay
     1    0.003322    0.009845    0.005298    2.005298 v mode[1] (in)
                                                         mode[1] (net)
                      0.009845    0.000000    2.005298 v input7/A (sky130_fd_sc_hd__clkdlybuf4s25_1)
    11    0.025503    0.193922    0.353894    2.359192 v input7/X (sky130_fd_sc_hd__clkdlybuf4s25_1)
                                                         net7 (net)
                      0.193922    0.000019    2.359211 v _22_/B (sky130_fd_sc_hd__and3_2)
     1    0.003690    0.039788    0.259910    2.619121 v _22_/X (sky130_fd_sc_hd__and3_2)
                                                         _06_ (net)
                      0.039788    0.000025    2.619146 v _26_/B1 (sky130_fd_sc_hd__a211o_2)
     1    0.002508    0.046185    0.292726    2.911872 v _26_/X (sky130_fd_sc_hd__a211o_2)
                                                         _10_ (net)
                      0.046185    0.000004    2.911876 v _27_/B1 (sky130_fd_sc_hd__o221a_2)
     1    0.002044    0.040918    0.233798    3.145674 v _27_/X (sky130_fd_sc_hd__o221a_2)
                                                         _00_ (net)
                      0.040918    0.000004    3.145678 v _40_/D (sky130_fd_sc_hd__dfxtp_2)
                                              3.145678   data arrival time

                                 10.000000   10.000000   clock clk (rise edge)
                                  0.000000   10.000000   clock source latency
     1    0.009628    0.049756    0.032804   10.032804 ^ clk (in)
                                                         clk (net)
                      0.049756    0.000000   10.032804 ^ clkbuf_0_clk/A (sky130_fd_sc_hd__clkbuf_16)
     2    0.017919    0.040074    0.125202   10.158007 ^ clkbuf_0_clk/X (sky130_fd_sc_hd__clkbuf_16)
                                                         clknet_0_clk (net)
                      0.040074    0.000076   10.158083 ^ clkbuf_1_0__f_clk/A (sky130_fd_sc_hd__clkbuf_16)
     2    0.004674    0.028466    0.108354   10.266437 ^ clkbuf_1_0__f_clk/X (sky130_fd_sc_hd__clkbuf_16)
                                                         clknet_1_0__leaf_clk (net)
                      0.028466    0.000008   10.266445 ^ _40_/CLK (sky130_fd_sc_hd__dfxtp_2)
                                 -0.500000    9.766445   clock uncertainty
                                  0.000000    9.766445   clock reconvergence pessimism
                                 -0.114965    9.651480   library setup time
                                              9.651480   data required time
---------------------------------------------------------------------------------------------
                                              9.651480   data required time
                                             -3.145678   data arrival time
---------------------------------------------------------------------------------------------
                                              6.505801   slack (MET)


Startpoint: mode[1] (input port clocked by clk)
Endpoint: _42_ (rising edge-triggered flip-flop clocked by clk)
Path Group: clk
Path Type: max

Fanout         Cap        Slew       Delay        Time   Description
---------------------------------------------------------------------------------------------
                                  0.000000    0.000000   clock clk (rise edge)
                                  0.000000    0.000000   clock network delay (propagated)
                                  2.000000    2.000000 v input external delay
     1    0.003322    0.009845    0.005298    2.005298 v mode[1] (in)
                                                         mode[1] (net)
                      0.009845    0.000000    2.005298 v input7/A (sky130_fd_sc_hd__clkdlybuf4s25_1)
    11    0.025503    0.193922    0.353894    2.359192 v input7/X (sky130_fd_sc_hd__clkdlybuf4s25_1)
                                                         net7 (net)
                      0.193922    0.000015    2.359207 v _32_/B (sky130_fd_sc_hd__and3_2)
     1    0.003430    0.038903    0.258621    2.617828 v _32_/X (sky130_fd_sc_hd__and3_2)
                                                         _14_ (net)
                      0.038903    0.000015    2.617842 v _34_/C1 (sky130_fd_sc_hd__a2111o_2)
     1    0.003748    0.064390    0.394300    3.012143 v _34_/X (sky130_fd_sc_hd__a2111o_2)
                                                         _16_ (net)
                      0.064390    0.000030    3.012173 v _35_/B1 (sky130_fd_sc_hd__o211a_2)
     1    0.002251    0.039352    0.133763    3.145935 v _35_/X (sky130_fd_sc_hd__o211a_2)
                                                         _02_ (net)
                      0.039352    0.000006    3.145941 v _42_/D (sky130_fd_sc_hd__dfxtp_2)
                                              3.145941   data arrival time

                                 10.000000   10.000000   clock clk (rise edge)
                                  0.000000   10.000000   clock source latency
     1    0.009628    0.049756    0.032804   10.032804 ^ clk (in)
                                                         clk (net)
                      0.049756    0.000000   10.032804 ^ clkbuf_0_clk/A (sky130_fd_sc_hd__clkbuf_16)
     2    0.017919    0.040074    0.125202   10.158007 ^ clkbuf_0_clk/X (sky130_fd_sc_hd__clkbuf_16)
                                                         clknet_0_clk (net)
                      0.040074    0.000076   10.158083 ^ clkbuf_1_1__f_clk/A (sky130_fd_sc_hd__clkbuf_16)
     2    0.004471    0.028278    0.108111   10.266193 ^ clkbuf_1_1__f_clk/X (sky130_fd_sc_hd__clkbuf_16)
                                                         clknet_1_1__leaf_clk (net)
                      0.028278    0.000011   10.266204 ^ _42_/CLK (sky130_fd_sc_hd__dfxtp_2)
                                 -0.500000    9.766204   clock uncertainty
                                  0.000000    9.766204   clock reconvergence pessimism
                                 -0.114324    9.651880   library setup time
                                              9.651880   data required time
---------------------------------------------------------------------------------------------
                                              9.651880   data required time
                                             -3.145941   data arrival time
---------------------------------------------------------------------------------------------
                                              6.505939   slack (MET)


Startpoint: mode[1] (input port clocked by clk)
Endpoint: _43_ (rising edge-triggered flip-flop clocked by clk)
Path Group: clk
Path Type: max

Fanout         Cap        Slew       Delay        Time   Description
---------------------------------------------------------------------------------------------
                                  0.000000    0.000000   clock clk (rise edge)
                                  0.000000    0.000000   clock network delay (propagated)
                                  2.000000    2.000000 v input external delay
     1    0.003322    0.009845    0.005298    2.005298 v mode[1] (in)
                                                         mode[1] (net)
                      0.009845    0.000000    2.005298 v input7/A (sky130_fd_sc_hd__clkdlybuf4s25_1)
    11    0.025503    0.193922    0.353894    2.359192 v input7/X (sky130_fd_sc_hd__clkdlybuf4s25_1)
                                                         net7 (net)
                      0.193922    0.000025    2.359217 v _36_/B (sky130_fd_sc_hd__and3_2)
     1    0.002766    0.037025    0.255319    2.614536 v _36_/X (sky130_fd_sc_hd__and3_2)
                                                         _17_ (net)
                      0.037025    0.000010    2.614547 v _38_/C1 (sky130_fd_sc_hd__a211o_2)
     1    0.003206    0.047464    0.258704    2.873251 v _38_/X (sky130_fd_sc_hd__a211o_2)
                                                         _19_ (net)
                      0.047464    0.000016    2.873266 v _39_/B2 (sky130_fd_sc_hd__o221a_2)
     1    0.001870    0.040357    0.215256    3.088522 v _39_/X (sky130_fd_sc_hd__o221a_2)
                                                         _03_ (net)
                      0.040357    0.000002    3.088524 v _43_/D (sky130_fd_sc_hd__dfxtp_2)
                                              3.088524   data arrival time

                                 10.000000   10.000000   clock clk (rise edge)
                                  0.000000   10.000000   clock source latency
     1    0.009628    0.049756    0.032804   10.032804 ^ clk (in)
                                                         clk (net)
                      0.049756    0.000000   10.032804 ^ clkbuf_0_clk/A (sky130_fd_sc_hd__clkbuf_16)
     2    0.017919    0.040074    0.125202   10.158007 ^ clkbuf_0_clk/X (sky130_fd_sc_hd__clkbuf_16)
                                                         clknet_0_clk (net)
                      0.040074    0.000076   10.158083 ^ clkbuf_1_0__f_clk/A (sky130_fd_sc_hd__clkbuf_16)
     2    0.004674    0.028466    0.108354   10.266437 ^ clkbuf_1_0__f_clk/X (sky130_fd_sc_hd__clkbuf_16)
                                                         clknet_1_0__leaf_clk (net)
                      0.028466    0.000013   10.266450 ^ _43_/CLK (sky130_fd_sc_hd__dfxtp_2)
                                 -0.500000    9.766450   clock uncertainty
                                  0.000000    9.766450   clock reconvergence pessimism
                                 -0.114719    9.651731   library setup time
                                              9.651731   data required time
---------------------------------------------------------------------------------------------
                                              9.651731   data required time
                                             -3.088524   data arrival time
---------------------------------------------------------------------------------------------
                                              6.563206   slack (MET)


Startpoint: _42_ (rising edge-triggered flip-flop clocked by clk)
Endpoint: Q[2] (output port clocked by clk)
Path Group: clk
Path Type: max

Fanout         Cap        Slew       Delay        Time   Description
---------------------------------------------------------------------------------------------
                                  0.000000    0.000000   clock clk (rise edge)
                                  0.000000    0.000000   clock source latency
     1    0.009628    0.049756    0.032804    0.032804 ^ clk (in)
                                                         clk (net)
                      0.049756    0.000000    0.032804 ^ clkbuf_0_clk/A (sky130_fd_sc_hd__clkbuf_16)
     2    0.017919    0.040074    0.125201    0.158006 ^ clkbuf_0_clk/X (sky130_fd_sc_hd__clkbuf_16)
                                                         clknet_0_clk (net)
                      0.040074    0.000077    0.158083 ^ clkbuf_1_1__f_clk/A (sky130_fd_sc_hd__clkbuf_16)
     2    0.004471    0.028278    0.108110    0.266193 ^ clkbuf_1_1__f_clk/X (sky130_fd_sc_hd__clkbuf_16)
                                                         clknet_1_1__leaf_clk (net)
                      0.028278    0.000010    0.266204 ^ _42_/CLK (sky130_fd_sc_hd__dfxtp_2)
     4    0.012767    0.075926    0.335985    0.602189 ^ _42_/Q (sky130_fd_sc_hd__dfxtp_2)
                                                         net11 (net)
                      0.075926    0.000022    0.602211 ^ output11/A (sky130_fd_sc_hd__clkdlybuf4s25_1)
     1    0.011039    0.121092    0.311285    0.913496 ^ output11/X (sky130_fd_sc_hd__clkdlybuf4s25_1)
                                                         Q[2] (net)
                      0.121092    0.000063    0.913559 ^ Q[2] (out)
                                              0.913559   data arrival time

                                 10.000000   10.000000   clock clk (rise edge)
                                  0.000000   10.000000   clock network delay (propagated)
                                 -0.500000    9.500000   clock uncertainty
                                  0.000000    9.500000   clock reconvergence pessimism
                                 -2.000000    7.500000   output external delay
                                              7.500000   data required time
---------------------------------------------------------------------------------------------
                                              7.500000   data required time
                                             -0.913559   data arrival time
---------------------------------------------------------------------------------------------
                                              6.586442   slack (MET)


Startpoint: _41_ (rising edge-triggered flip-flop clocked by clk)
Endpoint: Q[1] (output port clocked by clk)
Path Group: clk
Path Type: max

Fanout         Cap        Slew       Delay        Time   Description
---------------------------------------------------------------------------------------------
                                  0.000000    0.000000   clock clk (rise edge)
                                  0.000000    0.000000   clock source latency
     1    0.009628    0.049756    0.032804    0.032804 ^ clk (in)
                                                         clk (net)
                      0.049756    0.000000    0.032804 ^ clkbuf_0_clk/A (sky130_fd_sc_hd__clkbuf_16)
     2    0.017919    0.040074    0.125201    0.158006 ^ clkbuf_0_clk/X (sky130_fd_sc_hd__clkbuf_16)
                                                         clknet_0_clk (net)
                      0.040074    0.000077    0.158083 ^ clkbuf_1_1__f_clk/A (sky130_fd_sc_hd__clkbuf_16)
     2    0.004471    0.028278    0.108110    0.266193 ^ clkbuf_1_1__f_clk/X (sky130_fd_sc_hd__clkbuf_16)
                                                         clknet_1_1__leaf_clk (net)
                      0.028278    0.000014    0.266207 ^ _41_/CLK (sky130_fd_sc_hd__dfxtp_2)
     4    0.012245    0.071244    0.334123    0.600330 ^ _41_/Q (sky130_fd_sc_hd__dfxtp_2)
                                                         net10 (net)
                      0.071244    0.000045    0.600375 ^ output10/A (sky130_fd_sc_hd__clkdlybuf4s25_1)
     1    0.010995    0.120671    0.309365    0.909740 ^ output10/X (sky130_fd_sc_hd__clkdlybuf4s25_1)
                                                         Q[1] (net)
                      0.120671    0.000055    0.909795 ^ Q[1] (out)
                                              0.909795   data arrival time

                                 10.000000   10.000000   clock clk (rise edge)
                                  0.000000   10.000000   clock network delay (propagated)
                                 -0.500000    9.500000   clock uncertainty
                                  0.000000    9.500000   clock reconvergence pessimism
                                 -2.000000    7.500000   output external delay
                                              7.500000   data required time
---------------------------------------------------------------------------------------------
                                              7.500000   data required time
                                             -0.909795   data arrival time
---------------------------------------------------------------------------------------------
                                              6.590205   slack (MET)


Startpoint: _40_ (rising edge-triggered flip-flop clocked by clk)
Endpoint: Q[0] (output port clocked by clk)
Path Group: clk
Path Type: max

Fanout         Cap        Slew       Delay        Time   Description
---------------------------------------------------------------------------------------------
                                  0.000000    0.000000   clock clk (rise edge)
                                  0.000000    0.000000   clock source latency
     1    0.009628    0.049756    0.032804    0.032804 ^ clk (in)
                                                         clk (net)
                      0.049756    0.000000    0.032804 ^ clkbuf_0_clk/A (sky130_fd_sc_hd__clkbuf_16)
     2    0.017919    0.040074    0.125201    0.158006 ^ clkbuf_0_clk/X (sky130_fd_sc_hd__clkbuf_16)
                                                         clknet_0_clk (net)
                      0.040074    0.000076    0.158082 ^ clkbuf_1_0__f_clk/A (sky130_fd_sc_hd__clkbuf_16)
     2    0.004674    0.028466    0.108355    0.266437 ^ clkbuf_1_0__f_clk/X (sky130_fd_sc_hd__clkbuf_16)
                                                         clknet_1_0__leaf_clk (net)
                      0.028466    0.000008    0.266445 ^ _40_/CLK (sky130_fd_sc_hd__dfxtp_2)
     3    0.009193    0.057832    0.322751    0.589195 ^ _40_/Q (sky130_fd_sc_hd__dfxtp_2)
                                                         net9 (net)
                      0.057832    0.000067    0.589262 ^ output9/A (sky130_fd_sc_hd__clkdlybuf4s25_1)
     1    0.010682    0.120773    0.302589    0.891851 ^ output9/X (sky130_fd_sc_hd__clkdlybuf4s25_1)
                                                         Q[0] (net)
                      0.120773    0.000032    0.891883 ^ Q[0] (out)
                                              0.891883   data arrival time

                                 10.000000   10.000000   clock clk (rise edge)
                                  0.000000   10.000000   clock network delay (propagated)
                                 -0.500000    9.500000   clock uncertainty
                                  0.000000    9.500000   clock reconvergence pessimism
                                 -2.000000    7.500000   output external delay
                                              7.500000   data required time
---------------------------------------------------------------------------------------------
                                              7.500000   data required time
                                             -0.891883   data arrival time
---------------------------------------------------------------------------------------------
                                              6.608117   slack (MET)


Startpoint: _43_ (rising edge-triggered flip-flop clocked by clk)
Endpoint: Q[3] (output port clocked by clk)
Path Group: clk
Path Type: max

Fanout         Cap        Slew       Delay        Time   Description
---------------------------------------------------------------------------------------------
                                  0.000000    0.000000   clock clk (rise edge)
                                  0.000000    0.000000   clock source latency
     1    0.009628    0.049756    0.032804    0.032804 ^ clk (in)
                                                         clk (net)
                      0.049756    0.000000    0.032804 ^ clkbuf_0_clk/A (sky130_fd_sc_hd__clkbuf_16)
     2    0.017919    0.040074    0.125201    0.158006 ^ clkbuf_0_clk/X (sky130_fd_sc_hd__clkbuf_16)
                                                         clknet_0_clk (net)
                      0.040074    0.000076    0.158082 ^ clkbuf_1_0__f_clk/A (sky130_fd_sc_hd__clkbuf_16)
     2    0.004674    0.028466    0.108355    0.266437 ^ clkbuf_1_0__f_clk/X (sky130_fd_sc_hd__clkbuf_16)
                                                         clknet_1_0__leaf_clk (net)
                      0.028466    0.000013    0.266450 ^ _43_/CLK (sky130_fd_sc_hd__dfxtp_2)
     3    0.008450    0.054412    0.319975    0.586424 ^ _43_/Q (sky130_fd_sc_hd__dfxtp_2)
                                                         net12 (net)
                      0.054412    0.000016    0.586440 ^ output12/A (sky130_fd_sc_hd__clkdlybuf4s25_1)
     1    0.010708    0.121022    0.301581    0.888021 ^ output12/X (sky130_fd_sc_hd__clkdlybuf4s25_1)
                                                         Q[3] (net)
                      0.121022    0.000034    0.888055 ^ Q[3] (out)
                                              0.888055   data arrival time

                                 10.000000   10.000000   clock clk (rise edge)
                                  0.000000   10.000000   clock network delay (propagated)
                                 -0.500000    9.500000   clock uncertainty
                                  0.000000    9.500000   clock reconvergence pessimism
                                 -2.000000    7.500000   output external delay
                                              7.500000   data required time
---------------------------------------------------------------------------------------------
                                              7.500000   data required time
                                             -0.888055   data arrival time
---------------------------------------------------------------------------------------------
                                              6.611946   slack (MET)


Startpoint: mode[1] (input port clocked by clk)
Endpoint: _41_ (rising edge-triggered flip-flop clocked by clk)
Path Group: clk
Path Type: max

Fanout         Cap        Slew       Delay        Time   Description
---------------------------------------------------------------------------------------------
                                  0.000000    0.000000   clock clk (rise edge)
                                  0.000000    0.000000   clock network delay (propagated)
                                  2.000000    2.000000 ^ input external delay
     1    0.003547    0.022971    0.012915    2.012915 ^ mode[1] (in)
                                                         mode[1] (net)
                      0.022971    0.000000    2.012915 ^ input7/A (sky130_fd_sc_hd__clkdlybuf4s25_1)
    11    0.027195    0.281372    0.403596    2.416511 ^ input7/X (sky130_fd_sc_hd__clkdlybuf4s25_1)
                                                         net7 (net)
                      0.281372    0.000055    2.416566 ^ _29_/A_N (sky130_fd_sc_hd__nand2b_2)
     1    0.002381    0.037431    0.170086    2.586652 ^ _29_/Y (sky130_fd_sc_hd__nand2b_2)
                                                         _12_ (net)
                      0.037431    0.000006    2.586658 ^ _30_/A2_N (sky130_fd_sc_hd__o2bb2a_2)
     1    0.002453    0.042990    0.193579    2.780237 v _30_/X (sky130_fd_sc_hd__o2bb2a_2)
                                                         _13_ (net)
                      0.042990    0.000004    2.780241 v _31_/B2 (sky130_fd_sc_hd__o221a_2)
     1    0.001949    0.040615    0.214115    2.994356 v _31_/X (sky130_fd_sc_hd__o221a_2)
                                                         _01_ (net)
                      0.040615    0.000002    2.994358 v _41_/D (sky130_fd_sc_hd__dfxtp_2)
                                              2.994358   data arrival time

                                 10.000000   10.000000   clock clk (rise edge)
                                  0.000000   10.000000   clock source latency
     1    0.009628    0.049756    0.032804   10.032804 ^ clk (in)
                                                         clk (net)
                      0.049756    0.000000   10.032804 ^ clkbuf_0_clk/A (sky130_fd_sc_hd__clkbuf_16)
     2    0.017919    0.040074    0.125202   10.158007 ^ clkbuf_0_clk/X (sky130_fd_sc_hd__clkbuf_16)
                                                         clknet_0_clk (net)
                      0.040074    0.000076   10.158083 ^ clkbuf_1_1__f_clk/A (sky130_fd_sc_hd__clkbuf_16)
     2    0.004471    0.028278    0.108111   10.266193 ^ clkbuf_1_1__f_clk/X (sky130_fd_sc_hd__clkbuf_16)
                                                         clknet_1_1__leaf_clk (net)
                      0.028278    0.000013   10.266207 ^ _41_/CLK (sky130_fd_sc_hd__dfxtp_2)
                                 -0.500000    9.766207   clock uncertainty
                                  0.000000    9.766207   clock reconvergence pessimism
                                 -0.114876    9.651331   library setup time
                                              9.651331   data required time
---------------------------------------------------------------------------------------------
                                              9.651331   data required time
                                             -2.994358   data arrival time
---------------------------------------------------------------------------------------------
                                              6.656973   slack (MET)



