
===========================================================================
report_checks -path_delay min (Hold)
============================================================================
======================= nom_tt_025C_1v80 Corner ===================================

Startpoint: _43_ (rising edge-triggered flip-flop clocked by clk)
Endpoint: _43_ (rising edge-triggered flip-flop clocked by clk)
Path Group: clk
Path Type: min

Fanout         Cap        Slew       Delay        Time   Description
---------------------------------------------------------------------------------------------
                                  0.000000    0.000000   clock clk (rise edge)
                                  0.000000    0.000000   clock source latency
     1    0.009628    0.049756    0.032804    0.032804 ^ clk (in)
                                                         clk (net)
                      0.049756    0.000000    0.032804 ^ clkbuf_0_clk/A (sky130_fd_sc_hd__clkbuf_16)
     2    0.017919    0.040074    0.125201    0.158006 ^ clkbuf_0_clk/X (sky130_fd_sc_hd__clkbuf_16)
                                                         clknet_0_clk (net)
                      0.040074    0.000076    0.158082 ^ clkbuf_1_0__f_clk/A (sky130_fd_sc_hd__clkbuf_16)
     2    0.004674    0.028466    0.108355    0.266437 ^ clkbuf_1_0__f_clk/X (sky130_fd_sc_hd__clkbuf_16)
                                                         clknet_1_0__leaf_clk (net)
                      0.028466    0.000013    0.266450 ^ _43_/CLK (sky130_fd_sc_hd__dfxtp_2)
     3    0.008450    0.054412    0.319975    0.586424 ^ _43_/Q (sky130_fd_sc_hd__dfxtp_2)
                                                         net12 (net)
                      0.054412    0.000030    0.586454 ^ _39_/A1 (sky130_fd_sc_hd__o221a_2)
     1    0.001863    0.036534    0.176224    0.762679 ^ _39_/X (sky130_fd_sc_hd__o221a_2)
                                                         _03_ (net)
                      0.036534    0.000001    0.762680 ^ _43_/D (sky130_fd_sc_hd__dfxtp_2)
                                              0.762680   data arrival time

                                  0.000000    0.000000   clock clk (rise edge)
                                  0.000000    0.000000   clock source latency
     1    0.009628    0.049756    0.032804    0.032804 ^ clk (in)
                                                         clk (net)
                      0.049756    0.000000    0.032804 ^ clkbuf_0_clk/A (sky130_fd_sc_hd__clkbuf_16)
     2    0.017919    0.040074    0.125201    0.158006 ^ clkbuf_0_clk/X (sky130_fd_sc_hd__clkbuf_16)
                                                         clknet_0_clk (net)
                      0.040074    0.000076    0.158082 ^ clkbuf_1_0__f_clk/A (sky130_fd_sc_hd__clkbuf_16)
     2    0.004674    0.028466    0.108355    0.266437 ^ clkbuf_1_0__f_clk/X (sky130_fd_sc_hd__clkbuf_16)
                                                         clknet_1_0__leaf_clk (net)
                      0.028466    0.000013    0.266450 ^ _43_/CLK (sky130_fd_sc_hd__dfxtp_2)
                                  0.500000    0.766450   clock uncertainty
                                  0.000000    0.766450   clock reconvergence pessimism
                                 -0.031609    0.734840   library hold time
                                              0.734840   data required time
---------------------------------------------------------------------------------------------
                                              0.734840   data required time
                                             -0.762680   data arrival time
---------------------------------------------------------------------------------------------
                                              0.027840   slack (MET)


Startpoint: _40_ (rising edge-triggered flip-flop clocked by clk)
Endpoint: _40_ (rising edge-triggered flip-flop clocked by clk)
Path Group: clk
Path Type: min

Fanout         Cap        Slew       Delay        Time   Description
---------------------------------------------------------------------------------------------
                                  0.000000    0.000000   clock clk (rise edge)
                                  0.000000    0.000000   clock source latency
     1    0.009628    0.049756    0.032804    0.032804 ^ clk (in)
                                                         clk (net)
                      0.049756    0.000000    0.032804 ^ clkbuf_0_clk/A (sky130_fd_sc_hd__clkbuf_16)
     2    0.017919    0.040074    0.125201    0.158006 ^ clkbuf_0_clk/X (sky130_fd_sc_hd__clkbuf_16)
                                                         clknet_0_clk (net)
                      0.040074    0.000076    0.158082 ^ clkbuf_1_0__f_clk/A (sky130_fd_sc_hd__clkbuf_16)
     2    0.004674    0.028466    0.108355    0.266437 ^ clkbuf_1_0__f_clk/X (sky130_fd_sc_hd__clkbuf_16)
                                                         clknet_1_0__leaf_clk (net)
                      0.028466    0.000008    0.266445 ^ _40_/CLK (sky130_fd_sc_hd__dfxtp_2)
     3    0.009193    0.057832    0.322751    0.589195 ^ _40_/Q (sky130_fd_sc_hd__dfxtp_2)
                                                         net9 (net)
                      0.057832    0.000025    0.589220 ^ _27_/A1 (sky130_fd_sc_hd__o221a_2)
     1    0.002037    0.037448    0.178143    0.767363 ^ _27_/X (sky130_fd_sc_hd__o221a_2)
                                                         _00_ (net)
                      0.037448    0.000004    0.767367 ^ _40_/D (sky130_fd_sc_hd__dfxtp_2)
                                              0.767367   data arrival time

                                  0.000000    0.000000   clock clk (rise edge)
                                  0.000000    0.000000   clock source latency
     1    0.009628    0.049756    0.032804    0.032804 ^ clk (in)
                                                         clk (net)
                      0.049756    0.000000    0.032804 ^ clkbuf_0_clk/A (sky130_fd_sc_hd__clkbuf_16)
     2    0.017919    0.040074    0.125201    0.158006 ^ clkbuf_0_clk/X (sky130_fd_sc_hd__clkbuf_16)
                                                         clknet_0_clk (net)
                      0.040074    0.000076    0.158082 ^ clkbuf_1_0__f_clk/A (sky130_fd_sc_hd__clkbuf_16)
     2    0.004674    0.028466    0.108355    0.266437 ^ clkbuf_1_0__f_clk/X (sky130_fd_sc_hd__clkbuf_16)
                                                         clknet_1_0__leaf_clk (net)
                      0.028466    0.000008    0.266445 ^ _40_/CLK (sky130_fd_sc_hd__dfxtp_2)
                                  0.500000    0.766445   clock uncertainty
                                  0.000000    0.766445   clock reconvergence pessimism
                                 -0.031799    0.734646   library hold time
                                              0.734646   data required time
---------------------------------------------------------------------------------------------
                                              0.734646   data required time
                                             -0.767367   data arrival time
---------------------------------------------------------------------------------------------
                                              0.032721   slack (MET)


Startpoint: _42_ (rising edge-triggered flip-flop clocked by clk)
Endpoint: _42_ (rising edge-triggered flip-flop clocked by clk)
Path Group: clk
Path Type: min

Fanout         Cap        Slew       Delay        Time   Description
---------------------------------------------------------------------------------------------
                                  0.000000    0.000000   clock clk (rise edge)
                                  0.000000    0.000000   clock source latency
     1    0.009628    0.049756    0.032804    0.032804 ^ clk (in)
                                                         clk (net)
                      0.049756    0.000000    0.032804 ^ clkbuf_0_clk/A (sky130_fd_sc_hd__clkbuf_16)
     2    0.017919    0.040074    0.125201    0.158006 ^ clkbuf_0_clk/X (sky130_fd_sc_hd__clkbuf_16)
                                                         clknet_0_clk (net)
                      0.040074    0.000077    0.158083 ^ clkbuf_1_1__f_clk/A (sky130_fd_sc_hd__clkbuf_16)
     2    0.004471    0.028278    0.108110    0.266193 ^ clkbuf_1_1__f_clk/X (sky130_fd_sc_hd__clkbuf_16)
                                                         clknet_1_1__leaf_clk (net)
                      0.028278    0.000010    0.266204 ^ _42_/CLK (sky130_fd_sc_hd__dfxtp_2)
     4    0.012767    0.075926    0.335985    0.602189 ^ _42_/Q (sky130_fd_sc_hd__dfxtp_2)
                                                         net11 (net)
                      0.075926    0.000012    0.602201 ^ _35_/A1 (sky130_fd_sc_hd__o211a_2)
     1    0.002244    0.038763    0.169923    0.772124 ^ _35_/X (sky130_fd_sc_hd__o211a_2)
                                                         _02_ (net)
                      0.038763    0.000006    0.772130 ^ _42_/D (sky130_fd_sc_hd__dfxtp_2)
                                              0.772130   data arrival time

                                  0.000000    0.000000   clock clk (rise edge)
                                  0.000000    0.000000   clock source latency
     1    0.009628    0.049756    0.032804    0.032804 ^ clk (in)
                                                         clk (net)
                      0.049756    0.000000    0.032804 ^ clkbuf_0_clk/A (sky130_fd_sc_hd__clkbuf_16)
     2    0.017919    0.040074    0.125201    0.158006 ^ clkbuf_0_clk/X (sky130_fd_sc_hd__clkbuf_16)
                                                         clknet_0_clk (net)
                      0.040074    0.000077    0.158083 ^ clkbuf_1_1__f_clk/A (sky130_fd_sc_hd__clkbuf_16)
     2    0.004471    0.028278    0.108110    0.266193 ^ clkbuf_1_1__f_clk/X (sky130_fd_sc_hd__clkbuf_16)
                                                         clknet_1_1__leaf_clk (net)
                      0.028278    0.000010    0.266204 ^ _42_/CLK (sky130_fd_sc_hd__dfxtp_2)
                                  0.500000    0.766204   clock uncertainty
                                  0.000000    0.766204   clock reconvergence pessimism
                                 -0.032097    0.734107   library hold time
                                              0.734107   data required time
---------------------------------------------------------------------------------------------
                                              0.734107   data required time
                                             -0.772130   data arrival time
---------------------------------------------------------------------------------------------
                                              0.038023   slack (MET)


Startpoint: _41_ (rising edge-triggered flip-flop clocked by clk)
Endpoint: _41_ (rising edge-triggered flip-flop clocked by clk)
Path Group: clk
Path Type: min

Fanout         Cap        Slew       Delay        Time   Description
---------------------------------------------------------------------------------------------
                                  0.000000    0.000000   clock clk (rise edge)
                                  0.000000    0.000000   clock source latency
     1    0.009628    0.049756    0.032804    0.032804 ^ clk (in)
                                                         clk (net)
                      0.049756    0.000000    0.032804 ^ clkbuf_0_clk/A (sky130_fd_sc_hd__clkbuf_16)
     2    0.017919    0.040074    0.125201    0.158006 ^ clkbuf_0_clk/X (sky130_fd_sc_hd__clkbuf_16)
                                                         clknet_0_clk (net)
                      0.040074    0.000077    0.158083 ^ clkbuf_1_1__f_clk/A (sky130_fd_sc_hd__clkbuf_16)
     2    0.004471    0.028278    0.108110    0.266193 ^ clkbuf_1_1__f_clk/X (sky130_fd_sc_hd__clkbuf_16)
                                                         clknet_1_1__leaf_clk (net)
                      0.028278    0.000014    0.266207 ^ _41_/CLK (sky130_fd_sc_hd__dfxtp_2)
     4    0.012245    0.071244    0.334123    0.600330 ^ _41_/Q (sky130_fd_sc_hd__dfxtp_2)
                                                         net10 (net)
                      0.071244    0.000017    0.600346 ^ _31_/A1 (sky130_fd_sc_hd__o221a_2)
     1    0.001942    0.036964    0.180894    0.781240 ^ _31_/X (sky130_fd_sc_hd__o221a_2)
                                                         _01_ (net)
                      0.036964    0.000002    0.781242 ^ _41_/D (sky130_fd_sc_hd__dfxtp_2)
                                              0.781242   data arrival time

                                  0.000000    0.000000   clock clk (rise edge)
                                  0.000000    0.000000   clock source latency
     1    0.009628    0.049756    0.032804    0.032804 ^ clk (in)
                                                         clk (net)
                      0.049756    0.000000    0.032804 ^ clkbuf_0_clk/A (sky130_fd_sc_hd__clkbuf_16)
     2    0.017919    0.040074    0.125201    0.158006 ^ clkbuf_0_clk/X (sky130_fd_sc_hd__clkbuf_16)
                                                         clknet_0_clk (net)
                      0.040074    0.000077    0.158083 ^ clkbuf_1_1__f_clk/A (sky130_fd_sc_hd__clkbuf_16)
     2    0.004471    0.028278    0.108110    0.266193 ^ clkbuf_1_1__f_clk/X (sky130_fd_sc_hd__clkbuf_16)
                                                         clknet_1_1__leaf_clk (net)
                      0.028278    0.000014    0.266207 ^ _41_/CLK (sky130_fd_sc_hd__dfxtp_2)
                                  0.500000    0.766207   clock uncertainty
                                  0.000000    0.766207   clock reconvergence pessimism
                                 -0.031723    0.734483   library hold time
                                              0.734483   data required time
---------------------------------------------------------------------------------------------
                                              0.734483   data required time
                                             -0.781242   data arrival time
---------------------------------------------------------------------------------------------
                                              0.046759   slack (MET)


Startpoint: _43_ (rising edge-triggered flip-flop clocked by clk)
Endpoint: Q[3] (output port clocked by clk)
Path Group: clk
Path Type: min

Fanout         Cap        Slew       Delay        Time   Description
---------------------------------------------------------------------------------------------
                                  0.000000    0.000000   clock clk (rise edge)
                                  0.000000    0.000000   clock source latency
     1    0.009628    0.049756    0.032804    0.032804 ^ clk (in)
                                                         clk (net)
                      0.049756    0.000000    0.032804 ^ clkbuf_0_clk/A (sky130_fd_sc_hd__clkbuf_16)
     2    0.017919    0.040074    0.125201    0.158006 ^ clkbuf_0_clk/X (sky130_fd_sc_hd__clkbuf_16)
                                                         clknet_0_clk (net)
                      0.040074    0.000076    0.158082 ^ clkbuf_1_0__f_clk/A (sky130_fd_sc_hd__clkbuf_16)
     2    0.004674    0.028466    0.108355    0.266437 ^ clkbuf_1_0__f_clk/X (sky130_fd_sc_hd__clkbuf_16)
                                                         clknet_1_0__leaf_clk (net)
                      0.028466    0.000013    0.266450 ^ _43_/CLK (sky130_fd_sc_hd__dfxtp_2)
     3    0.007783    0.033596    0.309996    0.576446 v _43_/Q (sky130_fd_sc_hd__dfxtp_2)
                                                         net12 (net)
                      0.033596    0.000015    0.576460 v output12/A (sky130_fd_sc_hd__clkdlybuf4s25_1)
     1    0.010708    0.093402    0.284094    0.860555 v output12/X (sky130_fd_sc_hd__clkdlybuf4s25_1)
                                                         Q[3] (net)
                      0.093402    0.000034    0.860588 v Q[3] (out)
                                              0.860588   data arrival time

                                  0.000000    0.000000   clock clk (rise edge)
                                  0.000000    0.000000   clock network delay (propagated)
                                  0.500000    0.500000   clock uncertainty
                                  0.000000    0.500000   clock reconvergence pessimism
                                 -0.500000    0.000000   output external delay
                                              0.000000   data required time
---------------------------------------------------------------------------------------------
                                              0.000000   data required time
                                             -0.860588   data arrival time
---------------------------------------------------------------------------------------------
                                              0.860588   slack (MET)


Startpoint: _40_ (rising edge-triggered flip-flop clocked by clk)
Endpoint: Q[0] (output port clocked by clk)
Path Group: clk
Path Type: min

Fanout         Cap        Slew       Delay        Time   Description
---------------------------------------------------------------------------------------------
                                  0.000000    0.000000   clock clk (rise edge)
                                  0.000000    0.000000   clock source latency
     1    0.009628    0.049756    0.032804    0.032804 ^ clk (in)
                                                         clk (net)
                      0.049756    0.000000    0.032804 ^ clkbuf_0_clk/A (sky130_fd_sc_hd__clkbuf_16)
     2    0.017919    0.040074    0.125201    0.158006 ^ clkbuf_0_clk/X (sky130_fd_sc_hd__clkbuf_16)
                                                         clknet_0_clk (net)
                      0.040074    0.000076    0.158082 ^ clkbuf_1_0__f_clk/A (sky130_fd_sc_hd__clkbuf_16)
     2    0.004674    0.028466    0.108355    0.266437 ^ clkbuf_1_0__f_clk/X (sky130_fd_sc_hd__clkbuf_16)
                                                         clknet_1_0__leaf_clk (net)
                      0.028466    0.000008    0.266445 ^ _40_/CLK (sky130_fd_sc_hd__dfxtp_2)
     3    0.008465    0.035149    0.311730    0.578175 v _40_/Q (sky130_fd_sc_hd__dfxtp_2)
                                                         net9 (net)
                      0.035149    0.000061    0.578236 v output9/A (sky130_fd_sc_hd__clkdlybuf4s25_1)
     1    0.010682    0.093234    0.284619    0.862854 v output9/X (sky130_fd_sc_hd__clkdlybuf4s25_1)
                                                         Q[0] (net)
                      0.093234    0.000032    0.862886 v Q[0] (out)
                                              0.862886   data arrival time

                                  0.000000    0.000000   clock clk (rise edge)
                                  0.000000    0.000000   clock network delay (propagated)
                                  0.500000    0.500000   clock uncertainty
                                  0.000000    0.500000   clock reconvergence pessimism
                                 -0.500000    0.000000   output external delay
                                              0.000000   data required time
---------------------------------------------------------------------------------------------
                                              0.000000   data required time
                                             -0.862886   data arrival time
---------------------------------------------------------------------------------------------
                                              0.862886   slack (MET)


Startpoint: _41_ (rising edge-triggered flip-flop clocked by clk)
Endpoint: Q[1] (output port clocked by clk)
Path Group: clk
Path Type: min

Fanout         Cap        Slew       Delay        Time   Description
---------------------------------------------------------------------------------------------
                                  0.000000    0.000000   clock clk (rise edge)
                                  0.000000    0.000000   clock source latency
     1    0.009628    0.049756    0.032804    0.032804 ^ clk (in)
                                                         clk (net)
                      0.049756    0.000000    0.032804 ^ clkbuf_0_clk/A (sky130_fd_sc_hd__clkbuf_16)
     2    0.017919    0.040074    0.125201    0.158006 ^ clkbuf_0_clk/X (sky130_fd_sc_hd__clkbuf_16)
                                                         clknet_0_clk (net)
                      0.040074    0.000077    0.158083 ^ clkbuf_1_1__f_clk/A (sky130_fd_sc_hd__clkbuf_16)
     2    0.004471    0.028278    0.108110    0.266193 ^ clkbuf_1_1__f_clk/X (sky130_fd_sc_hd__clkbuf_16)
                                                         clknet_1_1__leaf_clk (net)
                      0.028278    0.000014    0.266207 ^ _41_/CLK (sky130_fd_sc_hd__dfxtp_2)
     4    0.011414    0.041928    0.319198    0.585404 v _41_/Q (sky130_fd_sc_hd__dfxtp_2)
                                                         net10 (net)
                      0.041928    0.000042    0.585447 v output10/A (sky130_fd_sc_hd__clkdlybuf4s25_1)
     1    0.010995    0.093203    0.289182    0.874629 v output10/X (sky130_fd_sc_hd__clkdlybuf4s25_1)
                                                         Q[1] (net)
                      0.093203    0.000055    0.874683 v Q[1] (out)
                                              0.874683   data arrival time

                                  0.000000    0.000000   clock clk (rise edge)
                                  0.000000    0.000000   clock network delay (propagated)
                                  0.500000    0.500000   clock uncertainty
                                  0.000000    0.500000   clock reconvergence pessimism
                                 -0.500000    0.000000   output external delay
                                              0.000000   data required time
---------------------------------------------------------------------------------------------
                                              0.000000   data required time
                                             -0.874683   data arrival time
---------------------------------------------------------------------------------------------
                                              0.874683   slack (MET)


Startpoint: _42_ (rising edge-triggered flip-flop clocked by clk)
Endpoint: Q[2] (output port clocked by clk)
Path Group: clk
Path Type: min

Fanout         Cap        Slew       Delay        Time   Description
---------------------------------------------------------------------------------------------
                                  0.000000    0.000000   clock clk (rise edge)
                                  0.000000    0.000000   clock source latency
     1    0.009628    0.049756    0.032804    0.032804 ^ clk (in)
                                                         clk (net)
                      0.049756    0.000000    0.032804 ^ clkbuf_0_clk/A (sky130_fd_sc_hd__clkbuf_16)
     2    0.017919    0.040074    0.125201    0.158006 ^ clkbuf_0_clk/X (sky130_fd_sc_hd__clkbuf_16)
                                                         clknet_0_clk (net)
                      0.040074    0.000077    0.158083 ^ clkbuf_1_1__f_clk/A (sky130_fd_sc_hd__clkbuf_16)
     2    0.004471    0.028278    0.108110    0.266193 ^ clkbuf_1_1__f_clk/X (sky130_fd_sc_hd__clkbuf_16)
                                                         clknet_1_1__leaf_clk (net)
                      0.028278    0.000010    0.266204 ^ _42_/CLK (sky130_fd_sc_hd__dfxtp_2)
     4    0.011717    0.043129    0.320008    0.586211 v _42_/Q (sky130_fd_sc_hd__dfxtp_2)
                                                         net11 (net)
                      0.043129    0.000020    0.586231 v output11/A (sky130_fd_sc_hd__clkdlybuf4s25_1)
     1    0.011039    0.093507    0.289928    0.876159 v output11/X (sky130_fd_sc_hd__clkdlybuf4s25_1)
                                                         Q[2] (net)
                      0.093507    0.000063    0.876222 v Q[2] (out)
                                              0.876222   data arrival time

                                  0.000000    0.000000   clock clk (rise edge)
                                  0.000000    0.000000   clock network delay (propagated)
                                  0.500000    0.500000   clock uncertainty
                                  0.000000    0.500000   clock reconvergence pessimism
                                 -0.500000    0.000000   output external delay
                                              0.000000   data required time
---------------------------------------------------------------------------------------------
                                              0.000000   data required time
                                             -0.876222   data arrival time
---------------------------------------------------------------------------------------------
                                              0.876222   slack (MET)



