
===========================================================================
report_checks -unconstrained
===========================================================================
======================= nom_ss_100C_1v60 Corner ===================================

Startpoint: mode[1] (input port clocked by clk)
Endpoint: _40_ (rising edge-triggered flip-flop clocked by clk)
Path Group: clk
Path Type: max

Fanout         Cap        Slew       Delay        Time   Description
---------------------------------------------------------------------------------------------
                                  0.000000    0.000000   clock clk (rise edge)
                                  0.000000    0.000000   clock network delay (propagated)
                                  2.000000    2.000000 v input external delay
     1    0.003438    0.020923    0.011251    2.011251 v mode[1] (in)
                                                         mode[1] (net)
                      0.020923    0.000000    2.011251 v input7/A (sky130_fd_sc_hd__clkdlybuf4s25_1)
    11    0.032215    0.438662    0.725582    2.736833 v input7/X (sky130_fd_sc_hd__clkdlybuf4s25_1)
                                                         net7 (net)
                      0.438662    0.000826    2.737659 v _22_/B (sky130_fd_sc_hd__and3_2)
     1    0.004041    0.077457    0.594576    3.332234 v _22_/X (sky130_fd_sc_hd__and3_2)
                                                         _06_ (net)
                      0.077457    0.000132    3.332366 v _26_/B1 (sky130_fd_sc_hd__a211o_2)
     1    0.003852    0.086165    0.580484    3.912850 v _26_/X (sky130_fd_sc_hd__a211o_2)
                                                         _10_ (net)
                      0.086165    0.000118    3.912968 v _27_/B1 (sky130_fd_sc_hd__o221a_2)
     1    0.002783    0.078760    0.466004    4.378972 v _27_/X (sky130_fd_sc_hd__o221a_2)
                                                         _00_ (net)
                      0.078760    0.000078    4.379050 v hold14/A (sky130_fd_sc_hd__dlygate4sd3_1)
     1    0.002058    0.099392    1.114584    5.493634 v hold14/X (sky130_fd_sc_hd__dlygate4sd3_1)
                                                         net14 (net)
                      0.099392    0.000057    5.493691 v _40_/D (sky130_fd_sc_hd__dfxtp_2)
                                              5.493691   data arrival time

                                 10.000000   10.000000   clock clk (rise edge)
                                  0.000000   10.000000   clock source latency
     1    0.010067    0.081590    0.052779   10.052779 ^ clk (in)
                                                         clk (net)
                      0.081591    0.000000   10.052779 ^ clkbuf_0_clk/A (sky130_fd_sc_hd__clkbuf_16)
     2    0.019718    0.067078    0.226336   10.279116 ^ clkbuf_0_clk/X (sky130_fd_sc_hd__clkbuf_16)
                                                         clknet_0_clk (net)
                      0.067093    0.000512   10.279628 ^ clkbuf_1_1__f_clk/A (sky130_fd_sc_hd__clkbuf_16)
     2    0.004047    0.046494    0.194992   10.474621 ^ clkbuf_1_1__f_clk/X (sky130_fd_sc_hd__clkbuf_16)
                                                         clknet_1_1__leaf_clk (net)
                      0.046494    0.000086   10.474707 ^ _40_/CLK (sky130_fd_sc_hd__dfxtp_2)
                                 -0.500000    9.974707   clock uncertainty
                                  0.000000    9.974707   clock reconvergence pessimism
                                 -0.292974    9.681733   library setup time
                                              9.681733   data required time
---------------------------------------------------------------------------------------------
                                              9.681733   data required time
                                             -5.493691   data arrival time
---------------------------------------------------------------------------------------------
                                              4.188042   slack (MET)




===========================================================================
report_checks --slack_max -0.01
============================================================================
======================= nom_ss_100C_1v60 Corner ===================================

No paths found.


===========================================================================
 report_check_types -max_slew -max_cap -max_fanout -violators
============================================================================
======================= nom_ss_100C_1v60 Corner ===================================



===========================================================================
report_parasitic_annotation -report_unannotated
============================================================================
Found 0 unannotated drivers.
Found 0 partially unannotated drivers.

===========================================================================
max slew violation count 0
max fanout violation count 0
max cap violation count 0
============================================================================

===========================================================================
check_setup -verbose -unconstrained_endpoints -multiple_clock -no_clock -no_input_delay -loops -generated_clocks
===========================================================================
