Clock: clk
Sources: clk 
Generated: no
Virtual: yes
Propagated: no
Period: 10.000000

===========================================================================
report_clock_properties
============================================================================
Clock                   Period          Waveform
----------------------------------------------------
clk                  10.000000    0.000000  5.000000

===========================================================================
report_clock_latency
============================================================================
Clock clk
rise -> rise
    min     max
0.000000 0.000000 source latency
0.474707         network latency _40_/CLK
        0.476682 network latency _43_/CLK
---------------
0.474707 0.476682 latency
        0.001975 skew

fall -> fall
    min     max
0.000000 0.000000 source latency
0.500250         network latency _40_/CLK
        0.501978 network latency _43_/CLK
---------------
0.500250 0.501978 latency
        0.001728 skew



===========================================================================
report_clock_min_period
============================================================================
clk period_min = 4.63 fmax = 216.04
