
===========================================================================
 report_power
============================================================================
======================= nom_ss_100C_1v60 Corner ===================================

Group                    Internal    Switching      Leakage        Total
                            Power        Power        Power        Power (Watts)
------------------------------------------------------------------------
Sequential           1.387545e-05 7.569618e-07 6.138993e-08 1.469380e-05  19.4%
Combinational        8.106897e-06 4.063500e-06 2.148005e-07 1.238520e-05  16.4%
Clock                4.118605e-05 7.375038e-06 5.923153e-08 4.862032e-05  64.2%
Macro                0.000000e+00 0.000000e+00 0.000000e+00 0.000000e+00   0.0%
Pad                  0.000000e+00 0.000000e+00 0.000000e+00 0.000000e+00   0.0%
------------------------------------------------------------------------
Total                6.316841e-05 1.219550e-05 3.354218e-07 7.569933e-05 100.0%
                            83.4%        16.1%         0.4%

