+ define_corners nom_ss_100C_1v60
Reading timing models for corner nom_ss_100C_1v60…
Reading cell library for the 'nom_ss_100C_1v60' corner at '/home/hk/.ciel/ciel/sky130/versions/8afc8346a57fe1ab7934ba5a6056ea8b43078e71/sky130A/libs.ref/sky130_fd_sc_hd/lib/sky130_fd_sc_hd__ss_100C_1v60.lib'…
Reading top-level netlist at '/home/hk/pd_projects/runs/RUN_2026-06-03_20-47-43/52-openroad-fillinsertion/u_s_r.nl.v'…
Linking design 'u_s_r' from netlist…
Warning: /home/hk/pd_projects/runs/RUN_2026-06-03_20-47-43/52-openroad-fillinsertion/u_s_r.nl.v line 66, module sky130_fd_sc_hd__fill_2 not found. Creating black box for FILLER_0_125.
Warning: /home/hk/pd_projects/runs/RUN_2026-06-03_20-47-43/52-openroad-fillinsertion/u_s_r.nl.v line 71, module sky130_fd_sc_hd__fill_1 not found. Creating black box for FILLER_0_27.
Warning: /home/hk/pd_projects/runs/RUN_2026-06-03_20-47-43/52-openroad-fillinsertion/u_s_r.nl.v line 846, module sky130_fd_sc_hd__tapvpwrvgnd_1 not found. Creating black box for TAP_TAPCELL_ROW_0_42.
Reading design constraints file at '/home/hk/pd_projects/constraints.sdc'…
[INFO] No information on clock propagation in input SDC file-- propagating all clocks.
Reading top-level design parasitics for the 'nom_ss_100C_1v60' corner at '/home/hk/pd_projects/runs/RUN_2026-06-03_20-47-43/54-openroad-rcx/nom/u_s_r.nom.spef'…
%OL_CREATE_REPORT min.rpt

===========================================================================
report_checks -path_delay min (Hold)
============================================================================
======================= nom_ss_100C_1v60 Corner ===================================

Startpoint: rst (input port clocked by clk)
Endpoint: _42_ (rising edge-triggered flip-flop clocked by clk)
Path Group: clk
Path Type: min

Fanout         Cap        Slew       Delay        Time   Description
---------------------------------------------------------------------------------------------
                                  0.000000    0.000000   clock clk (rise edge)
                                  0.000000    0.000000   clock network delay (propagated)
                                  0.500000    0.500000 ^ input external delay
     1    0.003014    0.033670    0.016923    0.516923 ^ rst (in)
                                                         rst (net)
                      0.033670    0.000000    0.516923 ^ input8/A (sky130_fd_sc_hd__clkdlybuf4s25_1)
     1    0.005401    0.110854    0.475671    0.992594 ^ input8/X (sky130_fd_sc_hd__clkdlybuf4s25_1)
                                                         net8 (net)
                      0.110854    0.000171    0.992765 ^ _21_/A (sky130_fd_sc_hd__inv_2)
     4    0.014018    0.069874    0.107591    1.100356 v _21_/Y (sky130_fd_sc_hd__inv_2)
                                                         _05_ (net)
                      0.069875    0.000375    1.100731 v _35_/C1 (sky130_fd_sc_hd__o211a_2)
     1    0.002697    0.043356    0.205158    1.305889 v _35_/X (sky130_fd_sc_hd__o211a_2)
                                                         _02_ (net)
                      0.043356    0.000059    1.305948 v _42_/D (sky130_fd_sc_hd__dfxtp_2)
                                              1.305948   data arrival time

                                  0.000000    0.000000   clock clk (rise edge)
                                  0.000000    0.000000   clock source latency
     1    0.010067    0.081590    0.052779    0.052779 ^ clk (in)
                                                         clk (net)
                      0.081591    0.000000    0.052779 ^ clkbuf_0_clk/A (sky130_fd_sc_hd__clkbuf_16)
     2    0.019718    0.067078    0.226337    0.279116 ^ clkbuf_0_clk/X (sky130_fd_sc_hd__clkbuf_16)
                                                         clknet_0_clk (net)
                      0.067093    0.000560    0.279676 ^ clkbuf_1_0__f_clk/A (sky130_fd_sc_hd__clkbuf_16)
     2    0.005043    0.047864    0.196878    0.476554 ^ clkbuf_1_0__f_clk/X (sky130_fd_sc_hd__clkbuf_16)
                                                         clknet_1_0__leaf_clk (net)
                      0.047864    0.000122    0.476676 ^ _42_/CLK (sky130_fd_sc_hd__dfxtp_2)
                                  0.500000    0.976676   clock uncertainty
                                  0.000000    0.976676   clock reconvergence pessimism
                                 -0.085583    0.891093   library hold time
                                              0.891093   data required time
---------------------------------------------------------------------------------------------
                                              0.891093   data required time
                                             -1.305948   data arrival time
---------------------------------------------------------------------------------------------
                                              0.414854   slack (MET)


Startpoint: rst (input port clocked by clk)
Endpoint: _43_ (rising edge-triggered flip-flop clocked by clk)
Path Group: clk
Path Type: min

Fanout         Cap        Slew       Delay        Time   Description
---------------------------------------------------------------------------------------------
                                  0.000000    0.000000   clock clk (rise edge)
                                  0.000000    0.000000   clock network delay (propagated)
                                  0.500000    0.500000 ^ input external delay
     1    0.003014    0.033670    0.016923    0.516923 ^ rst (in)
                                                         rst (net)
                      0.033670    0.000000    0.516923 ^ input8/A (sky130_fd_sc_hd__clkdlybuf4s25_1)
     1    0.005401    0.110854    0.475671    0.992594 ^ input8/X (sky130_fd_sc_hd__clkdlybuf4s25_1)
                                                         net8 (net)
                      0.110854    0.000171    0.992765 ^ _21_/A (sky130_fd_sc_hd__inv_2)
     4    0.014018    0.069874    0.107591    1.100356 v _21_/Y (sky130_fd_sc_hd__inv_2)
                                                         _05_ (net)
                      0.069876    0.000413    1.100768 v _39_/C1 (sky130_fd_sc_hd__o221a_2)
     1    0.002299    0.046350    0.215117    1.315885 v _39_/X (sky130_fd_sc_hd__o221a_2)
                                                         _03_ (net)
                      0.046350    0.000065    1.315950 v hold16/A (sky130_fd_sc_hd__dlygate4sd3_1)
     1    0.001886    0.098167    1.097834    2.413784 v hold16/X (sky130_fd_sc_hd__dlygate4sd3_1)
                                                         net16 (net)
                      0.098167    0.000053    2.413837 v _43_/D (sky130_fd_sc_hd__dfxtp_2)
                                              2.413837   data arrival time

                                  0.000000    0.000000   clock clk (rise edge)
                                  0.000000    0.000000   clock source latency
     1    0.010067    0.081590    0.052779    0.052779 ^ clk (in)
                                                         clk (net)
                      0.081591    0.000000    0.052779 ^ clkbuf_0_clk/A (sky130_fd_sc_hd__clkbuf_16)
     2    0.019718    0.067078    0.226337    0.279116 ^ clkbuf_0_clk/X (sky130_fd_sc_hd__clkbuf_16)
                                                         clknet_0_clk (net)
                      0.067093    0.000560    0.279676 ^ clkbuf_1_0__f_clk/A (sky130_fd_sc_hd__clkbuf_16)
     2    0.005043    0.047864    0.196878    0.476554 ^ clkbuf_1_0__f_clk/X (sky130_fd_sc_hd__clkbuf_16)
                                                         clknet_1_0__leaf_clk (net)
                      0.047864    0.000128    0.476682 ^ _43_/CLK (sky130_fd_sc_hd__dfxtp_2)
                                  0.500000    0.976682   clock uncertainty
                                  0.000000    0.976682   clock reconvergence pessimism
                                 -0.105816    0.870866   library hold time
                                              0.870866   data required time
---------------------------------------------------------------------------------------------
                                              0.870866   data required time
                                             -2.413837   data arrival time
---------------------------------------------------------------------------------------------
                                              1.542971   slack (MET)


Startpoint: rst (input port clocked by clk)
Endpoint: _40_ (rising edge-triggered flip-flop clocked by clk)
Path Group: clk
Path Type: min

Fanout         Cap        Slew       Delay        Time   Description
---------------------------------------------------------------------------------------------
                                  0.000000    0.000000   clock clk (rise edge)
                                  0.000000    0.000000   clock network delay (propagated)
                                  0.500000    0.500000 ^ input external delay
     1    0.003014    0.033670    0.016923    0.516923 ^ rst (in)
                                                         rst (net)
                      0.033670    0.000000    0.516923 ^ input8/A (sky130_fd_sc_hd__clkdlybuf4s25_1)
     1    0.005401    0.110854    0.475671    0.992594 ^ input8/X (sky130_fd_sc_hd__clkdlybuf4s25_1)
                                                         net8 (net)
                      0.110854    0.000171    0.992765 ^ _21_/A (sky130_fd_sc_hd__inv_2)
     4    0.014018    0.069874    0.107591    1.100356 v _21_/Y (sky130_fd_sc_hd__inv_2)
                                                         _05_ (net)
                      0.069878    0.000541    1.100897 v _27_/C1 (sky130_fd_sc_hd__o221a_2)
     1    0.002783    0.049078    0.218826    1.319723 v _27_/X (sky130_fd_sc_hd__o221a_2)
                                                         _00_ (net)
                      0.049078    0.000078    1.319801 v hold14/A (sky130_fd_sc_hd__dlygate4sd3_1)
     1    0.002058    0.099734    1.101900    2.421701 v hold14/X (sky130_fd_sc_hd__dlygate4sd3_1)
                                                         net14 (net)
                      0.099734    0.000057    2.421758 v _40_/D (sky130_fd_sc_hd__dfxtp_2)
                                              2.421758   data arrival time

                                  0.000000    0.000000   clock clk (rise edge)
                                  0.000000    0.000000   clock source latency
     1    0.010067    0.081590    0.052779    0.052779 ^ clk (in)
                                                         clk (net)
                      0.081591    0.000000    0.052779 ^ clkbuf_0_clk/A (sky130_fd_sc_hd__clkbuf_16)
     2    0.019718    0.067078    0.226337    0.279116 ^ clkbuf_0_clk/X (sky130_fd_sc_hd__clkbuf_16)
                                                         clknet_0_clk (net)
                      0.067093    0.000512    0.279628 ^ clkbuf_1_1__f_clk/A (sky130_fd_sc_hd__clkbuf_16)
     2    0.004047    0.046494    0.194992    0.474620 ^ clkbuf_1_1__f_clk/X (sky130_fd_sc_hd__clkbuf_16)
                                                         clknet_1_1__leaf_clk (net)
                      0.046494    0.000086    0.474707 ^ _40_/CLK (sky130_fd_sc_hd__dfxtp_2)
                                  0.500000    0.974707   clock uncertainty
                                  0.000000    0.974707   clock reconvergence pessimism
                                 -0.106718    0.867988   library hold time
                                              0.867988   data required time
---------------------------------------------------------------------------------------------
                                              0.867988   data required time
                                             -2.421758   data arrival time
---------------------------------------------------------------------------------------------
                                              1.553769   slack (MET)


Startpoint: rst (input port clocked by clk)
Endpoint: _41_ (rising edge-triggered flip-flop clocked by clk)
Path Group: clk
Path Type: min

Fanout         Cap        Slew       Delay        Time   Description
---------------------------------------------------------------------------------------------
                                  0.000000    0.000000   clock clk (rise edge)
                                  0.000000    0.000000   clock network delay (propagated)
                                  0.500000    0.500000 ^ input external delay
     1    0.003014    0.033670    0.016923    0.516923 ^ rst (in)
                                                         rst (net)
                      0.033670    0.000000    0.516923 ^ input8/A (sky130_fd_sc_hd__clkdlybuf4s25_1)
     1    0.005401    0.110854    0.475671    0.992594 ^ input8/X (sky130_fd_sc_hd__clkdlybuf4s25_1)
                                                         net8 (net)
                      0.110854    0.000171    0.992765 ^ _21_/A (sky130_fd_sc_hd__inv_2)
     4    0.014018    0.069874    0.107591    1.100356 v _21_/Y (sky130_fd_sc_hd__inv_2)
                                                         _05_ (net)
                      0.069877    0.000525    1.100881 v _31_/C1 (sky130_fd_sc_hd__o221a_2)
     1    0.002455    0.047229    0.216314    1.317194 v _31_/X (sky130_fd_sc_hd__o221a_2)
                                                         _01_ (net)
                      0.047229    0.000071    1.317265 v hold18/A (sky130_fd_sc_hd__dlygate4sd3_1)
     1    0.002324    0.102223    1.105593    2.422858 v hold18/X (sky130_fd_sc_hd__dlygate4sd3_1)
                                                         net18 (net)
                      0.102223    0.000068    2.422926 v _41_/D (sky130_fd_sc_hd__dfxtp_2)
                                              2.422926   data arrival time

                                  0.000000    0.000000   clock clk (rise edge)
                                  0.000000    0.000000   clock source latency
     1    0.010067    0.081590    0.052779    0.052779 ^ clk (in)
                                                         clk (net)
                      0.081591    0.000000    0.052779 ^ clkbuf_0_clk/A (sky130_fd_sc_hd__clkbuf_16)
     2    0.019718    0.067078    0.226337    0.279116 ^ clkbuf_0_clk/X (sky130_fd_sc_hd__clkbuf_16)
                                                         clknet_0_clk (net)
                      0.067093    0.000512    0.279628 ^ clkbuf_1_1__f_clk/A (sky130_fd_sc_hd__clkbuf_16)
     2    0.004047    0.046494    0.194992    0.474620 ^ clkbuf_1_1__f_clk/X (sky130_fd_sc_hd__clkbuf_16)
                                                         clknet_1_1__leaf_clk (net)
                      0.046494    0.000094    0.474715 ^ _41_/CLK (sky130_fd_sc_hd__dfxtp_2)
                                  0.500000    0.974715   clock uncertainty
                                  0.000000    0.974715   clock reconvergence pessimism
                                 -0.107637    0.867078   library hold time
                                              0.867078   data required time
---------------------------------------------------------------------------------------------
                                              0.867078   data required time
                                             -2.422926   data arrival time
---------------------------------------------------------------------------------------------
                                              1.555848   slack (MET)


Startpoint: _40_ (rising edge-triggered flip-flop clocked by clk)
Endpoint: Q[0] (output port clocked by clk)
Path Group: clk
Path Type: min

Fanout         Cap        Slew       Delay        Time   Description
---------------------------------------------------------------------------------------------
                                  0.000000    0.000000   clock clk (rise edge)
                                  0.000000    0.000000   clock source latency
     1    0.010067    0.081590    0.052779    0.052779 ^ clk (in)
                                                         clk (net)
                      0.081591    0.000000    0.052779 ^ clkbuf_0_clk/A (sky130_fd_sc_hd__clkbuf_16)
     2    0.019718    0.067078    0.226337    0.279116 ^ clkbuf_0_clk/X (sky130_fd_sc_hd__clkbuf_16)
                                                         clknet_0_clk (net)
                      0.067093    0.000512    0.279628 ^ clkbuf_1_1__f_clk/A (sky130_fd_sc_hd__clkbuf_16)
     2    0.004047    0.046494    0.194992    0.474620 ^ clkbuf_1_1__f_clk/X (sky130_fd_sc_hd__clkbuf_16)
                                                         clknet_1_1__leaf_clk (net)
                      0.046494    0.000086    0.474707 ^ _40_/CLK (sky130_fd_sc_hd__dfxtp_2)
     2    0.005932    0.052233    0.600901    1.075607 v _40_/Q (sky130_fd_sc_hd__dfxtp_2)
                                                         net9 (net)
                      0.052233    0.000096    1.075703 v output9/A (sky130_fd_sc_hd__clkdlybuf4s25_1)
     1    0.010715    0.169446    0.533666    1.609369 v output9/X (sky130_fd_sc_hd__clkdlybuf4s25_1)
                                                         Q[0] (net)
                      0.169446    0.000195    1.609564 v Q[0] (out)
                                              1.609564   data arrival time

                                  0.000000    0.000000   clock clk (rise edge)
                                  0.000000    0.000000   clock network delay (propagated)
                                  0.500000    0.500000   clock uncertainty
                                  0.000000    0.500000   clock reconvergence pessimism
                                 -0.500000    0.000000   output external delay
                                              0.000000   data required time
---------------------------------------------------------------------------------------------
                                              0.000000   data required time
                                             -1.609564   data arrival time
---------------------------------------------------------------------------------------------
                                              1.609564   slack (MET)


Startpoint: _43_ (rising edge-triggered flip-flop clocked by clk)
Endpoint: Q[3] (output port clocked by clk)
Path Group: clk
Path Type: min

Fanout         Cap        Slew       Delay        Time   Description
---------------------------------------------------------------------------------------------
                                  0.000000    0.000000   clock clk (rise edge)
                                  0.000000    0.000000   clock source latency
     1    0.010067    0.081590    0.052779    0.052779 ^ clk (in)
                                                         clk (net)
                      0.081591    0.000000    0.052779 ^ clkbuf_0_clk/A (sky130_fd_sc_hd__clkbuf_16)
     2    0.019718    0.067078    0.226337    0.279116 ^ clkbuf_0_clk/X (sky130_fd_sc_hd__clkbuf_16)
                                                         clknet_0_clk (net)
                      0.067093    0.000560    0.279676 ^ clkbuf_1_0__f_clk/A (sky130_fd_sc_hd__clkbuf_16)
     2    0.005043    0.047864    0.196878    0.476554 ^ clkbuf_1_0__f_clk/X (sky130_fd_sc_hd__clkbuf_16)
                                                         clknet_1_0__leaf_clk (net)
                      0.047864    0.000128    0.476682 ^ _43_/CLK (sky130_fd_sc_hd__dfxtp_2)
     2    0.007157    0.057177    0.606489    1.083171 v _43_/Q (sky130_fd_sc_hd__dfxtp_2)
                                                         net12 (net)
                      0.057177    0.000245    1.083416 v output12/A (sky130_fd_sc_hd__clkdlybuf4s25_1)
     1    0.010868    0.171350    0.537485    1.620901 v output12/X (sky130_fd_sc_hd__clkdlybuf4s25_1)
                                                         Q[3] (net)
                      0.171350    0.000224    1.621125 v Q[3] (out)
                                              1.621125   data arrival time

                                  0.000000    0.000000   clock clk (rise edge)
                                  0.000000    0.000000   clock network delay (propagated)
                                  0.500000    0.500000   clock uncertainty
                                  0.000000    0.500000   clock reconvergence pessimism
                                 -0.500000    0.000000   output external delay
                                              0.000000   data required time
---------------------------------------------------------------------------------------------
                                              0.000000   data required time
                                             -1.621125   data arrival time
---------------------------------------------------------------------------------------------
                                              1.621125   slack (MET)


Startpoint: _41_ (rising edge-triggered flip-flop clocked by clk)
Endpoint: Q[1] (output port clocked by clk)
Path Group: clk
Path Type: min

Fanout         Cap        Slew       Delay        Time   Description
---------------------------------------------------------------------------------------------
                                  0.000000    0.000000   clock clk (rise edge)
                                  0.000000    0.000000   clock source latency
     1    0.010067    0.081590    0.052779    0.052779 ^ clk (in)
                                                         clk (net)
                      0.081591    0.000000    0.052779 ^ clkbuf_0_clk/A (sky130_fd_sc_hd__clkbuf_16)
     2    0.019718    0.067078    0.226337    0.279116 ^ clkbuf_0_clk/X (sky130_fd_sc_hd__clkbuf_16)
                                                         clknet_0_clk (net)
                      0.067093    0.000512    0.279628 ^ clkbuf_1_1__f_clk/A (sky130_fd_sc_hd__clkbuf_16)
     2    0.004047    0.046494    0.194992    0.474620 ^ clkbuf_1_1__f_clk/X (sky130_fd_sc_hd__clkbuf_16)
                                                         clknet_1_1__leaf_clk (net)
                      0.046494    0.000094    0.474715 ^ _41_/CLK (sky130_fd_sc_hd__dfxtp_2)
     3    0.012731    0.079434    0.628564    1.103279 v _41_/Q (sky130_fd_sc_hd__dfxtp_2)
                                                         net10 (net)
                      0.079434    0.000286    1.103565 v output10/A (sky130_fd_sc_hd__clkdlybuf4s25_1)
     1    0.010720    0.169452    0.545995    1.649560 v output10/X (sky130_fd_sc_hd__clkdlybuf4s25_1)
                                                         Q[1] (net)
                      0.169452    0.000194    1.649754 v Q[1] (out)
                                              1.649754   data arrival time

                                  0.000000    0.000000   clock clk (rise edge)
                                  0.000000    0.000000   clock network delay (propagated)
                                  0.500000    0.500000   clock uncertainty
                                  0.000000    0.500000   clock reconvergence pessimism
                                 -0.500000    0.000000   output external delay
                                              0.000000   data required time
---------------------------------------------------------------------------------------------
                                              0.000000   data required time
                                             -1.649754   data arrival time
---------------------------------------------------------------------------------------------
                                              1.649754   slack (MET)


Startpoint: _42_ (rising edge-triggered flip-flop clocked by clk)
Endpoint: Q[2] (output port clocked by clk)
Path Group: clk
Path Type: min

Fanout         Cap        Slew       Delay        Time   Description
---------------------------------------------------------------------------------------------
                                  0.000000    0.000000   clock clk (rise edge)
                                  0.000000    0.000000   clock source latency
     1    0.010067    0.081590    0.052779    0.052779 ^ clk (in)
                                                         clk (net)
                      0.081591    0.000000    0.052779 ^ clkbuf_0_clk/A (sky130_fd_sc_hd__clkbuf_16)
     2    0.019718    0.067078    0.226337    0.279116 ^ clkbuf_0_clk/X (sky130_fd_sc_hd__clkbuf_16)
                                                         clknet_0_clk (net)
                      0.067093    0.000560    0.279676 ^ clkbuf_1_0__f_clk/A (sky130_fd_sc_hd__clkbuf_16)
     2    0.005043    0.047864    0.196878    0.476554 ^ clkbuf_1_0__f_clk/X (sky130_fd_sc_hd__clkbuf_16)
                                                         clknet_1_0__leaf_clk (net)
                      0.047864    0.000122    0.476676 ^ _42_/CLK (sky130_fd_sc_hd__dfxtp_2)
     4    0.013753    0.083740    0.633337    1.110014 v _42_/Q (sky130_fd_sc_hd__dfxtp_2)
                                                         net11 (net)
                      0.083740    0.000325    1.110339 v output11/A (sky130_fd_sc_hd__clkdlybuf4s25_1)
     1    0.011004    0.172998    0.550935    1.661274 v output11/X (sky130_fd_sc_hd__clkdlybuf4s25_1)
                                                         Q[2] (net)
                      0.172998    0.000211    1.661485 v Q[2] (out)
                                              1.661485   data arrival time

                                  0.000000    0.000000   clock clk (rise edge)
                                  0.000000    0.000000   clock network delay (propagated)
                                  0.500000    0.500000   clock uncertainty
                                  0.000000    0.500000   clock reconvergence pessimism
                                 -0.500000    0.000000   output external delay
                                              0.000000   data required time
---------------------------------------------------------------------------------------------
                                              0.000000   data required time
                                             -1.661485   data arrival time
---------------------------------------------------------------------------------------------
                                              1.661485   slack (MET)



%OL_END_REPORT
%OL_CREATE_REPORT max.rpt

===========================================================================
report_checks -path_delay max (Setup)
============================================================================
======================= nom_ss_100C_1v60 Corner ===================================

Startpoint: mode[1] (input port clocked by clk)
Endpoint: _40_ (rising edge-triggered flip-flop clocked by clk)
Path Group: clk
Path Type: max

Fanout         Cap        Slew       Delay        Time   Description
---------------------------------------------------------------------------------------------
                                  0.000000    0.000000   clock clk (rise edge)
                                  0.000000    0.000000   clock network delay (propagated)
                                  2.000000    2.000000 v input external delay
     1    0.003438    0.020923    0.011251    2.011251 v mode[1] (in)
                                                         mode[1] (net)
                      0.020923    0.000000    2.011251 v input7/A (sky130_fd_sc_hd__clkdlybuf4s25_1)
    11    0.032215    0.438662    0.725582    2.736833 v input7/X (sky130_fd_sc_hd__clkdlybuf4s25_1)
                                                         net7 (net)
                      0.438662    0.000826    2.737659 v _22_/B (sky130_fd_sc_hd__and3_2)
     1    0.004041    0.077457    0.594576    3.332234 v _22_/X (sky130_fd_sc_hd__and3_2)
                                                         _06_ (net)
                      0.077457    0.000132    3.332366 v _26_/B1 (sky130_fd_sc_hd__a211o_2)
     1    0.003852    0.086165    0.580484    3.912850 v _26_/X (sky130_fd_sc_hd__a211o_2)
                                                         _10_ (net)
                      0.086165    0.000118    3.912968 v _27_/B1 (sky130_fd_sc_hd__o221a_2)
     1    0.002783    0.078760    0.466004    4.378972 v _27_/X (sky130_fd_sc_hd__o221a_2)
                                                         _00_ (net)
                      0.078760    0.000078    4.379050 v hold14/A (sky130_fd_sc_hd__dlygate4sd3_1)
     1    0.002058    0.099392    1.114584    5.493634 v hold14/X (sky130_fd_sc_hd__dlygate4sd3_1)
                                                         net14 (net)
                      0.099392    0.000057    5.493691 v _40_/D (sky130_fd_sc_hd__dfxtp_2)
                                              5.493691   data arrival time

                                 10.000000   10.000000   clock clk (rise edge)
                                  0.000000   10.000000   clock source latency
     1    0.010067    0.081590    0.052779   10.052779 ^ clk (in)
                                                         clk (net)
                      0.081591    0.000000   10.052779 ^ clkbuf_0_clk/A (sky130_fd_sc_hd__clkbuf_16)
     2    0.019718    0.067078    0.226336   10.279116 ^ clkbuf_0_clk/X (sky130_fd_sc_hd__clkbuf_16)
                                                         clknet_0_clk (net)
                      0.067093    0.000512   10.279628 ^ clkbuf_1_1__f_clk/A (sky130_fd_sc_hd__clkbuf_16)
     2    0.004047    0.046494    0.194992   10.474621 ^ clkbuf_1_1__f_clk/X (sky130_fd_sc_hd__clkbuf_16)
                                                         clknet_1_1__leaf_clk (net)
                      0.046494    0.000086   10.474707 ^ _40_/CLK (sky130_fd_sc_hd__dfxtp_2)
                                 -0.500000    9.974707   clock uncertainty
                                  0.000000    9.974707   clock reconvergence pessimism
                                 -0.292974    9.681733   library setup time
                                              9.681733   data required time
---------------------------------------------------------------------------------------------
                                              9.681733   data required time
                                             -5.493691   data arrival time
---------------------------------------------------------------------------------------------
                                              4.188042   slack (MET)


Startpoint: mode[1] (input port clocked by clk)
Endpoint: _43_ (rising edge-triggered flip-flop clocked by clk)
Path Group: clk
Path Type: max

Fanout         Cap        Slew       Delay        Time   Description
---------------------------------------------------------------------------------------------
                                  0.000000    0.000000   clock clk (rise edge)
                                  0.000000    0.000000   clock network delay (propagated)
                                  2.000000    2.000000 v input external delay
     1    0.003438    0.020923    0.011251    2.011251 v mode[1] (in)
                                                         mode[1] (net)
                      0.020923    0.000000    2.011251 v input7/A (sky130_fd_sc_hd__clkdlybuf4s25_1)
    11    0.032215    0.438662    0.725582    2.736833 v input7/X (sky130_fd_sc_hd__clkdlybuf4s25_1)
                                                         net7 (net)
                      0.438663    0.001681    2.738513 v _36_/B (sky130_fd_sc_hd__and3_2)
     1    0.002847    0.071423    0.584059    3.322572 v _36_/X (sky130_fd_sc_hd__and3_2)
                                                         _17_ (net)
                      0.071423    0.000084    3.322656 v _38_/C1 (sky130_fd_sc_hd__a211o_2)
     1    0.006144    0.100340    0.534884    3.857540 v _38_/X (sky130_fd_sc_hd__a211o_2)
                                                         _19_ (net)
                      0.100340    0.000221    3.857760 v _39_/B2 (sky130_fd_sc_hd__o221a_2)
     1    0.002299    0.075781    0.436196    4.293956 v _39_/X (sky130_fd_sc_hd__o221a_2)
                                                         _03_ (net)
                      0.075781    0.000065    4.294021 v hold16/A (sky130_fd_sc_hd__dlygate4sd3_1)
     1    0.001886    0.097789    1.110398    5.404419 v hold16/X (sky130_fd_sc_hd__dlygate4sd3_1)
                                                         net16 (net)
                      0.097789    0.000052    5.404472 v _43_/D (sky130_fd_sc_hd__dfxtp_2)
                                              5.404472   data arrival time

                                 10.000000   10.000000   clock clk (rise edge)
                                  0.000000   10.000000   clock source latency
     1    0.010067    0.081590    0.052779   10.052779 ^ clk (in)
                                                         clk (net)
                      0.081591    0.000000   10.052779 ^ clkbuf_0_clk/A (sky130_fd_sc_hd__clkbuf_16)
     2    0.019718    0.067078    0.226336   10.279116 ^ clkbuf_0_clk/X (sky130_fd_sc_hd__clkbuf_16)
                                                         clknet_0_clk (net)
                      0.067093    0.000560   10.279676 ^ clkbuf_1_0__f_clk/A (sky130_fd_sc_hd__clkbuf_16)
     2    0.005043    0.047864    0.196878   10.476554 ^ clkbuf_1_0__f_clk/X (sky130_fd_sc_hd__clkbuf_16)
                                                         clknet_1_0__leaf_clk (net)
                      0.047864    0.000128   10.476682 ^ _43_/CLK (sky130_fd_sc_hd__dfxtp_2)
                                 -0.500000    9.976682   clock uncertainty
                                  0.000000    9.976682   clock reconvergence pessimism
                                 -0.291936    9.684747   library setup time
                                              9.684747   data required time
---------------------------------------------------------------------------------------------
                                              9.684747   data required time
                                             -5.404472   data arrival time
---------------------------------------------------------------------------------------------
                                              4.280275   slack (MET)


Startpoint: mode[1] (input port clocked by clk)
Endpoint: _41_ (rising edge-triggered flip-flop clocked by clk)
Path Group: clk
Path Type: max

Fanout         Cap        Slew       Delay        Time   Description
---------------------------------------------------------------------------------------------
                                  0.000000    0.000000   clock clk (rise edge)
                                  0.000000    0.000000   clock network delay (propagated)
                                  2.000000    2.000000 v input external delay
     1    0.003438    0.020923    0.011251    2.011251 v mode[1] (in)
                                                         mode[1] (net)
                      0.020923    0.000000    2.011251 v input7/A (sky130_fd_sc_hd__clkdlybuf4s25_1)
    11    0.032215    0.438662    0.725582    2.736833 v input7/X (sky130_fd_sc_hd__clkdlybuf4s25_1)
                                                         net7 (net)
                      0.438663    0.001668    2.738500 v _25_/B (sky130_fd_sc_hd__or2_2)
     4    0.012459    0.160521    0.853010    3.591510 v _25_/X (sky130_fd_sc_hd__or2_2)
                                                         _09_ (net)
                      0.160521    0.000208    3.591718 v _31_/A2 (sky130_fd_sc_hd__o221a_2)
     1    0.002455    0.076743    0.516112    4.107830 v _31_/X (sky130_fd_sc_hd__o221a_2)
                                                         _01_ (net)
                      0.076743    0.000071    4.107901 v hold18/A (sky130_fd_sc_hd__dlygate4sd3_1)
     1    0.002324    0.101944    1.118225    5.226126 v hold18/X (sky130_fd_sc_hd__dlygate4sd3_1)
                                                         net18 (net)
                      0.101944    0.000068    5.226194 v _41_/D (sky130_fd_sc_hd__dfxtp_2)
                                              5.226194   data arrival time

                                 10.000000   10.000000   clock clk (rise edge)
                                  0.000000   10.000000   clock source latency
     1    0.010067    0.081590    0.052779   10.052779 ^ clk (in)
                                                         clk (net)
                      0.081591    0.000000   10.052779 ^ clkbuf_0_clk/A (sky130_fd_sc_hd__clkbuf_16)
     2    0.019718    0.067078    0.226336   10.279116 ^ clkbuf_0_clk/X (sky130_fd_sc_hd__clkbuf_16)
                                                         clknet_0_clk (net)
                      0.067093    0.000512   10.279628 ^ clkbuf_1_1__f_clk/A (sky130_fd_sc_hd__clkbuf_16)
     2    0.004047    0.046494    0.194992   10.474621 ^ clkbuf_1_1__f_clk/X (sky130_fd_sc_hd__clkbuf_16)
                                                         clknet_1_1__leaf_clk (net)
                      0.046494    0.000094   10.474714 ^ _41_/CLK (sky130_fd_sc_hd__dfxtp_2)
                                 -0.500000    9.974714   clock uncertainty
                                  0.000000    9.974714   clock reconvergence pessimism
                                 -0.294035    9.680680   library setup time
                                              9.680680   data required time
---------------------------------------------------------------------------------------------
                                              9.680680   data required time
                                             -5.226194   data arrival time
---------------------------------------------------------------------------------------------
                                              4.454487   slack (MET)


Startpoint: mode[1] (input port clocked by clk)
Endpoint: _42_ (rising edge-triggered flip-flop clocked by clk)
Path Group: clk
Path Type: max

Fanout         Cap        Slew       Delay        Time   Description
---------------------------------------------------------------------------------------------
                                  0.000000    0.000000   clock clk (rise edge)
                                  0.000000    0.000000   clock network delay (propagated)
                                  2.000000    2.000000 v input external delay
     1    0.003438    0.020923    0.011251    2.011251 v mode[1] (in)
                                                         mode[1] (net)
                      0.020923    0.000000    2.011251 v input7/A (sky130_fd_sc_hd__clkdlybuf4s25_1)
    11    0.032215    0.438662    0.725582    2.736833 v input7/X (sky130_fd_sc_hd__clkdlybuf4s25_1)
                                                         net7 (net)
                      0.438663    0.001674    2.738507 v _32_/B (sky130_fd_sc_hd__and3_2)
     1    0.002713    0.070754    0.582873    3.321379 v _32_/X (sky130_fd_sc_hd__and3_2)
                                                         _14_ (net)
                      0.070754    0.000077    3.321456 v _34_/C1 (sky130_fd_sc_hd__a2111o_2)
     1    0.003574    0.111067    0.775170    4.096626 v _34_/X (sky130_fd_sc_hd__a2111o_2)
                                                         _16_ (net)
                      0.111531    0.000113    4.096739 v _35_/B1 (sky130_fd_sc_hd__o211a_2)
     1    0.002697    0.068704    0.254933    4.351672 v _35_/X (sky130_fd_sc_hd__o211a_2)
                                                         _02_ (net)
                      0.068704    0.000059    4.351731 v _42_/D (sky130_fd_sc_hd__dfxtp_2)
                                              4.351731   data arrival time

                                 10.000000   10.000000   clock clk (rise edge)
                                  0.000000   10.000000   clock source latency
     1    0.010067    0.081590    0.052779   10.052779 ^ clk (in)
                                                         clk (net)
                      0.081591    0.000000   10.052779 ^ clkbuf_0_clk/A (sky130_fd_sc_hd__clkbuf_16)
     2    0.019718    0.067078    0.226336   10.279116 ^ clkbuf_0_clk/X (sky130_fd_sc_hd__clkbuf_16)
                                                         clknet_0_clk (net)
                      0.067093    0.000560   10.279676 ^ clkbuf_1_0__f_clk/A (sky130_fd_sc_hd__clkbuf_16)
     2    0.005043    0.047864    0.196878   10.476554 ^ clkbuf_1_0__f_clk/X (sky130_fd_sc_hd__clkbuf_16)
                                                         clknet_1_0__leaf_clk (net)
                      0.047864    0.000123   10.476677 ^ _42_/CLK (sky130_fd_sc_hd__dfxtp_2)
                                 -0.500000    9.976677   clock uncertainty
                                  0.000000    9.976677   clock reconvergence pessimism
                                 -0.279841    9.696836   library setup time
                                              9.696836   data required time
---------------------------------------------------------------------------------------------
                                              9.696836   data required time
                                             -4.351731   data arrival time
---------------------------------------------------------------------------------------------
                                              5.345105   slack (MET)


Startpoint: _42_ (rising edge-triggered flip-flop clocked by clk)
Endpoint: Q[2] (output port clocked by clk)
Path Group: clk
Path Type: max

Fanout         Cap        Slew       Delay        Time   Description
---------------------------------------------------------------------------------------------
                                  0.000000    0.000000   clock clk (rise edge)
                                  0.000000    0.000000   clock source latency
     1    0.010067    0.081590    0.052779    0.052779 ^ clk (in)
                                                         clk (net)
                      0.081591    0.000000    0.052779 ^ clkbuf_0_clk/A (sky130_fd_sc_hd__clkbuf_16)
     2    0.019718    0.067078    0.226337    0.279116 ^ clkbuf_0_clk/X (sky130_fd_sc_hd__clkbuf_16)
                                                         clknet_0_clk (net)
                      0.067093    0.000560    0.279676 ^ clkbuf_1_0__f_clk/A (sky130_fd_sc_hd__clkbuf_16)
     2    0.005043    0.047864    0.196878    0.476554 ^ clkbuf_1_0__f_clk/X (sky130_fd_sc_hd__clkbuf_16)
                                                         clknet_1_0__leaf_clk (net)
                      0.047864    0.000122    0.476676 ^ _42_/CLK (sky130_fd_sc_hd__dfxtp_2)
     4    0.014517    0.135183    0.698273    1.174950 ^ _42_/Q (sky130_fd_sc_hd__dfxtp_2)
                                                         net11 (net)
                      0.135183    0.000344    1.175294 ^ output11/A (sky130_fd_sc_hd__clkdlybuf4s25_1)
     1    0.011004    0.195276    0.583447    1.758740 ^ output11/X (sky130_fd_sc_hd__clkdlybuf4s25_1)
                                                         Q[2] (net)
                      0.195276    0.000211    1.758951 ^ Q[2] (out)
                                              1.758951   data arrival time

                                 10.000000   10.000000   clock clk (rise edge)
                                  0.000000   10.000000   clock network delay (propagated)
                                 -0.500000    9.500000   clock uncertainty
                                  0.000000    9.500000   clock reconvergence pessimism
                                 -2.000000    7.500000   output external delay
                                              7.500000   data required time
---------------------------------------------------------------------------------------------
                                              7.500000   data required time
                                             -1.758951   data arrival time
---------------------------------------------------------------------------------------------
                                              5.741049   slack (MET)


Startpoint: _41_ (rising edge-triggered flip-flop clocked by clk)
Endpoint: Q[1] (output port clocked by clk)
Path Group: clk
Path Type: max

Fanout         Cap        Slew       Delay        Time   Description
---------------------------------------------------------------------------------------------
                                  0.000000    0.000000   clock clk (rise edge)
                                  0.000000    0.000000   clock source latency
     1    0.010067    0.081590    0.052779    0.052779 ^ clk (in)
                                                         clk (net)
                      0.081591    0.000000    0.052779 ^ clkbuf_0_clk/A (sky130_fd_sc_hd__clkbuf_16)
     2    0.019718    0.067078    0.226337    0.279116 ^ clkbuf_0_clk/X (sky130_fd_sc_hd__clkbuf_16)
                                                         clknet_0_clk (net)
                      0.067093    0.000512    0.279628 ^ clkbuf_1_1__f_clk/A (sky130_fd_sc_hd__clkbuf_16)
     2    0.004047    0.046494    0.194992    0.474620 ^ clkbuf_1_1__f_clk/X (sky130_fd_sc_hd__clkbuf_16)
                                                         clknet_1_1__leaf_clk (net)
                      0.046494    0.000094    0.474715 ^ _41_/CLK (sky130_fd_sc_hd__dfxtp_2)
     3    0.013188    0.125433    0.689686    1.164401 ^ _41_/Q (sky130_fd_sc_hd__dfxtp_2)
                                                         net10 (net)
                      0.125433    0.000298    1.164699 ^ output10/A (sky130_fd_sc_hd__clkdlybuf4s25_1)
     1    0.010720    0.190944    0.575878    1.740577 ^ output10/X (sky130_fd_sc_hd__clkdlybuf4s25_1)
                                                         Q[1] (net)
                      0.190944    0.000194    1.740771 ^ Q[1] (out)
                                              1.740771   data arrival time

                                 10.000000   10.000000   clock clk (rise edge)
                                  0.000000   10.000000   clock network delay (propagated)
                                 -0.500000    9.500000   clock uncertainty
                                  0.000000    9.500000   clock reconvergence pessimism
                                 -2.000000    7.500000   output external delay
                                              7.500000   data required time
---------------------------------------------------------------------------------------------
                                              7.500000   data required time
                                             -1.740771   data arrival time
---------------------------------------------------------------------------------------------
                                              5.759229   slack (MET)


Startpoint: _43_ (rising edge-triggered flip-flop clocked by clk)
Endpoint: Q[3] (output port clocked by clk)
Path Group: clk
Path Type: max

Fanout         Cap        Slew       Delay        Time   Description
---------------------------------------------------------------------------------------------
                                  0.000000    0.000000   clock clk (rise edge)
                                  0.000000    0.000000   clock source latency
     1    0.010067    0.081590    0.052779    0.052779 ^ clk (in)
                                                         clk (net)
                      0.081591    0.000000    0.052779 ^ clkbuf_0_clk/A (sky130_fd_sc_hd__clkbuf_16)
     2    0.019718    0.067078    0.226337    0.279116 ^ clkbuf_0_clk/X (sky130_fd_sc_hd__clkbuf_16)
                                                         clknet_0_clk (net)
                      0.067093    0.000560    0.279676 ^ clkbuf_1_0__f_clk/A (sky130_fd_sc_hd__clkbuf_16)
     2    0.005043    0.047864    0.196878    0.476554 ^ clkbuf_1_0__f_clk/X (sky130_fd_sc_hd__clkbuf_16)
                                                         clknet_1_0__leaf_clk (net)
                      0.047864    0.000128    0.476682 ^ _43_/CLK (sky130_fd_sc_hd__dfxtp_2)
     2    0.007452    0.084230    0.655903    1.132585 ^ _43_/Q (sky130_fd_sc_hd__dfxtp_2)
                                                         net12 (net)
                      0.084230    0.000256    1.132841 ^ output12/A (sky130_fd_sc_hd__clkdlybuf4s25_1)
     1    0.010868    0.193150    0.559047    1.691887 ^ output12/X (sky130_fd_sc_hd__clkdlybuf4s25_1)
                                                         Q[3] (net)
                      0.193150    0.000224    1.692112 ^ Q[3] (out)
                                              1.692112   data arrival time

                                 10.000000   10.000000   clock clk (rise edge)
                                  0.000000   10.000000   clock network delay (propagated)
                                 -0.500000    9.500000   clock uncertainty
                                  0.000000    9.500000   clock reconvergence pessimism
                                 -2.000000    7.500000   output external delay
                                              7.500000   data required time
---------------------------------------------------------------------------------------------
                                              7.500000   data required time
                                             -1.692112   data arrival time
---------------------------------------------------------------------------------------------
                                              5.807889   slack (MET)


Startpoint: _40_ (rising edge-triggered flip-flop clocked by clk)
Endpoint: Q[0] (output port clocked by clk)
Path Group: clk
Path Type: max

Fanout         Cap        Slew       Delay        Time   Description
---------------------------------------------------------------------------------------------
                                  0.000000    0.000000   clock clk (rise edge)
                                  0.000000    0.000000   clock source latency
     1    0.010067    0.081590    0.052779    0.052779 ^ clk (in)
                                                         clk (net)
                      0.081591    0.000000    0.052779 ^ clkbuf_0_clk/A (sky130_fd_sc_hd__clkbuf_16)
     2    0.019718    0.067078    0.226337    0.279116 ^ clkbuf_0_clk/X (sky130_fd_sc_hd__clkbuf_16)
                                                         clknet_0_clk (net)
                      0.067093    0.000512    0.279628 ^ clkbuf_1_1__f_clk/A (sky130_fd_sc_hd__clkbuf_16)
     2    0.004047    0.046494    0.194992    0.474620 ^ clkbuf_1_1__f_clk/X (sky130_fd_sc_hd__clkbuf_16)
                                                         clknet_1_1__leaf_clk (net)
                      0.046494    0.000086    0.474707 ^ _40_/CLK (sky130_fd_sc_hd__dfxtp_2)
     2    0.006227    0.075820    0.647965    1.122672 ^ _40_/Q (sky130_fd_sc_hd__dfxtp_2)
                                                         net9 (net)
                      0.075820    0.000102    1.122774 ^ output9/A (sky130_fd_sc_hd__clkdlybuf4s25_1)
     1    0.010715    0.190798    0.553628    1.676402 ^ output9/X (sky130_fd_sc_hd__clkdlybuf4s25_1)
                                                         Q[0] (net)
                      0.190798    0.000195    1.676597 ^ Q[0] (out)
                                              1.676597   data arrival time

                                 10.000000   10.000000   clock clk (rise edge)
                                  0.000000   10.000000   clock network delay (propagated)
                                 -0.500000    9.500000   clock uncertainty
                                  0.000000    9.500000   clock reconvergence pessimism
                                 -2.000000    7.500000   output external delay
                                              7.500000   data required time
---------------------------------------------------------------------------------------------
                                              7.500000   data required time
                                             -1.676597   data arrival time
---------------------------------------------------------------------------------------------
                                              5.823402   slack (MET)



%OL_END_REPORT
%OL_CREATE_REPORT checks.rpt

===========================================================================
report_checks -unconstrained
===========================================================================
======================= nom_ss_100C_1v60 Corner ===================================

Startpoint: mode[1] (input port clocked by clk)
Endpoint: _40_ (rising edge-triggered flip-flop clocked by clk)
Path Group: clk
Path Type: max

Fanout         Cap        Slew       Delay        Time   Description
---------------------------------------------------------------------------------------------
                                  0.000000    0.000000   clock clk (rise edge)
                                  0.000000    0.000000   clock network delay (propagated)
                                  2.000000    2.000000 v input external delay
     1    0.003438    0.020923    0.011251    2.011251 v mode[1] (in)
                                                         mode[1] (net)
                      0.020923    0.000000    2.011251 v input7/A (sky130_fd_sc_hd__clkdlybuf4s25_1)
    11    0.032215    0.438662    0.725582    2.736833 v input7/X (sky130_fd_sc_hd__clkdlybuf4s25_1)
                                                         net7 (net)
                      0.438662    0.000826    2.737659 v _22_/B (sky130_fd_sc_hd__and3_2)
     1    0.004041    0.077457    0.594576    3.332234 v _22_/X (sky130_fd_sc_hd__and3_2)
                                                         _06_ (net)
                      0.077457    0.000132    3.332366 v _26_/B1 (sky130_fd_sc_hd__a211o_2)
     1    0.003852    0.086165    0.580484    3.912850 v _26_/X (sky130_fd_sc_hd__a211o_2)
                                                         _10_ (net)
                      0.086165    0.000118    3.912968 v _27_/B1 (sky130_fd_sc_hd__o221a_2)
     1    0.002783    0.078760    0.466004    4.378972 v _27_/X (sky130_fd_sc_hd__o221a_2)
                                                         _00_ (net)
                      0.078760    0.000078    4.379050 v hold14/A (sky130_fd_sc_hd__dlygate4sd3_1)
     1    0.002058    0.099392    1.114584    5.493634 v hold14/X (sky130_fd_sc_hd__dlygate4sd3_1)
                                                         net14 (net)
                      0.099392    0.000057    5.493691 v _40_/D (sky130_fd_sc_hd__dfxtp_2)
                                              5.493691   data arrival time

                                 10.000000   10.000000   clock clk (rise edge)
                                  0.000000   10.000000   clock source latency
     1    0.010067    0.081590    0.052779   10.052779 ^ clk (in)
                                                         clk (net)
                      0.081591    0.000000   10.052779 ^ clkbuf_0_clk/A (sky130_fd_sc_hd__clkbuf_16)
     2    0.019718    0.067078    0.226336   10.279116 ^ clkbuf_0_clk/X (sky130_fd_sc_hd__clkbuf_16)
                                                         clknet_0_clk (net)
                      0.067093    0.000512   10.279628 ^ clkbuf_1_1__f_clk/A (sky130_fd_sc_hd__clkbuf_16)
     2    0.004047    0.046494    0.194992   10.474621 ^ clkbuf_1_1__f_clk/X (sky130_fd_sc_hd__clkbuf_16)
                                                         clknet_1_1__leaf_clk (net)
                      0.046494    0.000086   10.474707 ^ _40_/CLK (sky130_fd_sc_hd__dfxtp_2)
                                 -0.500000    9.974707   clock uncertainty
                                  0.000000    9.974707   clock reconvergence pessimism
                                 -0.292974    9.681733   library setup time
                                              9.681733   data required time
---------------------------------------------------------------------------------------------
                                              9.681733   data required time
                                             -5.493691   data arrival time
---------------------------------------------------------------------------------------------
                                              4.188042   slack (MET)




===========================================================================
report_checks --slack_max -0.01
============================================================================
======================= nom_ss_100C_1v60 Corner ===================================

No paths found.


===========================================================================
 report_check_types -max_slew -max_cap -max_fanout -violators
============================================================================
======================= nom_ss_100C_1v60 Corner ===================================



===========================================================================
report_parasitic_annotation -report_unannotated
============================================================================
Found 0 unannotated drivers.
Found 0 partially unannotated drivers.

===========================================================================
max slew violation count 0
%OL_METRIC_I design__max_slew_violation__count__corner:nom_ss_100C_1v60 0
max fanout violation count 0
%OL_METRIC_I design__max_fanout_violation__count__corner:nom_ss_100C_1v60 0
max cap violation count 0
%OL_METRIC_I design__max_cap_violation__count__corner:nom_ss_100C_1v60 0
============================================================================

===========================================================================
check_setup -verbose -unconstrained_endpoints -multiple_clock -no_clock -no_input_delay -loops -generated_clocks
===========================================================================
%OL_END_REPORT
%OL_CREATE_REPORT power.rpt

===========================================================================
 report_power
============================================================================
======================= nom_ss_100C_1v60 Corner ===================================

Group                    Internal    Switching      Leakage        Total
                            Power        Power        Power        Power (Watts)
------------------------------------------------------------------------
Sequential           1.387545e-05 7.569618e-07 6.138993e-08 1.469380e-05  19.4%
Combinational        8.106897e-06 4.063500e-06 2.148005e-07 1.238520e-05  16.4%
Clock                4.118605e-05 7.375038e-06 5.923153e-08 4.862032e-05  64.2%
Macro                0.000000e+00 0.000000e+00 0.000000e+00 0.000000e+00   0.0%
Pad                  0.000000e+00 0.000000e+00 0.000000e+00 0.000000e+00   0.0%
------------------------------------------------------------------------
Total                6.316841e-05 1.219550e-05 3.354218e-07 7.569933e-05 100.0%
                            83.4%        16.1%         0.4%
%OL_METRIC_F power__internal__total 6.316840881481767e-5
%OL_METRIC_F power__switching__total 1.2195499948575161e-5
%OL_METRIC_F power__leakage__total 3.3542184496582195e-7
%OL_METRIC_F power__total 7.569933222839609e-5

%OL_END_REPORT
%OL_CREATE_REPORT skew.min.rpt

===========================================================================
Clock Skew (Hold)
============================================================================
%OL_METRIC_F clock__skew__worst_hold__corner:nom_ss_100C_1v60 -0.5019614865842311
======================= nom_ss_100C_1v60 Corner ===================================

Clock clk
0.474715 source latency _41_/CLK ^
-0.476676 target latency _42_/CLK ^
-0.500000 clock uncertainty
0.000000 CRPR
--------------
-0.501961 hold skew

%OL_END_REPORT
%OL_CREATE_REPORT skew.max.rpt

===========================================================================
Clock Skew (Setup)
============================================================================
%OL_METRIC_F clock__skew__worst_setup__corner:nom_ss_100C_1v60 0.5019614865842311
======================= nom_ss_100C_1v60 Corner ===================================

Clock clk
0.476676 source latency _42_/CLK ^
-0.474715 target latency _41_/CLK ^
0.500000 clock uncertainty
0.000000 CRPR
--------------
0.501961 setup skew

%OL_END_REPORT
%OL_CREATE_REPORT ws.min.rpt

===========================================================================
Worst Slack (Hold)
============================================================================
%OL_METRIC_F timing__hold__ws__corner:nom_ss_100C_1v60 0.4148543848093064
nom_ss_100C_1v60: 0.4148543848093064
%OL_END_REPORT
%OL_CREATE_REPORT ws.max.rpt

===========================================================================
Worst Slack (Setup)
============================================================================
%OL_METRIC_F timing__setup__ws__corner:nom_ss_100C_1v60 4.188042031712634
nom_ss_100C_1v60: 4.188042031712634
%OL_END_REPORT
%OL_CREATE_REPORT tns.min.rpt

===========================================================================
Total Negative Slack (Hold)
============================================================================
%OL_METRIC_F timing__hold__tns__corner:nom_ss_100C_1v60 0.0
nom_ss_100C_1v60: 0.0
%OL_END_REPORT
%OL_CREATE_REPORT tns.max.rpt

===========================================================================
Total Negative Slack (Setup)
============================================================================
%OL_METRIC_F timing__setup__tns__corner:nom_ss_100C_1v60 0.0
nom_ss_100C_1v60: 0.0
%OL_END_REPORT
%OL_CREATE_REPORT wns.min.rpt

===========================================================================
Worst Negative Slack (Hold)
============================================================================
%OL_METRIC_F timing__hold__wns__corner:nom_ss_100C_1v60 0
nom_ss_100C_1v60: 0
%OL_END_REPORT
%OL_CREATE_REPORT wns.max.rpt

===========================================================================
Worst Negative Slack (Setup)
============================================================================
%OL_METRIC_F timing__setup__wns__corner:nom_ss_100C_1v60 0.0
nom_ss_100C_1v60: 0.0
%OL_END_REPORT
%OL_CREATE_REPORT violator_list.rpt

===========================================================================
Violator List
============================================================================
%OL_METRIC_I timing__hold_vio__count__corner:nom_ss_100C_1v60 0
%OL_METRIC_F timing__hold_r2r__ws__corner:nom_ss_100C_1v60 inf
%OL_METRIC_I timing__hold_r2r_vio__count__corner:nom_ss_100C_1v60 0
%OL_METRIC_I timing__setup_vio__count__corner:nom_ss_100C_1v60 0
%OL_METRIC_F timing__setup_r2r__ws__corner:nom_ss_100C_1v60 inf
%OL_METRIC_I timing__setup_r2r_vio__count__corner:nom_ss_100C_1v60 0
%OL_END_REPORT
%OL_CREATE_REPORT unpropagated.rpt
%OL_END_REPORT
%OL_CREATE_REPORT clock.rpt
Clock: clk
Sources: clk 
Generated: no
Virtual: yes
Propagated: no
Period: 10.000000

===========================================================================
report_clock_properties
============================================================================
Clock                   Period          Waveform
----------------------------------------------------
clk                  10.000000    0.000000  5.000000

===========================================================================
report_clock_latency
============================================================================
Clock clk
rise -> rise
    min     max
0.000000 0.000000 source latency
0.474707         network latency _40_/CLK
        0.476682 network latency _43_/CLK
---------------
0.474707 0.476682 latency
        0.001975 skew

fall -> fall
    min     max
0.000000 0.000000 source latency
0.500250         network latency _40_/CLK
        0.501978 network latency _43_/CLK
---------------
0.500250 0.501978 latency
        0.001728 skew



===========================================================================
report_clock_min_period
============================================================================
clk period_min = 4.63 fmax = 216.04
%OL_END_REPORT
Writing SDF files for all corners…
Removing Clock latencies before writing libs…
Writing timing models for all corners…
Writing timing models for the nom_ss_100C_1v60 corner to /home/hk/pd_projects/runs/RUN_2026-06-03_20-47-43/55-openroad-stapostpnr/nom_ss_100C_1v60/u_s_r__nom_ss_100C_1v60.lib…
