
===========================================================================
report_checks -unconstrained
===========================================================================
======================= min_ff_n40C_1v95 Corner ===================================

Startpoint: mode[1] (input port clocked by clk)
Endpoint: _40_ (rising edge-triggered flip-flop clocked by clk)
Path Group: clk
Path Type: max

Fanout         Cap        Slew       Delay        Time   Description
---------------------------------------------------------------------------------------------
                                  0.000000    0.000000   clock clk (rise edge)
                                  0.000000    0.000000   clock network delay (propagated)
                                  2.000000    2.000000 ^ input external delay
     1    0.004258    0.019129    0.011056    2.011056 ^ mode[1] (in)
                                                         mode[1] (net)
                      0.019129    0.000000    2.011056 ^ input7/A (sky130_fd_sc_hd__clkdlybuf4s25_1)
    11    0.033015    0.250196    0.308890    2.319946 ^ input7/X (sky130_fd_sc_hd__clkdlybuf4s25_1)
                                                         net7 (net)
                      0.250196    0.000233    2.320179 ^ _20_/A (sky130_fd_sc_hd__inv_2)
     4    0.014443    0.065674    0.044841    2.365020 v _20_/Y (sky130_fd_sc_hd__inv_2)
                                                         _04_ (net)
                      0.065675    0.000188    2.365208 v _26_/A2 (sky130_fd_sc_hd__a211o_2)
     1    0.002741    0.032836    0.208424    2.573632 v _26_/X (sky130_fd_sc_hd__a211o_2)
                                                         _10_ (net)
                      0.032836    0.000025    2.573657 v _27_/B1 (sky130_fd_sc_hd__o221a_2)
     1    0.001998    0.029492    0.141654    2.715312 v _27_/X (sky130_fd_sc_hd__o221a_2)
                                                         _00_ (net)
                      0.029492    0.000018    2.715329 v hold16/A (sky130_fd_sc_hd__dlygate4sd3_1)
     1    0.002448    0.036903    0.357222    3.072551 v hold16/X (sky130_fd_sc_hd__dlygate4sd3_1)
                                                         net16 (net)
                      0.036903    0.000024    3.072575 v _40_/D (sky130_fd_sc_hd__dfxtp_2)
                                              3.072575   data arrival time

                                 10.000000   10.000000   clock clk (rise edge)
                                  0.000000   10.000000   clock source latency
     1    0.010450    0.040043    0.026200   10.026200 ^ clk (in)
                                                         clk (net)
                      0.040044    0.000000   10.026200 ^ clkbuf_0_clk/A (sky130_fd_sc_hd__clkbuf_16)
     2    0.019071    0.030568    0.086466   10.112666 ^ clkbuf_0_clk/X (sky130_fd_sc_hd__clkbuf_16)
                                                         clknet_0_clk (net)
                      0.030568    0.000257   10.112924 ^ clkbuf_1_0__f_clk/A (sky130_fd_sc_hd__clkbuf_16)
     2    0.005540    0.021362    0.074077   10.187000 ^ clkbuf_1_0__f_clk/X (sky130_fd_sc_hd__clkbuf_16)
                                                         clknet_1_0__leaf_clk (net)
                      0.021362    0.000039   10.187039 ^ _40_/CLK (sky130_fd_sc_hd__dfxtp_2)
                                 -0.500000    9.687039   clock uncertainty
                                  0.000000    9.687039   clock reconvergence pessimism
                                 -0.073999    9.613040   library setup time
                                              9.613040   data required time
---------------------------------------------------------------------------------------------
                                              9.613040   data required time
                                             -3.072575   data arrival time
---------------------------------------------------------------------------------------------
                                              6.540464   slack (MET)




===========================================================================
report_checks --slack_max -0.01
============================================================================
======================= min_ff_n40C_1v95 Corner ===================================

No paths found.


===========================================================================
 report_check_types -max_slew -max_cap -max_fanout -violators
============================================================================
======================= min_ff_n40C_1v95 Corner ===================================



===========================================================================
report_parasitic_annotation -report_unannotated
============================================================================
Found 0 unannotated drivers.
Found 0 partially unannotated drivers.

===========================================================================
max slew violation count 0
max fanout violation count 0
max cap violation count 0
============================================================================

===========================================================================
check_setup -verbose -unconstrained_endpoints -multiple_clock -no_clock -no_input_delay -loops -generated_clocks
===========================================================================
