Clock: clk
Sources: clk 
Generated: no
Virtual: yes
Propagated: no
Period: 10.000000

===========================================================================
report_clock_properties
============================================================================
Clock                   Period          Waveform
----------------------------------------------------
clk                  10.000000    0.000000  5.000000

===========================================================================
report_clock_latency
============================================================================
Clock clk
rise -> rise
    min     max
0.000000 0.000000 source latency
0.186661         network latency _42_/CLK
        0.187058 network latency _43_/CLK
---------------
0.186661 0.187058 latency
        0.000397 skew

fall -> fall
    min     max
0.000000 0.000000 source latency
0.187304         network latency _42_/CLK
        0.187668 network latency _43_/CLK
---------------
0.187304 0.187668 latency
        0.000363 skew



===========================================================================
report_clock_min_period
============================================================================
clk period_min = 1.78 fmax = 560.61
