
===========================================================================
report_checks -path_delay max (Setup)
============================================================================
======================= min_ff_n40C_1v95 Corner ===================================

Startpoint: mode[1] (input port clocked by clk)
Endpoint: _40_ (rising edge-triggered flip-flop clocked by clk)
Path Group: clk
Path Type: max

Fanout         Cap        Slew       Delay        Time   Description
---------------------------------------------------------------------------------------------
                                  0.000000    0.000000   clock clk (rise edge)
                                  0.000000    0.000000   clock network delay (propagated)
                                  2.000000    2.000000 ^ input external delay
     1    0.004258    0.019129    0.011056    2.011056 ^ mode[1] (in)
                                                         mode[1] (net)
                      0.019129    0.000000    2.011056 ^ input7/A (sky130_fd_sc_hd__clkdlybuf4s25_1)
    11    0.033015    0.250196    0.308890    2.319946 ^ input7/X (sky130_fd_sc_hd__clkdlybuf4s25_1)
                                                         net7 (net)
                      0.250196    0.000233    2.320179 ^ _20_/A (sky130_fd_sc_hd__inv_2)
     4    0.014443    0.065674    0.044841    2.365020 v _20_/Y (sky130_fd_sc_hd__inv_2)
                                                         _04_ (net)
                      0.065675    0.000188    2.365208 v _26_/A2 (sky130_fd_sc_hd__a211o_2)
     1    0.002741    0.032836    0.208424    2.573632 v _26_/X (sky130_fd_sc_hd__a211o_2)
                                                         _10_ (net)
                      0.032836    0.000025    2.573657 v _27_/B1 (sky130_fd_sc_hd__o221a_2)
     1    0.001998    0.029492    0.141654    2.715312 v _27_/X (sky130_fd_sc_hd__o221a_2)
                                                         _00_ (net)
                      0.029492    0.000018    2.715329 v hold16/A (sky130_fd_sc_hd__dlygate4sd3_1)
     1    0.002448    0.036903    0.357222    3.072551 v hold16/X (sky130_fd_sc_hd__dlygate4sd3_1)
                                                         net16 (net)
                      0.036903    0.000024    3.072575 v _40_/D (sky130_fd_sc_hd__dfxtp_2)
                                              3.072575   data arrival time

                                 10.000000   10.000000   clock clk (rise edge)
                                  0.000000   10.000000   clock source latency
     1    0.010450    0.040043    0.026200   10.026200 ^ clk (in)
                                                         clk (net)
                      0.040044    0.000000   10.026200 ^ clkbuf_0_clk/A (sky130_fd_sc_hd__clkbuf_16)
     2    0.019071    0.030568    0.086466   10.112666 ^ clkbuf_0_clk/X (sky130_fd_sc_hd__clkbuf_16)
                                                         clknet_0_clk (net)
                      0.030568    0.000257   10.112924 ^ clkbuf_1_0__f_clk/A (sky130_fd_sc_hd__clkbuf_16)
     2    0.005540    0.021362    0.074077   10.187000 ^ clkbuf_1_0__f_clk/X (sky130_fd_sc_hd__clkbuf_16)
                                                         clknet_1_0__leaf_clk (net)
                      0.021362    0.000039   10.187039 ^ _40_/CLK (sky130_fd_sc_hd__dfxtp_2)
                                 -0.500000    9.687039   clock uncertainty
                                  0.000000    9.687039   clock reconvergence pessimism
                                 -0.073999    9.613040   library setup time
                                              9.613040   data required time
---------------------------------------------------------------------------------------------
                                              9.613040   data required time
                                             -3.072575   data arrival time
---------------------------------------------------------------------------------------------
                                              6.540464   slack (MET)


Startpoint: mode[1] (input port clocked by clk)
Endpoint: _43_ (rising edge-triggered flip-flop clocked by clk)
Path Group: clk
Path Type: max

Fanout         Cap        Slew       Delay        Time   Description
---------------------------------------------------------------------------------------------
                                  0.000000    0.000000   clock clk (rise edge)
                                  0.000000    0.000000   clock network delay (propagated)
                                  2.000000    2.000000 ^ input external delay
     1    0.004258    0.019129    0.011056    2.011056 ^ mode[1] (in)
                                                         mode[1] (net)
                      0.019129    0.000000    2.011056 ^ input7/A (sky130_fd_sc_hd__clkdlybuf4s25_1)
    11    0.033015    0.250196    0.308890    2.319946 ^ input7/X (sky130_fd_sc_hd__clkdlybuf4s25_1)
                                                         net7 (net)
                      0.250196    0.000233    2.320179 ^ _20_/A (sky130_fd_sc_hd__inv_2)
     4    0.014443    0.065674    0.044841    2.365020 v _20_/Y (sky130_fd_sc_hd__inv_2)
                                                         _04_ (net)
                      0.065676    0.000237    2.365257 v _38_/A1 (sky130_fd_sc_hd__a211o_2)
     1    0.004876    0.038337    0.193269    2.558526 v _38_/X (sky130_fd_sc_hd__a211o_2)
                                                         _19_ (net)
                      0.038337    0.000081    2.558607 v _39_/B2 (sky130_fd_sc_hd__o221a_2)
     1    0.002715    0.031082    0.133959    2.692566 v _39_/X (sky130_fd_sc_hd__o221a_2)
                                                         _03_ (net)
                      0.031082    0.000028    2.692594 v hold14/A (sky130_fd_sc_hd__dlygate4sd3_1)
     1    0.002060    0.035529    0.355494    3.048088 v hold14/X (sky130_fd_sc_hd__dlygate4sd3_1)
                                                         net14 (net)
                      0.035529    0.000017    3.048105 v _43_/D (sky130_fd_sc_hd__dfxtp_2)
                                              3.048105   data arrival time

                                 10.000000   10.000000   clock clk (rise edge)
                                  0.000000   10.000000   clock source latency
     1    0.010450    0.040043    0.026200   10.026200 ^ clk (in)
                                                         clk (net)
                      0.040044    0.000000   10.026200 ^ clkbuf_0_clk/A (sky130_fd_sc_hd__clkbuf_16)
     2    0.019071    0.030568    0.086466   10.112666 ^ clkbuf_0_clk/X (sky130_fd_sc_hd__clkbuf_16)
                                                         clknet_0_clk (net)
                      0.030568    0.000257   10.112924 ^ clkbuf_1_0__f_clk/A (sky130_fd_sc_hd__clkbuf_16)
     2    0.005540    0.021362    0.074077   10.187000 ^ clkbuf_1_0__f_clk/X (sky130_fd_sc_hd__clkbuf_16)
                                                         clknet_1_0__leaf_clk (net)
                      0.021362    0.000058   10.187057 ^ _43_/CLK (sky130_fd_sc_hd__dfxtp_2)
                                 -0.500000    9.687057   clock uncertainty
                                  0.000000    9.687057   clock reconvergence pessimism
                                 -0.073509    9.613549   library setup time
                                              9.613549   data required time
---------------------------------------------------------------------------------------------
                                              9.613549   data required time
                                             -3.048105   data arrival time
---------------------------------------------------------------------------------------------
                                              6.565444   slack (MET)


Startpoint: mode[1] (input port clocked by clk)
Endpoint: _41_ (rising edge-triggered flip-flop clocked by clk)
Path Group: clk
Path Type: max

Fanout         Cap        Slew       Delay        Time   Description
---------------------------------------------------------------------------------------------
                                  0.000000    0.000000   clock clk (rise edge)
                                  0.000000    0.000000   clock network delay (propagated)
                                  2.000000    2.000000 ^ input external delay
     1    0.004258    0.019129    0.011056    2.011056 ^ mode[1] (in)
                                                         mode[1] (net)
                      0.019129    0.000000    2.011056 ^ input7/A (sky130_fd_sc_hd__clkdlybuf4s25_1)
    11    0.033015    0.250196    0.308890    2.319946 ^ input7/X (sky130_fd_sc_hd__clkdlybuf4s25_1)
                                                         net7 (net)
                      0.250196    0.000204    2.320150 ^ _29_/A_N (sky130_fd_sc_hd__nand2b_2)
     1    0.002745    0.029738    0.099866    2.420016 ^ _29_/Y (sky130_fd_sc_hd__nand2b_2)
                                                         _12_ (net)
                      0.029738    0.000029    2.420046 ^ _30_/A2_N (sky130_fd_sc_hd__o2bb2a_2)
     1    0.002587    0.030069    0.116671    2.536716 v _30_/X (sky130_fd_sc_hd__o2bb2a_2)
                                                         _13_ (net)
                      0.030069    0.000023    2.536739 v _31_/B2 (sky130_fd_sc_hd__o221a_2)
     1    0.002937    0.031568    0.131891    2.668630 v _31_/X (sky130_fd_sc_hd__o221a_2)
                                                         _01_ (net)
                      0.031568    0.000033    2.668663 v hold18/A (sky130_fd_sc_hd__dlygate4sd3_1)
     1    0.002023    0.035391    0.355453    3.024116 v hold18/X (sky130_fd_sc_hd__dlygate4sd3_1)
                                                         net18 (net)
                      0.035391    0.000017    3.024132 v _41_/D (sky130_fd_sc_hd__dfxtp_2)
                                              3.024132   data arrival time

                                 10.000000   10.000000   clock clk (rise edge)
                                  0.000000   10.000000   clock source latency
     1    0.010450    0.040043    0.026200   10.026200 ^ clk (in)
                                                         clk (net)
                      0.040044    0.000000   10.026200 ^ clkbuf_0_clk/A (sky130_fd_sc_hd__clkbuf_16)
     2    0.019071    0.030568    0.086466   10.112666 ^ clkbuf_0_clk/X (sky130_fd_sc_hd__clkbuf_16)
                                                         clknet_0_clk (net)
                      0.030568    0.000249   10.112915 ^ clkbuf_1_1__f_clk/A (sky130_fd_sc_hd__clkbuf_16)
     2    0.005101    0.021057    0.073700   10.186615 ^ clkbuf_1_1__f_clk/X (sky130_fd_sc_hd__clkbuf_16)
                                                         clknet_1_1__leaf_clk (net)
                      0.021057    0.000053   10.186668 ^ _41_/CLK (sky130_fd_sc_hd__dfxtp_2)
                                 -0.500000    9.686668   clock uncertainty
                                  0.000000    9.686668   clock reconvergence pessimism
                                 -0.073489    9.613180   library setup time
                                              9.613180   data required time
---------------------------------------------------------------------------------------------
                                              9.613180   data required time
                                             -3.024132   data arrival time
---------------------------------------------------------------------------------------------
                                              6.589048   slack (MET)


Startpoint: mode[1] (input port clocked by clk)
Endpoint: _42_ (rising edge-triggered flip-flop clocked by clk)
Path Group: clk
Path Type: max

Fanout         Cap        Slew       Delay        Time   Description
---------------------------------------------------------------------------------------------
                                  0.000000    0.000000   clock clk (rise edge)
                                  0.000000    0.000000   clock network delay (propagated)
                                  2.000000    2.000000 ^ input external delay
     1    0.004258    0.019129    0.011056    2.011056 ^ mode[1] (in)
                                                         mode[1] (net)
                      0.019129    0.000000    2.011056 ^ input7/A (sky130_fd_sc_hd__clkdlybuf4s25_1)
    11    0.033015    0.250196    0.308890    2.319946 ^ input7/X (sky130_fd_sc_hd__clkdlybuf4s25_1)
                                                         net7 (net)
                      0.250196    0.000233    2.320179 ^ _20_/A (sky130_fd_sc_hd__inv_2)
     4    0.014443    0.065674    0.044841    2.365020 v _20_/Y (sky130_fd_sc_hd__inv_2)
                                                         _04_ (net)
                      0.065674    0.000068    2.365088 v _34_/A2 (sky130_fd_sc_hd__a2111o_2)
     1    0.006632    0.051205    0.300142    2.665230 v _34_/X (sky130_fd_sc_hd__a2111o_2)
                                                         _16_ (net)
                      0.051205    0.000061    2.665291 v _35_/B1 (sky130_fd_sc_hd__o211a_2)
     1    0.003169    0.030652    0.089769    2.755060 v _35_/X (sky130_fd_sc_hd__o211a_2)
                                                         _02_ (net)
                      0.030652    0.000042    2.755102 v _42_/D (sky130_fd_sc_hd__dfxtp_2)
                                              2.755102   data arrival time

                                 10.000000   10.000000   clock clk (rise edge)
                                  0.000000   10.000000   clock source latency
     1    0.010450    0.040043    0.026200   10.026200 ^ clk (in)
                                                         clk (net)
                      0.040044    0.000000   10.026200 ^ clkbuf_0_clk/A (sky130_fd_sc_hd__clkbuf_16)
     2    0.019071    0.030568    0.086466   10.112666 ^ clkbuf_0_clk/X (sky130_fd_sc_hd__clkbuf_16)
                                                         clknet_0_clk (net)
                      0.030568    0.000249   10.112915 ^ clkbuf_1_1__f_clk/A (sky130_fd_sc_hd__clkbuf_16)
     2    0.005101    0.021057    0.073700   10.186615 ^ clkbuf_1_1__f_clk/X (sky130_fd_sc_hd__clkbuf_16)
                                                         clknet_1_1__leaf_clk (net)
                      0.021057    0.000046   10.186662 ^ _42_/CLK (sky130_fd_sc_hd__dfxtp_2)
                                 -0.500000    9.686662   clock uncertainty
                                  0.000000    9.686662   clock reconvergence pessimism
                                 -0.071795    9.614865   library setup time
                                              9.614865   data required time
---------------------------------------------------------------------------------------------
                                              9.614865   data required time
                                             -2.755102   data arrival time
---------------------------------------------------------------------------------------------
                                              6.859764   slack (MET)


Startpoint: _42_ (rising edge-triggered flip-flop clocked by clk)
Endpoint: Q[2] (output port clocked by clk)
Path Group: clk
Path Type: max

Fanout         Cap        Slew       Delay        Time   Description
---------------------------------------------------------------------------------------------
                                  0.000000    0.000000   clock clk (rise edge)
                                  0.000000    0.000000   clock source latency
     1    0.010450    0.040043    0.026200    0.026200 ^ clk (in)
                                                         clk (net)
                      0.040044    0.000000    0.026200 ^ clkbuf_0_clk/A (sky130_fd_sc_hd__clkbuf_16)
     2    0.019071    0.030568    0.086466    0.112666 ^ clkbuf_0_clk/X (sky130_fd_sc_hd__clkbuf_16)
                                                         clknet_0_clk (net)
                      0.030568    0.000248    0.112915 ^ clkbuf_1_1__f_clk/A (sky130_fd_sc_hd__clkbuf_16)
     2    0.005101    0.021057    0.073701    0.186615 ^ clkbuf_1_1__f_clk/X (sky130_fd_sc_hd__clkbuf_16)
                                                         clknet_1_1__leaf_clk (net)
                      0.021057    0.000046    0.186661 ^ _42_/CLK (sky130_fd_sc_hd__dfxtp_2)
     4    0.012957    0.055595    0.211929    0.398590 ^ _42_/Q (sky130_fd_sc_hd__dfxtp_2)
                                                         net11 (net)
                      0.055595    0.000112    0.398702 ^ output11/A (sky130_fd_sc_hd__clkdlybuf4s25_1)
     1    0.011431    0.092742    0.209101    0.607803 ^ output11/X (sky130_fd_sc_hd__clkdlybuf4s25_1)
                                                         Q[2] (net)
                      0.092742    0.000141    0.607944 ^ Q[2] (out)
                                              0.607944   data arrival time

                                 10.000000   10.000000   clock clk (rise edge)
                                  0.000000   10.000000   clock network delay (propagated)
                                 -0.500000    9.500000   clock uncertainty
                                  0.000000    9.500000   clock reconvergence pessimism
                                 -2.000000    7.500000   output external delay
                                              7.500000   data required time
---------------------------------------------------------------------------------------------
                                              7.500000   data required time
                                             -0.607944   data arrival time
---------------------------------------------------------------------------------------------
                                              6.892056   slack (MET)


Startpoint: _41_ (rising edge-triggered flip-flop clocked by clk)
Endpoint: Q[1] (output port clocked by clk)
Path Group: clk
Path Type: max

Fanout         Cap        Slew       Delay        Time   Description
---------------------------------------------------------------------------------------------
                                  0.000000    0.000000   clock clk (rise edge)
                                  0.000000    0.000000   clock source latency
     1    0.010450    0.040043    0.026200    0.026200 ^ clk (in)
                                                         clk (net)
                      0.040044    0.000000    0.026200 ^ clkbuf_0_clk/A (sky130_fd_sc_hd__clkbuf_16)
     2    0.019071    0.030568    0.086466    0.112666 ^ clkbuf_0_clk/X (sky130_fd_sc_hd__clkbuf_16)
                                                         clknet_0_clk (net)
                      0.030568    0.000248    0.112915 ^ clkbuf_1_1__f_clk/A (sky130_fd_sc_hd__clkbuf_16)
     2    0.005101    0.021057    0.073701    0.186615 ^ clkbuf_1_1__f_clk/X (sky130_fd_sc_hd__clkbuf_16)
                                                         clknet_1_1__leaf_clk (net)
                      0.021057    0.000054    0.186669 ^ _41_/CLK (sky130_fd_sc_hd__dfxtp_2)
     3    0.011385    0.050146    0.207679    0.394348 ^ _41_/Q (sky130_fd_sc_hd__dfxtp_2)
                                                         net10 (net)
                      0.050146    0.000172    0.394520 ^ output10/A (sky130_fd_sc_hd__clkdlybuf4s25_1)
     1    0.012411    0.099851    0.212766    0.607286 ^ output10/X (sky130_fd_sc_hd__clkdlybuf4s25_1)
                                                         Q[1] (net)
                      0.099851    0.000107    0.607393 ^ Q[1] (out)
                                              0.607393   data arrival time

                                 10.000000   10.000000   clock clk (rise edge)
                                  0.000000   10.000000   clock network delay (propagated)
                                 -0.500000    9.500000   clock uncertainty
                                  0.000000    9.500000   clock reconvergence pessimism
                                 -2.000000    7.500000   output external delay
                                              7.500000   data required time
---------------------------------------------------------------------------------------------
                                              7.500000   data required time
                                             -0.607393   data arrival time
---------------------------------------------------------------------------------------------
                                              6.892607   slack (MET)


Startpoint: _40_ (rising edge-triggered flip-flop clocked by clk)
Endpoint: Q[0] (output port clocked by clk)
Path Group: clk
Path Type: max

Fanout         Cap        Slew       Delay        Time   Description
---------------------------------------------------------------------------------------------
                                  0.000000    0.000000   clock clk (rise edge)
                                  0.000000    0.000000   clock source latency
     1    0.010450    0.040043    0.026200    0.026200 ^ clk (in)
                                                         clk (net)
                      0.040044    0.000000    0.026200 ^ clkbuf_0_clk/A (sky130_fd_sc_hd__clkbuf_16)
     2    0.019071    0.030568    0.086466    0.112666 ^ clkbuf_0_clk/X (sky130_fd_sc_hd__clkbuf_16)
                                                         clknet_0_clk (net)
                      0.030568    0.000257    0.112923 ^ clkbuf_1_0__f_clk/A (sky130_fd_sc_hd__clkbuf_16)
     2    0.005540    0.021362    0.074077    0.187000 ^ clkbuf_1_0__f_clk/X (sky130_fd_sc_hd__clkbuf_16)
                                                         clknet_1_0__leaf_clk (net)
                      0.021362    0.000039    0.187039 ^ _40_/CLK (sky130_fd_sc_hd__dfxtp_2)
     2    0.007524    0.036857    0.197520    0.384559 ^ _40_/Q (sky130_fd_sc_hd__dfxtp_2)
                                                         net9 (net)
                      0.036857    0.000092    0.384651 ^ output9/A (sky130_fd_sc_hd__clkdlybuf4s25_1)
     1    0.011100    0.090438    0.202303    0.586954 ^ output9/X (sky130_fd_sc_hd__clkdlybuf4s25_1)
                                                         Q[0] (net)
                      0.090438    0.000088    0.587042 ^ Q[0] (out)
                                              0.587042   data arrival time

                                 10.000000   10.000000   clock clk (rise edge)
                                  0.000000   10.000000   clock network delay (propagated)
                                 -0.500000    9.500000   clock uncertainty
                                  0.000000    9.500000   clock reconvergence pessimism
                                 -2.000000    7.500000   output external delay
                                              7.500000   data required time
---------------------------------------------------------------------------------------------
                                              7.500000   data required time
                                             -0.587042   data arrival time
---------------------------------------------------------------------------------------------
                                              6.912959   slack (MET)


Startpoint: _43_ (rising edge-triggered flip-flop clocked by clk)
Endpoint: Q[3] (output port clocked by clk)
Path Group: clk
Path Type: max

Fanout         Cap        Slew       Delay        Time   Description
---------------------------------------------------------------------------------------------
                                  0.000000    0.000000   clock clk (rise edge)
                                  0.000000    0.000000   clock source latency
     1    0.010450    0.040043    0.026200    0.026200 ^ clk (in)
                                                         clk (net)
                      0.040044    0.000000    0.026200 ^ clkbuf_0_clk/A (sky130_fd_sc_hd__clkbuf_16)
     2    0.019071    0.030568    0.086466    0.112666 ^ clkbuf_0_clk/X (sky130_fd_sc_hd__clkbuf_16)
                                                         clknet_0_clk (net)
                      0.030568    0.000257    0.112923 ^ clkbuf_1_0__f_clk/A (sky130_fd_sc_hd__clkbuf_16)
     2    0.005540    0.021362    0.074077    0.187000 ^ clkbuf_1_0__f_clk/X (sky130_fd_sc_hd__clkbuf_16)
                                                         clknet_1_0__leaf_clk (net)
                      0.021362    0.000058    0.187058 ^ _43_/CLK (sky130_fd_sc_hd__dfxtp_2)
     2    0.005641    0.030567    0.192489    0.379547 ^ _43_/Q (sky130_fd_sc_hd__dfxtp_2)
                                                         net12 (net)
                      0.030567    0.000070    0.379617 ^ output12/A (sky130_fd_sc_hd__clkdlybuf4s25_1)
     1    0.011817    0.095677    0.204123    0.583739 ^ output12/X (sky130_fd_sc_hd__clkdlybuf4s25_1)
                                                         Q[3] (net)
                      0.095677    0.000142    0.583881 ^ Q[3] (out)
                                              0.583881   data arrival time

                                 10.000000   10.000000   clock clk (rise edge)
                                  0.000000   10.000000   clock network delay (propagated)
                                 -0.500000    9.500000   clock uncertainty
                                  0.000000    9.500000   clock reconvergence pessimism
                                 -2.000000    7.500000   output external delay
                                              7.500000   data required time
---------------------------------------------------------------------------------------------
                                              7.500000   data required time
                                             -0.583881   data arrival time
---------------------------------------------------------------------------------------------
                                              6.916119   slack (MET)



