Clock: clk
Sources: clk 
Generated: no
Virtual: yes
Propagated: no
Period: 10.000000

===========================================================================
report_clock_properties
============================================================================
Clock                   Period          Waveform
----------------------------------------------------
clk                  10.000000    0.000000  5.000000

===========================================================================
report_clock_latency
============================================================================
Clock clk
rise -> rise
    min     max
0.000000 0.000000 source latency
0.184775         network latency _40_/CLK
        0.185613 network latency _43_/CLK
---------------
0.184775 0.185613 latency
        0.000838 skew

fall -> fall
    min     max
0.000000 0.000000 source latency
0.186223         network latency _40_/CLK
        0.186990 network latency _43_/CLK
---------------
0.186223 0.186990 latency
        0.000767 skew



===========================================================================
report_clock_min_period
============================================================================
clk period_min = 1.78 fmax = 562.87
