
===========================================================================
report_checks -unconstrained
===========================================================================
======================= nom_ss_100C_1v60 Corner ===================================

Startpoint: mode[1] (input port clocked by clk)
Endpoint: _40_ (rising edge-triggered flip-flop clocked by clk)
Path Group: clk
Path Type: max

Fanout         Cap        Slew       Delay        Time   Description
---------------------------------------------------------------------------------------------
                      0.000000    0.000000    0.000000   clock clk (rise edge)
                                  0.000000    0.000000   clock network delay (ideal)
                                  2.000000    2.000000 v input external delay
    11    0.020915    0.093220    0.064315    2.064315 v mode[1] (in)
                                                         mode[1] (net)
                      0.093220    0.000000    2.064315 v _22_/B (sky130_fd_sc_hd__and3_2)
     1    0.002258    0.069290    0.403603    2.467917 v _22_/X (sky130_fd_sc_hd__and3_2)
                                                         _06_ (net)
                      0.069290    0.000000    2.467917 v _26_/B1 (sky130_fd_sc_hd__a211o_2)
     1    0.002284    0.078840    0.560943    3.028860 v _26_/X (sky130_fd_sc_hd__a211o_2)
                                                         _10_ (net)
                      0.078840    0.000000    3.028860 v _27_/B1 (sky130_fd_sc_hd__o221a_2)
     1    0.001577    0.071712    0.450469    3.479330 v _27_/X (sky130_fd_sc_hd__o221a_2)
                                                         _00_ (net)
                      0.071712    0.000000    3.479330 v _40_/D (sky130_fd_sc_hd__dfxtp_2)
                                              3.479330   data arrival time

                      0.000000   10.000000   10.000000   clock clk (rise edge)
                                  0.000000   10.000000   clock network delay (ideal)
                                 -0.500000    9.500000   clock uncertainty
                                  0.000000    9.500000   clock reconvergence pessimism
                                              9.500000 ^ _40_/CLK (sky130_fd_sc_hd__dfxtp_2)
                                 -0.294056    9.205945   library setup time
                                              9.205945   data required time
---------------------------------------------------------------------------------------------
                                              9.205945   data required time
                                             -3.479330   data arrival time
---------------------------------------------------------------------------------------------
                                              5.726615   slack (MET)




===========================================================================
report_checks --slack_max -0.01
============================================================================
======================= nom_ss_100C_1v60 Corner ===================================

No paths found.


===========================================================================
 report_check_types -max_slew -max_cap -max_fanout -violators
============================================================================
======================= nom_ss_100C_1v60 Corner ===================================



===========================================================================
report_parasitic_annotation -report_unannotated
============================================================================
Found 33 unannotated drivers.
 D[0]
 D[1]
 D[2]
 D[3]
 S_in
 clk
 mode[0]
 mode[1]
 rst
 _20_/Y
 _21_/Y
 _22_/X
 _23_/X
 _24_/Y
 _25_/X
 _26_/X
 _27_/X
 _28_/X
 _29_/Y
 _30_/X
 _31_/X
 _32_/X
 _33_/X
 _34_/X
 _35_/X
 _36_/X
 _37_/X
 _38_/X
 _39_/X
 _40_/Q
 _41_/Q
 _42_/Q
 _43_/Q
Found 0 partially unannotated drivers.

===========================================================================
max slew violation count 0
max fanout violation count 0
max cap violation count 0
============================================================================

===========================================================================
check_setup -verbose -unconstrained_endpoints -multiple_clock -no_clock -no_input_delay -loops -generated_clocks
===========================================================================
