
===========================================================================
report_checks -path_delay max (Setup)
============================================================================
======================= nom_ss_100C_1v60 Corner ===================================

Startpoint: mode[1] (input port clocked by clk)
Endpoint: _40_ (rising edge-triggered flip-flop clocked by clk)
Path Group: clk
Path Type: max

Fanout         Cap        Slew       Delay        Time   Description
---------------------------------------------------------------------------------------------
                      0.000000    0.000000    0.000000   clock clk (rise edge)
                                  0.000000    0.000000   clock network delay (ideal)
                                  2.000000    2.000000 v input external delay
    11    0.020915    0.093220    0.064315    2.064315 v mode[1] (in)
                                                         mode[1] (net)
                      0.093220    0.000000    2.064315 v _22_/B (sky130_fd_sc_hd__and3_2)
     1    0.002258    0.069290    0.403603    2.467917 v _22_/X (sky130_fd_sc_hd__and3_2)
                                                         _06_ (net)
                      0.069290    0.000000    2.467917 v _26_/B1 (sky130_fd_sc_hd__a211o_2)
     1    0.002284    0.078840    0.560943    3.028860 v _26_/X (sky130_fd_sc_hd__a211o_2)
                                                         _10_ (net)
                      0.078840    0.000000    3.028860 v _27_/B1 (sky130_fd_sc_hd__o221a_2)
     1    0.001577    0.071712    0.450469    3.479330 v _27_/X (sky130_fd_sc_hd__o221a_2)
                                                         _00_ (net)
                      0.071712    0.000000    3.479330 v _40_/D (sky130_fd_sc_hd__dfxtp_2)
                                              3.479330   data arrival time

                      0.000000   10.000000   10.000000   clock clk (rise edge)
                                  0.000000   10.000000   clock network delay (ideal)
                                 -0.500000    9.500000   clock uncertainty
                                  0.000000    9.500000   clock reconvergence pessimism
                                              9.500000 ^ _40_/CLK (sky130_fd_sc_hd__dfxtp_2)
                                 -0.294056    9.205945   library setup time
                                              9.205945   data required time
---------------------------------------------------------------------------------------------
                                              9.205945   data required time
                                             -3.479330   data arrival time
---------------------------------------------------------------------------------------------
                                              5.726615   slack (MET)


Startpoint: mode[1] (input port clocked by clk)
Endpoint: _42_ (rising edge-triggered flip-flop clocked by clk)
Path Group: clk
Path Type: max

Fanout         Cap        Slew       Delay        Time   Description
---------------------------------------------------------------------------------------------
                      0.000000    0.000000    0.000000   clock clk (rise edge)
                                  0.000000    0.000000   clock network delay (ideal)
                                  2.000000    2.000000 v input external delay
    11    0.020915    0.093220    0.064315    2.064315 v mode[1] (in)
                                                         mode[1] (net)
                      0.093220    0.000000    2.064315 v _32_/B (sky130_fd_sc_hd__and3_2)
     1    0.002329    0.069691    0.404231    2.468545 v _32_/X (sky130_fd_sc_hd__and3_2)
                                                         _14_ (net)
                      0.069691    0.000000    2.468545 v _34_/C1 (sky130_fd_sc_hd__a2111o_2)
     1    0.002288    0.105086    0.758307    3.226853 v _34_/X (sky130_fd_sc_hd__a2111o_2)
                                                         _16_ (net)
                      0.105086    0.000000    3.226853 v _35_/B1 (sky130_fd_sc_hd__o211a_2)
     1    0.001577    0.063522    0.243947    3.470800 v _35_/X (sky130_fd_sc_hd__o211a_2)
                                                         _02_ (net)
                      0.063522    0.000000    3.470800 v _42_/D (sky130_fd_sc_hd__dfxtp_2)
                                              3.470800   data arrival time

                      0.000000   10.000000   10.000000   clock clk (rise edge)
                                  0.000000   10.000000   clock network delay (ideal)
                                 -0.500000    9.500000   clock uncertainty
                                  0.000000    9.500000   clock reconvergence pessimism
                                              9.500000 ^ _42_/CLK (sky130_fd_sc_hd__dfxtp_2)
                                 -0.290648    9.209352   library setup time
                                              9.209352   data required time
---------------------------------------------------------------------------------------------
                                              9.209352   data required time
                                             -3.470800   data arrival time
---------------------------------------------------------------------------------------------
                                              5.738553   slack (MET)


Startpoint: mode[1] (input port clocked by clk)
Endpoint: _43_ (rising edge-triggered flip-flop clocked by clk)
Path Group: clk
Path Type: max

Fanout         Cap        Slew       Delay        Time   Description
---------------------------------------------------------------------------------------------
                      0.000000    0.000000    0.000000   clock clk (rise edge)
                                  0.000000    0.000000   clock network delay (ideal)
                                  2.000000    2.000000 v input external delay
    11    0.020915    0.093220    0.064315    2.064315 v mode[1] (in)
                                                         mode[1] (net)
                      0.093220    0.000000    2.064315 v _36_/B (sky130_fd_sc_hd__and3_2)
     1    0.002208    0.069007    0.403160    2.467475 v _36_/X (sky130_fd_sc_hd__and3_2)
                                                         _17_ (net)
                      0.069007    0.000000    2.467475 v _38_/C1 (sky130_fd_sc_hd__a211o_2)
     1    0.002251    0.078630    0.495230    2.962705 v _38_/X (sky130_fd_sc_hd__a211o_2)
                                                         _19_ (net)
                      0.078630    0.000000    2.962705 v _39_/B2 (sky130_fd_sc_hd__o221a_2)
     1    0.001577    0.071712    0.419593    3.382298 v _39_/X (sky130_fd_sc_hd__o221a_2)
                                                         _03_ (net)
                      0.071712    0.000000    3.382298 v _43_/D (sky130_fd_sc_hd__dfxtp_2)
                                              3.382298   data arrival time

                      0.000000   10.000000   10.000000   clock clk (rise edge)
                                  0.000000   10.000000   clock network delay (ideal)
                                 -0.500000    9.500000   clock uncertainty
                                  0.000000    9.500000   clock reconvergence pessimism
                                              9.500000 ^ _43_/CLK (sky130_fd_sc_hd__dfxtp_2)
                                 -0.294056    9.205945   library setup time
                                              9.205945   data required time
---------------------------------------------------------------------------------------------
                                              9.205945   data required time
                                             -3.382298   data arrival time
---------------------------------------------------------------------------------------------
                                              5.823647   slack (MET)


Startpoint: mode[0] (input port clocked by clk)
Endpoint: _41_ (rising edge-triggered flip-flop clocked by clk)
Path Group: clk
Path Type: max

Fanout         Cap        Slew       Delay        Time   Description
---------------------------------------------------------------------------------------------
                      0.000000    0.000000    0.000000   clock clk (rise edge)
                                  0.000000    0.000000   clock network delay (ideal)
                                  2.000000    2.000000 v input external delay
    10    0.016550    0.075087    0.051058    2.051059 v mode[0] (in)
                                                         mode[0] (net)
                      0.075087    0.000000    2.051059 v _25_/A (sky130_fd_sc_hd__or2_2)
     4    0.008947    0.147579    0.714327    2.765386 v _25_/X (sky130_fd_sc_hd__or2_2)
                                                         _09_ (net)
                      0.147579    0.000000    2.765386 v _31_/A2 (sky130_fd_sc_hd__o221a_2)
     1    0.001577    0.071712    0.501070    3.266455 v _31_/X (sky130_fd_sc_hd__o221a_2)
                                                         _01_ (net)
                      0.071712    0.000000    3.266455 v _41_/D (sky130_fd_sc_hd__dfxtp_2)
                                              3.266455   data arrival time

                      0.000000   10.000000   10.000000   clock clk (rise edge)
                                  0.000000   10.000000   clock network delay (ideal)
                                 -0.500000    9.500000   clock uncertainty
                                  0.000000    9.500000   clock reconvergence pessimism
                                              9.500000 ^ _41_/CLK (sky130_fd_sc_hd__dfxtp_2)
                                 -0.294056    9.205945   library setup time
                                              9.205945   data required time
---------------------------------------------------------------------------------------------
                                              9.205945   data required time
                                             -3.266455   data arrival time
---------------------------------------------------------------------------------------------
                                              5.939489   slack (MET)


Startpoint: _42_ (rising edge-triggered flip-flop clocked by clk)
Endpoint: Q[2] (output port clocked by clk)
Path Group: clk
Path Type: max

Fanout         Cap        Slew       Delay        Time   Description
---------------------------------------------------------------------------------------------
                      0.000000    0.000000    0.000000   clock clk (rise edge)
                                  0.000000    0.000000   clock network delay (ideal)
                      0.000000    0.000000    0.000000 ^ _42_/CLK (sky130_fd_sc_hd__dfxtp_2)
     4    0.018639    0.168046    0.699960    0.699960 ^ _42_/Q (sky130_fd_sc_hd__dfxtp_2)
                                                         Q[2] (net)
                      0.168046    0.000000    0.699960 ^ Q[2] (out)
                                              0.699960   data arrival time

                      0.000000   10.000000   10.000000   clock clk (rise edge)
                                  0.000000   10.000000   clock network delay (ideal)
                                 -0.500000    9.500000   clock uncertainty
                                  0.000000    9.500000   clock reconvergence pessimism
                                 -2.000000    7.500000   output external delay
                                              7.500000   data required time
---------------------------------------------------------------------------------------------
                                              7.500000   data required time
                                             -0.699960   data arrival time
---------------------------------------------------------------------------------------------
                                              6.800040   slack (MET)


Startpoint: _41_ (rising edge-triggered flip-flop clocked by clk)
Endpoint: Q[1] (output port clocked by clk)
Path Group: clk
Path Type: max

Fanout         Cap        Slew       Delay        Time   Description
---------------------------------------------------------------------------------------------
                      0.000000    0.000000    0.000000   clock clk (rise edge)
                                  0.000000    0.000000   clock network delay (ideal)
                      0.000000    0.000000    0.000000 ^ _41_/CLK (sky130_fd_sc_hd__dfxtp_2)
     4    0.016451    0.152046    0.687113    0.687113 ^ _41_/Q (sky130_fd_sc_hd__dfxtp_2)
                                                         Q[1] (net)
                      0.152046    0.000000    0.687113 ^ Q[1] (out)
                                              0.687113   data arrival time

                      0.000000   10.000000   10.000000   clock clk (rise edge)
                                  0.000000   10.000000   clock network delay (ideal)
                                 -0.500000    9.500000   clock uncertainty
                                  0.000000    9.500000   clock reconvergence pessimism
                                 -2.000000    7.500000   output external delay
                                              7.500000   data required time
---------------------------------------------------------------------------------------------
                                              7.500000   data required time
                                             -0.687113   data arrival time
---------------------------------------------------------------------------------------------
                                              6.812887   slack (MET)


Startpoint: _43_ (rising edge-triggered flip-flop clocked by clk)
Endpoint: Q[3] (output port clocked by clk)
Path Group: clk
Path Type: max

Fanout         Cap        Slew       Delay        Time   Description
---------------------------------------------------------------------------------------------
                      0.000000    0.000000    0.000000   clock clk (rise edge)
                                  0.000000    0.000000   clock network delay (ideal)
                      0.000000    0.000000    0.000000 ^ _43_/CLK (sky130_fd_sc_hd__dfxtp_2)
     3    0.015050    0.142006    0.678663    0.678663 ^ _43_/Q (sky130_fd_sc_hd__dfxtp_2)
                                                         Q[3] (net)
                      0.142006    0.000000    0.678663 ^ Q[3] (out)
                                              0.678663   data arrival time

                      0.000000   10.000000   10.000000   clock clk (rise edge)
                                  0.000000   10.000000   clock network delay (ideal)
                                 -0.500000    9.500000   clock uncertainty
                                  0.000000    9.500000   clock reconvergence pessimism
                                 -2.000000    7.500000   output external delay
                                              7.500000   data required time
---------------------------------------------------------------------------------------------
                                              7.500000   data required time
                                             -0.678663   data arrival time
---------------------------------------------------------------------------------------------
                                              6.821337   slack (MET)


Startpoint: _40_ (rising edge-triggered flip-flop clocked by clk)
Endpoint: Q[0] (output port clocked by clk)
Path Group: clk
Path Type: max

Fanout         Cap        Slew       Delay        Time   Description
---------------------------------------------------------------------------------------------
                      0.000000    0.000000    0.000000   clock clk (rise edge)
                                  0.000000    0.000000   clock network delay (ideal)
                      0.000000    0.000000    0.000000 ^ _40_/CLK (sky130_fd_sc_hd__dfxtp_2)
     3    0.014444    0.137663    0.675009    0.675009 ^ _40_/Q (sky130_fd_sc_hd__dfxtp_2)
                                                         Q[0] (net)
                      0.137663    0.000000    0.675009 ^ Q[0] (out)
                                              0.675009   data arrival time

                      0.000000   10.000000   10.000000   clock clk (rise edge)
                                  0.000000   10.000000   clock network delay (ideal)
                                 -0.500000    9.500000   clock uncertainty
                                  0.000000    9.500000   clock reconvergence pessimism
                                 -2.000000    7.500000   output external delay
                                              7.500000   data required time
---------------------------------------------------------------------------------------------
                                              7.500000   data required time
                                             -0.675009   data arrival time
---------------------------------------------------------------------------------------------
                                              6.824991   slack (MET)



