                                                                       Cells by Function                                                                        
┏━━━━━━━━━━━━━━━━━━━━━━━━━━━━━━━━━━━━━━━━━━━━━━━━━━━━━━━━━━━━━━━━━━━━━━━━━━━━━━━━━━━━━━━━━━━━━━━━━━━━━━━━━━━━━━━━━━━━━━━━━━━━━━━━━┳━━━━━━━━━━━━━━━━━━━━━━━━━━━━┓
┃ Cell Function                                                                                                                   ┃ Count                      ┃
┡━━━━━━━━━━━━━━━━━━━━━━━━━━━━━━━━━━━━━━━━━━━━━━━━━━━━━━━━━━━━━━━━━━━━━━━━━━━━━━━━━━━━━━━━━━━━━━━━━━━━━━━━━━━━━━━━━━━━━━━━━━━━━━━━━╇━━━━━━━━━━━━━━━━━━━━━━━━━━━━┩
│ sky130_fd_sc_hd__a2111o                                                                                                         │ 1                          │
│ sky130_fd_sc_hd__a211o                                                                                                          │ 2                          │
│ sky130_fd_sc_hd__and3                                                                                                           │ 4                          │
│ sky130_fd_sc_hd__and3b                                                                                                          │ 3                          │
│ sky130_fd_sc_hd__clkbuf                                                                                                         │ 3                          │
│ sky130_fd_sc_hd__clkdlybuf4s25                                                                                                  │ 12                         │
│ sky130_fd_sc_hd__decap                                                                                                          │ 139                        │
│ sky130_fd_sc_hd__dfxtp                                                                                                          │ 4                          │
│ sky130_fd_sc_hd__dlygate4sd3                                                                                                    │ 7                          │
│ sky130_fd_sc_hd__fill                                                                                                           │ 33                         │
│ sky130_fd_sc_hd__inv                                                                                                            │ 2                          │
│ sky130_fd_sc_hd__nand2b                                                                                                         │ 1                          │
│ sky130_fd_sc_hd__nor2                                                                                                           │ 1                          │
│ sky130_fd_sc_hd__o211a                                                                                                          │ 1                          │
│ sky130_fd_sc_hd__o221a                                                                                                          │ 3                          │
│ sky130_fd_sc_hd__o2bb2a                                                                                                         │ 1                          │
│ sky130_fd_sc_hd__or2                                                                                                            │ 1                          │
│ sky130_fd_sc_hd__tapvpwrvgnd                                                                                                    │ 14                         │
└─────────────────────────────────────────────────────────────────────────────────────────────────────────────────────────────────┴────────────────────────────┘
