Clock: clk
Sources: clk 
Generated: no
Virtual: yes
Propagated: no
Period: 10.000000

===========================================================================
report_clock_properties
============================================================================
Clock                   Period          Waveform
----------------------------------------------------
clk                  10.000000    0.000000  5.000000

===========================================================================
report_clock_latency
============================================================================
Clock clk
rise -> rise
    min     max
0.000000 0.000000 source latency
0.186009         network latency _40_/CLK
        0.186949 network latency _43_/CLK
---------------
0.186009 0.186949 latency
        0.000939 skew

fall -> fall
    min     max
0.000000 0.000000 source latency
0.187109         network latency _40_/CLK
        0.187971 network latency _43_/CLK
---------------
0.187109 0.187971 latency
        0.000862 skew



===========================================================================
report_clock_min_period
============================================================================
clk period_min = 1.78 fmax = 561.96
