
===========================================================================
report_checks -path_delay min (Hold)
============================================================================
======================= nom_ff_n40C_1v95 Corner ===================================

Startpoint: rst (input port clocked by clk)
Endpoint: _42_ (rising edge-triggered flip-flop clocked by clk)
Path Group: clk
Path Type: min

Fanout         Cap        Slew       Delay        Time   Description
---------------------------------------------------------------------------------------------
                                  0.000000    0.000000   clock clk (rise edge)
                                  0.000000    0.000000   clock network delay (propagated)
                                  0.500000    0.500000 ^ input external delay
     1    0.003084    0.014932    0.007985    0.507985 ^ rst (in)
                                                         rst (net)
                      0.014937    0.000000    0.507985 ^ input8/A (sky130_fd_sc_hd__clkdlybuf4s25_1)
     1    0.005444    0.050096    0.167063    0.675049 ^ input8/X (sky130_fd_sc_hd__clkdlybuf4s25_1)
                                                         net8 (net)
                      0.050096    0.000173    0.675221 ^ _21_/A (sky130_fd_sc_hd__inv_2)
     4    0.014017    0.029209    0.034124    0.709346 v _21_/Y (sky130_fd_sc_hd__inv_2)
                                                         _05_ (net)
                      0.029224    0.000375    0.709720 v _35_/C1 (sky130_fd_sc_hd__o211a_2)
     1    0.002903    0.016450    0.069633    0.779354 v _35_/X (sky130_fd_sc_hd__o211a_2)
                                                         _02_ (net)
                      0.016450    0.000064    0.779418 v _42_/D (sky130_fd_sc_hd__dfxtp_2)
                                              0.779418   data arrival time

                                  0.000000    0.000000   clock clk (rise edge)
                                  0.000000    0.000000   clock source latency
     1    0.010136    0.038986    0.025465    0.025465 ^ clk (in)
                                                         clk (net)
                      0.038988    0.000000    0.025465 ^ clkbuf_0_clk/A (sky130_fd_sc_hd__clkbuf_16)
     2    0.019856    0.031073    0.086596    0.112062 ^ clkbuf_0_clk/X (sky130_fd_sc_hd__clkbuf_16)
                                                         clknet_0_clk (net)
                      0.031077    0.000564    0.112626 ^ clkbuf_1_0__f_clk/A (sky130_fd_sc_hd__clkbuf_16)
     2    0.005507    0.021343    0.074183    0.186808 ^ clkbuf_1_0__f_clk/X (sky130_fd_sc_hd__clkbuf_16)
                                                         clknet_1_0__leaf_clk (net)
                      0.021343    0.000134    0.186942 ^ _42_/CLK (sky130_fd_sc_hd__dfxtp_2)
                                  0.500000    0.686942   clock uncertainty
                                  0.000000    0.686942   clock reconvergence pessimism
                                 -0.030768    0.656175   library hold time
                                              0.656175   data required time
---------------------------------------------------------------------------------------------
                                              0.656175   data required time
                                             -0.779418   data arrival time
---------------------------------------------------------------------------------------------
                                              0.123243   slack (MET)


Startpoint: _41_ (rising edge-triggered flip-flop clocked by clk)
Endpoint: _40_ (rising edge-triggered flip-flop clocked by clk)
Path Group: clk
Path Type: min

Fanout         Cap        Slew       Delay        Time   Description
---------------------------------------------------------------------------------------------
                                  0.000000    0.000000   clock clk (rise edge)
                                  0.000000    0.000000   clock source latency
     1    0.010136    0.038986    0.025465    0.025465 ^ clk (in)
                                                         clk (net)
                      0.038988    0.000000    0.025465 ^ clkbuf_0_clk/A (sky130_fd_sc_hd__clkbuf_16)
     2    0.019856    0.031073    0.086596    0.112062 ^ clkbuf_0_clk/X (sky130_fd_sc_hd__clkbuf_16)
                                                         clknet_0_clk (net)
                      0.031076    0.000516    0.112577 ^ clkbuf_1_1__f_clk/A (sky130_fd_sc_hd__clkbuf_16)
     2    0.004511    0.020644    0.073335    0.185913 ^ clkbuf_1_1__f_clk/X (sky130_fd_sc_hd__clkbuf_16)
                                                         clknet_1_1__leaf_clk (net)
                      0.020644    0.000105    0.186018 ^ _41_/CLK (sky130_fd_sc_hd__dfxtp_2)
     3    0.013502    0.057442    0.213111    0.399129 ^ _41_/Q (sky130_fd_sc_hd__dfxtp_2)
                                                         net10 (net)
                      0.057445    0.000465    0.399595 ^ _26_/A1 (sky130_fd_sc_hd__a211o_2)
     1    0.004028    0.021230    0.077119    0.476714 ^ _26_/X (sky130_fd_sc_hd__a211o_2)
                                                         _10_ (net)
                      0.021230    0.000124    0.476838 ^ _27_/B1 (sky130_fd_sc_hd__o221a_2)
     1    0.003113    0.025045    0.084782    0.561619 ^ _27_/X (sky130_fd_sc_hd__o221a_2)
                                                         _00_ (net)
                      0.025045    0.000090    0.561709 ^ hold14/A (sky130_fd_sc_hd__dlygate4sd3_1)
     1    0.002229    0.033990    0.365837    0.927546 ^ hold14/X (sky130_fd_sc_hd__dlygate4sd3_1)
                                                         net14 (net)
                      0.033990    0.000062    0.927608 ^ _40_/D (sky130_fd_sc_hd__dfxtp_2)
                                              0.927608   data arrival time

                                  0.000000    0.000000   clock clk (rise edge)
                                  0.000000    0.000000   clock source latency
     1    0.010136    0.038986    0.025465    0.025465 ^ clk (in)
                                                         clk (net)
                      0.038988    0.000000    0.025465 ^ clkbuf_0_clk/A (sky130_fd_sc_hd__clkbuf_16)
     2    0.019856    0.031073    0.086596    0.112062 ^ clkbuf_0_clk/X (sky130_fd_sc_hd__clkbuf_16)
                                                         clknet_0_clk (net)
                      0.031076    0.000516    0.112577 ^ clkbuf_1_1__f_clk/A (sky130_fd_sc_hd__clkbuf_16)
     2    0.004511    0.020644    0.073335    0.185913 ^ clkbuf_1_1__f_clk/X (sky130_fd_sc_hd__clkbuf_16)
                                                         clknet_1_1__leaf_clk (net)
                      0.020644    0.000097    0.186009 ^ _40_/CLK (sky130_fd_sc_hd__dfxtp_2)
                                  0.500000    0.686009   clock uncertainty
                                  0.000000    0.686009   clock reconvergence pessimism
                                 -0.017759    0.668250   library hold time
                                              0.668250   data required time
---------------------------------------------------------------------------------------------
                                              0.668250   data required time
                                             -0.927608   data arrival time
---------------------------------------------------------------------------------------------
                                              0.259358   slack (MET)


Startpoint: _42_ (rising edge-triggered flip-flop clocked by clk)
Endpoint: _43_ (rising edge-triggered flip-flop clocked by clk)
Path Group: clk
Path Type: min

Fanout         Cap        Slew       Delay        Time   Description
---------------------------------------------------------------------------------------------
                                  0.000000    0.000000   clock clk (rise edge)
                                  0.000000    0.000000   clock source latency
     1    0.010136    0.038986    0.025465    0.025465 ^ clk (in)
                                                         clk (net)
                      0.038988    0.000000    0.025465 ^ clkbuf_0_clk/A (sky130_fd_sc_hd__clkbuf_16)
     2    0.019856    0.031073    0.086596    0.112062 ^ clkbuf_0_clk/X (sky130_fd_sc_hd__clkbuf_16)
                                                         clknet_0_clk (net)
                      0.031077    0.000564    0.112626 ^ clkbuf_1_0__f_clk/A (sky130_fd_sc_hd__clkbuf_16)
     2    0.005507    0.021343    0.074183    0.186808 ^ clkbuf_1_0__f_clk/X (sky130_fd_sc_hd__clkbuf_16)
                                                         clknet_1_0__leaf_clk (net)
                      0.021343    0.000134    0.186942 ^ _42_/CLK (sky130_fd_sc_hd__dfxtp_2)
     4    0.015157    0.063165    0.217593    0.404536 ^ _42_/Q (sky130_fd_sc_hd__dfxtp_2)
                                                         net11 (net)
                      0.063168    0.000484    0.405020 ^ _37_/C (sky130_fd_sc_hd__and3b_2)
     1    0.002806    0.027441    0.104771    0.509790 ^ _37_/X (sky130_fd_sc_hd__and3b_2)
                                                         _18_ (net)
                      0.027441    0.000057    0.509848 ^ _39_/B1 (sky130_fd_sc_hd__o221a_2)
     1    0.002629    0.023346    0.084504    0.594351 ^ _39_/X (sky130_fd_sc_hd__o221a_2)
                                                         _03_ (net)
                      0.023351    0.000076    0.594428 ^ hold16/A (sky130_fd_sc_hd__dlygate4sd3_1)
     1    0.002057    0.033054    0.364368    0.958795 ^ hold16/X (sky130_fd_sc_hd__dlygate4sd3_1)
                                                         net16 (net)
                      0.033054    0.000058    0.958853 ^ _43_/D (sky130_fd_sc_hd__dfxtp_2)
                                              0.958853   data arrival time

                                  0.000000    0.000000   clock clk (rise edge)
                                  0.000000    0.000000   clock source latency
     1    0.010136    0.038986    0.025465    0.025465 ^ clk (in)
                                                         clk (net)
                      0.038988    0.000000    0.025465 ^ clkbuf_0_clk/A (sky130_fd_sc_hd__clkbuf_16)
     2    0.019856    0.031073    0.086596    0.112062 ^ clkbuf_0_clk/X (sky130_fd_sc_hd__clkbuf_16)
                                                         clknet_0_clk (net)
                      0.031077    0.000564    0.112626 ^ clkbuf_1_0__f_clk/A (sky130_fd_sc_hd__clkbuf_16)
     2    0.005507    0.021343    0.074183    0.186808 ^ clkbuf_1_0__f_clk/X (sky130_fd_sc_hd__clkbuf_16)
                                                         clknet_1_0__leaf_clk (net)
                      0.021343    0.000140    0.186949 ^ _43_/CLK (sky130_fd_sc_hd__dfxtp_2)
                                  0.500000    0.686949   clock uncertainty
                                  0.000000    0.686949   clock reconvergence pessimism
                                 -0.017676    0.669273   library hold time
                                              0.669273   data required time
---------------------------------------------------------------------------------------------
                                              0.669273   data required time
                                             -0.958853   data arrival time
---------------------------------------------------------------------------------------------
                                              0.289581   slack (MET)


Startpoint: _42_ (rising edge-triggered flip-flop clocked by clk)
Endpoint: _41_ (rising edge-triggered flip-flop clocked by clk)
Path Group: clk
Path Type: min

Fanout         Cap        Slew       Delay        Time   Description
---------------------------------------------------------------------------------------------
                                  0.000000    0.000000   clock clk (rise edge)
                                  0.000000    0.000000   clock source latency
     1    0.010136    0.038986    0.025465    0.025465 ^ clk (in)
                                                         clk (net)
                      0.038988    0.000000    0.025465 ^ clkbuf_0_clk/A (sky130_fd_sc_hd__clkbuf_16)
     2    0.019856    0.031073    0.086596    0.112062 ^ clkbuf_0_clk/X (sky130_fd_sc_hd__clkbuf_16)
                                                         clknet_0_clk (net)
                      0.031077    0.000564    0.112626 ^ clkbuf_1_0__f_clk/A (sky130_fd_sc_hd__clkbuf_16)
     2    0.005507    0.021343    0.074183    0.186808 ^ clkbuf_1_0__f_clk/X (sky130_fd_sc_hd__clkbuf_16)
                                                         clknet_1_0__leaf_clk (net)
                      0.021343    0.000134    0.186942 ^ _42_/CLK (sky130_fd_sc_hd__dfxtp_2)
     4    0.015157    0.063165    0.217593    0.404536 ^ _42_/Q (sky130_fd_sc_hd__dfxtp_2)
                                                         net11 (net)
                      0.063168    0.000482    0.405017 ^ _29_/B (sky130_fd_sc_hd__nand2b_2)
     1    0.003028    0.021072    0.030865    0.435883 v _29_/Y (sky130_fd_sc_hd__nand2b_2)
                                                         _12_ (net)
                      0.021072    0.000096    0.435979 v _30_/A2_N (sky130_fd_sc_hd__o2bb2a_2)
     1    0.002848    0.023686    0.119635    0.555614 ^ _30_/X (sky130_fd_sc_hd__o2bb2a_2)
                                                         _13_ (net)
                      0.023686    0.000081    0.555695 ^ _31_/B2 (sky130_fd_sc_hd__o221a_2)
     1    0.002785    0.023897    0.082834    0.638529 ^ _31_/X (sky130_fd_sc_hd__o221a_2)
                                                         _01_ (net)
                      0.023897    0.000082    0.638612 ^ hold18/A (sky130_fd_sc_hd__dlygate4sd3_1)
     1    0.002495    0.035485    0.367295    1.005907 ^ hold18/X (sky130_fd_sc_hd__dlygate4sd3_1)
                                                         net18 (net)
                      0.035485    0.000074    1.005981 ^ _41_/D (sky130_fd_sc_hd__dfxtp_2)
                                              1.005981   data arrival time

                                  0.000000    0.000000   clock clk (rise edge)
                                  0.000000    0.000000   clock source latency
     1    0.010136    0.038986    0.025465    0.025465 ^ clk (in)
                                                         clk (net)
                      0.038988    0.000000    0.025465 ^ clkbuf_0_clk/A (sky130_fd_sc_hd__clkbuf_16)
     2    0.019856    0.031073    0.086596    0.112062 ^ clkbuf_0_clk/X (sky130_fd_sc_hd__clkbuf_16)
                                                         clknet_0_clk (net)
                      0.031076    0.000516    0.112577 ^ clkbuf_1_1__f_clk/A (sky130_fd_sc_hd__clkbuf_16)
     2    0.004511    0.020644    0.073335    0.185913 ^ clkbuf_1_1__f_clk/X (sky130_fd_sc_hd__clkbuf_16)
                                                         clknet_1_1__leaf_clk (net)
                      0.020644    0.000105    0.186018 ^ _41_/CLK (sky130_fd_sc_hd__dfxtp_2)
                                  0.500000    0.686018   clock uncertainty
                                  0.000000    0.686018   clock reconvergence pessimism
                                 -0.017865    0.668153   library hold time
                                              0.668153   data required time
---------------------------------------------------------------------------------------------
                                              0.668153   data required time
                                             -1.005981   data arrival time
---------------------------------------------------------------------------------------------
                                              0.337828   slack (MET)


Startpoint: _40_ (rising edge-triggered flip-flop clocked by clk)
Endpoint: Q[0] (output port clocked by clk)
Path Group: clk
Path Type: min

Fanout         Cap        Slew       Delay        Time   Description
---------------------------------------------------------------------------------------------
                                  0.000000    0.000000   clock clk (rise edge)
                                  0.000000    0.000000   clock source latency
     1    0.010136    0.038986    0.025465    0.025465 ^ clk (in)
                                                         clk (net)
                      0.038988    0.000000    0.025465 ^ clkbuf_0_clk/A (sky130_fd_sc_hd__clkbuf_16)
     2    0.019856    0.031073    0.086596    0.112062 ^ clkbuf_0_clk/X (sky130_fd_sc_hd__clkbuf_16)
                                                         clknet_0_clk (net)
                      0.031076    0.000516    0.112577 ^ clkbuf_1_1__f_clk/A (sky130_fd_sc_hd__clkbuf_16)
     2    0.004511    0.020644    0.073335    0.185913 ^ clkbuf_1_1__f_clk/X (sky130_fd_sc_hd__clkbuf_16)
                                                         clknet_1_1__leaf_clk (net)
                      0.020644    0.000097    0.186009 ^ _40_/CLK (sky130_fd_sc_hd__dfxtp_2)
     2    0.006113    0.022171    0.194616    0.380625 v _40_/Q (sky130_fd_sc_hd__dfxtp_2)
                                                         net9 (net)
                      0.022171    0.000097    0.380722 v output9/A (sky130_fd_sc_hd__clkdlybuf4s25_1)
     1    0.010715    0.062588    0.186335    0.567057 v output9/X (sky130_fd_sc_hd__clkdlybuf4s25_1)
                                                         Q[0] (net)
                      0.062588    0.000195    0.567252 v Q[0] (out)
                                              0.567252   data arrival time

                                  0.000000    0.000000   clock clk (rise edge)
                                  0.000000    0.000000   clock network delay (propagated)
                                  0.500000    0.500000   clock uncertainty
                                  0.000000    0.500000   clock reconvergence pessimism
                                 -0.500000    0.000000   output external delay
                                              0.000000   data required time
---------------------------------------------------------------------------------------------
                                              0.000000   data required time
                                             -0.567252   data arrival time
---------------------------------------------------------------------------------------------
                                              0.567252   slack (MET)


Startpoint: _43_ (rising edge-triggered flip-flop clocked by clk)
Endpoint: Q[3] (output port clocked by clk)
Path Group: clk
Path Type: min

Fanout         Cap        Slew       Delay        Time   Description
---------------------------------------------------------------------------------------------
                                  0.000000    0.000000   clock clk (rise edge)
                                  0.000000    0.000000   clock source latency
     1    0.010136    0.038986    0.025465    0.025465 ^ clk (in)
                                                         clk (net)
                      0.038988    0.000000    0.025465 ^ clkbuf_0_clk/A (sky130_fd_sc_hd__clkbuf_16)
     2    0.019856    0.031073    0.086596    0.112062 ^ clkbuf_0_clk/X (sky130_fd_sc_hd__clkbuf_16)
                                                         clknet_0_clk (net)
                      0.031077    0.000564    0.112626 ^ clkbuf_1_0__f_clk/A (sky130_fd_sc_hd__clkbuf_16)
     2    0.005507    0.021343    0.074183    0.186808 ^ clkbuf_1_0__f_clk/X (sky130_fd_sc_hd__clkbuf_16)
                                                         clknet_1_0__leaf_clk (net)
                      0.021343    0.000140    0.186949 ^ _43_/CLK (sky130_fd_sc_hd__dfxtp_2)
     2    0.007338    0.023930    0.196917    0.383865 v _43_/Q (sky130_fd_sc_hd__dfxtp_2)
                                                         net12 (net)
                      0.023930    0.000248    0.384113 v output12/A (sky130_fd_sc_hd__clkdlybuf4s25_1)
     1    0.010868    0.063312    0.187573    0.571686 v output12/X (sky130_fd_sc_hd__clkdlybuf4s25_1)
                                                         Q[3] (net)
                      0.063312    0.000224    0.571911 v Q[3] (out)
                                              0.571911   data arrival time

                                  0.000000    0.000000   clock clk (rise edge)
                                  0.000000    0.000000   clock network delay (propagated)
                                  0.500000    0.500000   clock uncertainty
                                  0.000000    0.500000   clock reconvergence pessimism
                                 -0.500000    0.000000   output external delay
                                              0.000000   data required time
---------------------------------------------------------------------------------------------
                                              0.000000   data required time
                                             -0.571911   data arrival time
---------------------------------------------------------------------------------------------
                                              0.571911   slack (MET)


Startpoint: _41_ (rising edge-triggered flip-flop clocked by clk)
Endpoint: Q[1] (output port clocked by clk)
Path Group: clk
Path Type: min

Fanout         Cap        Slew       Delay        Time   Description
---------------------------------------------------------------------------------------------
                                  0.000000    0.000000   clock clk (rise edge)
                                  0.000000    0.000000   clock source latency
     1    0.010136    0.038986    0.025465    0.025465 ^ clk (in)
                                                         clk (net)
                      0.038988    0.000000    0.025465 ^ clkbuf_0_clk/A (sky130_fd_sc_hd__clkbuf_16)
     2    0.019856    0.031073    0.086596    0.112062 ^ clkbuf_0_clk/X (sky130_fd_sc_hd__clkbuf_16)
                                                         clknet_0_clk (net)
                      0.031076    0.000516    0.112577 ^ clkbuf_1_1__f_clk/A (sky130_fd_sc_hd__clkbuf_16)
     2    0.004511    0.020644    0.073335    0.185913 ^ clkbuf_1_1__f_clk/X (sky130_fd_sc_hd__clkbuf_16)
                                                         clknet_1_1__leaf_clk (net)
                      0.020644    0.000105    0.186018 ^ _41_/CLK (sky130_fd_sc_hd__dfxtp_2)
     3    0.012877    0.033006    0.206356    0.392374 v _41_/Q (sky130_fd_sc_hd__dfxtp_2)
                                                         net10 (net)
                      0.033008    0.000289    0.392663 v output10/A (sky130_fd_sc_hd__clkdlybuf4s25_1)
     1    0.010720    0.062535    0.190785    0.583448 v output10/X (sky130_fd_sc_hd__clkdlybuf4s25_1)
                                                         Q[1] (net)
                      0.062535    0.000194    0.583642 v Q[1] (out)
                                              0.583642   data arrival time

                                  0.000000    0.000000   clock clk (rise edge)
                                  0.000000    0.000000   clock network delay (propagated)
                                  0.500000    0.500000   clock uncertainty
                                  0.000000    0.500000   clock reconvergence pessimism
                                 -0.500000    0.000000   output external delay
                                              0.000000   data required time
---------------------------------------------------------------------------------------------
                                              0.000000   data required time
                                             -0.583642   data arrival time
---------------------------------------------------------------------------------------------
                                              0.583642   slack (MET)


Startpoint: _42_ (rising edge-triggered flip-flop clocked by clk)
Endpoint: Q[2] (output port clocked by clk)
Path Group: clk
Path Type: min

Fanout         Cap        Slew       Delay        Time   Description
---------------------------------------------------------------------------------------------
                                  0.000000    0.000000   clock clk (rise edge)
                                  0.000000    0.000000   clock source latency
     1    0.010136    0.038986    0.025465    0.025465 ^ clk (in)
                                                         clk (net)
                      0.038988    0.000000    0.025465 ^ clkbuf_0_clk/A (sky130_fd_sc_hd__clkbuf_16)
     2    0.019856    0.031073    0.086596    0.112062 ^ clkbuf_0_clk/X (sky130_fd_sc_hd__clkbuf_16)
                                                         clknet_0_clk (net)
                      0.031077    0.000564    0.112626 ^ clkbuf_1_0__f_clk/A (sky130_fd_sc_hd__clkbuf_16)
     2    0.005507    0.021343    0.074183    0.186808 ^ clkbuf_1_0__f_clk/X (sky130_fd_sc_hd__clkbuf_16)
                                                         clknet_1_0__leaf_clk (net)
                      0.021343    0.000134    0.186942 ^ _42_/CLK (sky130_fd_sc_hd__dfxtp_2)
     4    0.014193    0.033774    0.208866    0.395808 v _42_/Q (sky130_fd_sc_hd__dfxtp_2)
                                                         net11 (net)
                      0.033774    0.000334    0.396142 v output11/A (sky130_fd_sc_hd__clkdlybuf4s25_1)
     1    0.011004    0.063871    0.192141    0.588283 v output11/X (sky130_fd_sc_hd__clkdlybuf4s25_1)
                                                         Q[2] (net)
                      0.063871    0.000211    0.588494 v Q[2] (out)
                                              0.588494   data arrival time

                                  0.000000    0.000000   clock clk (rise edge)
                                  0.000000    0.000000   clock network delay (propagated)
                                  0.500000    0.500000   clock uncertainty
                                  0.000000    0.500000   clock reconvergence pessimism
                                 -0.500000    0.000000   output external delay
                                              0.000000   data required time
---------------------------------------------------------------------------------------------
                                              0.000000   data required time
                                             -0.588494   data arrival time
---------------------------------------------------------------------------------------------
                                              0.588494   slack (MET)



