+ define_corners nom_ff_n40C_1v95
Reading timing models for corner nom_ff_n40C_1v95…
Reading cell library for the 'nom_ff_n40C_1v95' corner at '/home/hk/.ciel/ciel/sky130/versions/8afc8346a57fe1ab7934ba5a6056ea8b43078e71/sky130A/libs.ref/sky130_fd_sc_hd/lib/sky130_fd_sc_hd__ff_n40C_1v95.lib'…
Reading top-level netlist at '/home/hk/pd_projects/runs/RUN_2026-06-03_20-47-43/52-openroad-fillinsertion/u_s_r.nl.v'…
Linking design 'u_s_r' from netlist…
Warning: /home/hk/pd_projects/runs/RUN_2026-06-03_20-47-43/52-openroad-fillinsertion/u_s_r.nl.v line 66, module sky130_fd_sc_hd__fill_2 not found. Creating black box for FILLER_0_125.
Warning: /home/hk/pd_projects/runs/RUN_2026-06-03_20-47-43/52-openroad-fillinsertion/u_s_r.nl.v line 71, module sky130_fd_sc_hd__fill_1 not found. Creating black box for FILLER_0_27.
Warning: /home/hk/pd_projects/runs/RUN_2026-06-03_20-47-43/52-openroad-fillinsertion/u_s_r.nl.v line 846, module sky130_fd_sc_hd__tapvpwrvgnd_1 not found. Creating black box for TAP_TAPCELL_ROW_0_42.
Reading design constraints file at '/home/hk/pd_projects/constraints.sdc'…
[INFO] No information on clock propagation in input SDC file-- propagating all clocks.
Reading top-level design parasitics for the 'nom_ff_n40C_1v95' corner at '/home/hk/pd_projects/runs/RUN_2026-06-03_20-47-43/54-openroad-rcx/nom/u_s_r.nom.spef'…
%OL_CREATE_REPORT min.rpt

===========================================================================
report_checks -path_delay min (Hold)
============================================================================
======================= nom_ff_n40C_1v95 Corner ===================================

Startpoint: rst (input port clocked by clk)
Endpoint: _42_ (rising edge-triggered flip-flop clocked by clk)
Path Group: clk
Path Type: min

Fanout         Cap        Slew       Delay        Time   Description
---------------------------------------------------------------------------------------------
                                  0.000000    0.000000   clock clk (rise edge)
                                  0.000000    0.000000   clock network delay (propagated)
                                  0.500000    0.500000 ^ input external delay
     1    0.003084    0.014932    0.007985    0.507985 ^ rst (in)
                                                         rst (net)
                      0.014937    0.000000    0.507985 ^ input8/A (sky130_fd_sc_hd__clkdlybuf4s25_1)
     1    0.005444    0.050096    0.167063    0.675049 ^ input8/X (sky130_fd_sc_hd__clkdlybuf4s25_1)
                                                         net8 (net)
                      0.050096    0.000173    0.675221 ^ _21_/A (sky130_fd_sc_hd__inv_2)
     4    0.014017    0.029209    0.034124    0.709346 v _21_/Y (sky130_fd_sc_hd__inv_2)
                                                         _05_ (net)
                      0.029224    0.000375    0.709720 v _35_/C1 (sky130_fd_sc_hd__o211a_2)
     1    0.002903    0.016450    0.069633    0.779354 v _35_/X (sky130_fd_sc_hd__o211a_2)
                                                         _02_ (net)
                      0.016450    0.000064    0.779418 v _42_/D (sky130_fd_sc_hd__dfxtp_2)
                                              0.779418   data arrival time

                                  0.000000    0.000000   clock clk (rise edge)
                                  0.000000    0.000000   clock source latency
     1    0.010136    0.038986    0.025465    0.025465 ^ clk (in)
                                                         clk (net)
                      0.038988    0.000000    0.025465 ^ clkbuf_0_clk/A (sky130_fd_sc_hd__clkbuf_16)
     2    0.019856    0.031073    0.086596    0.112062 ^ clkbuf_0_clk/X (sky130_fd_sc_hd__clkbuf_16)
                                                         clknet_0_clk (net)
                      0.031077    0.000564    0.112626 ^ clkbuf_1_0__f_clk/A (sky130_fd_sc_hd__clkbuf_16)
     2    0.005507    0.021343    0.074183    0.186808 ^ clkbuf_1_0__f_clk/X (sky130_fd_sc_hd__clkbuf_16)
                                                         clknet_1_0__leaf_clk (net)
                      0.021343    0.000134    0.186942 ^ _42_/CLK (sky130_fd_sc_hd__dfxtp_2)
                                  0.500000    0.686942   clock uncertainty
                                  0.000000    0.686942   clock reconvergence pessimism
                                 -0.030768    0.656175   library hold time
                                              0.656175   data required time
---------------------------------------------------------------------------------------------
                                              0.656175   data required time
                                             -0.779418   data arrival time
---------------------------------------------------------------------------------------------
                                              0.123243   slack (MET)


Startpoint: _41_ (rising edge-triggered flip-flop clocked by clk)
Endpoint: _40_ (rising edge-triggered flip-flop clocked by clk)
Path Group: clk
Path Type: min

Fanout         Cap        Slew       Delay        Time   Description
---------------------------------------------------------------------------------------------
                                  0.000000    0.000000   clock clk (rise edge)
                                  0.000000    0.000000   clock source latency
     1    0.010136    0.038986    0.025465    0.025465 ^ clk (in)
                                                         clk (net)
                      0.038988    0.000000    0.025465 ^ clkbuf_0_clk/A (sky130_fd_sc_hd__clkbuf_16)
     2    0.019856    0.031073    0.086596    0.112062 ^ clkbuf_0_clk/X (sky130_fd_sc_hd__clkbuf_16)
                                                         clknet_0_clk (net)
                      0.031076    0.000516    0.112577 ^ clkbuf_1_1__f_clk/A (sky130_fd_sc_hd__clkbuf_16)
     2    0.004511    0.020644    0.073335    0.185913 ^ clkbuf_1_1__f_clk/X (sky130_fd_sc_hd__clkbuf_16)
                                                         clknet_1_1__leaf_clk (net)
                      0.020644    0.000105    0.186018 ^ _41_/CLK (sky130_fd_sc_hd__dfxtp_2)
     3    0.013502    0.057442    0.213111    0.399129 ^ _41_/Q (sky130_fd_sc_hd__dfxtp_2)
                                                         net10 (net)
                      0.057445    0.000465    0.399595 ^ _26_/A1 (sky130_fd_sc_hd__a211o_2)
     1    0.004028    0.021230    0.077119    0.476714 ^ _26_/X (sky130_fd_sc_hd__a211o_2)
                                                         _10_ (net)
                      0.021230    0.000124    0.476838 ^ _27_/B1 (sky130_fd_sc_hd__o221a_2)
     1    0.003113    0.025045    0.084782    0.561619 ^ _27_/X (sky130_fd_sc_hd__o221a_2)
                                                         _00_ (net)
                      0.025045    0.000090    0.561709 ^ hold14/A (sky130_fd_sc_hd__dlygate4sd3_1)
     1    0.002229    0.033990    0.365837    0.927546 ^ hold14/X (sky130_fd_sc_hd__dlygate4sd3_1)
                                                         net14 (net)
                      0.033990    0.000062    0.927608 ^ _40_/D (sky130_fd_sc_hd__dfxtp_2)
                                              0.927608   data arrival time

                                  0.000000    0.000000   clock clk (rise edge)
                                  0.000000    0.000000   clock source latency
     1    0.010136    0.038986    0.025465    0.025465 ^ clk (in)
                                                         clk (net)
                      0.038988    0.000000    0.025465 ^ clkbuf_0_clk/A (sky130_fd_sc_hd__clkbuf_16)
     2    0.019856    0.031073    0.086596    0.112062 ^ clkbuf_0_clk/X (sky130_fd_sc_hd__clkbuf_16)
                                                         clknet_0_clk (net)
                      0.031076    0.000516    0.112577 ^ clkbuf_1_1__f_clk/A (sky130_fd_sc_hd__clkbuf_16)
     2    0.004511    0.020644    0.073335    0.185913 ^ clkbuf_1_1__f_clk/X (sky130_fd_sc_hd__clkbuf_16)
                                                         clknet_1_1__leaf_clk (net)
                      0.020644    0.000097    0.186009 ^ _40_/CLK (sky130_fd_sc_hd__dfxtp_2)
                                  0.500000    0.686009   clock uncertainty
                                  0.000000    0.686009   clock reconvergence pessimism
                                 -0.017759    0.668250   library hold time
                                              0.668250   data required time
---------------------------------------------------------------------------------------------
                                              0.668250   data required time
                                             -0.927608   data arrival time
---------------------------------------------------------------------------------------------
                                              0.259358   slack (MET)


Startpoint: _42_ (rising edge-triggered flip-flop clocked by clk)
Endpoint: _43_ (rising edge-triggered flip-flop clocked by clk)
Path Group: clk
Path Type: min

Fanout         Cap        Slew       Delay        Time   Description
---------------------------------------------------------------------------------------------
                                  0.000000    0.000000   clock clk (rise edge)
                                  0.000000    0.000000   clock source latency
     1    0.010136    0.038986    0.025465    0.025465 ^ clk (in)
                                                         clk (net)
                      0.038988    0.000000    0.025465 ^ clkbuf_0_clk/A (sky130_fd_sc_hd__clkbuf_16)
     2    0.019856    0.031073    0.086596    0.112062 ^ clkbuf_0_clk/X (sky130_fd_sc_hd__clkbuf_16)
                                                         clknet_0_clk (net)
                      0.031077    0.000564    0.112626 ^ clkbuf_1_0__f_clk/A (sky130_fd_sc_hd__clkbuf_16)
     2    0.005507    0.021343    0.074183    0.186808 ^ clkbuf_1_0__f_clk/X (sky130_fd_sc_hd__clkbuf_16)
                                                         clknet_1_0__leaf_clk (net)
                      0.021343    0.000134    0.186942 ^ _42_/CLK (sky130_fd_sc_hd__dfxtp_2)
     4    0.015157    0.063165    0.217593    0.404536 ^ _42_/Q (sky130_fd_sc_hd__dfxtp_2)
                                                         net11 (net)
                      0.063168    0.000484    0.405020 ^ _37_/C (sky130_fd_sc_hd__and3b_2)
     1    0.002806    0.027441    0.104771    0.509790 ^ _37_/X (sky130_fd_sc_hd__and3b_2)
                                                         _18_ (net)
                      0.027441    0.000057    0.509848 ^ _39_/B1 (sky130_fd_sc_hd__o221a_2)
     1    0.002629    0.023346    0.084504    0.594351 ^ _39_/X (sky130_fd_sc_hd__o221a_2)
                                                         _03_ (net)
                      0.023351    0.000076    0.594428 ^ hold16/A (sky130_fd_sc_hd__dlygate4sd3_1)
     1    0.002057    0.033054    0.364368    0.958795 ^ hold16/X (sky130_fd_sc_hd__dlygate4sd3_1)
                                                         net16 (net)
                      0.033054    0.000058    0.958853 ^ _43_/D (sky130_fd_sc_hd__dfxtp_2)
                                              0.958853   data arrival time

                                  0.000000    0.000000   clock clk (rise edge)
                                  0.000000    0.000000   clock source latency
     1    0.010136    0.038986    0.025465    0.025465 ^ clk (in)
                                                         clk (net)
                      0.038988    0.000000    0.025465 ^ clkbuf_0_clk/A (sky130_fd_sc_hd__clkbuf_16)
     2    0.019856    0.031073    0.086596    0.112062 ^ clkbuf_0_clk/X (sky130_fd_sc_hd__clkbuf_16)
                                                         clknet_0_clk (net)
                      0.031077    0.000564    0.112626 ^ clkbuf_1_0__f_clk/A (sky130_fd_sc_hd__clkbuf_16)
     2    0.005507    0.021343    0.074183    0.186808 ^ clkbuf_1_0__f_clk/X (sky130_fd_sc_hd__clkbuf_16)
                                                         clknet_1_0__leaf_clk (net)
                      0.021343    0.000140    0.186949 ^ _43_/CLK (sky130_fd_sc_hd__dfxtp_2)
                                  0.500000    0.686949   clock uncertainty
                                  0.000000    0.686949   clock reconvergence pessimism
                                 -0.017676    0.669273   library hold time
                                              0.669273   data required time
---------------------------------------------------------------------------------------------
                                              0.669273   data required time
                                             -0.958853   data arrival time
---------------------------------------------------------------------------------------------
                                              0.289581   slack (MET)


Startpoint: _42_ (rising edge-triggered flip-flop clocked by clk)
Endpoint: _41_ (rising edge-triggered flip-flop clocked by clk)
Path Group: clk
Path Type: min

Fanout         Cap        Slew       Delay        Time   Description
---------------------------------------------------------------------------------------------
                                  0.000000    0.000000   clock clk (rise edge)
                                  0.000000    0.000000   clock source latency
     1    0.010136    0.038986    0.025465    0.025465 ^ clk (in)
                                                         clk (net)
                      0.038988    0.000000    0.025465 ^ clkbuf_0_clk/A (sky130_fd_sc_hd__clkbuf_16)
     2    0.019856    0.031073    0.086596    0.112062 ^ clkbuf_0_clk/X (sky130_fd_sc_hd__clkbuf_16)
                                                         clknet_0_clk (net)
                      0.031077    0.000564    0.112626 ^ clkbuf_1_0__f_clk/A (sky130_fd_sc_hd__clkbuf_16)
     2    0.005507    0.021343    0.074183    0.186808 ^ clkbuf_1_0__f_clk/X (sky130_fd_sc_hd__clkbuf_16)
                                                         clknet_1_0__leaf_clk (net)
                      0.021343    0.000134    0.186942 ^ _42_/CLK (sky130_fd_sc_hd__dfxtp_2)
     4    0.015157    0.063165    0.217593    0.404536 ^ _42_/Q (sky130_fd_sc_hd__dfxtp_2)
                                                         net11 (net)
                      0.063168    0.000482    0.405017 ^ _29_/B (sky130_fd_sc_hd__nand2b_2)
     1    0.003028    0.021072    0.030865    0.435883 v _29_/Y (sky130_fd_sc_hd__nand2b_2)
                                                         _12_ (net)
                      0.021072    0.000096    0.435979 v _30_/A2_N (sky130_fd_sc_hd__o2bb2a_2)
     1    0.002848    0.023686    0.119635    0.555614 ^ _30_/X (sky130_fd_sc_hd__o2bb2a_2)
                                                         _13_ (net)
                      0.023686    0.000081    0.555695 ^ _31_/B2 (sky130_fd_sc_hd__o221a_2)
     1    0.002785    0.023897    0.082834    0.638529 ^ _31_/X (sky130_fd_sc_hd__o221a_2)
                                                         _01_ (net)
                      0.023897    0.000082    0.638612 ^ hold18/A (sky130_fd_sc_hd__dlygate4sd3_1)
     1    0.002495    0.035485    0.367295    1.005907 ^ hold18/X (sky130_fd_sc_hd__dlygate4sd3_1)
                                                         net18 (net)
                      0.035485    0.000074    1.005981 ^ _41_/D (sky130_fd_sc_hd__dfxtp_2)
                                              1.005981   data arrival time

                                  0.000000    0.000000   clock clk (rise edge)
                                  0.000000    0.000000   clock source latency
     1    0.010136    0.038986    0.025465    0.025465 ^ clk (in)
                                                         clk (net)
                      0.038988    0.000000    0.025465 ^ clkbuf_0_clk/A (sky130_fd_sc_hd__clkbuf_16)
     2    0.019856    0.031073    0.086596    0.112062 ^ clkbuf_0_clk/X (sky130_fd_sc_hd__clkbuf_16)
                                                         clknet_0_clk (net)
                      0.031076    0.000516    0.112577 ^ clkbuf_1_1__f_clk/A (sky130_fd_sc_hd__clkbuf_16)
     2    0.004511    0.020644    0.073335    0.185913 ^ clkbuf_1_1__f_clk/X (sky130_fd_sc_hd__clkbuf_16)
                                                         clknet_1_1__leaf_clk (net)
                      0.020644    0.000105    0.186018 ^ _41_/CLK (sky130_fd_sc_hd__dfxtp_2)
                                  0.500000    0.686018   clock uncertainty
                                  0.000000    0.686018   clock reconvergence pessimism
                                 -0.017865    0.668153   library hold time
                                              0.668153   data required time
---------------------------------------------------------------------------------------------
                                              0.668153   data required time
                                             -1.005981   data arrival time
---------------------------------------------------------------------------------------------
                                              0.337828   slack (MET)


Startpoint: _40_ (rising edge-triggered flip-flop clocked by clk)
Endpoint: Q[0] (output port clocked by clk)
Path Group: clk
Path Type: min

Fanout         Cap        Slew       Delay        Time   Description
---------------------------------------------------------------------------------------------
                                  0.000000    0.000000   clock clk (rise edge)
                                  0.000000    0.000000   clock source latency
     1    0.010136    0.038986    0.025465    0.025465 ^ clk (in)
                                                         clk (net)
                      0.038988    0.000000    0.025465 ^ clkbuf_0_clk/A (sky130_fd_sc_hd__clkbuf_16)
     2    0.019856    0.031073    0.086596    0.112062 ^ clkbuf_0_clk/X (sky130_fd_sc_hd__clkbuf_16)
                                                         clknet_0_clk (net)
                      0.031076    0.000516    0.112577 ^ clkbuf_1_1__f_clk/A (sky130_fd_sc_hd__clkbuf_16)
     2    0.004511    0.020644    0.073335    0.185913 ^ clkbuf_1_1__f_clk/X (sky130_fd_sc_hd__clkbuf_16)
                                                         clknet_1_1__leaf_clk (net)
                      0.020644    0.000097    0.186009 ^ _40_/CLK (sky130_fd_sc_hd__dfxtp_2)
     2    0.006113    0.022171    0.194616    0.380625 v _40_/Q (sky130_fd_sc_hd__dfxtp_2)
                                                         net9 (net)
                      0.022171    0.000097    0.380722 v output9/A (sky130_fd_sc_hd__clkdlybuf4s25_1)
     1    0.010715    0.062588    0.186335    0.567057 v output9/X (sky130_fd_sc_hd__clkdlybuf4s25_1)
                                                         Q[0] (net)
                      0.062588    0.000195    0.567252 v Q[0] (out)
                                              0.567252   data arrival time

                                  0.000000    0.000000   clock clk (rise edge)
                                  0.000000    0.000000   clock network delay (propagated)
                                  0.500000    0.500000   clock uncertainty
                                  0.000000    0.500000   clock reconvergence pessimism
                                 -0.500000    0.000000   output external delay
                                              0.000000   data required time
---------------------------------------------------------------------------------------------
                                              0.000000   data required time
                                             -0.567252   data arrival time
---------------------------------------------------------------------------------------------
                                              0.567252   slack (MET)


Startpoint: _43_ (rising edge-triggered flip-flop clocked by clk)
Endpoint: Q[3] (output port clocked by clk)
Path Group: clk
Path Type: min

Fanout         Cap        Slew       Delay        Time   Description
---------------------------------------------------------------------------------------------
                                  0.000000    0.000000   clock clk (rise edge)
                                  0.000000    0.000000   clock source latency
     1    0.010136    0.038986    0.025465    0.025465 ^ clk (in)
                                                         clk (net)
                      0.038988    0.000000    0.025465 ^ clkbuf_0_clk/A (sky130_fd_sc_hd__clkbuf_16)
     2    0.019856    0.031073    0.086596    0.112062 ^ clkbuf_0_clk/X (sky130_fd_sc_hd__clkbuf_16)
                                                         clknet_0_clk (net)
                      0.031077    0.000564    0.112626 ^ clkbuf_1_0__f_clk/A (sky130_fd_sc_hd__clkbuf_16)
     2    0.005507    0.021343    0.074183    0.186808 ^ clkbuf_1_0__f_clk/X (sky130_fd_sc_hd__clkbuf_16)
                                                         clknet_1_0__leaf_clk (net)
                      0.021343    0.000140    0.186949 ^ _43_/CLK (sky130_fd_sc_hd__dfxtp_2)
     2    0.007338    0.023930    0.196917    0.383865 v _43_/Q (sky130_fd_sc_hd__dfxtp_2)
                                                         net12 (net)
                      0.023930    0.000248    0.384113 v output12/A (sky130_fd_sc_hd__clkdlybuf4s25_1)
     1    0.010868    0.063312    0.187573    0.571686 v output12/X (sky130_fd_sc_hd__clkdlybuf4s25_1)
                                                         Q[3] (net)
                      0.063312    0.000224    0.571911 v Q[3] (out)
                                              0.571911   data arrival time

                                  0.000000    0.000000   clock clk (rise edge)
                                  0.000000    0.000000   clock network delay (propagated)
                                  0.500000    0.500000   clock uncertainty
                                  0.000000    0.500000   clock reconvergence pessimism
                                 -0.500000    0.000000   output external delay
                                              0.000000   data required time
---------------------------------------------------------------------------------------------
                                              0.000000   data required time
                                             -0.571911   data arrival time
---------------------------------------------------------------------------------------------
                                              0.571911   slack (MET)


Startpoint: _41_ (rising edge-triggered flip-flop clocked by clk)
Endpoint: Q[1] (output port clocked by clk)
Path Group: clk
Path Type: min

Fanout         Cap        Slew       Delay        Time   Description
---------------------------------------------------------------------------------------------
                                  0.000000    0.000000   clock clk (rise edge)
                                  0.000000    0.000000   clock source latency
     1    0.010136    0.038986    0.025465    0.025465 ^ clk (in)
                                                         clk (net)
                      0.038988    0.000000    0.025465 ^ clkbuf_0_clk/A (sky130_fd_sc_hd__clkbuf_16)
     2    0.019856    0.031073    0.086596    0.112062 ^ clkbuf_0_clk/X (sky130_fd_sc_hd__clkbuf_16)
                                                         clknet_0_clk (net)
                      0.031076    0.000516    0.112577 ^ clkbuf_1_1__f_clk/A (sky130_fd_sc_hd__clkbuf_16)
     2    0.004511    0.020644    0.073335    0.185913 ^ clkbuf_1_1__f_clk/X (sky130_fd_sc_hd__clkbuf_16)
                                                         clknet_1_1__leaf_clk (net)
                      0.020644    0.000105    0.186018 ^ _41_/CLK (sky130_fd_sc_hd__dfxtp_2)
     3    0.012877    0.033006    0.206356    0.392374 v _41_/Q (sky130_fd_sc_hd__dfxtp_2)
                                                         net10 (net)
                      0.033008    0.000289    0.392663 v output10/A (sky130_fd_sc_hd__clkdlybuf4s25_1)
     1    0.010720    0.062535    0.190785    0.583448 v output10/X (sky130_fd_sc_hd__clkdlybuf4s25_1)
                                                         Q[1] (net)
                      0.062535    0.000194    0.583642 v Q[1] (out)
                                              0.583642   data arrival time

                                  0.000000    0.000000   clock clk (rise edge)
                                  0.000000    0.000000   clock network delay (propagated)
                                  0.500000    0.500000   clock uncertainty
                                  0.000000    0.500000   clock reconvergence pessimism
                                 -0.500000    0.000000   output external delay
                                              0.000000   data required time
---------------------------------------------------------------------------------------------
                                              0.000000   data required time
                                             -0.583642   data arrival time
---------------------------------------------------------------------------------------------
                                              0.583642   slack (MET)


Startpoint: _42_ (rising edge-triggered flip-flop clocked by clk)
Endpoint: Q[2] (output port clocked by clk)
Path Group: clk
Path Type: min

Fanout         Cap        Slew       Delay        Time   Description
---------------------------------------------------------------------------------------------
                                  0.000000    0.000000   clock clk (rise edge)
                                  0.000000    0.000000   clock source latency
     1    0.010136    0.038986    0.025465    0.025465 ^ clk (in)
                                                         clk (net)
                      0.038988    0.000000    0.025465 ^ clkbuf_0_clk/A (sky130_fd_sc_hd__clkbuf_16)
     2    0.019856    0.031073    0.086596    0.112062 ^ clkbuf_0_clk/X (sky130_fd_sc_hd__clkbuf_16)
                                                         clknet_0_clk (net)
                      0.031077    0.000564    0.112626 ^ clkbuf_1_0__f_clk/A (sky130_fd_sc_hd__clkbuf_16)
     2    0.005507    0.021343    0.074183    0.186808 ^ clkbuf_1_0__f_clk/X (sky130_fd_sc_hd__clkbuf_16)
                                                         clknet_1_0__leaf_clk (net)
                      0.021343    0.000134    0.186942 ^ _42_/CLK (sky130_fd_sc_hd__dfxtp_2)
     4    0.014193    0.033774    0.208866    0.395808 v _42_/Q (sky130_fd_sc_hd__dfxtp_2)
                                                         net11 (net)
                      0.033774    0.000334    0.396142 v output11/A (sky130_fd_sc_hd__clkdlybuf4s25_1)
     1    0.011004    0.063871    0.192141    0.588283 v output11/X (sky130_fd_sc_hd__clkdlybuf4s25_1)
                                                         Q[2] (net)
                      0.063871    0.000211    0.588494 v Q[2] (out)
                                              0.588494   data arrival time

                                  0.000000    0.000000   clock clk (rise edge)
                                  0.000000    0.000000   clock network delay (propagated)
                                  0.500000    0.500000   clock uncertainty
                                  0.000000    0.500000   clock reconvergence pessimism
                                 -0.500000    0.000000   output external delay
                                              0.000000   data required time
---------------------------------------------------------------------------------------------
                                              0.000000   data required time
                                             -0.588494   data arrival time
---------------------------------------------------------------------------------------------
                                              0.588494   slack (MET)



%OL_END_REPORT
%OL_CREATE_REPORT max.rpt

===========================================================================
report_checks -path_delay max (Setup)
============================================================================
======================= nom_ff_n40C_1v95 Corner ===================================

Startpoint: mode[1] (input port clocked by clk)
Endpoint: _40_ (rising edge-triggered flip-flop clocked by clk)
Path Group: clk
Path Type: max

Fanout         Cap        Slew       Delay        Time   Description
---------------------------------------------------------------------------------------------
                                  0.000000    0.000000   clock clk (rise edge)
                                  0.000000    0.000000   clock network delay (propagated)
                                  2.000000    2.000000 v input external delay
     1    0.003459    0.005680    0.002868    2.002868 v mode[1] (in)
                                                         mode[1] (net)
                      0.005681    0.000000    2.002868 v input7/A (sky130_fd_sc_hd__clkdlybuf4s25_1)
    11    0.033361    0.171552    0.262765    2.265633 v input7/X (sky130_fd_sc_hd__clkdlybuf4s25_1)
                                                         net7 (net)
                      0.171554    0.000856    2.266489 v _22_/B (sky130_fd_sc_hd__and3_2)
     1    0.004044    0.030145    0.177342    2.443831 v _22_/X (sky130_fd_sc_hd__and3_2)
                                                         _06_ (net)
                      0.030145    0.000132    2.443964 v _26_/B1 (sky130_fd_sc_hd__a211o_2)
     1    0.003833    0.035390    0.139536    2.583500 v _26_/X (sky130_fd_sc_hd__a211o_2)
                                                         _10_ (net)
                      0.035390    0.000117    2.583617 v _27_/B1 (sky130_fd_sc_hd__o221a_2)
     1    0.002943    0.031588    0.145922    2.729539 v _27_/X (sky130_fd_sc_hd__o221a_2)
                                                         _00_ (net)
                      0.031588    0.000084    2.729623 v hold14/A (sky130_fd_sc_hd__dlygate4sd3_1)
     1    0.002264    0.036299    0.356903    3.086526 v hold14/X (sky130_fd_sc_hd__dlygate4sd3_1)
                                                         net14 (net)
                      0.036299    0.000064    3.086590 v _40_/D (sky130_fd_sc_hd__dfxtp_2)
                                              3.086590   data arrival time

                                 10.000000   10.000000   clock clk (rise edge)
                                  0.000000   10.000000   clock source latency
     1    0.010136    0.038986    0.025465   10.025465 ^ clk (in)
                                                         clk (net)
                      0.038988    0.000000   10.025465 ^ clkbuf_0_clk/A (sky130_fd_sc_hd__clkbuf_16)
     2    0.019856    0.031073    0.086597   10.112062 ^ clkbuf_0_clk/X (sky130_fd_sc_hd__clkbuf_16)
                                                         clknet_0_clk (net)
                      0.031076    0.000516   10.112577 ^ clkbuf_1_1__f_clk/A (sky130_fd_sc_hd__clkbuf_16)
     2    0.004511    0.020644    0.073335   10.185913 ^ clkbuf_1_1__f_clk/X (sky130_fd_sc_hd__clkbuf_16)
                                                         clknet_1_1__leaf_clk (net)
                      0.020644    0.000097   10.186009 ^ _40_/CLK (sky130_fd_sc_hd__dfxtp_2)
                                 -0.500000    9.686009   clock uncertainty
                                  0.000000    9.686009   clock reconvergence pessimism
                                 -0.073853    9.612157   library setup time
                                              9.612157   data required time
---------------------------------------------------------------------------------------------
                                              9.612157   data required time
                                             -3.086590   data arrival time
---------------------------------------------------------------------------------------------
                                              6.525567   slack (MET)


Startpoint: mode[1] (input port clocked by clk)
Endpoint: _43_ (rising edge-triggered flip-flop clocked by clk)
Path Group: clk
Path Type: max

Fanout         Cap        Slew       Delay        Time   Description
---------------------------------------------------------------------------------------------
                                  0.000000    0.000000   clock clk (rise edge)
                                  0.000000    0.000000   clock network delay (propagated)
                                  2.000000    2.000000 v input external delay
     1    0.003459    0.005680    0.002868    2.002868 v mode[1] (in)
                                                         mode[1] (net)
                      0.005681    0.000000    2.002868 v input7/A (sky130_fd_sc_hd__clkdlybuf4s25_1)
    11    0.033361    0.171552    0.262765    2.265633 v input7/X (sky130_fd_sc_hd__clkdlybuf4s25_1)
                                                         net7 (net)
                      0.171569    0.001745    2.267378 v _36_/B (sky130_fd_sc_hd__and3_2)
     1    0.002834    0.027555    0.173290    2.440668 v _36_/X (sky130_fd_sc_hd__and3_2)
                                                         _17_ (net)
                      0.027555    0.000083    2.440751 v _38_/C1 (sky130_fd_sc_hd__a211o_2)
     1    0.006129    0.040586    0.126150    2.566901 v _38_/X (sky130_fd_sc_hd__a211o_2)
                                                         _19_ (net)
                      0.040586    0.000220    2.567121 v _39_/B2 (sky130_fd_sc_hd__o221a_2)
     1    0.002459    0.030521    0.133814    2.700935 v _39_/X (sky130_fd_sc_hd__o221a_2)
                                                         _03_ (net)
                      0.030521    0.000071    2.701006 v hold16/A (sky130_fd_sc_hd__dlygate4sd3_1)
     1    0.002092    0.035651    0.355463    3.056468 v hold16/X (sky130_fd_sc_hd__dlygate4sd3_1)
                                                         net16 (net)
                      0.035651    0.000059    3.056527 v _43_/D (sky130_fd_sc_hd__dfxtp_2)
                                              3.056527   data arrival time

                                 10.000000   10.000000   clock clk (rise edge)
                                  0.000000   10.000000   clock source latency
     1    0.010136    0.038986    0.025465   10.025465 ^ clk (in)
                                                         clk (net)
                      0.038988    0.000000   10.025465 ^ clkbuf_0_clk/A (sky130_fd_sc_hd__clkbuf_16)
     2    0.019856    0.031073    0.086597   10.112062 ^ clkbuf_0_clk/X (sky130_fd_sc_hd__clkbuf_16)
                                                         clknet_0_clk (net)
                      0.031077    0.000564   10.112626 ^ clkbuf_1_0__f_clk/A (sky130_fd_sc_hd__clkbuf_16)
     2    0.005507    0.021343    0.074182   10.186809 ^ clkbuf_1_0__f_clk/X (sky130_fd_sc_hd__clkbuf_16)
                                                         clknet_1_0__leaf_clk (net)
                      0.021343    0.000140   10.186949 ^ _43_/CLK (sky130_fd_sc_hd__dfxtp_2)
                                 -0.500000    9.686949   clock uncertainty
                                  0.000000    9.686949   clock reconvergence pessimism
                                 -0.073554    9.613394   library setup time
                                              9.613394   data required time
---------------------------------------------------------------------------------------------
                                              9.613394   data required time
                                             -3.056527   data arrival time
---------------------------------------------------------------------------------------------
                                              6.556867   slack (MET)


Startpoint: mode[1] (input port clocked by clk)
Endpoint: _41_ (rising edge-triggered flip-flop clocked by clk)
Path Group: clk
Path Type: max

Fanout         Cap        Slew       Delay        Time   Description
---------------------------------------------------------------------------------------------
                                  0.000000    0.000000   clock clk (rise edge)
                                  0.000000    0.000000   clock network delay (propagated)
                                  2.000000    2.000000 ^ input external delay
     1    0.003685    0.017096    0.009569    2.009569 ^ mode[1] (in)
                                                         mode[1] (net)
                      0.017096    0.000000    2.009569 ^ input7/A (sky130_fd_sc_hd__clkdlybuf4s25_1)
    11    0.035181    0.266203    0.318368    2.327937 ^ input7/X (sky130_fd_sc_hd__clkdlybuf4s25_1)
                                                         net7 (net)
                      0.266298    0.001954    2.329891 ^ _29_/A_N (sky130_fd_sc_hd__nand2b_2)
     1    0.003147    0.031367    0.102956    2.432847 ^ _29_/Y (sky130_fd_sc_hd__nand2b_2)
                                                         _12_ (net)
                      0.031367    0.000100    2.432947 ^ _30_/A2_N (sky130_fd_sc_hd__o2bb2a_2)
     1    0.002565    0.030025    0.117001    2.549948 v _30_/X (sky130_fd_sc_hd__o2bb2a_2)
                                                         _13_ (net)
                      0.030025    0.000073    2.550020 v _31_/B2 (sky130_fd_sc_hd__o221a_2)
     1    0.002615    0.030860    0.130719    2.680739 v _31_/X (sky130_fd_sc_hd__o221a_2)
                                                         _01_ (net)
                      0.030860    0.000076    2.680816 v hold18/A (sky130_fd_sc_hd__dlygate4sd3_1)
     1    0.002530    0.037126    0.358225    3.039041 v hold18/X (sky130_fd_sc_hd__dlygate4sd3_1)
                                                         net18 (net)
                      0.037126    0.000075    3.039116 v _41_/D (sky130_fd_sc_hd__dfxtp_2)
                                              3.039116   data arrival time

                                 10.000000   10.000000   clock clk (rise edge)
                                  0.000000   10.000000   clock source latency
     1    0.010136    0.038986    0.025465   10.025465 ^ clk (in)
                                                         clk (net)
                      0.038988    0.000000   10.025465 ^ clkbuf_0_clk/A (sky130_fd_sc_hd__clkbuf_16)
     2    0.019856    0.031073    0.086597   10.112062 ^ clkbuf_0_clk/X (sky130_fd_sc_hd__clkbuf_16)
                                                         clknet_0_clk (net)
                      0.031076    0.000516   10.112577 ^ clkbuf_1_1__f_clk/A (sky130_fd_sc_hd__clkbuf_16)
     2    0.004511    0.020644    0.073335   10.185913 ^ clkbuf_1_1__f_clk/X (sky130_fd_sc_hd__clkbuf_16)
                                                         clknet_1_1__leaf_clk (net)
                      0.020644    0.000106   10.186019 ^ _41_/CLK (sky130_fd_sc_hd__dfxtp_2)
                                 -0.500000    9.686019   clock uncertainty
                                  0.000000    9.686019   clock reconvergence pessimism
                                 -0.074148    9.611870   library setup time
                                              9.611870   data required time
---------------------------------------------------------------------------------------------
                                              9.611870   data required time
                                             -3.039116   data arrival time
---------------------------------------------------------------------------------------------
                                              6.572754   slack (MET)


Startpoint: mode[1] (input port clocked by clk)
Endpoint: _42_ (rising edge-triggered flip-flop clocked by clk)
Path Group: clk
Path Type: max

Fanout         Cap        Slew       Delay        Time   Description
---------------------------------------------------------------------------------------------
                                  0.000000    0.000000   clock clk (rise edge)
                                  0.000000    0.000000   clock network delay (propagated)
                                  2.000000    2.000000 ^ input external delay
     1    0.003685    0.017096    0.009569    2.009569 ^ mode[1] (in)
                                                         mode[1] (net)
                      0.017096    0.000000    2.009569 ^ input7/A (sky130_fd_sc_hd__clkdlybuf4s25_1)
    11    0.035181    0.266203    0.318368    2.327937 ^ input7/X (sky130_fd_sc_hd__clkdlybuf4s25_1)
                                                         net7 (net)
                      0.266293    0.001682    2.329619 ^ _20_/A (sky130_fd_sc_hd__inv_2)
     4    0.012039    0.063618    0.036641    2.366260 v _20_/Y (sky130_fd_sc_hd__inv_2)
                                                         _04_ (net)
                      0.063620    0.000269    2.366529 v _34_/A2 (sky130_fd_sc_hd__a2111o_2)
     1    0.003568    0.044288    0.288581    2.655109 v _34_/X (sky130_fd_sc_hd__a2111o_2)
                                                         _16_ (net)
                      0.044288    0.000112    2.655222 v _35_/B1 (sky130_fd_sc_hd__o211a_2)
     1    0.002903    0.030099    0.086182    2.741404 v _35_/X (sky130_fd_sc_hd__o211a_2)
                                                         _02_ (net)
                      0.030099    0.000064    2.741467 v _42_/D (sky130_fd_sc_hd__dfxtp_2)
                                              2.741467   data arrival time

                                 10.000000   10.000000   clock clk (rise edge)
                                  0.000000   10.000000   clock source latency
     1    0.010136    0.038986    0.025465   10.025465 ^ clk (in)
                                                         clk (net)
                      0.038988    0.000000   10.025465 ^ clkbuf_0_clk/A (sky130_fd_sc_hd__clkbuf_16)
     2    0.019856    0.031073    0.086597   10.112062 ^ clkbuf_0_clk/X (sky130_fd_sc_hd__clkbuf_16)
                                                         clknet_0_clk (net)
                      0.031077    0.000564   10.112626 ^ clkbuf_1_0__f_clk/A (sky130_fd_sc_hd__clkbuf_16)
     2    0.005507    0.021343    0.074182   10.186809 ^ clkbuf_1_0__f_clk/X (sky130_fd_sc_hd__clkbuf_16)
                                                         clknet_1_0__leaf_clk (net)
                      0.021343    0.000135   10.186943 ^ _42_/CLK (sky130_fd_sc_hd__dfxtp_2)
                                 -0.500000    9.686943   clock uncertainty
                                  0.000000    9.686943   clock reconvergence pessimism
                                 -0.071570    9.615373   library setup time
                                              9.615373   data required time
---------------------------------------------------------------------------------------------
                                              9.615373   data required time
                                             -2.741467   data arrival time
---------------------------------------------------------------------------------------------
                                              6.873905   slack (MET)


Startpoint: _42_ (rising edge-triggered flip-flop clocked by clk)
Endpoint: Q[2] (output port clocked by clk)
Path Group: clk
Path Type: max

Fanout         Cap        Slew       Delay        Time   Description
---------------------------------------------------------------------------------------------
                                  0.000000    0.000000   clock clk (rise edge)
                                  0.000000    0.000000   clock source latency
     1    0.010136    0.038986    0.025465    0.025465 ^ clk (in)
                                                         clk (net)
                      0.038988    0.000000    0.025465 ^ clkbuf_0_clk/A (sky130_fd_sc_hd__clkbuf_16)
     2    0.019856    0.031073    0.086596    0.112062 ^ clkbuf_0_clk/X (sky130_fd_sc_hd__clkbuf_16)
                                                         clknet_0_clk (net)
                      0.031077    0.000564    0.112626 ^ clkbuf_1_0__f_clk/A (sky130_fd_sc_hd__clkbuf_16)
     2    0.005507    0.021343    0.074183    0.186808 ^ clkbuf_1_0__f_clk/X (sky130_fd_sc_hd__clkbuf_16)
                                                         clknet_1_0__leaf_clk (net)
                      0.021343    0.000134    0.186942 ^ _42_/CLK (sky130_fd_sc_hd__dfxtp_2)
     4    0.015157    0.063165    0.217593    0.404536 ^ _42_/Q (sky130_fd_sc_hd__dfxtp_2)
                                                         net11 (net)
                      0.063166    0.000358    0.404893 ^ output11/A (sky130_fd_sc_hd__clkdlybuf4s25_1)
     1    0.011004    0.089668    0.208397    0.613291 ^ output11/X (sky130_fd_sc_hd__clkdlybuf4s25_1)
                                                         Q[2] (net)
                      0.089668    0.000211    0.613502 ^ Q[2] (out)
                                              0.613502   data arrival time

                                 10.000000   10.000000   clock clk (rise edge)
                                  0.000000   10.000000   clock network delay (propagated)
                                 -0.500000    9.500000   clock uncertainty
                                  0.000000    9.500000   clock reconvergence pessimism
                                 -2.000000    7.500000   output external delay
                                              7.500000   data required time
---------------------------------------------------------------------------------------------
                                              7.500000   data required time
                                             -0.613502   data arrival time
---------------------------------------------------------------------------------------------
                                              6.886498   slack (MET)


Startpoint: _41_ (rising edge-triggered flip-flop clocked by clk)
Endpoint: Q[1] (output port clocked by clk)
Path Group: clk
Path Type: max

Fanout         Cap        Slew       Delay        Time   Description
---------------------------------------------------------------------------------------------
                                  0.000000    0.000000   clock clk (rise edge)
                                  0.000000    0.000000   clock source latency
     1    0.010136    0.038986    0.025465    0.025465 ^ clk (in)
                                                         clk (net)
                      0.038988    0.000000    0.025465 ^ clkbuf_0_clk/A (sky130_fd_sc_hd__clkbuf_16)
     2    0.019856    0.031073    0.086596    0.112062 ^ clkbuf_0_clk/X (sky130_fd_sc_hd__clkbuf_16)
                                                         clknet_0_clk (net)
                      0.031076    0.000516    0.112577 ^ clkbuf_1_1__f_clk/A (sky130_fd_sc_hd__clkbuf_16)
     2    0.004511    0.020644    0.073335    0.185913 ^ clkbuf_1_1__f_clk/X (sky130_fd_sc_hd__clkbuf_16)
                                                         clknet_1_1__leaf_clk (net)
                      0.020644    0.000105    0.186018 ^ _41_/CLK (sky130_fd_sc_hd__dfxtp_2)
     3    0.013502    0.057442    0.213111    0.399129 ^ _41_/Q (sky130_fd_sc_hd__dfxtp_2)
                                                         net10 (net)
                      0.057443    0.000305    0.399435 ^ output10/A (sky130_fd_sc_hd__clkdlybuf4s25_1)
     1    0.010720    0.087607    0.205817    0.605252 ^ output10/X (sky130_fd_sc_hd__clkdlybuf4s25_1)
                                                         Q[1] (net)
                      0.087607    0.000194    0.605445 ^ Q[1] (out)
                                              0.605445   data arrival time

                                 10.000000   10.000000   clock clk (rise edge)
                                  0.000000   10.000000   clock network delay (propagated)
                                 -0.500000    9.500000   clock uncertainty
                                  0.000000    9.500000   clock reconvergence pessimism
                                 -2.000000    7.500000   output external delay
                                              7.500000   data required time
---------------------------------------------------------------------------------------------
                                              7.500000   data required time
                                             -0.605445   data arrival time
---------------------------------------------------------------------------------------------
                                              6.894555   slack (MET)


Startpoint: _43_ (rising edge-triggered flip-flop clocked by clk)
Endpoint: Q[3] (output port clocked by clk)
Path Group: clk
Path Type: max

Fanout         Cap        Slew       Delay        Time   Description
---------------------------------------------------------------------------------------------
                                  0.000000    0.000000   clock clk (rise edge)
                                  0.000000    0.000000   clock source latency
     1    0.010136    0.038986    0.025465    0.025465 ^ clk (in)
                                                         clk (net)
                      0.038988    0.000000    0.025465 ^ clkbuf_0_clk/A (sky130_fd_sc_hd__clkbuf_16)
     2    0.019856    0.031073    0.086596    0.112062 ^ clkbuf_0_clk/X (sky130_fd_sc_hd__clkbuf_16)
                                                         clknet_0_clk (net)
                      0.031077    0.000564    0.112626 ^ clkbuf_1_0__f_clk/A (sky130_fd_sc_hd__clkbuf_16)
     2    0.005507    0.021343    0.074183    0.186808 ^ clkbuf_1_0__f_clk/X (sky130_fd_sc_hd__clkbuf_16)
                                                         clknet_1_0__leaf_clk (net)
                      0.021343    0.000140    0.186949 ^ _43_/CLK (sky130_fd_sc_hd__dfxtp_2)
     2    0.007734    0.037543    0.198005    0.384953 ^ _43_/Q (sky130_fd_sc_hd__dfxtp_2)
                                                         net12 (net)
                      0.037573    0.000262    0.385215 ^ output12/A (sky130_fd_sc_hd__clkdlybuf4s25_1)
     1    0.010868    0.088770    0.201241    0.586456 ^ output12/X (sky130_fd_sc_hd__clkdlybuf4s25_1)
                                                         Q[3] (net)
                      0.088770    0.000224    0.586681 ^ Q[3] (out)
                                              0.586681   data arrival time

                                 10.000000   10.000000   clock clk (rise edge)
                                  0.000000   10.000000   clock network delay (propagated)
                                 -0.500000    9.500000   clock uncertainty
                                  0.000000    9.500000   clock reconvergence pessimism
                                 -2.000000    7.500000   output external delay
                                              7.500000   data required time
---------------------------------------------------------------------------------------------
                                              7.500000   data required time
                                             -0.586681   data arrival time
---------------------------------------------------------------------------------------------
                                              6.913320   slack (MET)


Startpoint: _40_ (rising edge-triggered flip-flop clocked by clk)
Endpoint: Q[0] (output port clocked by clk)
Path Group: clk
Path Type: max

Fanout         Cap        Slew       Delay        Time   Description
---------------------------------------------------------------------------------------------
                                  0.000000    0.000000   clock clk (rise edge)
                                  0.000000    0.000000   clock source latency
     1    0.010136    0.038986    0.025465    0.025465 ^ clk (in)
                                                         clk (net)
                      0.038988    0.000000    0.025465 ^ clkbuf_0_clk/A (sky130_fd_sc_hd__clkbuf_16)
     2    0.019856    0.031073    0.086596    0.112062 ^ clkbuf_0_clk/X (sky130_fd_sc_hd__clkbuf_16)
                                                         clknet_0_clk (net)
                      0.031076    0.000516    0.112577 ^ clkbuf_1_1__f_clk/A (sky130_fd_sc_hd__clkbuf_16)
     2    0.004511    0.020644    0.073335    0.185913 ^ clkbuf_1_1__f_clk/X (sky130_fd_sc_hd__clkbuf_16)
                                                         clknet_1_1__leaf_clk (net)
                      0.020644    0.000097    0.186009 ^ _40_/CLK (sky130_fd_sc_hd__dfxtp_2)
     2    0.006509    0.033438    0.194593    0.380602 ^ _40_/Q (sky130_fd_sc_hd__dfxtp_2)
                                                         net9 (net)
                      0.033438    0.000105    0.380707 ^ output9/A (sky130_fd_sc_hd__clkdlybuf4s25_1)
     1    0.010715    0.087681    0.199296    0.580002 ^ output9/X (sky130_fd_sc_hd__clkdlybuf4s25_1)
                                                         Q[0] (net)
                      0.087681    0.000195    0.580197 ^ Q[0] (out)
                                              0.580197   data arrival time

                                 10.000000   10.000000   clock clk (rise edge)
                                  0.000000   10.000000   clock network delay (propagated)
                                 -0.500000    9.500000   clock uncertainty
                                  0.000000    9.500000   clock reconvergence pessimism
                                 -2.000000    7.500000   output external delay
                                              7.500000   data required time
---------------------------------------------------------------------------------------------
                                              7.500000   data required time
                                             -0.580197   data arrival time
---------------------------------------------------------------------------------------------
                                              6.919803   slack (MET)



%OL_END_REPORT
%OL_CREATE_REPORT checks.rpt

===========================================================================
report_checks -unconstrained
===========================================================================
======================= nom_ff_n40C_1v95 Corner ===================================

Startpoint: mode[1] (input port clocked by clk)
Endpoint: _40_ (rising edge-triggered flip-flop clocked by clk)
Path Group: clk
Path Type: max

Fanout         Cap        Slew       Delay        Time   Description
---------------------------------------------------------------------------------------------
                                  0.000000    0.000000   clock clk (rise edge)
                                  0.000000    0.000000   clock network delay (propagated)
                                  2.000000    2.000000 v input external delay
     1    0.003459    0.005680    0.002868    2.002868 v mode[1] (in)
                                                         mode[1] (net)
                      0.005681    0.000000    2.002868 v input7/A (sky130_fd_sc_hd__clkdlybuf4s25_1)
    11    0.033361    0.171552    0.262765    2.265633 v input7/X (sky130_fd_sc_hd__clkdlybuf4s25_1)
                                                         net7 (net)
                      0.171554    0.000856    2.266489 v _22_/B (sky130_fd_sc_hd__and3_2)
     1    0.004044    0.030145    0.177342    2.443831 v _22_/X (sky130_fd_sc_hd__and3_2)
                                                         _06_ (net)
                      0.030145    0.000132    2.443964 v _26_/B1 (sky130_fd_sc_hd__a211o_2)
     1    0.003833    0.035390    0.139536    2.583500 v _26_/X (sky130_fd_sc_hd__a211o_2)
                                                         _10_ (net)
                      0.035390    0.000117    2.583617 v _27_/B1 (sky130_fd_sc_hd__o221a_2)
     1    0.002943    0.031588    0.145922    2.729539 v _27_/X (sky130_fd_sc_hd__o221a_2)
                                                         _00_ (net)
                      0.031588    0.000084    2.729623 v hold14/A (sky130_fd_sc_hd__dlygate4sd3_1)
     1    0.002264    0.036299    0.356903    3.086526 v hold14/X (sky130_fd_sc_hd__dlygate4sd3_1)
                                                         net14 (net)
                      0.036299    0.000064    3.086590 v _40_/D (sky130_fd_sc_hd__dfxtp_2)
                                              3.086590   data arrival time

                                 10.000000   10.000000   clock clk (rise edge)
                                  0.000000   10.000000   clock source latency
     1    0.010136    0.038986    0.025465   10.025465 ^ clk (in)
                                                         clk (net)
                      0.038988    0.000000   10.025465 ^ clkbuf_0_clk/A (sky130_fd_sc_hd__clkbuf_16)
     2    0.019856    0.031073    0.086597   10.112062 ^ clkbuf_0_clk/X (sky130_fd_sc_hd__clkbuf_16)
                                                         clknet_0_clk (net)
                      0.031076    0.000516   10.112577 ^ clkbuf_1_1__f_clk/A (sky130_fd_sc_hd__clkbuf_16)
     2    0.004511    0.020644    0.073335   10.185913 ^ clkbuf_1_1__f_clk/X (sky130_fd_sc_hd__clkbuf_16)
                                                         clknet_1_1__leaf_clk (net)
                      0.020644    0.000097   10.186009 ^ _40_/CLK (sky130_fd_sc_hd__dfxtp_2)
                                 -0.500000    9.686009   clock uncertainty
                                  0.000000    9.686009   clock reconvergence pessimism
                                 -0.073853    9.612157   library setup time
                                              9.612157   data required time
---------------------------------------------------------------------------------------------
                                              9.612157   data required time
                                             -3.086590   data arrival time
---------------------------------------------------------------------------------------------
                                              6.525567   slack (MET)




===========================================================================
report_checks --slack_max -0.01
============================================================================
======================= nom_ff_n40C_1v95 Corner ===================================

No paths found.


===========================================================================
 report_check_types -max_slew -max_cap -max_fanout -violators
============================================================================
======================= nom_ff_n40C_1v95 Corner ===================================



===========================================================================
report_parasitic_annotation -report_unannotated
============================================================================
Found 0 unannotated drivers.
Found 0 partially unannotated drivers.

===========================================================================
max slew violation count 0
%OL_METRIC_I design__max_slew_violation__count__corner:nom_ff_n40C_1v95 0
max fanout violation count 0
%OL_METRIC_I design__max_fanout_violation__count__corner:nom_ff_n40C_1v95 0
max cap violation count 0
%OL_METRIC_I design__max_cap_violation__count__corner:nom_ff_n40C_1v95 0
============================================================================

===========================================================================
check_setup -verbose -unconstrained_endpoints -multiple_clock -no_clock -no_input_delay -loops -generated_clocks
===========================================================================
%OL_END_REPORT
%OL_CREATE_REPORT power.rpt

===========================================================================
 report_power
============================================================================
======================= nom_ff_n40C_1v95 Corner ===================================

Group                    Internal    Switching      Leakage        Total
                            Power        Power        Power        Power (Watts)
------------------------------------------------------------------------
Sequential           2.041889e-05 1.166021e-06 7.817535e-11 2.158499e-05  19.8%
Combinational        1.149520e-05 6.189588e-06 4.900245e-10 1.768527e-05  16.2%
Clock                5.843621e-05 1.135987e-05 2.933042e-09 6.979902e-05  64.0%
Macro                0.000000e+00 0.000000e+00 0.000000e+00 0.000000e+00   0.0%
Pad                  0.000000e+00 0.000000e+00 0.000000e+00 0.000000e+00   0.0%
------------------------------------------------------------------------
Total                9.035030e-05 1.871548e-05 3.501242e-09 1.090693e-04 100.0%
                            82.8%        17.2%         0.0%
%OL_METRIC_F power__internal__total 9.035030234372243e-5
%OL_METRIC_F power__switching__total 1.871548010967672e-5
%OL_METRIC_F power__leakage__total 3.5012417409774343e-9
%OL_METRIC_F power__total 0.00010906928218901157

%OL_END_REPORT
%OL_CREATE_REPORT skew.min.rpt

===========================================================================
Clock Skew (Hold)
============================================================================
%OL_METRIC_F clock__skew__worst_hold__corner:nom_ff_n40C_1v95 -0.5009245382499043
======================= nom_ff_n40C_1v95 Corner ===================================

Clock clk
0.186018 source latency _41_/CLK ^
-0.186942 target latency _42_/CLK ^
-0.500000 clock uncertainty
0.000000 CRPR
--------------
-0.500925 hold skew

%OL_END_REPORT
%OL_CREATE_REPORT skew.max.rpt

===========================================================================
Clock Skew (Setup)
============================================================================
%OL_METRIC_F clock__skew__worst_setup__corner:nom_ff_n40C_1v95 0.5009245382499043
======================= nom_ff_n40C_1v95 Corner ===================================

Clock clk
0.186942 source latency _42_/CLK ^
-0.186018 target latency _41_/CLK ^
0.500000 clock uncertainty
0.000000 CRPR
--------------
0.500925 setup skew

%OL_END_REPORT
%OL_CREATE_REPORT ws.min.rpt

===========================================================================
Worst Slack (Hold)
============================================================================
%OL_METRIC_F timing__hold__ws__corner:nom_ff_n40C_1v95 0.12324319691393518
nom_ff_n40C_1v95: 0.12324319691393518
%OL_END_REPORT
%OL_CREATE_REPORT ws.max.rpt

===========================================================================
Worst Slack (Setup)
============================================================================
%OL_METRIC_F timing__setup__ws__corner:nom_ff_n40C_1v95 6.525566938179116
nom_ff_n40C_1v95: 6.525566938179116
%OL_END_REPORT
%OL_CREATE_REPORT tns.min.rpt

===========================================================================
Total Negative Slack (Hold)
============================================================================
%OL_METRIC_F timing__hold__tns__corner:nom_ff_n40C_1v95 0.0
nom_ff_n40C_1v95: 0.0
%OL_END_REPORT
%OL_CREATE_REPORT tns.max.rpt

===========================================================================
Total Negative Slack (Setup)
============================================================================
%OL_METRIC_F timing__setup__tns__corner:nom_ff_n40C_1v95 0.0
nom_ff_n40C_1v95: 0.0
%OL_END_REPORT
%OL_CREATE_REPORT wns.min.rpt

===========================================================================
Worst Negative Slack (Hold)
============================================================================
%OL_METRIC_F timing__hold__wns__corner:nom_ff_n40C_1v95 0
nom_ff_n40C_1v95: 0
%OL_END_REPORT
%OL_CREATE_REPORT wns.max.rpt

===========================================================================
Worst Negative Slack (Setup)
============================================================================
%OL_METRIC_F timing__setup__wns__corner:nom_ff_n40C_1v95 0.0
nom_ff_n40C_1v95: 0.0
%OL_END_REPORT
%OL_CREATE_REPORT violator_list.rpt

===========================================================================
Violator List
============================================================================
%OL_METRIC_I timing__hold_vio__count__corner:nom_ff_n40C_1v95 0
%OL_METRIC_F timing__hold_r2r__ws__corner:nom_ff_n40C_1v95 0.259358
%OL_METRIC_I timing__hold_r2r_vio__count__corner:nom_ff_n40C_1v95 0
%OL_METRIC_I timing__setup_vio__count__corner:nom_ff_n40C_1v95 0
%OL_METRIC_F timing__setup_r2r__ws__corner:nom_ff_n40C_1v95 inf
%OL_METRIC_I timing__setup_r2r_vio__count__corner:nom_ff_n40C_1v95 0
%OL_END_REPORT
%OL_CREATE_REPORT unpropagated.rpt
%OL_END_REPORT
%OL_CREATE_REPORT clock.rpt
Clock: clk
Sources: clk 
Generated: no
Virtual: yes
Propagated: no
Period: 10.000000

===========================================================================
report_clock_properties
============================================================================
Clock                   Period          Waveform
----------------------------------------------------
clk                  10.000000    0.000000  5.000000

===========================================================================
report_clock_latency
============================================================================
Clock clk
rise -> rise
    min     max
0.000000 0.000000 source latency
0.186009         network latency _40_/CLK
        0.186949 network latency _43_/CLK
---------------
0.186009 0.186949 latency
        0.000939 skew

fall -> fall
    min     max
0.000000 0.000000 source latency
0.187109         network latency _40_/CLK
        0.187971 network latency _43_/CLK
---------------
0.187109 0.187971 latency
        0.000862 skew



===========================================================================
report_clock_min_period
============================================================================
clk period_min = 1.78 fmax = 561.96
%OL_END_REPORT
Writing SDF files for all corners…
Removing Clock latencies before writing libs…
Writing timing models for all corners…
Writing timing models for the nom_ff_n40C_1v95 corner to /home/hk/pd_projects/runs/RUN_2026-06-03_20-47-43/55-openroad-stapostpnr/nom_ff_n40C_1v95/u_s_r__nom_ff_n40C_1v95.lib…
